<?xml version="1.0" encoding="utf-8"?>
<TestRun id="d060fb17-4999-4545-9904-af0c039d805d" name="@Edgars-iMac-2 2026-08-12 16:13:28" xmlns="http://microsoft.com/schemas/VisualStudio/TeamTest/2010">
  <Times creation="2026-08-12T16:13:29.0071780+02:00" queuing="2026-08-12T16:13:29.0071780+02:00" start="2026-08-12T16:13:24.7882430+02:00" finish="2026-08-12T16:13:31.0018990+02:00" />
  <TestSettings name="default" id="c19b469e-2084-4c2e-b8bd-d433b3e06400">
    <Deployment runDeploymentRoot="_Edgars-iMac-2_2026-08-12_16_13_28" />
  </TestSettings>
  <Results>
    <UnitTestResult executionId="689f8434-1df8-4244-af3a-70e21e74e5ba" testId="fa81015c-5f77-71c2-c412-ee4512ff105e" testName="Should_create_a_proxy_for_the_interface" computerName="Edgars-iMac-2" duration="00:00:00.0551260" startTime="2026-08-12T16:13:28.5377470+02:00" endTime="2026-08-12T16:13:28.5928730+02:00" testType="13cdc9d9-ddb5-4fa4-a97d-d965ccfc6d4b" outcome="Passed" testListId="8c84fa94-04c1-424b-9868-57a2d4851a1d" relativeResultsDirectory="689f8434-1df8-4244-af3a-70e21e74e5ba" />
    <UnitTestResult executionId="e59e68ad-9d19-44d1-aae6-add386bb7367" testId="a9c1d7fd-ba93-c219-d12d-d147566accb8" testName="Should_deserialize_the_enumerable_type" computerName="Edgars-iMac-2" duration="00:00:00.0616500" startTime="2026-08-12T16:13:28.4716490+02:00" endTime="2026-08-12T16:13:28.5332980+02:00" testType="13cdc9d9-ddb5-4fa4-a97d-d965ccfc6d4b" outcome="Passed" testListId="8c84fa94-04c1-424b-9868-57a2d4851a1d" relativeResultsDirectory="e59e68ad-9d19-44d1-aae6-add386bb7367" />
    <UnitTestResult executionId="47572121-6046-47ed-b5f6-a39d74038ec1" testId="00f0259f-0b45-420e-83e6-4db214d3187f" testName="Should_deserialize_the_job" computerName="Edgars-iMac-2" duration="00:00:00.3358100" startTime="2026-08-12T16:13:29.0014150+02:00" endTime="2026-08-12T16:13:29.3376200+02:00" testType="13cdc9d9-ddb5-4fa4-a97d-d965ccfc6d4b" outcome="Passed" testListId="8c84fa94-04c1-424b-9868-57a2d4851a1d" relativeResultsDirectory="47572121-6046-47ed-b5f6-a39d74038ec1" />
    <UnitTestResult executionId="4576560a-5dc7-4e74-83dd-8f60a1212ae9" testId="4b9bd401-1c58-04a8-abd8-09e3fa87ebb1" testName="Serialize_simple" computerName="Edgars-iMac-2" duration="00:00:00.0292490" startTime="2026-08-12T16:13:28.9179710+02:00" endTime="2026-08-12T16:13:28.9472200+02:00" testType="13cdc9d9-ddb5-4fa4-a97d-d965ccfc6d4b" outcome="Passed" testListId="8c84fa94-04c1-424b-9868-57a2d4851a1d" relativeResultsDirectory="4576560a-5dc7-4e74-83dd-8f60a1212ae9" />
    <UnitTestResult executionId="d080f131-207a-4029-bf29-1f3d0520fde8" testId="6159873b-e63b-f44c-5e1a-1448fbd52102" testName="Should_serialize_fault_from_serializable_exception" computerName="Edgars-iMac-2" duration="00:00:00.0036820" startTime="2026-08-12T16:13:30.0524770+02:00" endTime="2026-08-12T16:13:30.0561610+02:00" testType="13cdc9d9-ddb5-4fa4-a97d-d965ccfc6d4b" outcome="Passed" testListId="8c84fa94-04c1-424b-9868-57a2d4851a1d" relativeResultsDirectory="d080f131-207a-4029-bf29-1f3d0520fde8" />
    <UnitTestResult executionId="8fd56191-71ef-49de-a5ad-cc49fca9aace" testId="fa7f034f-48f0-a70e-48fe-6c39d7c1f50c" testName="A_hashset_of_integers_should_be_properly_serialized" computerName="Edgars-iMac-2" duration="00:00:00.0256430" startTime="2026-08-12T16:13:29.4236580+02:00" endTime="2026-08-12T16:13:29.4493010+02:00" testType="13cdc9d9-ddb5-4fa4-a97d-d965ccfc6d4b" outcome="Passed" testListId="8c84fa94-04c1-424b-9868-57a2d4851a1d" relativeResultsDirectory="8fd56191-71ef-49de-a5ad-cc49fca9aace" />
    <UnitTestResult executionId="a046137b-7782-4bcd-9d85-a6b61b091cca" testId="d5e36da7-4cfd-ae83-d06c-af9c9de7d8df" testName="Should_serialize_fault_from_non_serializable_exception" computerName="Edgars-iMac-2" duration="00:00:00.3850410" startTime="2026-08-12T16:13:29.6567180+02:00" endTime="2026-08-12T16:13:30.0417540+02:00" testType="13cdc9d9-ddb5-4fa4-a97d-d965ccfc6d4b" outcome="Passed" testListId="8c84fa94-04c1-424b-9868-57a2d4851a1d" relativeResultsDirectory="a046137b-7782-4bcd-9d85-a6b61b091cca" />
    <UnitTestResult executionId="ec990416-2f65-4d7a-86a2-bea4ecb2348a" testId="ea9bc4ac-a95f-c07c-c9ec-fa4f2c43d679" testName="A_key_value_pair_list_should_be_serializable" computerName="Edgars-iMac-2" duration="00:00:00.0307060" startTime="2026-08-12T16:13:29.4531990+02:00" endTime="2026-08-12T16:13:29.4839060+02:00" testType="13cdc9d9-ddb5-4fa4-a97d-d965ccfc6d4b" outcome="Passed" testListId="8c84fa94-04c1-424b-9868-57a2d4851a1d" relativeResultsDirectory="ec990416-2f65-4d7a-86a2-bea4ecb2348a" />
    <UnitTestResult executionId="ee32b827-c654-4ba1-a74d-a2e803dbc62a" testId="c451c977-63f4-5e79-11c6-cb1510d29640" testName="Should_deserialize_multi_dimensional_arrays" computerName="Edgars-iMac-2" duration="00:00:00.0194219" startTime="2026-08-12T16:13:30.8649220+02:00" endTime="2026-08-12T16:13:30.8843450+02:00" testType="13cdc9d9-ddb5-4fa4-a97d-d965ccfc6d4b" outcome="Passed" testListId="8c84fa94-04c1-424b-9868-57a2d4851a1d" relativeResultsDirectory="ee32b827-c654-4ba1-a74d-a2e803dbc62a" />
    <UnitTestResult executionId="43be5181-a0e5-453f-bc50-6255de62bdad" testId="4bd5e3e1-17ab-8913-5bdf-2fb5b9a8b4db" testName="An_empty_class_should_not_break_the_mold" computerName="Edgars-iMac-2" duration="00:00:00.0159060" startTime="2026-08-12T16:13:29.6122050+02:00" endTime="2026-08-12T16:13:29.6281110+02:00" testType="13cdc9d9-ddb5-4fa4-a97d-d965ccfc6d4b" outcome="Passed" testListId="8c84fa94-04c1-424b-9868-57a2d4851a1d" relativeResultsDirectory="43be5181-a0e5-453f-bc50-6255de62bdad" />
    <UnitTestResult executionId="ab8d7583-dd0f-42aa-90d1-15578c65e0c5" testId="4d8aa397-6cf7-9b02-6ea9-4652e711a982" testName="Should_handle_a_string_null" computerName="Edgars-iMac-2" duration="00:00:00.0211170" startTime="2026-08-12T16:13:30.7724520+02:00" endTime="2026-08-12T16:13:30.7935690+02:00" testType="13cdc9d9-ddb5-4fa4-a97d-d965ccfc6d4b" outcome="Passed" testListId="8c84fa94-04c1-424b-9868-57a2d4851a1d" relativeResultsDirectory="ab8d7583-dd0f-42aa-90d1-15578c65e0c5" />
    <UnitTestResult executionId="4cccf261-94a8-431d-9d51-bdb826bdb24f" testId="25384556-a528-366f-e36d-88d05a75c585" testName="A_primitive_array_of_objects_with_one_element_should_be_properly_serialized" computerName="Edgars-iMac-2" duration="00:00:00.0008310" startTime="2026-08-12T16:13:29.5284220+02:00" endTime="2026-08-12T16:13:29.5292540+02:00" testType="13cdc9d9-ddb5-4fa4-a97d-d965ccfc6d4b" outcome="Passed" testListId="8c84fa94-04c1-424b-9868-57a2d4851a1d" relativeResultsDirectory="4cccf261-94a8-431d-9d51-bdb826bdb24f" />
    <UnitTestResult executionId="af2bb76c-e86f-423d-be26-75606f2be4ee" testId="7e8b9337-61ea-5f3d-5f42-7d9479081e5e" testName="Crazy_date_time" computerName="Edgars-iMac-2" duration="00:00:00.0244100" startTime="2026-08-12T16:13:28.8132950+02:00" endTime="2026-08-12T16:13:28.8377060+02:00" testType="13cdc9d9-ddb5-4fa4-a97d-d965ccfc6d4b" outcome="Passed" testListId="8c84fa94-04c1-424b-9868-57a2d4851a1d" relativeResultsDirectory="af2bb76c-e86f-423d-be26-75606f2be4ee" />
    <UnitTestResult executionId="ab4f2031-a911-4cb5-8872-1de887c392e4" testId="722c2fc2-24c7-018b-c218-9a9600ddbb59" testName="Should_handle_a_present_nullable_value" computerName="Edgars-iMac-2" duration="00:00:00.0025780" startTime="2026-08-12T16:13:30.8183650+02:00" endTime="2026-08-12T16:13:30.8209440+02:00" testType="13cdc9d9-ddb5-4fa4-a97d-d965ccfc6d4b" outcome="Passed" testListId="8c84fa94-04c1-424b-9868-57a2d4851a1d" relativeResultsDirectory="ab4f2031-a911-4cb5-8872-1de887c392e4" />
    <UnitTestResult executionId="2326ea21-ed2c-4089-8b8f-a3209b1317e7" testId="41dae76f-dd21-8a8b-98e2-2d5303978c34" testName="An_enumeration_should_be_serializable" computerName="Edgars-iMac-2" duration="00:00:00.0223730" startTime="2026-08-12T16:13:29.6288890+02:00" endTime="2026-08-12T16:13:29.6512630+02:00" testType="13cdc9d9-ddb5-4fa4-a97d-d965ccfc6d4b" outcome="Passed" testListId="8c84fa94-04c1-424b-9868-57a2d4851a1d" relativeResultsDirectory="2326ea21-ed2c-4089-8b8f-a3209b1317e7" />
    <UnitTestResult executionId="f7a0eeb6-2c06-4cb5-a9de-2f2260d03b76" testId="392201be-e2a4-6e11-d2c1-ca51b3c0d8dd" testName="Byte_array" computerName="Edgars-iMac-2" duration="00:00:00.0199900" startTime="2026-08-12T16:13:28.6699650+02:00" endTime="2026-08-12T16:13:28.6899560+02:00" testType="13cdc9d9-ddb5-4fa4-a97d-d965ccfc6d4b" outcome="Passed" testListId="8c84fa94-04c1-424b-9868-57a2d4851a1d" relativeResultsDirectory="f7a0eeb6-2c06-4cb5-a9de-2f2260d03b76" />
    <UnitTestResult executionId="3a790151-2280-4830-87b1-cb6645850d23" testId="d1d0ecc7-7bf8-27ae-5624-8e0309af089e" testName="A_primitive_array_of_objects_with_no_elements_should_be_properly_serialized" computerName="Edgars-iMac-2" duration="00:00:00.0014330" startTime="2026-08-12T16:13:29.5226900+02:00" endTime="2026-08-12T16:13:29.5241240+02:00" testType="13cdc9d9-ddb5-4fa4-a97d-d965ccfc6d4b" outcome="Passed" testListId="8c84fa94-04c1-424b-9868-57a2d4851a1d" relativeResultsDirectory="3a790151-2280-4830-87b1-cb6645850d23" />
    <UnitTestResult executionId="d8ea3fef-4781-435f-97ae-0bad37295cd5" testId="d7ef58ef-e008-498d-e70c-b0eb3f1fc80b" testName="A_dictionary_of_objects_should_be_properly_serialized" computerName="Edgars-iMac-2" duration="00:00:00.0014200" startTime="2026-08-12T16:13:29.4205000+02:00" endTime="2026-08-12T16:13:29.4219210+02:00" testType="13cdc9d9-ddb5-4fa4-a97d-d965ccfc6d4b" outcome="Passed" testListId="8c84fa94-04c1-424b-9868-57a2d4851a1d" relativeResultsDirectory="d8ea3fef-4781-435f-97ae-0bad37295cd5" />
    <UnitTestResult executionId="46c6b71b-c215-4ecc-abd8-d6fc1fad9aec" testId="b761c830-3205-cdd5-3325-0b1422cd698c" testName="An_array_of_objects_should_be_properly_serialized" computerName="Edgars-iMac-2" duration="00:00:00.0207650" startTime="2026-08-12T16:13:29.5899580+02:00" endTime="2026-08-12T16:13:29.6107230+02:00" testType="13cdc9d9-ddb5-4fa4-a97d-d965ccfc6d4b" outcome="Passed" testListId="8c84fa94-04c1-424b-9868-57a2d4851a1d" relativeResultsDirectory="46c6b71b-c215-4ecc-abd8-d6fc1fad9aec" />
    <UnitTestResult executionId="9ebba547-5252-4844-97d7-0caddaac37f1" testId="cf0935ec-69ab-6ba3-d4cf-fad4fa319131" testName="A_readonly_dictionary_list_message" computerName="Edgars-iMac-2" duration="00:00:00.0212420" startTime="2026-08-12T16:13:29.5504140+02:00" endTime="2026-08-12T16:13:29.5716560+02:00" testType="13cdc9d9-ddb5-4fa4-a97d-d965ccfc6d4b" outcome="Passed" testListId="8c84fa94-04c1-424b-9868-57a2d4851a1d" relativeResultsDirectory="9ebba547-5252-4844-97d7-0caddaac37f1" />
    <UnitTestResult executionId="fb8b3bbd-26e7-4c65-b75d-8204814b14d2" testId="e5442cbd-b807-1bd2-0850-a0bd0f49f4a6" testName="Byte_interface_array" computerName="Edgars-iMac-2" duration="00:00:00.1140420" startTime="2026-08-12T16:13:28.6968910+02:00" endTime="2026-08-12T16:13:28.8109330+02:00" testType="13cdc9d9-ddb5-4fa4-a97d-d965ccfc6d4b" outcome="Passed" testListId="8c84fa94-04c1-424b-9868-57a2d4851a1d" relativeResultsDirectory="fb8b3bbd-26e7-4c65-b75d-8204814b14d2" />
    <UnitTestResult executionId="fdab30f7-d140-4f7a-a64c-f6469e88f767" testId="35989b0e-f0e6-f90b-d0ce-82303eccc81c" testName="Should_not_convert_to_a_dictionary" computerName="Edgars-iMac-2" duration="00:00:00.3680420" startTime="2026-08-12T16:13:28.0002430+02:00" endTime="2026-08-12T16:13:28.3681510+02:00" testType="13cdc9d9-ddb5-4fa4-a97d-d965ccfc6d4b" outcome="Passed" testListId="8c84fa94-04c1-424b-9868-57a2d4851a1d" relativeResultsDirectory="fdab30f7-d140-4f7a-a64c-f6469e88f767" />
    <UnitTestResult executionId="d407be53-bf84-495f-91c5-17dae01bff10" testId="b00450a6-c1e1-c7ad-d52b-397a5d91fa15" testName="Should_handle_a_string_null" computerName="Edgars-iMac-2" duration="00:00:00.0010510" startTime="2026-08-12T16:13:30.8490530+02:00" endTime="2026-08-12T16:13:30.8501100+02:00" testType="13cdc9d9-ddb5-4fa4-a97d-d965ccfc6d4b" outcome="Passed" testListId="8c84fa94-04c1-424b-9868-57a2d4851a1d" relativeResultsDirectory="d407be53-bf84-495f-91c5-17dae01bff10" />
    <UnitTestResult executionId="b6b982a8-3612-4cd9-94a2-e7e99c23461c" testId="441b6e2a-ca06-aa82-4779-d2a87f401412" testName="Should_handle_a_missing_nullable_value" computerName="Edgars-iMac-2" duration="00:00:00.0190380" startTime="2026-08-12T16:13:30.7982590+02:00" endTime="2026-08-12T16:13:30.8172980+02:00" testType="13cdc9d9-ddb5-4fa4-a97d-d965ccfc6d4b" outcome="Passed" testListId="8c84fa94-04c1-424b-9868-57a2d4851a1d" relativeResultsDirectory="b6b982a8-3612-4cd9-94a2-e7e99c23461c" />
    <UnitTestResult executionId="af49f093-3a91-49c4-b6f9-64e66e9a1968" testId="18f23127-dde9-afc9-5770-596ddec1ad47" testName="A_dictionary_of_one_objects_should_be_properly_serialized" computerName="Edgars-iMac-2" duration="00:00:00.0006070" startTime="2026-08-12T16:13:29.4225280+02:00" endTime="2026-08-12T16:13:29.4231360+02:00" testType="13cdc9d9-ddb5-4fa4-a97d-d965ccfc6d4b" outcome="Passed" testListId="8c84fa94-04c1-424b-9868-57a2d4851a1d" relativeResultsDirectory="af49f093-3a91-49c4-b6f9-64e66e9a1968" />
    <UnitTestResult executionId="a2aa7636-df4a-4b2e-a6a5-3a89799ffdcd" testId="a91b05e7-fb4f-dd7c-aa6b-b523b502fd31" testName="No_default_constructor" computerName="Edgars-iMac-2" duration="00:00:00.0219129" startTime="2026-08-12T16:13:28.8383390+02:00" endTime="2026-08-12T16:13:28.8602520+02:00" testType="13cdc9d9-ddb5-4fa4-a97d-d965ccfc6d4b" outcome="Passed" testListId="8c84fa94-04c1-424b-9868-57a2d4851a1d" relativeResultsDirectory="a2aa7636-df4a-4b2e-a6a5-3a89799ffdcd" />
    <UnitTestResult executionId="8d177f15-3340-4a54-a148-02ffc3f22c0a" testId="5b9eb4b6-e487-ed7f-e61d-3e2cdafa0ae7" testName="A_collection_of_objects_should_be_properly_serialized" computerName="Edgars-iMac-2" duration="00:00:00.0343200" startTime="2026-08-12T16:13:29.3483030+02:00" endTime="2026-08-12T16:13:29.3826250+02:00" testType="13cdc9d9-ddb5-4fa4-a97d-d965ccfc6d4b" outcome="Passed" testListId="8c84fa94-04c1-424b-9868-57a2d4851a1d" relativeResultsDirectory="8d177f15-3340-4a54-a148-02ffc3f22c0a" />
    <UnitTestResult executionId="53d7fe46-8241-494b-a6ad-6ca081bad92d" testId="47afaeae-7e37-6f5c-2ca7-3900968c81c3" testName="A_set_of_integers_should_be_properly_serialized" computerName="Edgars-iMac-2" duration="00:00:00.0181260" startTime="2026-08-12T16:13:29.5717470+02:00" endTime="2026-08-12T16:13:29.5898730+02:00" testType="13cdc9d9-ddb5-4fa4-a97d-d965ccfc6d4b" outcome="Passed" testListId="8c84fa94-04c1-424b-9868-57a2d4851a1d" relativeResultsDirectory="53d7fe46-8241-494b-a6ad-6ca081bad92d" />
    <UnitTestResult executionId="f1efa9cd-6691-46f4-83fa-a898b5e0c272" testId="e7797820-8f85-66ad-1090-d8dcbb0c984f" testName="An_empty_array_of_objects_should_be_properly_serialized" computerName="Edgars-iMac-2" duration="00:00:00.0006610" startTime="2026-08-12T16:13:29.6114630+02:00" endTime="2026-08-12T16:13:29.6121240+02:00" testType="13cdc9d9-ddb5-4fa4-a97d-d965ccfc6d4b" outcome="Passed" testListId="8c84fa94-04c1-424b-9868-57a2d4851a1d" relativeResultsDirectory="f1efa9cd-6691-46f4-83fa-a898b5e0c272" />
    <UnitTestResult executionId="3b2db040-3385-4e5d-b2bb-44819d17c128" testId="f5b53fd6-90a8-c896-5dad-adf339ff0c50" testName="A_nested_object_should_be_properly_serialized" computerName="Edgars-iMac-2" duration="00:00:00.0133300" startTime="2026-08-12T16:13:29.4874460+02:00" endTime="2026-08-12T16:13:29.5007760+02:00" testType="13cdc9d9-ddb5-4fa4-a97d-d965ccfc6d4b" outcome="Passed" testListId="8c84fa94-04c1-424b-9868-57a2d4851a1d" relativeResultsDirectory="3b2db040-3385-4e5d-b2bb-44819d17c128" />
    <UnitTestResult executionId="45a0c022-2671-482f-8611-abf164ab70bf" testId="cae352e0-627b-bc78-ac0d-7e1e8fdedfda" testName="A_primitive_array_of_objects_should_be_properly_serialized" computerName="Edgars-iMac-2" duration="00:00:00.0193610" startTime="2026-08-12T16:13:29.5017000+02:00" endTime="2026-08-12T16:13:29.5210630+02:00" testType="13cdc9d9-ddb5-4fa4-a97d-d965ccfc6d4b" outcome="Passed" testListId="8c84fa94-04c1-424b-9868-57a2d4851a1d" relativeResultsDirectory="45a0c022-2671-482f-8611-abf164ab70bf" />
    <UnitTestResult executionId="1de3f246-a9bc-48d0-ab70-87aecca9b0dd" testId="c06c49eb-22b8-82b2-bbf3-de7ff5d278f8" testName="Should_dispatch_an_interface_via_the_pipeline" computerName="Edgars-iMac-2" duration="00:00:00.0661910" startTime="2026-08-12T16:13:28.5934720+02:00" endTime="2026-08-12T16:13:28.6596640+02:00" testType="13cdc9d9-ddb5-4fa4-a97d-d965ccfc6d4b" outcome="Passed" testListId="8c84fa94-04c1-424b-9868-57a2d4851a1d" relativeResultsDirectory="1de3f246-a9bc-48d0-ab70-87aecca9b0dd" />
    <UnitTestResult executionId="e1280117-23f2-4157-861d-fecbbe3e12ff" testId="967b34c8-5db2-4137-00fc-6f06caf5e78a" testName="Should_include_the_required_headers" computerName="Edgars-iMac-2" duration="00:00:00.6620800" startTime="2026-08-12T16:13:30.1079460+02:00" endTime="2026-08-12T16:13:30.7700190+02:00" testType="13cdc9d9-ddb5-4fa4-a97d-d965ccfc6d4b" outcome="Passed" testListId="8c84fa94-04c1-424b-9868-57a2d4851a1d" relativeResultsDirectory="e1280117-23f2-4157-861d-fecbbe3e12ff">
      <Output>
        <StdOut>16:13:30.362-I Configured endpoint Faulty, Consumer: ViciOne.ServiceBus.Tests.Serialization.Redelivery_Specs+FaultyConsumer
16:13:30.457-D Starting bus instances: IBus
16:13:30.462-D Starting bus: loopback://localhost/
16:13:30.464-D Endpoint Ready: loopback://localhost/Faulty
16:13:30.464-D Endpoint Ready: loopback://localhost/EdgarsiMac2_testhost_bus_z86oyydppokgd55ebdxxo69ngh
16:13:30.464-I Bus started: loopback://localhost/
16:13:30.473-D Create send transport: loopback://localhost/urn:message:ViciOne.ServiceBus.Tests.Serialization:Redelivery_Specs+FaultyMessage
16:13:30.581-D SEND loopback://localhost/urn:message:ViciOne.ServiceBus.Tests.Serialization:Redelivery_Specs+FaultyMessage b9fd0000-6d6c-1461-3fba-08def87be2ea ViciOne.ServiceBus.Tests.Serialization.Redelivery_Specs+FaultyMessage
16:13:30.651-W R-RETRY loopback://localhost/Faulty b9fd0000-6d6c-1461-3fba-08def87be2ea ViciOne.ServiceBus.RetryPolicies.RetryConsumeContext&lt;ViciOne.ServiceBus.Tests.Serialization.Redelivery_Specs+FaultyMessage&gt;

ViciOne.ServiceBus.TestFramework.IntentionalTestException: This exception was thrown intentionally as part of a test
   at ViciOne.ServiceBus.Tests.Serialization.Redelivery_Specs.FaultyConsumer.Consume(ConsumeContext`1 context) in /Users/edgar.liebold/Downloads/ViciOne Suite 2.0/repositories/vicione-servicebus/tests/ViciOne.ServiceBus.Tests/Serialization/Redelivery_Specs.cs:line 105
   at ViciOne.ServiceBus.Testing.Implementations.TestConsumerFactoryDecorator`1.TestDecoratorPipe`1.Send(ConsumerConsumeContext`2 context) in /Users/edgar.liebold/Downloads/ViciOne Suite 2.0/repositories/vicione-servicebus/src/ViciOne.ServiceBus/Testing/Implementations/TestConsumerFactoryDecorator.cs:line 57
   at ViciOne.ServiceBus.DependencyInjection.ScopeConsumerFactory`1.Send[TMessage](ConsumeContext`1 context, IPipe`1 next) in /Users/edgar.liebold/Downloads/ViciOne Suite 2.0/repositories/vicione-servicebus/src/ViciOne.ServiceBus/DependencyInjection/DependencyInjection/ScopeConsumerFactory.cs:line 23
   at ViciOne.ServiceBus.DependencyInjection.ScopeConsumerFactory`1.Send[TMessage](ConsumeContext`1 context, IPipe`1 next) in /Users/edgar.liebold/Downloads/ViciOne Suite 2.0/repositories/vicione-servicebus/src/ViciOne.ServiceBus/DependencyInjection/DependencyInjection/ScopeConsumerFactory.cs:line 23
   at ViciOne.ServiceBus.Middleware.ConsumerMessageFilter`2.ViciOne.ServiceBus.IFilter&lt;ViciOne.ServiceBus.ConsumeContext&lt;TMessage&gt;&gt;.Send(ConsumeContext`1 context, IPipe`1 next) in /Users/edgar.liebold/Downloads/ViciOne Suite 2.0/repositories/vicione-servicebus/src/ViciOne.ServiceBus/Middleware/ConsumerMessageFilter.cs:line 49
   at ViciOne.ServiceBus.Middleware.ConsumerMessageFilter`2.ViciOne.ServiceBus.IFilter&lt;ViciOne.ServiceBus.ConsumeContext&lt;TMessage&gt;&gt;.Send(ConsumeContext`1 context, IPipe`1 next) in /Users/edgar.liebold/Downloads/ViciOne Suite 2.0/repositories/vicione-servicebus/src/ViciOne.ServiceBus/Middleware/ConsumerMessageFilter.cs:line 74
   at ViciOne.ServiceBus.Middleware.RedeliveryRetryFilter`2.Send(TContext context, IPipe`1 next) in /Users/edgar.liebold/Downloads/ViciOne Suite 2.0/repositories/vicione-servicebus/src/ViciOne.ServiceBus/Middleware/RedeliveryRetryFilter.cs:line 51
16:13:30.666-D Create send transport: loopback://localhost/Faulty
16:13:30.690-D SEND loopback://localhost/Faulty b9fd0000-6d6c-1461-c26e-08def87be308 ViciOne.ServiceBus.Tests.Serialization.Redelivery_Specs+FaultyMessage
16:13:30.696-D RECEIVE loopback://localhost/Faulty b9fd0000-6d6c-1461-3fba-08def87be2ea ViciOne.ServiceBus.Tests.Serialization.Redelivery_Specs+FaultyMessage ViciOne.ServiceBus.Middleware.RedeliveryRetryFilter&lt;ViciOne.ServiceBus.ConsumeContext&lt;ViciOne.ServiceBus.Tests.Serialization.Redelivery_Specs+FaultyMessage&gt;,ViciOne.ServiceBus.Tests.Serialization.Redelivery_Specs+FaultyMessage&gt;(00:00:00.1126494)
16:13:30.731-D Create send transport: loopback://localhost/urn:message:ViciOne.ServiceBus.Tests.Serialization:Redelivery_Specs+FinalMessage
16:13:30.735-D SEND loopback://localhost/urn:message:ViciOne.ServiceBus.Tests.Serialization:Redelivery_Specs+FinalMessage b9fd0000-6d6c-1461-d7b6-08def87be30f ViciOne.ServiceBus.Tests.Serialization.Redelivery_Specs+FinalMessage
16:13:30.736-D RECEIVE loopback://localhost/Faulty b9fd0000-6d6c-1461-c26e-08def87be308 ViciOne.ServiceBus.Tests.Serialization.Redelivery_Specs+FaultyMessage ViciOne.ServiceBus.Tests.Serialization.Redelivery_Specs+FaultyConsumer(00:00:00.0326370)
16:13:30.758-D Stopping bus instances: IBus
16:13:30.760-D Stopping bus: loopback://localhost/
16:13:30.760-D Endpoint Stopping: loopback://localhost/Faulty
16:13:30.760-D Consumer Stopping: loopback://localhost/Faulty (Stop Receive Transport)
16:13:30.760-D Endpoint Completed: loopback://localhost/Faulty
16:13:30.761-D Consumer Completed: loopback://localhost/Faulty: 2 received, 1 concurrent
16:13:30.763-D Endpoint Stopping: loopback://localhost/EdgarsiMac2_testhost_bus_z86oyydppokgd55ebdxxo69ngh
16:13:30.763-D Consumer Stopping: loopback://localhost/EdgarsiMac2_testhost_bus_z86oyydppokgd55ebdxxo69ngh (Stop Receive Transport)
16:13:30.763-D Endpoint Completed: loopback://localhost/EdgarsiMac2_testhost_bus_z86oyydppokgd55ebdxxo69ngh
16:13:30.763-D Consumer Completed: loopback://localhost/EdgarsiMac2_testhost_bus_z86oyydppokgd55ebdxxo69ngh: 0 received, 0 concurrent
16:13:30.764-I Bus stopped: loopback://localhost/</StdOut>
      </Output>
    </UnitTestResult>
    <UnitTestResult executionId="14e16efd-3194-4c83-a39d-12c5d42721e2" testId="f02d0782-6e14-f60f-5c0e-7ccceb57fb4c" testName="A_dictionary_of_no_objects_should_be_properly_serialized" computerName="Edgars-iMac-2" duration="00:00:00.0239940" startTime="2026-08-12T16:13:29.3857020+02:00" endTime="2026-08-12T16:13:29.4096970+02:00" testType="13cdc9d9-ddb5-4fa4-a97d-d965ccfc6d4b" outcome="Passed" testListId="8c84fa94-04c1-424b-9868-57a2d4851a1d" relativeResultsDirectory="14e16efd-3194-4c83-a39d-12c5d42721e2" />
    <UnitTestResult executionId="a6730ff4-0146-4cb9-a89a-71e58d6617f4" testId="c1ce981a-8699-ded9-d152-cf2b02ee3597" testName="Should_handle_a_present_value" computerName="Edgars-iMac-2" duration="00:00:00.0192680" startTime="2026-08-12T16:13:30.8216070+02:00" endTime="2026-08-12T16:13:30.8408760+02:00" testType="13cdc9d9-ddb5-4fa4-a97d-d965ccfc6d4b" outcome="Passed" testListId="8c84fa94-04c1-424b-9868-57a2d4851a1d" relativeResultsDirectory="a6730ff4-0146-4cb9-a89a-71e58d6617f4" />
    <UnitTestResult executionId="2e19cb08-41d7-429a-8ed0-a0773b5b9cbb" testId="5b8a90c1-d172-d8e8-a6a0-f1f0a80e344c" testName="A_private_setter_should_be_serializable" computerName="Edgars-iMac-2" duration="00:00:00.0204840" startTime="2026-08-12T16:13:29.5296210+02:00" endTime="2026-08-12T16:13:29.5501050+02:00" testType="13cdc9d9-ddb5-4fa4-a97d-d965ccfc6d4b" outcome="Passed" testListId="8c84fa94-04c1-424b-9868-57a2d4851a1d" relativeResultsDirectory="2e19cb08-41d7-429a-8ed0-a0773b5b9cbb" />
    <UnitTestResult executionId="b1482b7e-dc66-485b-8a3c-e99f46d2bdee" testId="0c46a006-1caf-6fea-8565-f51117e46740" testName="Serialize_complex" computerName="Edgars-iMac-2" duration="00:00:00.0535830" startTime="2026-08-12T16:13:28.8642080+02:00" endTime="2026-08-12T16:13:28.9177910+02:00" testType="13cdc9d9-ddb5-4fa4-a97d-d965ccfc6d4b" outcome="Passed" testListId="8c84fa94-04c1-424b-9868-57a2d4851a1d" relativeResultsDirectory="b1482b7e-dc66-485b-8a3c-e99f46d2bdee" />
    <UnitTestResult executionId="6cb588d5-6103-4a78-8878-ff17b63505a9" testId="20e849a3-2419-bd30-5965-f4e4bd1fe77c" testName="Serialize_small_number" computerName="Edgars-iMac-2" duration="00:00:00.0442250" startTime="2026-08-12T16:13:28.9473230+02:00" endTime="2026-08-12T16:13:28.9915480+02:00" testType="13cdc9d9-ddb5-4fa4-a97d-d965ccfc6d4b" outcome="Passed" testListId="8c84fa94-04c1-424b-9868-57a2d4851a1d" relativeResultsDirectory="6cb588d5-6103-4a78-8878-ff17b63505a9" />
  </Results>
  <TestDefinitions>
    <UnitTest name="No_default_constructor" storage="/users/edgar.liebold/downloads/vicione suite 2.0/repositories/vicione-servicebus/tests/vicione.servicebus.tests/bin/release/net9.0/vicione.servicebus.tests.dll" id="a91b05e7-fb4f-dd7c-aa6b-b523b502fd31">
      <Execution id="a2aa7636-df4a-4b2e-a6a5-3a89799ffdcd" />
      <TestMethod codeBase="/Users/edgar.liebold/Downloads/ViciOne Suite 2.0/repositories/vicione-servicebus/tests/ViciOne.ServiceBus.Tests/bin/Release/net9.0/ViciOne.ServiceBus.Tests.dll" adapterTypeName="executor://nunit3testexecutor/" className="ViciOne.ServiceBus.Tests.Serialization.Given_a_variety_of_challenging_messages(ViciOne.ServiceBus.Serialization.MessagePackMessageSerializer)" name="No_default_constructor" />
    </UnitTest>
    <UnitTest name="A_readonly_dictionary_list_message" storage="/users/edgar.liebold/downloads/vicione suite 2.0/repositories/vicione-servicebus/tests/vicione.servicebus.tests/bin/release/net9.0/vicione.servicebus.tests.dll" id="cf0935ec-69ab-6ba3-d4cf-fad4fa319131">
      <Execution id="9ebba547-5252-4844-97d7-0caddaac37f1" />
      <TestMethod codeBase="/Users/edgar.liebold/Downloads/ViciOne Suite 2.0/repositories/vicione-servicebus/tests/ViciOne.ServiceBus.Tests/bin/Release/net9.0/ViciOne.ServiceBus.Tests.dll" adapterTypeName="executor://nunit3testexecutor/" className="ViciOne.ServiceBus.Tests.Serialization.MoreSerialization_Specs(ViciOne.ServiceBus.Serialization.MessagePackMessageSerializer)" name="A_readonly_dictionary_list_message" />
    </UnitTest>
    <UnitTest name="A_private_setter_should_be_serializable" storage="/users/edgar.liebold/downloads/vicione suite 2.0/repositories/vicione-servicebus/tests/vicione.servicebus.tests/bin/release/net9.0/vicione.servicebus.tests.dll" id="5b8a90c1-d172-d8e8-a6a0-f1f0a80e344c">
      <Execution id="2e19cb08-41d7-429a-8ed0-a0773b5b9cbb" />
      <TestMethod codeBase="/Users/edgar.liebold/Downloads/ViciOne Suite 2.0/repositories/vicione-servicebus/tests/ViciOne.ServiceBus.Tests/bin/Release/net9.0/ViciOne.ServiceBus.Tests.dll" adapterTypeName="executor://nunit3testexecutor/" className="ViciOne.ServiceBus.Tests.Serialization.MoreSerialization_Specs(ViciOne.ServiceBus.Serialization.MessagePackMessageSerializer)" name="A_private_setter_should_be_serializable" />
    </UnitTest>
    <UnitTest name="A_primitive_array_of_objects_with_one_element_should_be_properly_serialized" storage="/users/edgar.liebold/downloads/vicione suite 2.0/repositories/vicione-servicebus/tests/vicione.servicebus.tests/bin/release/net9.0/vicione.servicebus.tests.dll" id="25384556-a528-366f-e36d-88d05a75c585">
      <Execution id="4cccf261-94a8-431d-9d51-bdb826bdb24f" />
      <TestMethod codeBase="/Users/edgar.liebold/Downloads/ViciOne Suite 2.0/repositories/vicione-servicebus/tests/ViciOne.ServiceBus.Tests/bin/Release/net9.0/ViciOne.ServiceBus.Tests.dll" adapterTypeName="executor://nunit3testexecutor/" className="ViciOne.ServiceBus.Tests.Serialization.MoreSerialization_Specs(ViciOne.ServiceBus.Serialization.MessagePackMessageSerializer)" name="A_primitive_array_of_objects_with_one_element_should_be_properly_serialized" />
    </UnitTest>
    <UnitTest name="Should_handle_a_string_null" storage="/users/edgar.liebold/downloads/vicione suite 2.0/repositories/vicione-servicebus/tests/vicione.servicebus.tests/bin/release/net9.0/vicione.servicebus.tests.dll" id="4d8aa397-6cf7-9b02-6ea9-4652e711a982">
      <Execution id="ab8d7583-dd0f-42aa-90d1-15578c65e0c5" />
      <TestMethod codeBase="/Users/edgar.liebold/Downloads/ViciOne Suite 2.0/repositories/vicione-servicebus/tests/ViciOne.ServiceBus.Tests/bin/Release/net9.0/ViciOne.ServiceBus.Tests.dll" adapterTypeName="executor://nunit3testexecutor/" className="ViciOne.ServiceBus.Tests.Serialization.Serialization_a_message_data_property(ViciOne.ServiceBus.Serialization.MessagePackMessageSerializer)" name="Should_handle_a_string_null" />
    </UnitTest>
    <UnitTest name="Serialize_small_number" storage="/users/edgar.liebold/downloads/vicione suite 2.0/repositories/vicione-servicebus/tests/vicione.servicebus.tests/bin/release/net9.0/vicione.servicebus.tests.dll" id="20e849a3-2419-bd30-5965-f4e4bd1fe77c">
      <Execution id="6cb588d5-6103-4a78-8878-ff17b63505a9" />
      <TestMethod codeBase="/Users/edgar.liebold/Downloads/ViciOne Suite 2.0/repositories/vicione-servicebus/tests/ViciOne.ServiceBus.Tests/bin/Release/net9.0/ViciOne.ServiceBus.Tests.dll" adapterTypeName="executor://nunit3testexecutor/" className="ViciOne.ServiceBus.Tests.Serialization.Given_a_variety_of_challenging_messages(ViciOne.ServiceBus.Serialization.MessagePackMessageSerializer)" name="Serialize_small_number" />
    </UnitTest>
    <UnitTest name="An_empty_class_should_not_break_the_mold" storage="/users/edgar.liebold/downloads/vicione suite 2.0/repositories/vicione-servicebus/tests/vicione.servicebus.tests/bin/release/net9.0/vicione.servicebus.tests.dll" id="4bd5e3e1-17ab-8913-5bdf-2fb5b9a8b4db">
      <Execution id="43be5181-a0e5-453f-bc50-6255de62bdad" />
      <TestMethod codeBase="/Users/edgar.liebold/Downloads/ViciOne Suite 2.0/repositories/vicione-servicebus/tests/ViciOne.ServiceBus.Tests/bin/Release/net9.0/ViciOne.ServiceBus.Tests.dll" adapterTypeName="executor://nunit3testexecutor/" className="ViciOne.ServiceBus.Tests.Serialization.MoreSerialization_Specs(ViciOne.ServiceBus.Serialization.MessagePackMessageSerializer)" name="An_empty_class_should_not_break_the_mold" />
    </UnitTest>
    <UnitTest name="A_primitive_array_of_objects_with_no_elements_should_be_properly_serialized" storage="/users/edgar.liebold/downloads/vicione suite 2.0/repositories/vicione-servicebus/tests/vicione.servicebus.tests/bin/release/net9.0/vicione.servicebus.tests.dll" id="d1d0ecc7-7bf8-27ae-5624-8e0309af089e">
      <Execution id="3a790151-2280-4830-87b1-cb6645850d23" />
      <TestMethod codeBase="/Users/edgar.liebold/Downloads/ViciOne Suite 2.0/repositories/vicione-servicebus/tests/ViciOne.ServiceBus.Tests/bin/Release/net9.0/ViciOne.ServiceBus.Tests.dll" adapterTypeName="executor://nunit3testexecutor/" className="ViciOne.ServiceBus.Tests.Serialization.MoreSerialization_Specs(ViciOne.ServiceBus.Serialization.MessagePackMessageSerializer)" name="A_primitive_array_of_objects_with_no_elements_should_be_properly_serialized" />
    </UnitTest>
    <UnitTest name="A_dictionary_of_objects_should_be_properly_serialized" storage="/users/edgar.liebold/downloads/vicione suite 2.0/repositories/vicione-servicebus/tests/vicione.servicebus.tests/bin/release/net9.0/vicione.servicebus.tests.dll" id="d7ef58ef-e008-498d-e70c-b0eb3f1fc80b">
      <Execution id="d8ea3fef-4781-435f-97ae-0bad37295cd5" />
      <TestMethod codeBase="/Users/edgar.liebold/Downloads/ViciOne Suite 2.0/repositories/vicione-servicebus/tests/ViciOne.ServiceBus.Tests/bin/Release/net9.0/ViciOne.ServiceBus.Tests.dll" adapterTypeName="executor://nunit3testexecutor/" className="ViciOne.ServiceBus.Tests.Serialization.MoreSerialization_Specs(ViciOne.ServiceBus.Serialization.MessagePackMessageSerializer)" name="A_dictionary_of_objects_should_be_properly_serialized" />
    </UnitTest>
    <UnitTest name="Byte_array" storage="/users/edgar.liebold/downloads/vicione suite 2.0/repositories/vicione-servicebus/tests/vicione.servicebus.tests/bin/release/net9.0/vicione.servicebus.tests.dll" id="392201be-e2a4-6e11-d2c1-ca51b3c0d8dd">
      <Execution id="f7a0eeb6-2c06-4cb5-a9de-2f2260d03b76" />
      <TestMethod codeBase="/Users/edgar.liebold/Downloads/ViciOne Suite 2.0/repositories/vicione-servicebus/tests/ViciOne.ServiceBus.Tests/bin/Release/net9.0/ViciOne.ServiceBus.Tests.dll" adapterTypeName="executor://nunit3testexecutor/" className="ViciOne.ServiceBus.Tests.Serialization.Given_a_variety_of_challenging_messages(ViciOne.ServiceBus.Serialization.MessagePackMessageSerializer)" name="Byte_array" />
    </UnitTest>
    <UnitTest name="A_key_value_pair_list_should_be_serializable" storage="/users/edgar.liebold/downloads/vicione suite 2.0/repositories/vicione-servicebus/tests/vicione.servicebus.tests/bin/release/net9.0/vicione.servicebus.tests.dll" id="ea9bc4ac-a95f-c07c-c9ec-fa4f2c43d679">
      <Execution id="ec990416-2f65-4d7a-86a2-bea4ecb2348a" />
      <TestMethod codeBase="/Users/edgar.liebold/Downloads/ViciOne Suite 2.0/repositories/vicione-servicebus/tests/ViciOne.ServiceBus.Tests/bin/Release/net9.0/ViciOne.ServiceBus.Tests.dll" adapterTypeName="executor://nunit3testexecutor/" className="ViciOne.ServiceBus.Tests.Serialization.MoreSerialization_Specs(ViciOne.ServiceBus.Serialization.MessagePackMessageSerializer)" name="A_key_value_pair_list_should_be_serializable" />
    </UnitTest>
    <UnitTest name="A_collection_of_objects_should_be_properly_serialized" storage="/users/edgar.liebold/downloads/vicione suite 2.0/repositories/vicione-servicebus/tests/vicione.servicebus.tests/bin/release/net9.0/vicione.servicebus.tests.dll" id="5b9eb4b6-e487-ed7f-e61d-3e2cdafa0ae7">
      <Execution id="8d177f15-3340-4a54-a148-02ffc3f22c0a" />
      <TestMethod codeBase="/Users/edgar.liebold/Downloads/ViciOne Suite 2.0/repositories/vicione-servicebus/tests/ViciOne.ServiceBus.Tests/bin/Release/net9.0/ViciOne.ServiceBus.Tests.dll" adapterTypeName="executor://nunit3testexecutor/" className="ViciOne.ServiceBus.Tests.Serialization.MoreSerialization_Specs(ViciOne.ServiceBus.Serialization.MessagePackMessageSerializer)" name="A_collection_of_objects_should_be_properly_serialized" />
    </UnitTest>
    <UnitTest name="A_nested_object_should_be_properly_serialized" storage="/users/edgar.liebold/downloads/vicione suite 2.0/repositories/vicione-servicebus/tests/vicione.servicebus.tests/bin/release/net9.0/vicione.servicebus.tests.dll" id="f5b53fd6-90a8-c896-5dad-adf339ff0c50">
      <Execution id="3b2db040-3385-4e5d-b2bb-44819d17c128" />
      <TestMethod codeBase="/Users/edgar.liebold/Downloads/ViciOne Suite 2.0/repositories/vicione-servicebus/tests/ViciOne.ServiceBus.Tests/bin/Release/net9.0/ViciOne.ServiceBus.Tests.dll" adapterTypeName="executor://nunit3testexecutor/" className="ViciOne.ServiceBus.Tests.Serialization.MoreSerialization_Specs(ViciOne.ServiceBus.Serialization.MessagePackMessageSerializer)" name="A_nested_object_should_be_properly_serialized" />
    </UnitTest>
    <UnitTest name="An_enumeration_should_be_serializable" storage="/users/edgar.liebold/downloads/vicione suite 2.0/repositories/vicione-servicebus/tests/vicione.servicebus.tests/bin/release/net9.0/vicione.servicebus.tests.dll" id="41dae76f-dd21-8a8b-98e2-2d5303978c34">
      <Execution id="2326ea21-ed2c-4089-8b8f-a3209b1317e7" />
      <TestMethod codeBase="/Users/edgar.liebold/Downloads/ViciOne Suite 2.0/repositories/vicione-servicebus/tests/ViciOne.ServiceBus.Tests/bin/Release/net9.0/ViciOne.ServiceBus.Tests.dll" adapterTypeName="executor://nunit3testexecutor/" className="ViciOne.ServiceBus.Tests.Serialization.MoreSerialization_Specs(ViciOne.ServiceBus.Serialization.MessagePackMessageSerializer)" name="An_enumeration_should_be_serializable" />
    </UnitTest>
    <UnitTest name="Byte_interface_array" storage="/users/edgar.liebold/downloads/vicione suite 2.0/repositories/vicione-servicebus/tests/vicione.servicebus.tests/bin/release/net9.0/vicione.servicebus.tests.dll" id="e5442cbd-b807-1bd2-0850-a0bd0f49f4a6">
      <Execution id="fb8b3bbd-26e7-4c65-b75d-8204814b14d2" />
      <TestMethod codeBase="/Users/edgar.liebold/Downloads/ViciOne Suite 2.0/repositories/vicione-servicebus/tests/ViciOne.ServiceBus.Tests/bin/Release/net9.0/ViciOne.ServiceBus.Tests.dll" adapterTypeName="executor://nunit3testexecutor/" className="ViciOne.ServiceBus.Tests.Serialization.Given_a_variety_of_challenging_messages(ViciOne.ServiceBus.Serialization.MessagePackMessageSerializer)" name="Byte_interface_array" />
    </UnitTest>
    <UnitTest name="Should_serialize_fault_from_serializable_exception" storage="/users/edgar.liebold/downloads/vicione suite 2.0/repositories/vicione-servicebus/tests/vicione.servicebus.tests/bin/release/net9.0/vicione.servicebus.tests.dll" id="6159873b-e63b-f44c-5e1a-1448fbd52102">
      <Execution id="d080f131-207a-4029-bf29-1f3d0520fde8" />
      <TestMethod codeBase="/Users/edgar.liebold/Downloads/ViciOne Suite 2.0/repositories/vicione-servicebus/tests/ViciOne.ServiceBus.Tests/bin/Release/net9.0/ViciOne.ServiceBus.Tests.dll" adapterTypeName="executor://nunit3testexecutor/" className="ViciOne.ServiceBus.Tests.Serialization.ReceiveFault_Serialization_Specs(ViciOne.ServiceBus.Serialization.MessagePackMessageSerializer)" name="Should_serialize_fault_from_serializable_exception" />
    </UnitTest>
    <UnitTest name="Should_not_convert_to_a_dictionary" storage="/users/edgar.liebold/downloads/vicione suite 2.0/repositories/vicione-servicebus/tests/vicione.servicebus.tests/bin/release/net9.0/vicione.servicebus.tests.dll" id="35989b0e-f0e6-f90b-d0ce-82303eccc81c">
      <Execution id="fdab30f7-d140-4f7a-a64c-f6469e88f767" />
      <TestMethod codeBase="/Users/edgar.liebold/Downloads/ViciOne Suite 2.0/repositories/vicione-servicebus/tests/ViciOne.ServiceBus.Tests/bin/Release/net9.0/ViciOne.ServiceBus.Tests.dll" adapterTypeName="executor://nunit3testexecutor/" className="ViciOne.ServiceBus.Tests.Serialization.Deserializing_a_list_of_key_value_pairs_with_duplicate_keys(ViciOne.ServiceBus.Serialization.MessagePackMessageSerializer)" name="Should_not_convert_to_a_dictionary" />
    </UnitTest>
    <UnitTest name="Should_deserialize_the_job" storage="/users/edgar.liebold/downloads/vicione suite 2.0/repositories/vicione-servicebus/tests/vicione.servicebus.tests/bin/release/net9.0/vicione.servicebus.tests.dll" id="00f0259f-0b45-420e-83e6-4db214d3187f">
      <Execution id="47572121-6046-47ed-b5f6-a39d74038ec1" />
      <TestMethod codeBase="/Users/edgar.liebold/Downloads/ViciOne Suite 2.0/repositories/vicione-servicebus/tests/ViciOne.ServiceBus.Tests/bin/Release/net9.0/ViciOne.ServiceBus.Tests.dll" adapterTypeName="executor://nunit3testexecutor/" className="ViciOne.ServiceBus.Tests.Serialization.JobDeserialization_Specs(ViciOne.ServiceBus.Serialization.MessagePackMessageSerializer)" name="Should_deserialize_the_job" />
    </UnitTest>
    <UnitTest name="Should_create_a_proxy_for_the_interface" storage="/users/edgar.liebold/downloads/vicione suite 2.0/repositories/vicione-servicebus/tests/vicione.servicebus.tests/bin/release/net9.0/vicione.servicebus.tests.dll" id="fa81015c-5f77-71c2-c412-ee4512ff105e">
      <Execution id="689f8434-1df8-4244-af3a-70e21e74e5ba" />
      <TestMethod codeBase="/Users/edgar.liebold/Downloads/ViciOne Suite 2.0/repositories/vicione-servicebus/tests/ViciOne.ServiceBus.Tests/bin/Release/net9.0/ViciOne.ServiceBus.Tests.dll" adapterTypeName="executor://nunit3testexecutor/" className="ViciOne.ServiceBus.Tests.Serialization.Deserializing_an_interface(ViciOne.ServiceBus.Serialization.MessagePackMessageSerializer)" name="Should_create_a_proxy_for_the_interface" />
    </UnitTest>
    <UnitTest name="Should_deserialize_multi_dimensional_arrays" storage="/users/edgar.liebold/downloads/vicione suite 2.0/repositories/vicione-servicebus/tests/vicione.servicebus.tests/bin/release/net9.0/vicione.servicebus.tests.dll" id="c451c977-63f4-5e79-11c6-cb1510d29640">
      <Execution id="ee32b827-c654-4ba1-a74d-a2e803dbc62a" />
      <TestMethod codeBase="/Users/edgar.liebold/Downloads/ViciOne Suite 2.0/repositories/vicione-servicebus/tests/ViciOne.ServiceBus.Tests/bin/Release/net9.0/ViciOne.ServiceBus.Tests.dll" adapterTypeName="executor://nunit3testexecutor/" className="ViciOne.ServiceBus.Tests.Serialization.Using_the_serializer_for_arrays(ViciOne.ServiceBus.Serialization.MessagePackMessageSerializer)" name="Should_deserialize_multi_dimensional_arrays" />
    </UnitTest>
    <UnitTest name="Should_serialize_fault_from_non_serializable_exception" storage="/users/edgar.liebold/downloads/vicione suite 2.0/repositories/vicione-servicebus/tests/vicione.servicebus.tests/bin/release/net9.0/vicione.servicebus.tests.dll" id="d5e36da7-4cfd-ae83-d06c-af9c9de7d8df">
      <Execution id="a046137b-7782-4bcd-9d85-a6b61b091cca" />
      <TestMethod codeBase="/Users/edgar.liebold/Downloads/ViciOne Suite 2.0/repositories/vicione-servicebus/tests/ViciOne.ServiceBus.Tests/bin/Release/net9.0/ViciOne.ServiceBus.Tests.dll" adapterTypeName="executor://nunit3testexecutor/" className="ViciOne.ServiceBus.Tests.Serialization.ReceiveFault_Serialization_Specs(ViciOne.ServiceBus.Serialization.MessagePackMessageSerializer)" name="Should_serialize_fault_from_non_serializable_exception" />
    </UnitTest>
    <UnitTest name="Crazy_date_time" storage="/users/edgar.liebold/downloads/vicione suite 2.0/repositories/vicione-servicebus/tests/vicione.servicebus.tests/bin/release/net9.0/vicione.servicebus.tests.dll" id="7e8b9337-61ea-5f3d-5f42-7d9479081e5e">
      <Execution id="af2bb76c-e86f-423d-be26-75606f2be4ee" />
      <TestMethod codeBase="/Users/edgar.liebold/Downloads/ViciOne Suite 2.0/repositories/vicione-servicebus/tests/ViciOne.ServiceBus.Tests/bin/Release/net9.0/ViciOne.ServiceBus.Tests.dll" adapterTypeName="executor://nunit3testexecutor/" className="ViciOne.ServiceBus.Tests.Serialization.Given_a_variety_of_challenging_messages(ViciOne.ServiceBus.Serialization.MessagePackMessageSerializer)" name="Crazy_date_time" />
    </UnitTest>
    <UnitTest name="An_array_of_objects_should_be_properly_serialized" storage="/users/edgar.liebold/downloads/vicione suite 2.0/repositories/vicione-servicebus/tests/vicione.servicebus.tests/bin/release/net9.0/vicione.servicebus.tests.dll" id="b761c830-3205-cdd5-3325-0b1422cd698c">
      <Execution id="46c6b71b-c215-4ecc-abd8-d6fc1fad9aec" />
      <TestMethod codeBase="/Users/edgar.liebold/Downloads/ViciOne Suite 2.0/repositories/vicione-servicebus/tests/ViciOne.ServiceBus.Tests/bin/Release/net9.0/ViciOne.ServiceBus.Tests.dll" adapterTypeName="executor://nunit3testexecutor/" className="ViciOne.ServiceBus.Tests.Serialization.MoreSerialization_Specs(ViciOne.ServiceBus.Serialization.MessagePackMessageSerializer)" name="An_array_of_objects_should_be_properly_serialized" />
    </UnitTest>
    <UnitTest name="Should_include_the_required_headers" storage="/users/edgar.liebold/downloads/vicione suite 2.0/repositories/vicione-servicebus/tests/vicione.servicebus.tests/bin/release/net9.0/vicione.servicebus.tests.dll" id="967b34c8-5db2-4137-00fc-6f06caf5e78a">
      <Execution id="e1280117-23f2-4157-861d-fecbbe3e12ff" />
      <TestMethod codeBase="/Users/edgar.liebold/Downloads/ViciOne Suite 2.0/repositories/vicione-servicebus/tests/ViciOne.ServiceBus.Tests/bin/Release/net9.0/ViciOne.ServiceBus.Tests.dll" adapterTypeName="executor://nunit3testexecutor/" className="ViciOne.ServiceBus.Tests.Serialization.Redelivery_Specs(ViciOne.ServiceBus.Serialization.MessagePackMessageSerializer)" name="Should_include_the_required_headers" />
    </UnitTest>
    <UnitTest name="A_dictionary_of_no_objects_should_be_properly_serialized" storage="/users/edgar.liebold/downloads/vicione suite 2.0/repositories/vicione-servicebus/tests/vicione.servicebus.tests/bin/release/net9.0/vicione.servicebus.tests.dll" id="f02d0782-6e14-f60f-5c0e-7ccceb57fb4c">
      <Execution id="14e16efd-3194-4c83-a39d-12c5d42721e2" />
      <TestMethod codeBase="/Users/edgar.liebold/Downloads/ViciOne Suite 2.0/repositories/vicione-servicebus/tests/ViciOne.ServiceBus.Tests/bin/Release/net9.0/ViciOne.ServiceBus.Tests.dll" adapterTypeName="executor://nunit3testexecutor/" className="ViciOne.ServiceBus.Tests.Serialization.MoreSerialization_Specs(ViciOne.ServiceBus.Serialization.MessagePackMessageSerializer)" name="A_dictionary_of_no_objects_should_be_properly_serialized" />
    </UnitTest>
    <UnitTest name="Should_handle_a_missing_nullable_value" storage="/users/edgar.liebold/downloads/vicione suite 2.0/repositories/vicione-servicebus/tests/vicione.servicebus.tests/bin/release/net9.0/vicione.servicebus.tests.dll" id="441b6e2a-ca06-aa82-4779-d2a87f401412">
      <Execution id="b6b982a8-3612-4cd9-94a2-e7e99c23461c" />
      <TestMethod codeBase="/Users/edgar.liebold/Downloads/ViciOne Suite 2.0/repositories/vicione-servicebus/tests/ViciOne.ServiceBus.Tests/bin/Release/net9.0/ViciOne.ServiceBus.Tests.dll" adapterTypeName="executor://nunit3testexecutor/" className="ViciOne.ServiceBus.Tests.Serialization.Serializing_a_property_of_type_char(ViciOne.ServiceBus.Serialization.MessagePackMessageSerializer)" name="Should_handle_a_missing_nullable_value" />
    </UnitTest>
    <UnitTest name="A_dictionary_of_one_objects_should_be_properly_serialized" storage="/users/edgar.liebold/downloads/vicione suite 2.0/repositories/vicione-servicebus/tests/vicione.servicebus.tests/bin/release/net9.0/vicione.servicebus.tests.dll" id="18f23127-dde9-afc9-5770-596ddec1ad47">
      <Execution id="af49f093-3a91-49c4-b6f9-64e66e9a1968" />
      <TestMethod codeBase="/Users/edgar.liebold/Downloads/ViciOne Suite 2.0/repositories/vicione-servicebus/tests/ViciOne.ServiceBus.Tests/bin/Release/net9.0/ViciOne.ServiceBus.Tests.dll" adapterTypeName="executor://nunit3testexecutor/" className="ViciOne.ServiceBus.Tests.Serialization.MoreSerialization_Specs(ViciOne.ServiceBus.Serialization.MessagePackMessageSerializer)" name="A_dictionary_of_one_objects_should_be_properly_serialized" />
    </UnitTest>
    <UnitTest name="Should_handle_a_present_value" storage="/users/edgar.liebold/downloads/vicione suite 2.0/repositories/vicione-servicebus/tests/vicione.servicebus.tests/bin/release/net9.0/vicione.servicebus.tests.dll" id="c1ce981a-8699-ded9-d152-cf2b02ee3597">
      <Execution id="a6730ff4-0146-4cb9-a89a-71e58d6617f4" />
      <TestMethod codeBase="/Users/edgar.liebold/Downloads/ViciOne Suite 2.0/repositories/vicione-servicebus/tests/ViciOne.ServiceBus.Tests/bin/Release/net9.0/ViciOne.ServiceBus.Tests.dll" adapterTypeName="executor://nunit3testexecutor/" className="ViciOne.ServiceBus.Tests.Serialization.Serializing_a_property_of_type_char(ViciOne.ServiceBus.Serialization.MessagePackMessageSerializer)" name="Should_handle_a_present_value" />
    </UnitTest>
    <UnitTest name="Should_deserialize_the_enumerable_type" storage="/users/edgar.liebold/downloads/vicione suite 2.0/repositories/vicione-servicebus/tests/vicione.servicebus.tests/bin/release/net9.0/vicione.servicebus.tests.dll" id="a9c1d7fd-ba93-c219-d12d-d147566accb8">
      <Execution id="e59e68ad-9d19-44d1-aae6-add386bb7367" />
      <TestMethod codeBase="/Users/edgar.liebold/Downloads/ViciOne Suite 2.0/repositories/vicione-servicebus/tests/ViciOne.ServiceBus.Tests/bin/Release/net9.0/ViciOne.ServiceBus.Tests.dll" adapterTypeName="executor://nunit3testexecutor/" className="ViciOne.ServiceBus.Tests.Serialization.Deserializing_an_enumerable_property(ViciOne.ServiceBus.Serialization.MessagePackMessageSerializer)" name="Should_deserialize_the_enumerable_type" />
    </UnitTest>
    <UnitTest name="A_primitive_array_of_objects_should_be_properly_serialized" storage="/users/edgar.liebold/downloads/vicione suite 2.0/repositories/vicione-servicebus/tests/vicione.servicebus.tests/bin/release/net9.0/vicione.servicebus.tests.dll" id="cae352e0-627b-bc78-ac0d-7e1e8fdedfda">
      <Execution id="45a0c022-2671-482f-8611-abf164ab70bf" />
      <TestMethod codeBase="/Users/edgar.liebold/Downloads/ViciOne Suite 2.0/repositories/vicione-servicebus/tests/ViciOne.ServiceBus.Tests/bin/Release/net9.0/ViciOne.ServiceBus.Tests.dll" adapterTypeName="executor://nunit3testexecutor/" className="ViciOne.ServiceBus.Tests.Serialization.MoreSerialization_Specs(ViciOne.ServiceBus.Serialization.MessagePackMessageSerializer)" name="A_primitive_array_of_objects_should_be_properly_serialized" />
    </UnitTest>
    <UnitTest name="Should_handle_a_present_nullable_value" storage="/users/edgar.liebold/downloads/vicione suite 2.0/repositories/vicione-servicebus/tests/vicione.servicebus.tests/bin/release/net9.0/vicione.servicebus.tests.dll" id="722c2fc2-24c7-018b-c218-9a9600ddbb59">
      <Execution id="ab4f2031-a911-4cb5-8872-1de887c392e4" />
      <TestMethod codeBase="/Users/edgar.liebold/Downloads/ViciOne Suite 2.0/repositories/vicione-servicebus/tests/ViciOne.ServiceBus.Tests/bin/Release/net9.0/ViciOne.ServiceBus.Tests.dll" adapterTypeName="executor://nunit3testexecutor/" className="ViciOne.ServiceBus.Tests.Serialization.Serializing_a_property_of_type_char(ViciOne.ServiceBus.Serialization.MessagePackMessageSerializer)" name="Should_handle_a_present_nullable_value" />
    </UnitTest>
    <UnitTest name="Should_dispatch_an_interface_via_the_pipeline" storage="/users/edgar.liebold/downloads/vicione suite 2.0/repositories/vicione-servicebus/tests/vicione.servicebus.tests/bin/release/net9.0/vicione.servicebus.tests.dll" id="c06c49eb-22b8-82b2-bbf3-de7ff5d278f8">
      <Execution id="1de3f246-a9bc-48d0-ab70-87aecca9b0dd" />
      <TestMethod codeBase="/Users/edgar.liebold/Downloads/ViciOne Suite 2.0/repositories/vicione-servicebus/tests/ViciOne.ServiceBus.Tests/bin/Release/net9.0/ViciOne.ServiceBus.Tests.dll" adapterTypeName="executor://nunit3testexecutor/" className="ViciOne.ServiceBus.Tests.Serialization.Deserializing_an_interface(ViciOne.ServiceBus.Serialization.MessagePackMessageSerializer)" name="Should_dispatch_an_interface_via_the_pipeline" />
    </UnitTest>
    <UnitTest name="Should_handle_a_string_null" storage="/users/edgar.liebold/downloads/vicione suite 2.0/repositories/vicione-servicebus/tests/vicione.servicebus.tests/bin/release/net9.0/vicione.servicebus.tests.dll" id="b00450a6-c1e1-c7ad-d52b-397a5d91fa15">
      <Execution id="d407be53-bf84-495f-91c5-17dae01bff10" />
      <TestMethod codeBase="/Users/edgar.liebold/Downloads/ViciOne Suite 2.0/repositories/vicione-servicebus/tests/ViciOne.ServiceBus.Tests/bin/Release/net9.0/ViciOne.ServiceBus.Tests.dll" adapterTypeName="executor://nunit3testexecutor/" className="ViciOne.ServiceBus.Tests.Serialization.Serializing_a_property_of_type_char(ViciOne.ServiceBus.Serialization.MessagePackMessageSerializer)" name="Should_handle_a_string_null" />
    </UnitTest>
    <UnitTest name="Serialize_simple" storage="/users/edgar.liebold/downloads/vicione suite 2.0/repositories/vicione-servicebus/tests/vicione.servicebus.tests/bin/release/net9.0/vicione.servicebus.tests.dll" id="4b9bd401-1c58-04a8-abd8-09e3fa87ebb1">
      <Execution id="4576560a-5dc7-4e74-83dd-8f60a1212ae9" />
      <TestMethod codeBase="/Users/edgar.liebold/Downloads/ViciOne Suite 2.0/repositories/vicione-servicebus/tests/ViciOne.ServiceBus.Tests/bin/Release/net9.0/ViciOne.ServiceBus.Tests.dll" adapterTypeName="executor://nunit3testexecutor/" className="ViciOne.ServiceBus.Tests.Serialization.Given_a_variety_of_challenging_messages(ViciOne.ServiceBus.Serialization.MessagePackMessageSerializer)" name="Serialize_simple" />
    </UnitTest>
    <UnitTest name="Serialize_complex" storage="/users/edgar.liebold/downloads/vicione suite 2.0/repositories/vicione-servicebus/tests/vicione.servicebus.tests/bin/release/net9.0/vicione.servicebus.tests.dll" id="0c46a006-1caf-6fea-8565-f51117e46740">
      <Execution id="b1482b7e-dc66-485b-8a3c-e99f46d2bdee" />
      <TestMethod codeBase="/Users/edgar.liebold/Downloads/ViciOne Suite 2.0/repositories/vicione-servicebus/tests/ViciOne.ServiceBus.Tests/bin/Release/net9.0/ViciOne.ServiceBus.Tests.dll" adapterTypeName="executor://nunit3testexecutor/" className="ViciOne.ServiceBus.Tests.Serialization.Given_a_variety_of_challenging_messages(ViciOne.ServiceBus.Serialization.MessagePackMessageSerializer)" name="Serialize_complex" />
    </UnitTest>
    <UnitTest name="A_hashset_of_integers_should_be_properly_serialized" storage="/users/edgar.liebold/downloads/vicione suite 2.0/repositories/vicione-servicebus/tests/vicione.servicebus.tests/bin/release/net9.0/vicione.servicebus.tests.dll" id="fa7f034f-48f0-a70e-48fe-6c39d7c1f50c">
      <Execution id="8fd56191-71ef-49de-a5ad-cc49fca9aace" />
      <TestMethod codeBase="/Users/edgar.liebold/Downloads/ViciOne Suite 2.0/repositories/vicione-servicebus/tests/ViciOne.ServiceBus.Tests/bin/Release/net9.0/ViciOne.ServiceBus.Tests.dll" adapterTypeName="executor://nunit3testexecutor/" className="ViciOne.ServiceBus.Tests.Serialization.MoreSerialization_Specs(ViciOne.ServiceBus.Serialization.MessagePackMessageSerializer)" name="A_hashset_of_integers_should_be_properly_serialized" />
    </UnitTest>
    <UnitTest name="A_set_of_integers_should_be_properly_serialized" storage="/users/edgar.liebold/downloads/vicione suite 2.0/repositories/vicione-servicebus/tests/vicione.servicebus.tests/bin/release/net9.0/vicione.servicebus.tests.dll" id="47afaeae-7e37-6f5c-2ca7-3900968c81c3">
      <Execution id="53d7fe46-8241-494b-a6ad-6ca081bad92d" />
      <TestMethod codeBase="/Users/edgar.liebold/Downloads/ViciOne Suite 2.0/repositories/vicione-servicebus/tests/ViciOne.ServiceBus.Tests/bin/Release/net9.0/ViciOne.ServiceBus.Tests.dll" adapterTypeName="executor://nunit3testexecutor/" className="ViciOne.ServiceBus.Tests.Serialization.MoreSerialization_Specs(ViciOne.ServiceBus.Serialization.MessagePackMessageSerializer)" name="A_set_of_integers_should_be_properly_serialized" />
    </UnitTest>
    <UnitTest name="An_empty_array_of_objects_should_be_properly_serialized" storage="/users/edgar.liebold/downloads/vicione suite 2.0/repositories/vicione-servicebus/tests/vicione.servicebus.tests/bin/release/net9.0/vicione.servicebus.tests.dll" id="e7797820-8f85-66ad-1090-d8dcbb0c984f">
      <Execution id="f1efa9cd-6691-46f4-83fa-a898b5e0c272" />
      <TestMethod codeBase="/Users/edgar.liebold/Downloads/ViciOne Suite 2.0/repositories/vicione-servicebus/tests/ViciOne.ServiceBus.Tests/bin/Release/net9.0/ViciOne.ServiceBus.Tests.dll" adapterTypeName="executor://nunit3testexecutor/" className="ViciOne.ServiceBus.Tests.Serialization.MoreSerialization_Specs(ViciOne.ServiceBus.Serialization.MessagePackMessageSerializer)" name="An_empty_array_of_objects_should_be_properly_serialized" />
    </UnitTest>
  </TestDefinitions>
  <TestEntries>
    <TestEntry testId="fa81015c-5f77-71c2-c412-ee4512ff105e" executionId="689f8434-1df8-4244-af3a-70e21e74e5ba" testListId="8c84fa94-04c1-424b-9868-57a2d4851a1d" />
    <TestEntry testId="a9c1d7fd-ba93-c219-d12d-d147566accb8" executionId="e59e68ad-9d19-44d1-aae6-add386bb7367" testListId="8c84fa94-04c1-424b-9868-57a2d4851a1d" />
    <TestEntry testId="00f0259f-0b45-420e-83e6-4db214d3187f" executionId="47572121-6046-47ed-b5f6-a39d74038ec1" testListId="8c84fa94-04c1-424b-9868-57a2d4851a1d" />
    <TestEntry testId="4b9bd401-1c58-04a8-abd8-09e3fa87ebb1" executionId="4576560a-5dc7-4e74-83dd-8f60a1212ae9" testListId="8c84fa94-04c1-424b-9868-57a2d4851a1d" />
    <TestEntry testId="6159873b-e63b-f44c-5e1a-1448fbd52102" executionId="d080f131-207a-4029-bf29-1f3d0520fde8" testListId="8c84fa94-04c1-424b-9868-57a2d4851a1d" />
    <TestEntry testId="fa7f034f-48f0-a70e-48fe-6c39d7c1f50c" executionId="8fd56191-71ef-49de-a5ad-cc49fca9aace" testListId="8c84fa94-04c1-424b-9868-57a2d4851a1d" />
    <TestEntry testId="d5e36da7-4cfd-ae83-d06c-af9c9de7d8df" executionId="a046137b-7782-4bcd-9d85-a6b61b091cca" testListId="8c84fa94-04c1-424b-9868-57a2d4851a1d" />
    <TestEntry testId="ea9bc4ac-a95f-c07c-c9ec-fa4f2c43d679" executionId="ec990416-2f65-4d7a-86a2-bea4ecb2348a" testListId="8c84fa94-04c1-424b-9868-57a2d4851a1d" />
    <TestEntry testId="c451c977-63f4-5e79-11c6-cb1510d29640" executionId="ee32b827-c654-4ba1-a74d-a2e803dbc62a" testListId="8c84fa94-04c1-424b-9868-57a2d4851a1d" />
    <TestEntry testId="4bd5e3e1-17ab-8913-5bdf-2fb5b9a8b4db" executionId="43be5181-a0e5-453f-bc50-6255de62bdad" testListId="8c84fa94-04c1-424b-9868-57a2d4851a1d" />
    <TestEntry testId="4d8aa397-6cf7-9b02-6ea9-4652e711a982" executionId="ab8d7583-dd0f-42aa-90d1-15578c65e0c5" testListId="8c84fa94-04c1-424b-9868-57a2d4851a1d" />
    <TestEntry testId="25384556-a528-366f-e36d-88d05a75c585" executionId="4cccf261-94a8-431d-9d51-bdb826bdb24f" testListId="8c84fa94-04c1-424b-9868-57a2d4851a1d" />
    <TestEntry testId="7e8b9337-61ea-5f3d-5f42-7d9479081e5e" executionId="af2bb76c-e86f-423d-be26-75606f2be4ee" testListId="8c84fa94-04c1-424b-9868-57a2d4851a1d" />
    <TestEntry testId="722c2fc2-24c7-018b-c218-9a9600ddbb59" executionId="ab4f2031-a911-4cb5-8872-1de887c392e4" testListId="8c84fa94-04c1-424b-9868-57a2d4851a1d" />
    <TestEntry testId="41dae76f-dd21-8a8b-98e2-2d5303978c34" executionId="2326ea21-ed2c-4089-8b8f-a3209b1317e7" testListId="8c84fa94-04c1-424b-9868-57a2d4851a1d" />
    <TestEntry testId="392201be-e2a4-6e11-d2c1-ca51b3c0d8dd" executionId="f7a0eeb6-2c06-4cb5-a9de-2f2260d03b76" testListId="8c84fa94-04c1-424b-9868-57a2d4851a1d" />
    <TestEntry testId="d1d0ecc7-7bf8-27ae-5624-8e0309af089e" executionId="3a790151-2280-4830-87b1-cb6645850d23" testListId="8c84fa94-04c1-424b-9868-57a2d4851a1d" />
    <TestEntry testId="d7ef58ef-e008-498d-e70c-b0eb3f1fc80b" executionId="d8ea3fef-4781-435f-97ae-0bad37295cd5" testListId="8c84fa94-04c1-424b-9868-57a2d4851a1d" />
    <TestEntry testId="b761c830-3205-cdd5-3325-0b1422cd698c" executionId="46c6b71b-c215-4ecc-abd8-d6fc1fad9aec" testListId="8c84fa94-04c1-424b-9868-57a2d4851a1d" />
    <TestEntry testId="cf0935ec-69ab-6ba3-d4cf-fad4fa319131" executionId="9ebba547-5252-4844-97d7-0caddaac37f1" testListId="8c84fa94-04c1-424b-9868-57a2d4851a1d" />
    <TestEntry testId="e5442cbd-b807-1bd2-0850-a0bd0f49f4a6" executionId="fb8b3bbd-26e7-4c65-b75d-8204814b14d2" testListId="8c84fa94-04c1-424b-9868-57a2d4851a1d" />
    <TestEntry testId="35989b0e-f0e6-f90b-d0ce-82303eccc81c" executionId="fdab30f7-d140-4f7a-a64c-f6469e88f767" testListId="8c84fa94-04c1-424b-9868-57a2d4851a1d" />
    <TestEntry testId="b00450a6-c1e1-c7ad-d52b-397a5d91fa15" executionId="d407be53-bf84-495f-91c5-17dae01bff10" testListId="8c84fa94-04c1-424b-9868-57a2d4851a1d" />
    <TestEntry testId="441b6e2a-ca06-aa82-4779-d2a87f401412" executionId="b6b982a8-3612-4cd9-94a2-e7e99c23461c" testListId="8c84fa94-04c1-424b-9868-57a2d4851a1d" />
    <TestEntry testId="18f23127-dde9-afc9-5770-596ddec1ad47" executionId="af49f093-3a91-49c4-b6f9-64e66e9a1968" testListId="8c84fa94-04c1-424b-9868-57a2d4851a1d" />
    <TestEntry testId="a91b05e7-fb4f-dd7c-aa6b-b523b502fd31" executionId="a2aa7636-df4a-4b2e-a6a5-3a89799ffdcd" testListId="8c84fa94-04c1-424b-9868-57a2d4851a1d" />
    <TestEntry testId="5b9eb4b6-e487-ed7f-e61d-3e2cdafa0ae7" executionId="8d177f15-3340-4a54-a148-02ffc3f22c0a" testListId="8c84fa94-04c1-424b-9868-57a2d4851a1d" />
    <TestEntry testId="47afaeae-7e37-6f5c-2ca7-3900968c81c3" executionId="53d7fe46-8241-494b-a6ad-6ca081bad92d" testListId="8c84fa94-04c1-424b-9868-57a2d4851a1d" />
    <TestEntry testId="e7797820-8f85-66ad-1090-d8dcbb0c984f" executionId="f1efa9cd-6691-46f4-83fa-a898b5e0c272" testListId="8c84fa94-04c1-424b-9868-57a2d4851a1d" />
    <TestEntry testId="f5b53fd6-90a8-c896-5dad-adf339ff0c50" executionId="3b2db040-3385-4e5d-b2bb-44819d17c128" testListId="8c84fa94-04c1-424b-9868-57a2d4851a1d" />
    <TestEntry testId="cae352e0-627b-bc78-ac0d-7e1e8fdedfda" executionId="45a0c022-2671-482f-8611-abf164ab70bf" testListId="8c84fa94-04c1-424b-9868-57a2d4851a1d" />
    <TestEntry testId="c06c49eb-22b8-82b2-bbf3-de7ff5d278f8" executionId="1de3f246-a9bc-48d0-ab70-87aecca9b0dd" testListId="8c84fa94-04c1-424b-9868-57a2d4851a1d" />
    <TestEntry testId="967b34c8-5db2-4137-00fc-6f06caf5e78a" executionId="e1280117-23f2-4157-861d-fecbbe3e12ff" testListId="8c84fa94-04c1-424b-9868-57a2d4851a1d" />
    <TestEntry testId="f02d0782-6e14-f60f-5c0e-7ccceb57fb4c" executionId="14e16efd-3194-4c83-a39d-12c5d42721e2" testListId="8c84fa94-04c1-424b-9868-57a2d4851a1d" />
    <TestEntry testId="c1ce981a-8699-ded9-d152-cf2b02ee3597" executionId="a6730ff4-0146-4cb9-a89a-71e58d6617f4" testListId="8c84fa94-04c1-424b-9868-57a2d4851a1d" />
    <TestEntry testId="5b8a90c1-d172-d8e8-a6a0-f1f0a80e344c" executionId="2e19cb08-41d7-429a-8ed0-a0773b5b9cbb" testListId="8c84fa94-04c1-424b-9868-57a2d4851a1d" />
    <TestEntry testId="0c46a006-1caf-6fea-8565-f51117e46740" executionId="b1482b7e-dc66-485b-8a3c-e99f46d2bdee" testListId="8c84fa94-04c1-424b-9868-57a2d4851a1d" />
    <TestEntry testId="20e849a3-2419-bd30-5965-f4e4bd1fe77c" executionId="6cb588d5-6103-4a78-8878-ff17b63505a9" testListId="8c84fa94-04c1-424b-9868-57a2d4851a1d" />
  </TestEntries>
  <TestLists>
    <TestList name="Ergebnisse nicht in einer Liste" id="8c84fa94-04c1-424b-9868-57a2d4851a1d" />
    <TestList name="Alle geladenen Ergebnisse" id="19431567-8539-422a-85d7-44ee4e166bda" />
  </TestLists>
  <ResultSummary outcome="Completed">
    <Counters total="38" executed="38" passed="38" failed="0" error="0" timeout="0" aborted="0" inconclusive="0" passedButRunAborted="0" notRunnable="0" notExecuted="0" disconnected="0" warning="0" completed="0" inProgress="0" pending="0" />
    <Output>
      <StdOut>NUnit Adapter 6.1.0.0: Test execution started
Running selected tests in /Users/edgar.liebold/Downloads/ViciOne Suite 2.0/repositories/vicione-servicebus/tests/ViciOne.ServiceBus.Tests/bin/Release/net9.0/ViciOne.ServiceBus.Tests.dll
   NUnit3TestExecutor discovered 38 of 39 NUnit test cases using Current Discovery mode, Non-Explicit run
16:13:30.362-I Configured endpoint Faulty, Consumer: ViciOne.ServiceBus.Tests.Serialization.Redelivery_Specs+FaultyConsumer
16:13:30.457-D Starting bus instances: IBus
16:13:30.462-D Starting bus: loopback://localhost/
16:13:30.464-D Endpoint Ready: loopback://localhost/Faulty
16:13:30.464-D Endpoint Ready: loopback://localhost/EdgarsiMac2_testhost_bus_z86oyydppokgd55ebdxxo69ngh
16:13:30.464-I Bus started: loopback://localhost/
16:13:30.473-D Create send transport: loopback://localhost/urn:message:ViciOne.ServiceBus.Tests.Serialization:Redelivery_Specs+FaultyMessage
16:13:30.581-D SEND loopback://localhost/urn:message:ViciOne.ServiceBus.Tests.Serialization:Redelivery_Specs+FaultyMessage b9fd0000-6d6c-1461-3fba-08def87be2ea ViciOne.ServiceBus.Tests.Serialization.Redelivery_Specs+FaultyMessage
16:13:30.651-W R-RETRY loopback://localhost/Faulty b9fd0000-6d6c-1461-3fba-08def87be2ea ViciOne.ServiceBus.RetryPolicies.RetryConsumeContext&lt;ViciOne.ServiceBus.Tests.Serialization.Redelivery_Specs+FaultyMessage&gt;

ViciOne.ServiceBus.TestFramework.IntentionalTestException: This exception was thrown intentionally as part of a test
   at ViciOne.ServiceBus.Tests.Serialization.Redelivery_Specs.FaultyConsumer.Consume(ConsumeContext`1 context) in /Users/edgar.liebold/Downloads/ViciOne Suite 2.0/repositories/vicione-servicebus/tests/ViciOne.ServiceBus.Tests/Serialization/Redelivery_Specs.cs:line 105
   at ViciOne.ServiceBus.Testing.Implementations.TestConsumerFactoryDecorator`1.TestDecoratorPipe`1.Send(ConsumerConsumeContext`2 context) in /Users/edgar.liebold/Downloads/ViciOne Suite 2.0/repositories/vicione-servicebus/src/ViciOne.ServiceBus/Testing/Implementations/TestConsumerFactoryDecorator.cs:line 57
   at ViciOne.ServiceBus.DependencyInjection.ScopeConsumerFactory`1.Send[TMessage](ConsumeContext`1 context, IPipe`1 next) in /Users/edgar.liebold/Downloads/ViciOne Suite 2.0/repositories/vicione-servicebus/src/ViciOne.ServiceBus/DependencyInjection/DependencyInjection/ScopeConsumerFactory.cs:line 23
   at ViciOne.ServiceBus.DependencyInjection.ScopeConsumerFactory`1.Send[TMessage](ConsumeContext`1 context, IPipe`1 next) in /Users/edgar.liebold/Downloads/ViciOne Suite 2.0/repositories/vicione-servicebus/src/ViciOne.ServiceBus/DependencyInjection/DependencyInjection/ScopeConsumerFactory.cs:line 23
   at ViciOne.ServiceBus.Middleware.ConsumerMessageFilter`2.ViciOne.ServiceBus.IFilter&lt;ViciOne.ServiceBus.ConsumeContext&lt;TMessage&gt;&gt;.Send(ConsumeContext`1 context, IPipe`1 next) in /Users/edgar.liebold/Downloads/ViciOne Suite 2.0/repositories/vicione-servicebus/src/ViciOne.ServiceBus/Middleware/ConsumerMessageFilter.cs:line 49
   at ViciOne.ServiceBus.Middleware.ConsumerMessageFilter`2.ViciOne.ServiceBus.IFilter&lt;ViciOne.ServiceBus.ConsumeContext&lt;TMessage&gt;&gt;.Send(ConsumeContext`1 context, IPipe`1 next) in /Users/edgar.liebold/Downloads/ViciOne Suite 2.0/repositories/vicione-servicebus/src/ViciOne.ServiceBus/Middleware/ConsumerMessageFilter.cs:line 74
   at ViciOne.ServiceBus.Middleware.RedeliveryRetryFilter`2.Send(TContext context, IPipe`1 next) in /Users/edgar.liebold/Downloads/ViciOne Suite 2.0/repositories/vicione-servicebus/src/ViciOne.ServiceBus/Middleware/RedeliveryRetryFilter.cs:line 51
16:13:30.666-D Create send transport: loopback://localhost/Faulty
16:13:30.690-D SEND loopback://localhost/Faulty b9fd0000-6d6c-1461-c26e-08def87be308 ViciOne.ServiceBus.Tests.Serialization.Redelivery_Specs+FaultyMessage
16:13:30.696-D RECEIVE loopback://localhost/Faulty b9fd0000-6d6c-1461-3fba-08def87be2ea ViciOne.ServiceBus.Tests.Serialization.Redelivery_Specs+FaultyMessage ViciOne.ServiceBus.Middleware.RedeliveryRetryFilter&lt;ViciOne.ServiceBus.ConsumeContext&lt;ViciOne.ServiceBus.Tests.Serialization.Redelivery_Specs+FaultyMessage&gt;,ViciOne.ServiceBus.Tests.Serialization.Redelivery_Specs+FaultyMessage&gt;(00:00:00.1126494)
16:13:30.731-D Create send transport: loopback://localhost/urn:message:ViciOne.ServiceBus.Tests.Serialization:Redelivery_Specs+FinalMessage
16:13:30.735-D SEND loopback://localhost/urn:message:ViciOne.ServiceBus.Tests.Serialization:Redelivery_Specs+FinalMessage b9fd0000-6d6c-1461-d7b6-08def87be30f ViciOne.ServiceBus.Tests.Serialization.Redelivery_Specs+FinalMessage
16:13:30.736-D RECEIVE loopback://localhost/Faulty b9fd0000-6d6c-1461-c26e-08def87be308 ViciOne.ServiceBus.Tests.Serialization.Redelivery_Specs+FaultyMessage ViciOne.ServiceBus.Tests.Serialization.Redelivery_Specs+FaultyConsumer(00:00:00.0326370)
16:13:30.758-D Stopping bus instances: IBus
16:13:30.760-D Stopping bus: loopback://localhost/
16:13:30.760-D Endpoint Stopping: loopback://localhost/Faulty
16:13:30.760-D Consumer Stopping: loopback://localhost/Faulty (Stop Receive Transport)
16:13:30.760-D Endpoint Completed: loopback://localhost/Faulty
16:13:30.761-D Consumer Completed: loopback://localhost/Faulty: 2 received, 1 concurrent
16:13:30.763-D Endpoint Stopping: loopback://localhost/EdgarsiMac2_testhost_bus_z86oyydppokgd55ebdxxo69ngh
16:13:30.763-D Consumer Stopping: loopback://localhost/EdgarsiMac2_testhost_bus_z86oyydppokgd55ebdxxo69ngh (Stop Receive Transport)
16:13:30.763-D Endpoint Completed: loopback://localhost/EdgarsiMac2_testhost_bus_z86oyydppokgd55ebdxxo69ngh
16:13:30.763-D Consumer Completed: loopback://localhost/EdgarsiMac2_testhost_bus_z86oyydppokgd55ebdxxo69ngh: 0 received, 0 concurrent
16:13:30.764-I Bus stopped: loopback://localhost/

NUnit Adapter 6.1.0.0: Test execution complete
</StdOut>
    </Output>
  </ResultSummary>
</TestRun>