<?xml version="1.0" encoding="utf-8"?>
<TestRun id="bb10de4b-0751-4534-a71f-fb02f4e79029" name="@Edgars-iMac-2 2026-08-14 23:11:07" xmlns="http://microsoft.com/schemas/VisualStudio/TeamTest/2010">
  <Times creation="2026-08-14T23:11:07.9575010+00:00" queuing="2026-08-14T23:11:07.9575010+00:00" start="2026-08-14T23:10:56.7897860+00:00" finish="2026-08-14T23:11:08.0203620+00:00" />
  <TestSettings name="default" id="909763c4-c69e-4f40-a927-910cdf0447db">
    <Deployment runDeploymentRoot="_Edgars-iMac-2_2026-08-14_23_11_07" />
  </TestSettings>
  <Results>
    <UnitTestResult executionId="da126559-196f-4051-8a96-c56cd4ae7d7f" testId="628eb6fd-3849-2da8-b3be-0a6d5bff2caa" testName="Should_get_the_job_accepted" computerName="Edgars-iMac-2" duration="00:00:09.3276570" startTime="2026-08-14T23:10:58.5837060+00:00" endTime="2026-08-14T23:11:07.9115270+00:00" testType="13cdc9d9-ddb5-4fa4-a97d-d965ccfc6d4b" outcome="Passed" testListId="8c84fa94-04c1-424b-9868-57a2d4851a1d" relativeResultsDirectory="da126559-196f-4051-8a96-c56cd4ae7d7f">
      <Output>
        <StdOut>23:10:58.598-D Create send transport: loopback://localhost/urn:message:ViciOne.ServiceBus.Contracts.JobService:SubmitJob[[ViciOne.ServiceBus.QuartzIntegration.Tests.Turnout:GrindTheGears]]
23:10:58.616-D SAGA:ViciOne.ServiceBus.JobTypeSaga:940f1094-51d5-c77a-c1cb-388c480f9d0f Created ViciOne.ServiceBus.Contracts.JobService.SetConcurrentJobLimit
23:10:58.622-D SAGA:ViciOne.ServiceBus.JobTypeSaga:940f1094-51d5-c77a-c1cb-388c480f9d0f Added ViciOne.ServiceBus.Contracts.JobService.SetConcurrentJobLimit
23:10:58.645-D Job Service Instance Started: loopback://localhost/instance-44wyyydppokgdargbdxxwskcgk
23:10:58.645-D Concurrent Job Limit: 1 ViciOne.ServiceBus.QuartzIntegration.Tests.Turnout.Submitting_a_job_to_turnout_that_is_abandoned_and_retried+GrindTheGearsConsumer:ViciOne.ServiceBus.QuartzIntegration.Tests.Turnout.GrindTheGears:grind-the-gears
23:10:58.654-D RECEIVE loopback://localhost/job-type d6a80000-6d6c-1461-4d22-08defa594d0d ViciOne.ServiceBus.Contracts.JobService.SetConcurrentJobLimit ViciOne.ServiceBus.JobTypeSaga(00:00:00.0442648)
23:10:58.679-D SEND loopback://localhost/urn:message:ViciOne.ServiceBus.Contracts.JobService:SubmitJob[[ViciOne.ServiceBus.QuartzIntegration.Tests.Turnout:GrindTheGears]] d6a80000-6d6c-1461-94a4-08defa594d25 ViciOne.ServiceBus.Contracts.JobService.SubmitJob&lt;ViciOne.ServiceBus.QuartzIntegration.Tests.Turnout.GrindTheGears&gt;
23:10:58.690-D Create send transport: loopback://localhost/urn:message:ViciOne.ServiceBus.Contracts.JobService:JobSubmitted
23:10:58.698-D SEND loopback://localhost/urn:message:ViciOne.ServiceBus.Contracts.JobService:JobSubmitted d6a80000-6d6c-1461-6a82-08defa594d2b ViciOne.ServiceBus.Contracts.JobService.JobSubmitted
23:10:58.700-D Create send transport: loopback://localhost/EdgarsiMac2_testhost_bus_44wyyydppokgnngcbdxxwskc8q
23:10:58.702-D SAGA:ViciOne.ServiceBus.JobSaga:d6a80000-6d6c-1461-fc10-08defa594d1a Created ViciOne.ServiceBus.Contracts.JobService.JobSubmitted
23:10:58.702-D SAGA:ViciOne.ServiceBus.JobSaga:d6a80000-6d6c-1461-fc10-08defa594d1a Added ViciOne.ServiceBus.Contracts.JobService.JobSubmitted
23:10:58.704-D RECEIVE loopback://localhost/input_queue d6a80000-6d6c-1461-6a82-08defa594d2b ViciOne.ServiceBus.Contracts.JobService.JobSubmitted ViciOne.ServiceBus.MessageHandler&lt;ViciOne.ServiceBus.Contracts.JobService.JobSubmitted&gt;(00:00:00.0015360)
23:10:58.708-D SEND loopback://localhost/EdgarsiMac2_testhost_bus_44wyyydppokgnngcbdxxwskc8q d6a80000-6d6c-1461-e362-08defa594d2c ViciOne.ServiceBus.Contracts.JobService.JobSubmissionAccepted
23:10:58.709-D RECEIVE loopback://localhost/grind-the-gears d6a80000-6d6c-1461-94a4-08defa594d25 ViciOne.ServiceBus.Contracts.JobService.SubmitJob&lt;ViciOne.ServiceBus.QuartzIntegration.Tests.Turnout.GrindTheGears&gt; ViciOne.ServiceBus.JobService.SubmitJobConsumer&lt;ViciOne.ServiceBus.QuartzIntegration.Tests.Turnout.GrindTheGears&gt;(00:00:00.0256463)
23:10:58.711-D RECEIVE loopback://localhost/EdgarsiMac2_testhost_bus_44wyyydppokgnngcbdxxwskc8q d6a80000-6d6c-1461-e362-08defa594d2c ViciOne.ServiceBus.Contracts.JobService.JobSubmissionAccepted ViciOne.ServiceBus.MessageHandler&lt;ViciOne.ServiceBus.Contracts.JobService.JobSubmissionAccepted&gt;(00:00:00.0001083)
23:10:58.711-D Create send transport: loopback://localhost/job-type
23:10:58.715-D RECEIVE loopback://localhost/job d6a80000-6d6c-1461-6a82-08defa594d2b ViciOne.ServiceBus.Contracts.JobService.JobSubmitted ViciOne.ServiceBus.JobSaga(00:00:00.0141895)
23:10:58.719-D SEND loopback://localhost/job-type d6a80000-6d6c-1461-3dba-08defa594d2f ViciOne.ServiceBus.Contracts.JobService.AllocateJobSlot
23:10:58.722-D SAGA:ViciOne.ServiceBus.JobTypeSaga:940f1094-51d5-c77a-c1cb-388c480f9d0f Used ViciOne.ServiceBus.Contracts.JobService.AllocateJobSlot
23:10:58.731-D Allocated Job Slot: d6a80000-6d6c-1461-fc10-08defa594d1a (1): loopback://localhost/instance-44wyyydppokgdargbdxxwskcgk (1)
23:10:58.731-D Create send transport: loopback://localhost/job
23:10:58.732-D RECEIVE loopback://localhost/job-type d6a80000-6d6c-1461-3dba-08defa594d2f ViciOne.ServiceBus.Contracts.JobService.AllocateJobSlot ViciOne.ServiceBus.JobTypeSaga(00:00:00.0109936)
23:10:58.745-D SEND loopback://localhost/job d6a80000-6d6c-1461-c7a6-08defa594d31 ViciOne.ServiceBus.Contracts.JobService.JobSlotAllocated
23:10:58.747-D SAGA:ViciOne.ServiceBus.JobSaga:d6a80000-6d6c-1461-fc10-08defa594d1a Used ViciOne.ServiceBus.Contracts.JobService.JobSlotAllocated
23:10:58.748-D Create send transport: loopback://localhost/job-attempt
23:10:58.749-D RECEIVE loopback://localhost/job d6a80000-6d6c-1461-c7a6-08defa594d31 ViciOne.ServiceBus.Contracts.JobService.JobSlotAllocated ViciOne.ServiceBus.JobSaga(00:00:00.0027680)
23:10:58.756-D SEND loopback://localhost/job-attempt d6a80000-6d6c-1461-62b8-08defa594d34 ViciOne.ServiceBus.Contracts.JobService.StartJobAttempt
23:10:58.760-D SAGA:ViciOne.ServiceBus.JobAttemptSaga:d6a80000-6d6c-1461-bcc4-08defa594d2d Created ViciOne.ServiceBus.Contracts.JobService.StartJobAttempt
23:10:58.760-D SAGA:ViciOne.ServiceBus.JobAttemptSaga:d6a80000-6d6c-1461-bcc4-08defa594d2d Added ViciOne.ServiceBus.Contracts.JobService.StartJobAttempt
23:10:58.771-D Create send transport: loopback://localhost/quartz
23:10:58.778-D SEND loopback://localhost/quartz d6a80000-6d6c-1461-a284-08defa594d37 ViciOne.ServiceBus.Scheduling.ScheduleMessage
23:10:58.779-D Create send transport: loopback://localhost/instance-44wyyydppokgdargbdxxwskcgk
23:10:58.781-D RECEIVE loopback://localhost/job-attempt d6a80000-6d6c-1461-62b8-08defa594d34 ViciOne.ServiceBus.Contracts.JobService.StartJobAttempt ViciOne.ServiceBus.JobAttemptSaga(00:00:00.0216643)
23:10:58.785-D SEND loopback://localhost/instance-44wyyydppokgdargbdxxwskcgk d6a80000-6d6c-1461-2d0c-08defa594d39 ViciOne.ServiceBus.Contracts.JobService.StartJob
23:10:58.792-D Executing job: ViciOne.ServiceBus.QuartzIntegration.Tests.Turnout.GrindTheGears d6a80000-6d6c-1461-fc10-08defa594d1a (0)
23:10:58.796-D Job Started: d6a80000-6d6c-1461-fc10-08defa594d1a d6a80000-6d6c-1461-bcc4-08defa594d2d (0)
23:10:58.797-D Create send transport: loopback://localhost/urn:message:ViciOne.ServiceBus.Contracts.JobService:JobAttemptStarted
23:10:58.800-D Scheduled: DEFAULT.d6a800006d6c1461717e08defa594d37 08/14/2026 23:11:58 +00:00
23:10:58.800-D RECEIVE loopback://localhost/quartz d6a80000-6d6c-1461-a284-08defa594d37 ViciOne.ServiceBus.Scheduling.ScheduleMessage ViciOne.ServiceBus.QuartzIntegration.ScheduleMessageConsumer(00:00:00.0174084)
23:10:58.800-D SEND loopback://localhost/urn:message:ViciOne.ServiceBus.Contracts.JobService:JobAttemptStarted d6a80000-6d6c-1461-af3c-08defa594d3b ViciOne.ServiceBus.Contracts.JobService.JobAttemptStarted
23:10:58.802-D Create send transport: loopback://localhost/urn:message:ViciOne.ServiceBus.Contracts.JobService:JobStarted[[ViciOne.ServiceBus.QuartzIntegration.Tests.Turnout:GrindTheGears]]
23:10:58.803-D SAGA:ViciOne.ServiceBus.JobSaga:d6a80000-6d6c-1461-fc10-08defa594d1a Used ViciOne.ServiceBus.Contracts.JobService.JobAttemptStarted
23:10:58.803-D SAGA:ViciOne.ServiceBus.JobAttemptSaga:d6a80000-6d6c-1461-bcc4-08defa594d2d Used ViciOne.ServiceBus.Contracts.JobService.JobAttemptStarted
23:10:58.804-D RECEIVE loopback://localhost/job-attempt d6a80000-6d6c-1461-af3c-08defa594d3b ViciOne.ServiceBus.Contracts.JobService.JobAttemptStarted ViciOne.ServiceBus.JobAttemptSaga(00:00:00.0017386)
23:10:58.805-D SEND loopback://localhost/urn:message:ViciOne.ServiceBus.Contracts.JobService:JobStarted[[ViciOne.ServiceBus.QuartzIntegration.Tests.Turnout:GrindTheGears]] d6a80000-6d6c-1461-6d82-08defa594d3c ViciOne.ServiceBus.Contracts.JobService.JobStarted&lt;ViciOne.ServiceBus.QuartzIntegration.Tests.Turnout.GrindTheGears&gt;
23:10:58.806-D Create send transport: loopback://localhost/urn:message:ViciOne.ServiceBus.Contracts.JobService:JobStarted
23:10:58.806-D RECEIVE loopback://localhost/job d6a80000-6d6c-1461-af3c-08defa594d3b ViciOne.ServiceBus.Contracts.JobService.JobAttemptStarted ViciOne.ServiceBus.JobSaga(00:00:00.0041882)
23:10:58.808-D RECEIVE loopback://localhost/instance-44wyyydppokgdargbdxxwskcgk d6a80000-6d6c-1461-2d0c-08defa594d39 ViciOne.ServiceBus.Contracts.JobService.StartJob ViciOne.ServiceBus.JobService.StartJobConsumer&lt;ViciOne.ServiceBus.QuartzIntegration.Tests.Turnout.GrindTheGears&gt;(00:00:00.0219621)
23:10:58.809-D SEND loopback://localhost/urn:message:ViciOne.ServiceBus.Contracts.JobService:JobStarted d6a80000-6d6c-1461-0fbc-08defa594d3d ViciOne.ServiceBus.Contracts.JobService.JobStarted
23:10:58.810-D RECEIVE loopback://localhost/input_queue d6a80000-6d6c-1461-0fbc-08defa594d3d ViciOne.ServiceBus.Contracts.JobService.JobStarted ViciOne.ServiceBus.MessageHandler&lt;ViciOne.ServiceBus.Contracts.JobService.JobStarted&gt;(00:00:00.0002184)
23:10:59.811-D Job Faulted: d6a80000-6d6c-1461-fc10-08defa594d1a d6a80000-6d6c-1461-bcc4-08defa594d2d (0)

System.OperationCanceledException: The operation was canceled.
   at ViciOne.ServiceBus.QuartzIntegration.Tests.Turnout.Submitting_a_job_to_turnout_that_is_abandoned_and_retried.GrindTheGearsConsumer.Run(JobContext`1 context) in /Users/edgar.liebold/Downloads/ViciOne Suite 2.0/repositories/vicione-servicebus/tests/ViciOne.ServiceBus.QuartzIntegration.Tests/Turnout/Faulted_Specs.cs:line 446
   at ViciOne.ServiceBus.Middleware.JobConsumerMessageFilter`2.RunJob(PipeContext context, IJobConsumer`1 jobConsumer) in /Users/edgar.liebold/Downloads/ViciOne Suite 2.0/repositories/vicione-servicebus/src/ViciOne.ServiceBus/Middleware/JobConsumerMessageFilter.cs:line 53
23:10:59.835-D Create send transport: loopback://localhost/urn:message:ViciOne.ServiceBus.Contracts.JobService:JobAttemptFaulted
23:10:59.843-D SEND loopback://localhost/urn:message:ViciOne.ServiceBus.Contracts.JobService:JobAttemptFaulted d6a80000-6d6c-1461-0d44-08defa594dda ViciOne.ServiceBus.Contracts.JobService.JobAttemptFaulted
23:10:59.844-D RECEIVE loopback://localhost/instance-44wyyydppokgdargbdxxwskcgk d6a80000-6d6c-1461-2d0c-08defa594d39 ViciOne.ServiceBus.Contracts.JobService.StartJob ViciOne.ServiceBus.QuartzIntegration.Tests.Turnout.Submitting_a_job_to_turnout_that_is_abandoned_and_retried+GrindTheGearsConsumer(00:00:01.0521236)
23:10:59.845-D Removed job: d6a80000-6d6c-1461-fc10-08defa594d1a (RanToCompletion)
23:10:59.846-D SAGA:ViciOne.ServiceBus.JobSaga:d6a80000-6d6c-1461-fc10-08defa594d1a Used ViciOne.ServiceBus.Contracts.JobService.JobAttemptFaulted
23:10:59.846-D SAGA:ViciOne.ServiceBus.JobAttemptSaga:d6a80000-6d6c-1461-bcc4-08defa594d2d Used ViciOne.ServiceBus.Contracts.JobService.JobAttemptFaulted
23:10:59.849-D Create send transport: loopback://localhost/quartz
23:10:59.851-D RECEIVE loopback://localhost/job-attempt d6a80000-6d6c-1461-0d44-08defa594dda ViciOne.ServiceBus.Contracts.JobService.JobAttemptFaulted ViciOne.ServiceBus.JobAttemptSaga(00:00:00.0045146)
23:10:59.851-D SEND loopback://localhost/quartz d6a80000-6d6c-1461-269c-08defa594ddc ViciOne.ServiceBus.Scheduling.ScheduleMessage
23:10:59.852-D Scheduled: DEFAULT.d6a800006d6c14611ae408defa594ddc 08/14/2026 23:11:00 +00:00
23:10:59.852-D RECEIVE loopback://localhost/quartz d6a80000-6d6c-1461-269c-08defa594ddc ViciOne.ServiceBus.Scheduling.ScheduleMessage ViciOne.ServiceBus.QuartzIntegration.ScheduleMessageConsumer(00:00:00.0006515)
23:10:59.855-D RECEIVE loopback://localhost/job d6a80000-6d6c-1461-0d44-08defa594dda ViciOne.ServiceBus.Contracts.JobService.JobAttemptFaulted ViciOne.ServiceBus.JobSaga(00:00:00.0090145)
23:10:59.864-D SEND loopback://localhost/job-type d6a80000-6d6c-1461-13fe-08defa594ddd ViciOne.ServiceBus.Contracts.JobService.JobSlotReleased
23:10:59.866-D SAGA:ViciOne.ServiceBus.JobTypeSaga:940f1094-51d5-c77a-c1cb-388c480f9d0f Used ViciOne.ServiceBus.Contracts.JobService.JobSlotReleased
23:10:59.869-D Released Job Slot: d6a80000-6d6c-1461-fc10-08defa594d1a (0): loopback://localhost/instance-44wyyydppokgdargbdxxwskcgk
23:10:59.870-D RECEIVE loopback://localhost/job-type d6a80000-6d6c-1461-13fe-08defa594ddd ViciOne.ServiceBus.Contracts.JobService.JobSlotReleased ViciOne.ServiceBus.JobTypeSaga(00:00:00.0032918)
23:10:59.872-D SEND loopback://localhost/quartz d6a80000-6d6c-1461-2ce8-08defa594ddf ViciOne.ServiceBus.Scheduling.CancelScheduledMessage
23:10:59.876-D Canceled Scheduled Message: DEFAULT.d6a800006d6c1461717e08defa594d37 at 08/14/2026 23:10:59
23:10:59.876-D RECEIVE loopback://localhost/quartz d6a80000-6d6c-1461-2ce8-08defa594ddf ViciOne.ServiceBus.Scheduling.CancelScheduledMessage ViciOne.ServiceBus.QuartzIntegration.CancelScheduledMessageConsumer(00:00:00.0031024)
23:11:00.862-D Create send transport: loopback://localhost/job
23:11:00.868-D SEND loopback://localhost/job d6a80000-6d6c-1461-269c-08defa594ddc ViciOne.ServiceBus.Serialization.SerializedMessageBody
23:11:00.868-D Schedule Executed: DEFAULT.d6a800006d6c14611ae408defa594ddc (null)
23:11:00.870-D SAGA:ViciOne.ServiceBus.JobSaga:d6a80000-6d6c-1461-fc10-08defa594d1a Used ViciOne.ServiceBus.Contracts.JobService.JobRetryDelayElapsed
23:11:00.874-D RECEIVE loopback://localhost/job d6a80000-6d6c-1461-269c-08defa594ddc ViciOne.ServiceBus.Contracts.JobService.JobRetryDelayElapsed ViciOne.ServiceBus.JobSaga(00:00:00.0048982)
23:11:00.875-D SEND loopback://localhost/job-type d6a80000-6d6c-1461-97de-08defa594e78 ViciOne.ServiceBus.Contracts.JobService.AllocateJobSlot
23:11:00.875-D SAGA:ViciOne.ServiceBus.JobTypeSaga:940f1094-51d5-c77a-c1cb-388c480f9d0f Used ViciOne.ServiceBus.Contracts.JobService.AllocateJobSlot
23:11:00.875-D Allocated Job Slot: d6a80000-6d6c-1461-fc10-08defa594d1a (1): loopback://localhost/instance-44wyyydppokgdargbdxxwskcgk (1)
23:11:00.875-D RECEIVE loopback://localhost/job-type d6a80000-6d6c-1461-97de-08defa594e78 ViciOne.ServiceBus.Contracts.JobService.AllocateJobSlot ViciOne.ServiceBus.JobTypeSaga(00:00:00.0004281)
23:11:00.875-D SEND loopback://localhost/job d6a80000-6d6c-1461-b930-08defa594e78 ViciOne.ServiceBus.Contracts.JobService.JobSlotAllocated
23:11:00.875-D SAGA:ViciOne.ServiceBus.JobSaga:d6a80000-6d6c-1461-fc10-08defa594d1a Used ViciOne.ServiceBus.Contracts.JobService.JobSlotAllocated
23:11:00.876-D RECEIVE loopback://localhost/job d6a80000-6d6c-1461-b930-08defa594e78 ViciOne.ServiceBus.Contracts.JobService.JobSlotAllocated ViciOne.ServiceBus.JobSaga(00:00:00.0001336)
23:11:00.876-D SEND loopback://localhost/job-attempt d6a80000-6d6c-1461-c858-08defa594e78 ViciOne.ServiceBus.Contracts.JobService.StartJobAttempt
23:11:00.886-D SAGA:ViciOne.ServiceBus.JobAttemptSaga:d6a80000-6d6c-1461-72c2-08defa594e78 Created ViciOne.ServiceBus.Contracts.JobService.StartJobAttempt
23:11:00.886-D SAGA:ViciOne.ServiceBus.JobAttemptSaga:d6a80000-6d6c-1461-72c2-08defa594e78 Added ViciOne.ServiceBus.Contracts.JobService.StartJobAttempt
23:11:00.887-D SEND loopback://localhost/quartz d6a80000-6d6c-1461-79d2-08defa594e7a ViciOne.ServiceBus.Scheduling.ScheduleMessage
23:11:00.887-D RECEIVE loopback://localhost/job-attempt d6a80000-6d6c-1461-c858-08defa594e78 ViciOne.ServiceBus.Contracts.JobService.StartJobAttempt ViciOne.ServiceBus.JobAttemptSaga(00:00:00.0010029)
23:11:00.887-D SEND loopback://localhost/instance-44wyyydppokgdargbdxxwskcgk d6a80000-6d6c-1461-87f6-08defa594e7a ViciOne.ServiceBus.Contracts.JobService.StartJob
23:11:00.887-D Scheduled: DEFAULT.d6a800006d6c1461773e08defa594e7a 08/14/2026 23:12:00 +00:00
23:11:00.887-D RECEIVE loopback://localhost/quartz d6a80000-6d6c-1461-79d2-08defa594e7a ViciOne.ServiceBus.Scheduling.ScheduleMessage ViciOne.ServiceBus.QuartzIntegration.ScheduleMessageConsumer(00:00:00.0001655)
23:11:00.887-D Executing job: ViciOne.ServiceBus.QuartzIntegration.Tests.Turnout.GrindTheGears d6a80000-6d6c-1461-fc10-08defa594d1a (1)
23:11:00.887-D Job Started: d6a80000-6d6c-1461-fc10-08defa594d1a d6a80000-6d6c-1461-72c2-08defa594e78 (1)
23:11:00.888-D SEND loopback://localhost/urn:message:ViciOne.ServiceBus.Contracts.JobService:JobAttemptStarted d6a80000-6d6c-1461-9cfa-08defa594e7a ViciOne.ServiceBus.Contracts.JobService.JobAttemptStarted
23:11:00.888-D SEND loopback://localhost/urn:message:ViciOne.ServiceBus.Contracts.JobService:JobStarted[[ViciOne.ServiceBus.QuartzIntegration.Tests.Turnout:GrindTheGears]] d6a80000-6d6c-1461-a100-08defa594e7a ViciOne.ServiceBus.Contracts.JobService.JobStarted&lt;ViciOne.ServiceBus.QuartzIntegration.Tests.Turnout.GrindTheGears&gt;
23:11:00.888-D RECEIVE loopback://localhost/instance-44wyyydppokgdargbdxxwskcgk d6a80000-6d6c-1461-87f6-08defa594e7a ViciOne.ServiceBus.Contracts.JobService.StartJob ViciOne.ServiceBus.JobService.StartJobConsumer&lt;ViciOne.ServiceBus.QuartzIntegration.Tests.Turnout.GrindTheGears&gt;(00:00:00.0005358)
23:11:00.888-D SAGA:ViciOne.ServiceBus.JobAttemptSaga:d6a80000-6d6c-1461-72c2-08defa594e78 Used ViciOne.ServiceBus.Contracts.JobService.JobAttemptStarted
23:11:00.888-D SAGA:ViciOne.ServiceBus.JobSaga:d6a80000-6d6c-1461-fc10-08defa594d1a Used ViciOne.ServiceBus.Contracts.JobService.JobAttemptStarted
23:11:00.888-D RECEIVE loopback://localhost/job-attempt d6a80000-6d6c-1461-9cfa-08defa594e7a ViciOne.ServiceBus.Contracts.JobService.JobAttemptStarted ViciOne.ServiceBus.JobAttemptSaga(00:00:00.0000731)
23:11:00.888-D RECEIVE loopback://localhost/job d6a80000-6d6c-1461-9cfa-08defa594e7a ViciOne.ServiceBus.Contracts.JobService.JobAttemptStarted ViciOne.ServiceBus.JobSaga(00:00:00.0000947)
23:11:00.888-D SEND loopback://localhost/urn:message:ViciOne.ServiceBus.Contracts.JobService:JobStarted d6a80000-6d6c-1461-af10-08defa594e7a ViciOne.ServiceBus.Contracts.JobService.JobStarted
23:11:00.888-D RECEIVE loopback://localhost/input_queue d6a80000-6d6c-1461-af10-08defa594e7a ViciOne.ServiceBus.Contracts.JobService.JobStarted ViciOne.ServiceBus.MessageHandler&lt;ViciOne.ServiceBus.Contracts.JobService.JobStarted&gt;(00:00:00.0000295)
23:11:01.889-D Job Completed: d6a80000-6d6c-1461-fc10-08defa594d1a d6a80000-6d6c-1461-72c2-08defa594e78 (1)
23:11:01.889-D Create send transport: loopback://localhost/urn:message:ViciOne.ServiceBus.Contracts.JobService:JobAttemptCompleted
23:11:01.893-D SEND loopback://localhost/urn:message:ViciOne.ServiceBus.Contracts.JobService:JobAttemptCompleted d6a80000-6d6c-1461-7c68-08defa594f13 ViciOne.ServiceBus.Contracts.JobService.JobAttemptCompleted
23:11:01.893-D RECEIVE loopback://localhost/instance-44wyyydppokgdargbdxxwskcgk d6a80000-6d6c-1461-87f6-08defa594e7a ViciOne.ServiceBus.Contracts.JobService.StartJob ViciOne.ServiceBus.QuartzIntegration.Tests.Turnout.Submitting_a_job_to_turnout_that_is_abandoned_and_retried+GrindTheGearsConsumer(00:00:01.0053782)
23:11:01.893-D Removed job: d6a80000-6d6c-1461-fc10-08defa594d1a (RanToCompletion)
23:11:01.895-D SAGA:ViciOne.ServiceBus.JobSaga:d6a80000-6d6c-1461-fc10-08defa594d1a Used ViciOne.ServiceBus.Contracts.JobService.JobAttemptCompleted
23:11:01.895-D SAGA:ViciOne.ServiceBus.JobAttemptSaga:d6a80000-6d6c-1461-72c2-08defa594e78 Used ViciOne.ServiceBus.Contracts.JobService.JobAttemptCompleted
23:11:01.896-D Create send transport: loopback://localhost/grind-the-gears
23:11:01.897-D SAGA:ViciOne.ServiceBus.JobAttemptSaga:d6a80000-6d6c-1461-72c2-08defa594e78 Removed ViciOne.ServiceBus.Contracts.JobService.JobAttemptCompleted
23:11:01.897-D RECEIVE loopback://localhost/job-attempt d6a80000-6d6c-1461-7c68-08defa594f13 ViciOne.ServiceBus.Contracts.JobService.JobAttemptCompleted ViciOne.ServiceBus.JobAttemptSaga(00:00:00.0029473)
23:11:01.897-D Create send transport: loopback://localhost/urn:message:ViciOne.ServiceBus.Contracts.JobService:JobCompleted
23:11:01.898-D RECEIVE loopback://localhost/job d6a80000-6d6c-1461-7c68-08defa594f13 ViciOne.ServiceBus.Contracts.JobService.JobAttemptCompleted ViciOne.ServiceBus.JobSaga(00:00:00.0036165)
23:11:01.899-D SEND loopback://localhost/quartz d6a80000-6d6c-1461-d64e-08defa594f14 ViciOne.ServiceBus.Scheduling.CancelScheduledMessage
23:11:01.899-D Canceled Scheduled Message: DEFAULT.d6a800006d6c1461773e08defa594e7a at 08/14/2026 23:11:01
23:11:01.899-D RECEIVE loopback://localhost/quartz d6a80000-6d6c-1461-d64e-08defa594f14 ViciOne.ServiceBus.Scheduling.CancelScheduledMessage ViciOne.ServiceBus.QuartzIntegration.CancelScheduledMessageConsumer(00:00:00.0001207)
23:11:01.901-D SEND loopback://localhost/grind-the-gears d6a80000-6d6c-1461-d13a-08defa594f14 ViciOne.ServiceBus.Contracts.JobService.CompleteJob
23:11:01.905-D SEND loopback://localhost/urn:message:ViciOne.ServiceBus.Contracts.JobService:JobCompleted d6a80000-6d6c-1461-5182-08defa594f15 ViciOne.ServiceBus.Contracts.JobService.JobCompleted
23:11:01.905-D SEND loopback://localhost/job-type d6a80000-6d6c-1461-cf54-08defa594f15 ViciOne.ServiceBus.Contracts.JobService.JobSlotReleased
23:11:01.905-D Create send transport: loopback://localhost/urn:message:ViciOne.ServiceBus.Contracts.JobService:JobCompleted[[ViciOne.ServiceBus.QuartzIntegration.Tests.Turnout:GrindTheGears]]
23:11:01.905-D SAGA:ViciOne.ServiceBus.JobTypeSaga:940f1094-51d5-c77a-c1cb-388c480f9d0f Used ViciOne.ServiceBus.Contracts.JobService.JobSlotReleased
23:11:01.905-D Released Job Slot: d6a80000-6d6c-1461-fc10-08defa594d1a (0): loopback://localhost/instance-44wyyydppokgdargbdxxwskcgk
23:11:01.905-D RECEIVE loopback://localhost/job-type d6a80000-6d6c-1461-cf54-08defa594f15 ViciOne.ServiceBus.Contracts.JobService.JobSlotReleased ViciOne.ServiceBus.JobTypeSaga(00:00:00.0001301)
23:11:01.906-D RECEIVE loopback://localhost/input_queue d6a80000-6d6c-1461-5182-08defa594f15 ViciOne.ServiceBus.Contracts.JobService.JobCompleted ViciOne.ServiceBus.MessageHandler&lt;ViciOne.ServiceBus.Contracts.JobService.JobCompleted&gt;(00:00:00.0001832)
23:11:01.906-D SAGA:ViciOne.ServiceBus.JobSaga:d6a80000-6d6c-1461-fc10-08defa594d1a Used ViciOne.ServiceBus.Contracts.JobService.JobCompleted
23:11:01.907-D RECEIVE loopback://localhost/job d6a80000-6d6c-1461-5182-08defa594f15 ViciOne.ServiceBus.Contracts.JobService.JobCompleted ViciOne.ServiceBus.JobSaga(00:00:00.0010662)
23:11:01.908-D SEND loopback://localhost/urn:message:ViciOne.ServiceBus.Contracts.JobService:JobCompleted[[ViciOne.ServiceBus.QuartzIntegration.Tests.Turnout:GrindTheGears]] d6a80000-6d6c-1461-dbd4-08defa594f15 ViciOne.ServiceBus.Contracts.JobService.JobCompleted&lt;ViciOne.ServiceBus.QuartzIntegration.Tests.Turnout.GrindTheGears&gt;
23:11:01.908-D RECEIVE loopback://localhost/grind-the-gears d6a80000-6d6c-1461-d13a-08defa594f14 ViciOne.ServiceBus.Contracts.JobService.CompleteJob ViciOne.ServiceBus.JobService.FinalizeJobConsumer&lt;ViciOne.ServiceBus.QuartzIntegration.Tests.Turnout.GrindTheGears&gt;(00:00:00.0055840)</StdOut>
      </Output>
    </UnitTestResult>
    <UnitTestResult executionId="8e970232-6b24-4eb5-b323-fea9e0d72bb6" testId="f9d67ed3-4c65-fba7-b4c4-4396f0654e5d" testName="Should_have_published_the_job_completed_event" computerName="Edgars-iMac-2" duration="00:00:00.0003520" startTime="2026-08-14T23:11:07.9144620+00:00" endTime="2026-08-14T23:11:07.9148150+00:00" testType="13cdc9d9-ddb5-4fa4-a97d-d965ccfc6d4b" outcome="Passed" testListId="8c84fa94-04c1-424b-9868-57a2d4851a1d" relativeResultsDirectory="8e970232-6b24-4eb5-b323-fea9e0d72bb6" />
    <UnitTestResult executionId="91bcb6f0-f82f-418d-b9e4-25c24cf8b9ee" testId="d99d9a0f-73b4-4119-0856-87a71d49e81c" testName="Should_have_published_the_job_started_event" computerName="Edgars-iMac-2" duration="00:00:00.0003800" startTime="2026-08-14T23:11:07.9140720+00:00" endTime="2026-08-14T23:11:07.9144520+00:00" testType="13cdc9d9-ddb5-4fa4-a97d-d965ccfc6d4b" outcome="Passed" testListId="8c84fa94-04c1-424b-9868-57a2d4851a1d" relativeResultsDirectory="91bcb6f0-f82f-418d-b9e4-25c24cf8b9ee" />
    <UnitTestResult executionId="65734644-09c2-4d2a-a6f3-4a7a7235a51d" testId="e82ec06a-fe38-ce1d-7b05-40ac636e78ea" testName="Should_have_published_the_job_submitted_event" computerName="Edgars-iMac-2" duration="00:00:00.0007450" startTime="2026-08-14T23:11:07.9132950+00:00" endTime="2026-08-14T23:11:07.9140390+00:00" testType="13cdc9d9-ddb5-4fa4-a97d-d965ccfc6d4b" outcome="Passed" testListId="8c84fa94-04c1-424b-9868-57a2d4851a1d" relativeResultsDirectory="65734644-09c2-4d2a-a6f3-4a7a7235a51d" />
  </Results>
  <TestDefinitions>
    <UnitTest name="Should_have_published_the_job_completed_event" storage="/users/edgar.liebold/downloads/vicione suite 2.0/repositories/vicione-servicebus/tests/vicione.servicebus.quartzintegration.tests/bin/release/net9.0/vicione.servicebus.quartzintegration.tests.dll" id="f9d67ed3-4c65-fba7-b4c4-4396f0654e5d">
      <Execution id="8e970232-6b24-4eb5-b323-fea9e0d72bb6" />
      <TestMethod codeBase="/Users/edgar.liebold/Downloads/ViciOne Suite 2.0/repositories/vicione-servicebus/tests/ViciOne.ServiceBus.QuartzIntegration.Tests/bin/Release/net9.0/ViciOne.ServiceBus.QuartzIntegration.Tests.dll" adapterTypeName="executor://nunit3testexecutor/" className="ViciOne.ServiceBus.QuartzIntegration.Tests.Turnout.Submitting_a_job_to_turnout_that_is_abandoned_and_retried" name="Should_have_published_the_job_completed_event" />
    </UnitTest>
    <UnitTest name="Should_have_published_the_job_started_event" storage="/users/edgar.liebold/downloads/vicione suite 2.0/repositories/vicione-servicebus/tests/vicione.servicebus.quartzintegration.tests/bin/release/net9.0/vicione.servicebus.quartzintegration.tests.dll" id="d99d9a0f-73b4-4119-0856-87a71d49e81c">
      <Execution id="91bcb6f0-f82f-418d-b9e4-25c24cf8b9ee" />
      <TestMethod codeBase="/Users/edgar.liebold/Downloads/ViciOne Suite 2.0/repositories/vicione-servicebus/tests/ViciOne.ServiceBus.QuartzIntegration.Tests/bin/Release/net9.0/ViciOne.ServiceBus.QuartzIntegration.Tests.dll" adapterTypeName="executor://nunit3testexecutor/" className="ViciOne.ServiceBus.QuartzIntegration.Tests.Turnout.Submitting_a_job_to_turnout_that_is_abandoned_and_retried" name="Should_have_published_the_job_started_event" />
    </UnitTest>
    <UnitTest name="Should_get_the_job_accepted" storage="/users/edgar.liebold/downloads/vicione suite 2.0/repositories/vicione-servicebus/tests/vicione.servicebus.quartzintegration.tests/bin/release/net9.0/vicione.servicebus.quartzintegration.tests.dll" id="628eb6fd-3849-2da8-b3be-0a6d5bff2caa">
      <Execution id="da126559-196f-4051-8a96-c56cd4ae7d7f" />
      <TestMethod codeBase="/Users/edgar.liebold/Downloads/ViciOne Suite 2.0/repositories/vicione-servicebus/tests/ViciOne.ServiceBus.QuartzIntegration.Tests/bin/Release/net9.0/ViciOne.ServiceBus.QuartzIntegration.Tests.dll" adapterTypeName="executor://nunit3testexecutor/" className="ViciOne.ServiceBus.QuartzIntegration.Tests.Turnout.Submitting_a_job_to_turnout_that_is_abandoned_and_retried" name="Should_get_the_job_accepted" />
    </UnitTest>
    <UnitTest name="Should_have_published_the_job_submitted_event" storage="/users/edgar.liebold/downloads/vicione suite 2.0/repositories/vicione-servicebus/tests/vicione.servicebus.quartzintegration.tests/bin/release/net9.0/vicione.servicebus.quartzintegration.tests.dll" id="e82ec06a-fe38-ce1d-7b05-40ac636e78ea">
      <Execution id="65734644-09c2-4d2a-a6f3-4a7a7235a51d" />
      <TestMethod codeBase="/Users/edgar.liebold/Downloads/ViciOne Suite 2.0/repositories/vicione-servicebus/tests/ViciOne.ServiceBus.QuartzIntegration.Tests/bin/Release/net9.0/ViciOne.ServiceBus.QuartzIntegration.Tests.dll" adapterTypeName="executor://nunit3testexecutor/" className="ViciOne.ServiceBus.QuartzIntegration.Tests.Turnout.Submitting_a_job_to_turnout_that_is_abandoned_and_retried" name="Should_have_published_the_job_submitted_event" />
    </UnitTest>
  </TestDefinitions>
  <TestEntries>
    <TestEntry testId="628eb6fd-3849-2da8-b3be-0a6d5bff2caa" executionId="da126559-196f-4051-8a96-c56cd4ae7d7f" testListId="8c84fa94-04c1-424b-9868-57a2d4851a1d" />
    <TestEntry testId="f9d67ed3-4c65-fba7-b4c4-4396f0654e5d" executionId="8e970232-6b24-4eb5-b323-fea9e0d72bb6" testListId="8c84fa94-04c1-424b-9868-57a2d4851a1d" />
    <TestEntry testId="d99d9a0f-73b4-4119-0856-87a71d49e81c" executionId="91bcb6f0-f82f-418d-b9e4-25c24cf8b9ee" testListId="8c84fa94-04c1-424b-9868-57a2d4851a1d" />
    <TestEntry testId="e82ec06a-fe38-ce1d-7b05-40ac636e78ea" executionId="65734644-09c2-4d2a-a6f3-4a7a7235a51d" testListId="8c84fa94-04c1-424b-9868-57a2d4851a1d" />
  </TestEntries>
  <TestLists>
    <TestList name="Ergebnisse nicht in einer Liste" id="8c84fa94-04c1-424b-9868-57a2d4851a1d" />
    <TestList name="Alle geladenen Ergebnisse" id="19431567-8539-422a-85d7-44ee4e166bda" />
  </TestLists>
  <ResultSummary outcome="Completed">
    <Counters total="4" executed="4" passed="4" failed="0" error="0" timeout="0" aborted="0" inconclusive="0" passedButRunAborted="0" notRunnable="0" notExecuted="0" disconnected="0" warning="0" completed="0" inProgress="0" pending="0" />
    <Output>
      <StdOut>NUnit Adapter 6.1.0.0: Test execution started
Running selected tests in /Users/edgar.liebold/Downloads/ViciOne Suite 2.0/repositories/vicione-servicebus/tests/ViciOne.ServiceBus.QuartzIntegration.Tests/bin/Release/net9.0/ViciOne.ServiceBus.QuartzIntegration.Tests.dll
   NUnit3TestExecutor discovered 4 of 4 NUnit test cases using Current Discovery mode, Non-Explicit run
23:10:58.598-D Create send transport: loopback://localhost/urn:message:ViciOne.ServiceBus.Contracts.JobService:SubmitJob[[ViciOne.ServiceBus.QuartzIntegration.Tests.Turnout:GrindTheGears]]
23:10:58.616-D SAGA:ViciOne.ServiceBus.JobTypeSaga:940f1094-51d5-c77a-c1cb-388c480f9d0f Created ViciOne.ServiceBus.Contracts.JobService.SetConcurrentJobLimit
23:10:58.622-D SAGA:ViciOne.ServiceBus.JobTypeSaga:940f1094-51d5-c77a-c1cb-388c480f9d0f Added ViciOne.ServiceBus.Contracts.JobService.SetConcurrentJobLimit
23:10:58.645-D Job Service Instance Started: loopback://localhost/instance-44wyyydppokgdargbdxxwskcgk
23:10:58.645-D Concurrent Job Limit: 1 ViciOne.ServiceBus.QuartzIntegration.Tests.Turnout.Submitting_a_job_to_turnout_that_is_abandoned_and_retried+GrindTheGearsConsumer:ViciOne.ServiceBus.QuartzIntegration.Tests.Turnout.GrindTheGears:grind-the-gears
23:10:58.654-D RECEIVE loopback://localhost/job-type d6a80000-6d6c-1461-4d22-08defa594d0d ViciOne.ServiceBus.Contracts.JobService.SetConcurrentJobLimit ViciOne.ServiceBus.JobTypeSaga(00:00:00.0442648)
23:10:58.679-D SEND loopback://localhost/urn:message:ViciOne.ServiceBus.Contracts.JobService:SubmitJob[[ViciOne.ServiceBus.QuartzIntegration.Tests.Turnout:GrindTheGears]] d6a80000-6d6c-1461-94a4-08defa594d25 ViciOne.ServiceBus.Contracts.JobService.SubmitJob&lt;ViciOne.ServiceBus.QuartzIntegration.Tests.Turnout.GrindTheGears&gt;
23:10:58.690-D Create send transport: loopback://localhost/urn:message:ViciOne.ServiceBus.Contracts.JobService:JobSubmitted
23:10:58.698-D SEND loopback://localhost/urn:message:ViciOne.ServiceBus.Contracts.JobService:JobSubmitted d6a80000-6d6c-1461-6a82-08defa594d2b ViciOne.ServiceBus.Contracts.JobService.JobSubmitted
23:10:58.700-D Create send transport: loopback://localhost/EdgarsiMac2_testhost_bus_44wyyydppokgnngcbdxxwskc8q
23:10:58.702-D SAGA:ViciOne.ServiceBus.JobSaga:d6a80000-6d6c-1461-fc10-08defa594d1a Created ViciOne.ServiceBus.Contracts.JobService.JobSubmitted
23:10:58.702-D SAGA:ViciOne.ServiceBus.JobSaga:d6a80000-6d6c-1461-fc10-08defa594d1a Added ViciOne.ServiceBus.Contracts.JobService.JobSubmitted
23:10:58.704-D RECEIVE loopback://localhost/input_queue d6a80000-6d6c-1461-6a82-08defa594d2b ViciOne.ServiceBus.Contracts.JobService.JobSubmitted ViciOne.ServiceBus.MessageHandler&lt;ViciOne.ServiceBus.Contracts.JobService.JobSubmitted&gt;(00:00:00.0015360)
23:10:58.708-D SEND loopback://localhost/EdgarsiMac2_testhost_bus_44wyyydppokgnngcbdxxwskc8q d6a80000-6d6c-1461-e362-08defa594d2c ViciOne.ServiceBus.Contracts.JobService.JobSubmissionAccepted
23:10:58.709-D RECEIVE loopback://localhost/grind-the-gears d6a80000-6d6c-1461-94a4-08defa594d25 ViciOne.ServiceBus.Contracts.JobService.SubmitJob&lt;ViciOne.ServiceBus.QuartzIntegration.Tests.Turnout.GrindTheGears&gt; ViciOne.ServiceBus.JobService.SubmitJobConsumer&lt;ViciOne.ServiceBus.QuartzIntegration.Tests.Turnout.GrindTheGears&gt;(00:00:00.0256463)
23:10:58.711-D RECEIVE loopback://localhost/EdgarsiMac2_testhost_bus_44wyyydppokgnngcbdxxwskc8q d6a80000-6d6c-1461-e362-08defa594d2c ViciOne.ServiceBus.Contracts.JobService.JobSubmissionAccepted ViciOne.ServiceBus.MessageHandler&lt;ViciOne.ServiceBus.Contracts.JobService.JobSubmissionAccepted&gt;(00:00:00.0001083)
23:10:58.711-D Create send transport: loopback://localhost/job-type
23:10:58.715-D RECEIVE loopback://localhost/job d6a80000-6d6c-1461-6a82-08defa594d2b ViciOne.ServiceBus.Contracts.JobService.JobSubmitted ViciOne.ServiceBus.JobSaga(00:00:00.0141895)
23:10:58.719-D SEND loopback://localhost/job-type d6a80000-6d6c-1461-3dba-08defa594d2f ViciOne.ServiceBus.Contracts.JobService.AllocateJobSlot
23:10:58.722-D SAGA:ViciOne.ServiceBus.JobTypeSaga:940f1094-51d5-c77a-c1cb-388c480f9d0f Used ViciOne.ServiceBus.Contracts.JobService.AllocateJobSlot
23:10:58.731-D Allocated Job Slot: d6a80000-6d6c-1461-fc10-08defa594d1a (1): loopback://localhost/instance-44wyyydppokgdargbdxxwskcgk (1)
23:10:58.731-D Create send transport: loopback://localhost/job
23:10:58.732-D RECEIVE loopback://localhost/job-type d6a80000-6d6c-1461-3dba-08defa594d2f ViciOne.ServiceBus.Contracts.JobService.AllocateJobSlot ViciOne.ServiceBus.JobTypeSaga(00:00:00.0109936)
23:10:58.745-D SEND loopback://localhost/job d6a80000-6d6c-1461-c7a6-08defa594d31 ViciOne.ServiceBus.Contracts.JobService.JobSlotAllocated
23:10:58.747-D SAGA:ViciOne.ServiceBus.JobSaga:d6a80000-6d6c-1461-fc10-08defa594d1a Used ViciOne.ServiceBus.Contracts.JobService.JobSlotAllocated
23:10:58.748-D Create send transport: loopback://localhost/job-attempt
23:10:58.749-D RECEIVE loopback://localhost/job d6a80000-6d6c-1461-c7a6-08defa594d31 ViciOne.ServiceBus.Contracts.JobService.JobSlotAllocated ViciOne.ServiceBus.JobSaga(00:00:00.0027680)
23:10:58.756-D SEND loopback://localhost/job-attempt d6a80000-6d6c-1461-62b8-08defa594d34 ViciOne.ServiceBus.Contracts.JobService.StartJobAttempt
23:10:58.760-D SAGA:ViciOne.ServiceBus.JobAttemptSaga:d6a80000-6d6c-1461-bcc4-08defa594d2d Created ViciOne.ServiceBus.Contracts.JobService.StartJobAttempt
23:10:58.760-D SAGA:ViciOne.ServiceBus.JobAttemptSaga:d6a80000-6d6c-1461-bcc4-08defa594d2d Added ViciOne.ServiceBus.Contracts.JobService.StartJobAttempt
23:10:58.771-D Create send transport: loopback://localhost/quartz
23:10:58.778-D SEND loopback://localhost/quartz d6a80000-6d6c-1461-a284-08defa594d37 ViciOne.ServiceBus.Scheduling.ScheduleMessage
23:10:58.779-D Create send transport: loopback://localhost/instance-44wyyydppokgdargbdxxwskcgk
23:10:58.781-D RECEIVE loopback://localhost/job-attempt d6a80000-6d6c-1461-62b8-08defa594d34 ViciOne.ServiceBus.Contracts.JobService.StartJobAttempt ViciOne.ServiceBus.JobAttemptSaga(00:00:00.0216643)
23:10:58.785-D SEND loopback://localhost/instance-44wyyydppokgdargbdxxwskcgk d6a80000-6d6c-1461-2d0c-08defa594d39 ViciOne.ServiceBus.Contracts.JobService.StartJob
23:10:58.792-D Executing job: ViciOne.ServiceBus.QuartzIntegration.Tests.Turnout.GrindTheGears d6a80000-6d6c-1461-fc10-08defa594d1a (0)
23:10:58.796-D Job Started: d6a80000-6d6c-1461-fc10-08defa594d1a d6a80000-6d6c-1461-bcc4-08defa594d2d (0)
23:10:58.797-D Create send transport: loopback://localhost/urn:message:ViciOne.ServiceBus.Contracts.JobService:JobAttemptStarted
23:10:58.800-D Scheduled: DEFAULT.d6a800006d6c1461717e08defa594d37 08/14/2026 23:11:58 +00:00
23:10:58.800-D RECEIVE loopback://localhost/quartz d6a80000-6d6c-1461-a284-08defa594d37 ViciOne.ServiceBus.Scheduling.ScheduleMessage ViciOne.ServiceBus.QuartzIntegration.ScheduleMessageConsumer(00:00:00.0174084)
23:10:58.800-D SEND loopback://localhost/urn:message:ViciOne.ServiceBus.Contracts.JobService:JobAttemptStarted d6a80000-6d6c-1461-af3c-08defa594d3b ViciOne.ServiceBus.Contracts.JobService.JobAttemptStarted
23:10:58.802-D Create send transport: loopback://localhost/urn:message:ViciOne.ServiceBus.Contracts.JobService:JobStarted[[ViciOne.ServiceBus.QuartzIntegration.Tests.Turnout:GrindTheGears]]
23:10:58.803-D SAGA:ViciOne.ServiceBus.JobSaga:d6a80000-6d6c-1461-fc10-08defa594d1a Used ViciOne.ServiceBus.Contracts.JobService.JobAttemptStarted
23:10:58.803-D SAGA:ViciOne.ServiceBus.JobAttemptSaga:d6a80000-6d6c-1461-bcc4-08defa594d2d Used ViciOne.ServiceBus.Contracts.JobService.JobAttemptStarted
23:10:58.804-D RECEIVE loopback://localhost/job-attempt d6a80000-6d6c-1461-af3c-08defa594d3b ViciOne.ServiceBus.Contracts.JobService.JobAttemptStarted ViciOne.ServiceBus.JobAttemptSaga(00:00:00.0017386)
23:10:58.805-D SEND loopback://localhost/urn:message:ViciOne.ServiceBus.Contracts.JobService:JobStarted[[ViciOne.ServiceBus.QuartzIntegration.Tests.Turnout:GrindTheGears]] d6a80000-6d6c-1461-6d82-08defa594d3c ViciOne.ServiceBus.Contracts.JobService.JobStarted&lt;ViciOne.ServiceBus.QuartzIntegration.Tests.Turnout.GrindTheGears&gt;
23:10:58.806-D Create send transport: loopback://localhost/urn:message:ViciOne.ServiceBus.Contracts.JobService:JobStarted
23:10:58.806-D RECEIVE loopback://localhost/job d6a80000-6d6c-1461-af3c-08defa594d3b ViciOne.ServiceBus.Contracts.JobService.JobAttemptStarted ViciOne.ServiceBus.JobSaga(00:00:00.0041882)
23:10:58.808-D RECEIVE loopback://localhost/instance-44wyyydppokgdargbdxxwskcgk d6a80000-6d6c-1461-2d0c-08defa594d39 ViciOne.ServiceBus.Contracts.JobService.StartJob ViciOne.ServiceBus.JobService.StartJobConsumer&lt;ViciOne.ServiceBus.QuartzIntegration.Tests.Turnout.GrindTheGears&gt;(00:00:00.0219621)
23:10:58.809-D SEND loopback://localhost/urn:message:ViciOne.ServiceBus.Contracts.JobService:JobStarted d6a80000-6d6c-1461-0fbc-08defa594d3d ViciOne.ServiceBus.Contracts.JobService.JobStarted
23:10:58.810-D RECEIVE loopback://localhost/input_queue d6a80000-6d6c-1461-0fbc-08defa594d3d ViciOne.ServiceBus.Contracts.JobService.JobStarted ViciOne.ServiceBus.MessageHandler&lt;ViciOne.ServiceBus.Contracts.JobService.JobStarted&gt;(00:00:00.0002184)
23:10:59.811-D Job Faulted: d6a80000-6d6c-1461-fc10-08defa594d1a d6a80000-6d6c-1461-bcc4-08defa594d2d (0)

System.OperationCanceledException: The operation was canceled.
   at ViciOne.ServiceBus.QuartzIntegration.Tests.Turnout.Submitting_a_job_to_turnout_that_is_abandoned_and_retried.GrindTheGearsConsumer.Run(JobContext`1 context) in /Users/edgar.liebold/Downloads/ViciOne Suite 2.0/repositories/vicione-servicebus/tests/ViciOne.ServiceBus.QuartzIntegration.Tests/Turnout/Faulted_Specs.cs:line 446
   at ViciOne.ServiceBus.Middleware.JobConsumerMessageFilter`2.RunJob(PipeContext context, IJobConsumer`1 jobConsumer) in /Users/edgar.liebold/Downloads/ViciOne Suite 2.0/repositories/vicione-servicebus/src/ViciOne.ServiceBus/Middleware/JobConsumerMessageFilter.cs:line 53
23:10:59.835-D Create send transport: loopback://localhost/urn:message:ViciOne.ServiceBus.Contracts.JobService:JobAttemptFaulted
23:10:59.843-D SEND loopback://localhost/urn:message:ViciOne.ServiceBus.Contracts.JobService:JobAttemptFaulted d6a80000-6d6c-1461-0d44-08defa594dda ViciOne.ServiceBus.Contracts.JobService.JobAttemptFaulted
23:10:59.844-D RECEIVE loopback://localhost/instance-44wyyydppokgdargbdxxwskcgk d6a80000-6d6c-1461-2d0c-08defa594d39 ViciOne.ServiceBus.Contracts.JobService.StartJob ViciOne.ServiceBus.QuartzIntegration.Tests.Turnout.Submitting_a_job_to_turnout_that_is_abandoned_and_retried+GrindTheGearsConsumer(00:00:01.0521236)
23:10:59.845-D Removed job: d6a80000-6d6c-1461-fc10-08defa594d1a (RanToCompletion)
23:10:59.846-D SAGA:ViciOne.ServiceBus.JobSaga:d6a80000-6d6c-1461-fc10-08defa594d1a Used ViciOne.ServiceBus.Contracts.JobService.JobAttemptFaulted
23:10:59.846-D SAGA:ViciOne.ServiceBus.JobAttemptSaga:d6a80000-6d6c-1461-bcc4-08defa594d2d Used ViciOne.ServiceBus.Contracts.JobService.JobAttemptFaulted
23:10:59.849-D Create send transport: loopback://localhost/quartz
23:10:59.851-D RECEIVE loopback://localhost/job-attempt d6a80000-6d6c-1461-0d44-08defa594dda ViciOne.ServiceBus.Contracts.JobService.JobAttemptFaulted ViciOne.ServiceBus.JobAttemptSaga(00:00:00.0045146)
23:10:59.851-D SEND loopback://localhost/quartz d6a80000-6d6c-1461-269c-08defa594ddc ViciOne.ServiceBus.Scheduling.ScheduleMessage
23:10:59.852-D Scheduled: DEFAULT.d6a800006d6c14611ae408defa594ddc 08/14/2026 23:11:00 +00:00
23:10:59.852-D RECEIVE loopback://localhost/quartz d6a80000-6d6c-1461-269c-08defa594ddc ViciOne.ServiceBus.Scheduling.ScheduleMessage ViciOne.ServiceBus.QuartzIntegration.ScheduleMessageConsumer(00:00:00.0006515)
23:10:59.855-D RECEIVE loopback://localhost/job d6a80000-6d6c-1461-0d44-08defa594dda ViciOne.ServiceBus.Contracts.JobService.JobAttemptFaulted ViciOne.ServiceBus.JobSaga(00:00:00.0090145)
23:10:59.864-D SEND loopback://localhost/job-type d6a80000-6d6c-1461-13fe-08defa594ddd ViciOne.ServiceBus.Contracts.JobService.JobSlotReleased
23:10:59.866-D SAGA:ViciOne.ServiceBus.JobTypeSaga:940f1094-51d5-c77a-c1cb-388c480f9d0f Used ViciOne.ServiceBus.Contracts.JobService.JobSlotReleased
23:10:59.869-D Released Job Slot: d6a80000-6d6c-1461-fc10-08defa594d1a (0): loopback://localhost/instance-44wyyydppokgdargbdxxwskcgk
23:10:59.870-D RECEIVE loopback://localhost/job-type d6a80000-6d6c-1461-13fe-08defa594ddd ViciOne.ServiceBus.Contracts.JobService.JobSlotReleased ViciOne.ServiceBus.JobTypeSaga(00:00:00.0032918)
23:10:59.872-D SEND loopback://localhost/quartz d6a80000-6d6c-1461-2ce8-08defa594ddf ViciOne.ServiceBus.Scheduling.CancelScheduledMessage
23:10:59.876-D Canceled Scheduled Message: DEFAULT.d6a800006d6c1461717e08defa594d37 at 08/14/2026 23:10:59
23:10:59.876-D RECEIVE loopback://localhost/quartz d6a80000-6d6c-1461-2ce8-08defa594ddf ViciOne.ServiceBus.Scheduling.CancelScheduledMessage ViciOne.ServiceBus.QuartzIntegration.CancelScheduledMessageConsumer(00:00:00.0031024)
23:11:00.862-D Create send transport: loopback://localhost/job
23:11:00.868-D SEND loopback://localhost/job d6a80000-6d6c-1461-269c-08defa594ddc ViciOne.ServiceBus.Serialization.SerializedMessageBody
23:11:00.868-D Schedule Executed: DEFAULT.d6a800006d6c14611ae408defa594ddc (null)
23:11:00.870-D SAGA:ViciOne.ServiceBus.JobSaga:d6a80000-6d6c-1461-fc10-08defa594d1a Used ViciOne.ServiceBus.Contracts.JobService.JobRetryDelayElapsed
23:11:00.874-D RECEIVE loopback://localhost/job d6a80000-6d6c-1461-269c-08defa594ddc ViciOne.ServiceBus.Contracts.JobService.JobRetryDelayElapsed ViciOne.ServiceBus.JobSaga(00:00:00.0048982)
23:11:00.875-D SEND loopback://localhost/job-type d6a80000-6d6c-1461-97de-08defa594e78 ViciOne.ServiceBus.Contracts.JobService.AllocateJobSlot
23:11:00.875-D SAGA:ViciOne.ServiceBus.JobTypeSaga:940f1094-51d5-c77a-c1cb-388c480f9d0f Used ViciOne.ServiceBus.Contracts.JobService.AllocateJobSlot
23:11:00.875-D Allocated Job Slot: d6a80000-6d6c-1461-fc10-08defa594d1a (1): loopback://localhost/instance-44wyyydppokgdargbdxxwskcgk (1)
23:11:00.875-D RECEIVE loopback://localhost/job-type d6a80000-6d6c-1461-97de-08defa594e78 ViciOne.ServiceBus.Contracts.JobService.AllocateJobSlot ViciOne.ServiceBus.JobTypeSaga(00:00:00.0004281)
23:11:00.875-D SEND loopback://localhost/job d6a80000-6d6c-1461-b930-08defa594e78 ViciOne.ServiceBus.Contracts.JobService.JobSlotAllocated
23:11:00.875-D SAGA:ViciOne.ServiceBus.JobSaga:d6a80000-6d6c-1461-fc10-08defa594d1a Used ViciOne.ServiceBus.Contracts.JobService.JobSlotAllocated
23:11:00.876-D RECEIVE loopback://localhost/job d6a80000-6d6c-1461-b930-08defa594e78 ViciOne.ServiceBus.Contracts.JobService.JobSlotAllocated ViciOne.ServiceBus.JobSaga(00:00:00.0001336)
23:11:00.876-D SEND loopback://localhost/job-attempt d6a80000-6d6c-1461-c858-08defa594e78 ViciOne.ServiceBus.Contracts.JobService.StartJobAttempt
23:11:00.886-D SAGA:ViciOne.ServiceBus.JobAttemptSaga:d6a80000-6d6c-1461-72c2-08defa594e78 Created ViciOne.ServiceBus.Contracts.JobService.StartJobAttempt
23:11:00.886-D SAGA:ViciOne.ServiceBus.JobAttemptSaga:d6a80000-6d6c-1461-72c2-08defa594e78 Added ViciOne.ServiceBus.Contracts.JobService.StartJobAttempt
23:11:00.887-D SEND loopback://localhost/quartz d6a80000-6d6c-1461-79d2-08defa594e7a ViciOne.ServiceBus.Scheduling.ScheduleMessage
23:11:00.887-D RECEIVE loopback://localhost/job-attempt d6a80000-6d6c-1461-c858-08defa594e78 ViciOne.ServiceBus.Contracts.JobService.StartJobAttempt ViciOne.ServiceBus.JobAttemptSaga(00:00:00.0010029)
23:11:00.887-D SEND loopback://localhost/instance-44wyyydppokgdargbdxxwskcgk d6a80000-6d6c-1461-87f6-08defa594e7a ViciOne.ServiceBus.Contracts.JobService.StartJob
23:11:00.887-D Scheduled: DEFAULT.d6a800006d6c1461773e08defa594e7a 08/14/2026 23:12:00 +00:00
23:11:00.887-D RECEIVE loopback://localhost/quartz d6a80000-6d6c-1461-79d2-08defa594e7a ViciOne.ServiceBus.Scheduling.ScheduleMessage ViciOne.ServiceBus.QuartzIntegration.ScheduleMessageConsumer(00:00:00.0001655)
23:11:00.887-D Executing job: ViciOne.ServiceBus.QuartzIntegration.Tests.Turnout.GrindTheGears d6a80000-6d6c-1461-fc10-08defa594d1a (1)
23:11:00.887-D Job Started: d6a80000-6d6c-1461-fc10-08defa594d1a d6a80000-6d6c-1461-72c2-08defa594e78 (1)
23:11:00.888-D SEND loopback://localhost/urn:message:ViciOne.ServiceBus.Contracts.JobService:JobAttemptStarted d6a80000-6d6c-1461-9cfa-08defa594e7a ViciOne.ServiceBus.Contracts.JobService.JobAttemptStarted
23:11:00.888-D SEND loopback://localhost/urn:message:ViciOne.ServiceBus.Contracts.JobService:JobStarted[[ViciOne.ServiceBus.QuartzIntegration.Tests.Turnout:GrindTheGears]] d6a80000-6d6c-1461-a100-08defa594e7a ViciOne.ServiceBus.Contracts.JobService.JobStarted&lt;ViciOne.ServiceBus.QuartzIntegration.Tests.Turnout.GrindTheGears&gt;
23:11:00.888-D RECEIVE loopback://localhost/instance-44wyyydppokgdargbdxxwskcgk d6a80000-6d6c-1461-87f6-08defa594e7a ViciOne.ServiceBus.Contracts.JobService.StartJob ViciOne.ServiceBus.JobService.StartJobConsumer&lt;ViciOne.ServiceBus.QuartzIntegration.Tests.Turnout.GrindTheGears&gt;(00:00:00.0005358)
23:11:00.888-D SAGA:ViciOne.ServiceBus.JobAttemptSaga:d6a80000-6d6c-1461-72c2-08defa594e78 Used ViciOne.ServiceBus.Contracts.JobService.JobAttemptStarted
23:11:00.888-D SAGA:ViciOne.ServiceBus.JobSaga:d6a80000-6d6c-1461-fc10-08defa594d1a Used ViciOne.ServiceBus.Contracts.JobService.JobAttemptStarted
23:11:00.888-D RECEIVE loopback://localhost/job-attempt d6a80000-6d6c-1461-9cfa-08defa594e7a ViciOne.ServiceBus.Contracts.JobService.JobAttemptStarted ViciOne.ServiceBus.JobAttemptSaga(00:00:00.0000731)
23:11:00.888-D RECEIVE loopback://localhost/job d6a80000-6d6c-1461-9cfa-08defa594e7a ViciOne.ServiceBus.Contracts.JobService.JobAttemptStarted ViciOne.ServiceBus.JobSaga(00:00:00.0000947)
23:11:00.888-D SEND loopback://localhost/urn:message:ViciOne.ServiceBus.Contracts.JobService:JobStarted d6a80000-6d6c-1461-af10-08defa594e7a ViciOne.ServiceBus.Contracts.JobService.JobStarted
23:11:00.888-D RECEIVE loopback://localhost/input_queue d6a80000-6d6c-1461-af10-08defa594e7a ViciOne.ServiceBus.Contracts.JobService.JobStarted ViciOne.ServiceBus.MessageHandler&lt;ViciOne.ServiceBus.Contracts.JobService.JobStarted&gt;(00:00:00.0000295)
23:11:01.889-D Job Completed: d6a80000-6d6c-1461-fc10-08defa594d1a d6a80000-6d6c-1461-72c2-08defa594e78 (1)
23:11:01.889-D Create send transport: loopback://localhost/urn:message:ViciOne.ServiceBus.Contracts.JobService:JobAttemptCompleted
23:11:01.893-D SEND loopback://localhost/urn:message:ViciOne.ServiceBus.Contracts.JobService:JobAttemptCompleted d6a80000-6d6c-1461-7c68-08defa594f13 ViciOne.ServiceBus.Contracts.JobService.JobAttemptCompleted
23:11:01.893-D RECEIVE loopback://localhost/instance-44wyyydppokgdargbdxxwskcgk d6a80000-6d6c-1461-87f6-08defa594e7a ViciOne.ServiceBus.Contracts.JobService.StartJob ViciOne.ServiceBus.QuartzIntegration.Tests.Turnout.Submitting_a_job_to_turnout_that_is_abandoned_and_retried+GrindTheGearsConsumer(00:00:01.0053782)
23:11:01.893-D Removed job: d6a80000-6d6c-1461-fc10-08defa594d1a (RanToCompletion)
23:11:01.895-D SAGA:ViciOne.ServiceBus.JobSaga:d6a80000-6d6c-1461-fc10-08defa594d1a Used ViciOne.ServiceBus.Contracts.JobService.JobAttemptCompleted
23:11:01.895-D SAGA:ViciOne.ServiceBus.JobAttemptSaga:d6a80000-6d6c-1461-72c2-08defa594e78 Used ViciOne.ServiceBus.Contracts.JobService.JobAttemptCompleted
23:11:01.896-D Create send transport: loopback://localhost/grind-the-gears
23:11:01.897-D SAGA:ViciOne.ServiceBus.JobAttemptSaga:d6a80000-6d6c-1461-72c2-08defa594e78 Removed ViciOne.ServiceBus.Contracts.JobService.JobAttemptCompleted
23:11:01.897-D RECEIVE loopback://localhost/job-attempt d6a80000-6d6c-1461-7c68-08defa594f13 ViciOne.ServiceBus.Contracts.JobService.JobAttemptCompleted ViciOne.ServiceBus.JobAttemptSaga(00:00:00.0029473)
23:11:01.897-D Create send transport: loopback://localhost/urn:message:ViciOne.ServiceBus.Contracts.JobService:JobCompleted
23:11:01.898-D RECEIVE loopback://localhost/job d6a80000-6d6c-1461-7c68-08defa594f13 ViciOne.ServiceBus.Contracts.JobService.JobAttemptCompleted ViciOne.ServiceBus.JobSaga(00:00:00.0036165)
23:11:01.899-D SEND loopback://localhost/quartz d6a80000-6d6c-1461-d64e-08defa594f14 ViciOne.ServiceBus.Scheduling.CancelScheduledMessage
23:11:01.899-D Canceled Scheduled Message: DEFAULT.d6a800006d6c1461773e08defa594e7a at 08/14/2026 23:11:01
23:11:01.899-D RECEIVE loopback://localhost/quartz d6a80000-6d6c-1461-d64e-08defa594f14 ViciOne.ServiceBus.Scheduling.CancelScheduledMessage ViciOne.ServiceBus.QuartzIntegration.CancelScheduledMessageConsumer(00:00:00.0001207)
23:11:01.901-D SEND loopback://localhost/grind-the-gears d6a80000-6d6c-1461-d13a-08defa594f14 ViciOne.ServiceBus.Contracts.JobService.CompleteJob
23:11:01.905-D SEND loopback://localhost/urn:message:ViciOne.ServiceBus.Contracts.JobService:JobCompleted d6a80000-6d6c-1461-5182-08defa594f15 ViciOne.ServiceBus.Contracts.JobService.JobCompleted
23:11:01.905-D SEND loopback://localhost/job-type d6a80000-6d6c-1461-cf54-08defa594f15 ViciOne.ServiceBus.Contracts.JobService.JobSlotReleased
23:11:01.905-D Create send transport: loopback://localhost/urn:message:ViciOne.ServiceBus.Contracts.JobService:JobCompleted[[ViciOne.ServiceBus.QuartzIntegration.Tests.Turnout:GrindTheGears]]
23:11:01.905-D SAGA:ViciOne.ServiceBus.JobTypeSaga:940f1094-51d5-c77a-c1cb-388c480f9d0f Used ViciOne.ServiceBus.Contracts.JobService.JobSlotReleased
23:11:01.905-D Released Job Slot: d6a80000-6d6c-1461-fc10-08defa594d1a (0): loopback://localhost/instance-44wyyydppokgdargbdxxwskcgk
23:11:01.905-D RECEIVE loopback://localhost/job-type d6a80000-6d6c-1461-cf54-08defa594f15 ViciOne.ServiceBus.Contracts.JobService.JobSlotReleased ViciOne.ServiceBus.JobTypeSaga(00:00:00.0001301)
23:11:01.906-D RECEIVE loopback://localhost/input_queue d6a80000-6d6c-1461-5182-08defa594f15 ViciOne.ServiceBus.Contracts.JobService.JobCompleted ViciOne.ServiceBus.MessageHandler&lt;ViciOne.ServiceBus.Contracts.JobService.JobCompleted&gt;(00:00:00.0001832)
23:11:01.906-D SAGA:ViciOne.ServiceBus.JobSaga:d6a80000-6d6c-1461-fc10-08defa594d1a Used ViciOne.ServiceBus.Contracts.JobService.JobCompleted
23:11:01.907-D RECEIVE loopback://localhost/job d6a80000-6d6c-1461-5182-08defa594f15 ViciOne.ServiceBus.Contracts.JobService.JobCompleted ViciOne.ServiceBus.JobSaga(00:00:00.0010662)
23:11:01.908-D SEND loopback://localhost/urn:message:ViciOne.ServiceBus.Contracts.JobService:JobCompleted[[ViciOne.ServiceBus.QuartzIntegration.Tests.Turnout:GrindTheGears]] d6a80000-6d6c-1461-dbd4-08defa594f15 ViciOne.ServiceBus.Contracts.JobService.JobCompleted&lt;ViciOne.ServiceBus.QuartzIntegration.Tests.Turnout.GrindTheGears&gt;
23:11:01.908-D RECEIVE loopback://localhost/grind-the-gears d6a80000-6d6c-1461-d13a-08defa594f14 ViciOne.ServiceBus.Contracts.JobService.CompleteJob ViciOne.ServiceBus.JobService.FinalizeJobConsumer&lt;ViciOne.ServiceBus.QuartzIntegration.Tests.Turnout.GrindTheGears&gt;(00:00:00.0055840)

NUnit Adapter 6.1.0.0: Test execution complete
</StdOut>
    </Output>
  </ResultSummary>
</TestRun>