<?xml version="1.0" encoding="utf-8"?>
<TestRun id="fda544a2-f8a4-40bf-ab0e-58c970be5bf8" name="@Edgars-iMac-2 2026-08-12 08:00:05" xmlns="http://microsoft.com/schemas/VisualStudio/TeamTest/2010">
  <Times creation="2026-08-12T08:00:05.8084360+00:00" queuing="2026-08-12T08:00:05.8084360+00:00" start="2026-08-12T08:00:03.5559010+00:00" finish="2026-08-12T08:00:35.3635220+00:00" />
  <TestSettings name="default" id="9f2cd81a-4f69-438f-9ab5-6a81da4842d0">
    <Deployment runDeploymentRoot="_Edgars-iMac-2_2026-08-12_08_00_05" />
  </TestSettings>
  <Results>
    <UnitTestResult executionId="76ed36c2-d136-482c-8fa8-6858bebb731a" testId="89e6117c-9a49-d57e-5f0a-5ef64a74c8bc" testName="Should_refuse_a_new_operation_the_moment_it_is_invalidated" computerName="Edgars-iMac-2" duration="00:00:00.0014900" startTime="2026-08-12T08:00:35.2892390+00:00" endTime="2026-08-12T08:00:35.2907290+00:00" testType="13cdc9d9-ddb5-4fa4-a97d-d965ccfc6d4b" outcome="Passed" testListId="8c84fa94-04c1-424b-9868-57a2d4851a1d" relativeResultsDirectory="76ed36c2-d136-482c-8fa8-6858bebb731a" />
    <UnitTestResult executionId="6fec763c-7f75-4722-8a52-485a4262584c" testId="77d0159f-619a-bad2-a8af-59104343296d" testName="Should_retry_a_precondition_failure" computerName="Edgars-iMac-2" duration="00:00:00.0000850" startTime="2026-08-12T08:00:04.8152710+00:00" endTime="2026-08-12T08:00:04.8153550+00:00" testType="13cdc9d9-ddb5-4fa4-a97d-d965ccfc6d4b" outcome="Passed" testListId="8c84fa94-04c1-424b-9868-57a2d4851a1d" relativeResultsDirectory="6fec763c-7f75-4722-8a52-485a4262584c" />
    <UnitTestResult executionId="f399c84a-5bfe-44e8-a00c-1bf6045771b3" testId="39a8b0a4-0fd1-09e0-29da-ef2b7aa114c6" testName="Should_not_dispose_while_an_operation_is_still_running" computerName="Edgars-iMac-2" duration="00:00:00.0027410" startTime="2026-08-12T08:00:35.2860440+00:00" endTime="2026-08-12T08:00:35.2887860+00:00" testType="13cdc9d9-ddb5-4fa4-a97d-d965ccfc6d4b" outcome="Passed" testListId="8c84fa94-04c1-424b-9868-57a2d4851a1d" relativeResultsDirectory="f399c84a-5bfe-44e8-a00c-1bf6045771b3" />
    <UnitTestResult executionId="06a5b76a-0503-4bd1-9d4a-c22e699c2c9e" testId="25f4e234-c20d-b8ee-2973-6aa071c92c1a" testName="Should_give_every_waiting_caller_the_same_answer" computerName="Edgars-iMac-2" duration="00:00:05.4950970" startTime="2026-08-12T08:00:04.8205230+00:00" endTime="2026-08-12T08:00:10.3157100+00:00" testType="13cdc9d9-ddb5-4fa4-a97d-d965ccfc6d4b" outcome="Passed" testListId="8c84fa94-04c1-424b-9868-57a2d4851a1d" relativeResultsDirectory="06a5b76a-0503-4bd1-9d4a-c22e699c2c9e" />
    <UnitTestResult executionId="1b7879d0-cfe0-43b7-8efc-3ec5fc050741" testId="a156d794-ea46-a332-cf89-cb5661e251ab" testName="Should_give_the_connection_back_when_the_connect_fails" computerName="Edgars-iMac-2" duration="00:00:04.9491780" startTime="2026-08-12T08:00:10.3157620+00:00" endTime="2026-08-12T08:00:15.2650210+00:00" testType="13cdc9d9-ddb5-4fa4-a97d-d965ccfc6d4b" outcome="Passed" testListId="8c84fa94-04c1-424b-9868-57a2d4851a1d" relativeResultsDirectory="1b7879d0-cfe0-43b7-8efc-3ec5fc050741" />
    <UnitTestResult executionId="025c5b6a-11b8-4e53-8d10-eeaa36ea5448" testId="51db8c78-a284-09e9-9358-290f3e17b2fe" testName="Should_properly_fail_on_exclusive_launch" computerName="Edgars-iMac-2" duration="00:00:12.9640560" startTime="2026-08-12T08:00:20.2297450+00:00" endTime="2026-08-12T08:00:33.1940140+00:00" testType="13cdc9d9-ddb5-4fa4-a97d-d965ccfc6d4b" outcome="Passed" testListId="8c84fa94-04c1-424b-9868-57a2d4851a1d" relativeResultsDirectory="025c5b6a-11b8-4e53-8d10-eeaa36ea5448" />
    <UnitTestResult executionId="cc03b909-9d55-4275-875b-27fd1626b914" testId="3c992399-ff0e-1c6d-8d82-115a7562aee3" testName="Should_wait_for_the_running_operation_before_its_own_disposal_returns" computerName="Edgars-iMac-2" duration="00:00:00.0013670" startTime="2026-08-12T08:00:35.2907490+00:00" endTime="2026-08-12T08:00:35.2921160+00:00" testType="13cdc9d9-ddb5-4fa4-a97d-d965ccfc6d4b" outcome="Passed" testListId="8c84fa94-04c1-424b-9868-57a2d4851a1d" relativeResultsDirectory="cc03b909-9d55-4275-875b-27fd1626b914" />
    <UnitTestResult executionId="d7afd00d-6686-4997-916e-f5dc4a7bb0d6" testId="9a800920-fccc-cf72-b976-be70490e6495" testName="Should_not_inherit_the_old_failure_after_a_restart" computerName="Edgars-iMac-2" duration="00:00:04.9645700" startTime="2026-08-12T08:00:15.2650530+00:00" endTime="2026-08-12T08:00:20.2297040+00:00" testType="13cdc9d9-ddb5-4fa4-a97d-d965ccfc6d4b" outcome="Passed" testListId="8c84fa94-04c1-424b-9868-57a2d4851a1d" relativeResultsDirectory="d7afd00d-6686-4997-916e-f5dc4a7bb0d6" />
    <UnitTestResult executionId="60dc290f-10ad-4deb-8ab4-8f3cd31486f2" testId="a0b4900d-58a7-6c49-e3ef-b5a1981c7c38" testName="Should_not_retry_a_queue_held_exclusively_elsewhere" computerName="Edgars-iMac-2" duration="00:00:00.0055840" startTime="2026-08-12T08:00:04.8074680+00:00" endTime="2026-08-12T08:00:04.8129840+00:00" testType="13cdc9d9-ddb5-4fa4-a97d-d965ccfc6d4b" outcome="Passed" testListId="8c84fa94-04c1-424b-9868-57a2d4851a1d" relativeResultsDirectory="60dc290f-10ad-4deb-8ab4-8f3cd31486f2" />
    <UnitTestResult executionId="934deaf6-907f-4853-aa31-40f3c7aa4c90" testId="be2e2d41-98c1-61ca-a937-be6264271cd8" testName="Should_dispose_exactly_once_however_often_it_is_asked" computerName="Edgars-iMac-2" duration="00:00:00.0016410" startTime="2026-08-12T08:00:35.2778790+00:00" endTime="2026-08-12T08:00:35.2795190+00:00" testType="13cdc9d9-ddb5-4fa4-a97d-d965ccfc6d4b" outcome="Passed" testListId="8c84fa94-04c1-424b-9868-57a2d4851a1d" relativeResultsDirectory="934deaf6-907f-4853-aa31-40f3c7aa4c90" />
    <UnitTestResult executionId="715e722f-9818-4ed5-abce-2aab72081c37" testId="ffbd09a6-99bd-d372-5708-169731265937" testName="Should_retry_an_unreachable_broker" computerName="Edgars-iMac-2" duration="00:00:00.0026490" startTime="2026-08-12T08:00:04.8153630+00:00" endTime="2026-08-12T08:00:04.8180120+00:00" testType="13cdc9d9-ddb5-4fa4-a97d-d965ccfc6d4b" outcome="Passed" testListId="8c84fa94-04c1-424b-9868-57a2d4851a1d" relativeResultsDirectory="715e722f-9818-4ed5-abce-2aab72081c37" />
    <UnitTestResult executionId="ee3a27bb-a3e4-4883-8ea7-aa22ebfe5a01" testId="126c671c-06e0-7d20-1585-cb046c38f373" testName="Should_recognise_the_conflict_through_a_wrapped_cause" computerName="Edgars-iMac-2" duration="00:00:00.0001050" startTime="2026-08-12T08:00:04.8149150+00:00" endTime="2026-08-12T08:00:04.8150200+00:00" testType="13cdc9d9-ddb5-4fa4-a97d-d965ccfc6d4b" outcome="Passed" testListId="8c84fa94-04c1-424b-9868-57a2d4851a1d" relativeResultsDirectory="ee3a27bb-a3e4-4883-8ea7-aa22ebfe5a01" />
    <UnitTestResult executionId="f143f4b3-110e-4c37-acad-dacb048e4ba5" testId="7ed28a9a-e33a-b4ba-674b-18e7fc790e5b" testName="Should_not_retry_a_refused_credential" computerName="Edgars-iMac-2" duration="00:00:00.0002320" startTime="2026-08-12T08:00:04.8144340+00:00" endTime="2026-08-12T08:00:04.8146660+00:00" testType="13cdc9d9-ddb5-4fa4-a97d-d965ccfc6d4b" outcome="Passed" testListId="8c84fa94-04c1-424b-9868-57a2d4851a1d" relativeResultsDirectory="f143f4b3-110e-4c37-acad-dacb048e4ba5" />
    <UnitTestResult executionId="35fe8c1d-0971-471a-b9d9-14b07b278891" testId="c8590c35-bfa9-fa78-99f0-99fa4fe72539" testName="Should_retry_a_dropped_connection" computerName="Edgars-iMac-2" duration="00:00:00.0002340" startTime="2026-08-12T08:00:04.8150280+00:00" endTime="2026-08-12T08:00:04.8152620+00:00" testType="13cdc9d9-ddb5-4fa4-a97d-d965ccfc6d4b" outcome="Passed" testListId="8c84fa94-04c1-424b-9868-57a2d4851a1d" relativeResultsDirectory="35fe8c1d-0971-471a-b9d9-14b07b278891" />
    <UnitTestResult executionId="4adb70ab-79eb-4cfb-9af4-7785e1cea317" testId="2ad5d1d9-4739-4681-3471-e8bc8d4598b1" testName="Should_not_retry_the_conflict_when_the_channel_is_already_closed" computerName="Edgars-iMac-2" duration="00:00:00.0002270" startTime="2026-08-12T08:00:04.8146790+00:00" endTime="2026-08-12T08:00:04.8149060+00:00" testType="13cdc9d9-ddb5-4fa4-a97d-d965ccfc6d4b" outcome="Passed" testListId="8c84fa94-04c1-424b-9868-57a2d4851a1d" relativeResultsDirectory="4adb70ab-79eb-4cfb-9af4-7785e1cea317" />
    <UnitTestResult executionId="c8287c6b-ea69-40a0-848b-4056008a5f4b" testId="8072f994-19ff-4c87-f2f4-d5e33207b814" testName="Should_give_a_later_caller_the_reason_the_broker_gave" computerName="Edgars-iMac-2" duration="00:00:00.0064050" startTime="2026-08-12T08:00:35.2795750+00:00" endTime="2026-08-12T08:00:35.2859800+00:00" testType="13cdc9d9-ddb5-4fa4-a97d-d965ccfc6d4b" outcome="Passed" testListId="8c84fa94-04c1-424b-9868-57a2d4851a1d" relativeResultsDirectory="c8287c6b-ea69-40a0-848b-4056008a5f4b" />
    <UnitTestResult executionId="31af33fc-ff7d-4963-b637-5ce49fa9b7da" testId="8a3153fe-0117-d6cd-d6d2-792a304a697c" testName="Should_start_again_once_the_exclusive_queue_is_released" computerName="Edgars-iMac-2" duration="00:00:02.0832480" startTime="2026-08-12T08:00:33.1940640+00:00" endTime="2026-08-12T08:00:35.2773460+00:00" testType="13cdc9d9-ddb5-4fa4-a97d-d965ccfc6d4b" outcome="Passed" testListId="8c84fa94-04c1-424b-9868-57a2d4851a1d" relativeResultsDirectory="31af33fc-ff7d-4963-b637-5ce49fa9b7da" />
    <UnitTestResult executionId="66ee3bd6-9e21-47b0-9fa5-06e31685df3d" testId="4dbfa8d9-20d9-fb38-a3a9-964d893b4bc9" testName="Should_not_invent_a_reason_when_there_is_none" computerName="Edgars-iMac-2" duration="00:00:00.0003720" startTime="2026-08-12T08:00:35.2888500+00:00" endTime="2026-08-12T08:00:35.2892220+00:00" testType="13cdc9d9-ddb5-4fa4-a97d-d965ccfc6d4b" outcome="Passed" testListId="8c84fa94-04c1-424b-9868-57a2d4851a1d" relativeResultsDirectory="66ee3bd6-9e21-47b0-9fa5-06e31685df3d" />
    <UnitTestResult executionId="3be72b5a-b12d-4e74-acba-07936adc9a07" testId="2638dafc-538d-dc4a-0365-e279bbc1228c" testName="Should_show_that_an_ordinary_shutdown_is_also_reported_as_non_transient" computerName="Edgars-iMac-2" duration="00:00:00.0001920" startTime="2026-08-12T08:00:04.8180260+00:00" endTime="2026-08-12T08:00:04.8182180+00:00" testType="13cdc9d9-ddb5-4fa4-a97d-d965ccfc6d4b" outcome="Passed" testListId="8c84fa94-04c1-424b-9868-57a2d4851a1d" relativeResultsDirectory="3be72b5a-b12d-4e74-acba-07936adc9a07" />
  </Results>
  <TestDefinitions>
    <UnitTest name="Should_not_retry_a_refused_credential" storage="/users/edgar.liebold/downloads/vicione suite 2.0/repositories/vicione-servicebus/tests/vicione.servicebus.rabbitmqtransport.tests/bin/release/net9.0/vicione.servicebus.rabbitmqtransport.tests.dll" id="7ed28a9a-e33a-b4ba-674b-18e7fc790e5b">
      <Execution id="f143f4b3-110e-4c37-acad-dacb048e4ba5" />
      <TestMethod codeBase="/Users/edgar.liebold/Downloads/ViciOne Suite 2.0/repositories/vicione-servicebus/tests/ViciOne.ServiceBus.RabbitMqTransport.Tests/bin/Release/net9.0/ViciOne.ServiceBus.RabbitMqTransport.Tests.dll" adapterTypeName="executor://nunit3testexecutor/" className="ViciOne.ServiceBus.RabbitMqTransport.Tests.Classifying_a_broker_error" name="Should_not_retry_a_refused_credential" />
    </UnitTest>
    <UnitTest name="Should_recognise_the_conflict_through_a_wrapped_cause" storage="/users/edgar.liebold/downloads/vicione suite 2.0/repositories/vicione-servicebus/tests/vicione.servicebus.rabbitmqtransport.tests/bin/release/net9.0/vicione.servicebus.rabbitmqtransport.tests.dll" id="126c671c-06e0-7d20-1585-cb046c38f373">
      <Execution id="ee3a27bb-a3e4-4883-8ea7-aa22ebfe5a01" />
      <TestMethod codeBase="/Users/edgar.liebold/Downloads/ViciOne Suite 2.0/repositories/vicione-servicebus/tests/ViciOne.ServiceBus.RabbitMqTransport.Tests/bin/Release/net9.0/ViciOne.ServiceBus.RabbitMqTransport.Tests.dll" adapterTypeName="executor://nunit3testexecutor/" className="ViciOne.ServiceBus.RabbitMqTransport.Tests.Classifying_a_broker_error" name="Should_recognise_the_conflict_through_a_wrapped_cause" />
    </UnitTest>
    <UnitTest name="Should_refuse_a_new_operation_the_moment_it_is_invalidated" storage="/users/edgar.liebold/downloads/vicione suite 2.0/repositories/vicione-servicebus/tests/vicione.servicebus.rabbitmqtransport.tests/bin/release/net9.0/vicione.servicebus.rabbitmqtransport.tests.dll" id="89e6117c-9a49-d57e-5f0a-5ef64a74c8bc">
      <Execution id="76ed36c2-d136-482c-8fa8-6858bebb731a" />
      <TestMethod codeBase="/Users/edgar.liebold/Downloads/ViciOne Suite 2.0/repositories/vicione-servicebus/tests/ViciOne.ServiceBus.RabbitMqTransport.Tests/bin/Release/net9.0/ViciOne.ServiceBus.RabbitMqTransport.Tests.dll" adapterTypeName="executor://nunit3testexecutor/" className="ViciOne.ServiceBus.RabbitMqTransport.Tests.Owning_a_channel" name="Should_refuse_a_new_operation_the_moment_it_is_invalidated" />
    </UnitTest>
    <UnitTest name="Should_not_inherit_the_old_failure_after_a_restart" storage="/users/edgar.liebold/downloads/vicione suite 2.0/repositories/vicione-servicebus/tests/vicione.servicebus.rabbitmqtransport.tests/bin/release/net9.0/vicione.servicebus.rabbitmqtransport.tests.dll" id="9a800920-fccc-cf72-b976-be70490e6495">
      <Execution id="d7afd00d-6686-4997-916e-f5dc4a7bb0d6" />
      <TestMethod codeBase="/Users/edgar.liebold/Downloads/ViciOne Suite 2.0/repositories/vicione-servicebus/tests/ViciOne.ServiceBus.RabbitMqTransport.Tests/bin/Release/net9.0/ViciOne.ServiceBus.RabbitMqTransport.Tests.dll" adapterTypeName="executor://nunit3testexecutor/" className="ViciOne.ServiceBus.RabbitMqTransport.Tests.Failure_Specs" name="Should_not_inherit_the_old_failure_after_a_restart" />
    </UnitTest>
    <UnitTest name="Should_dispose_exactly_once_however_often_it_is_asked" storage="/users/edgar.liebold/downloads/vicione suite 2.0/repositories/vicione-servicebus/tests/vicione.servicebus.rabbitmqtransport.tests/bin/release/net9.0/vicione.servicebus.rabbitmqtransport.tests.dll" id="be2e2d41-98c1-61ca-a937-be6264271cd8">
      <Execution id="934deaf6-907f-4853-aa31-40f3c7aa4c90" />
      <TestMethod codeBase="/Users/edgar.liebold/Downloads/ViciOne Suite 2.0/repositories/vicione-servicebus/tests/ViciOne.ServiceBus.RabbitMqTransport.Tests/bin/Release/net9.0/ViciOne.ServiceBus.RabbitMqTransport.Tests.dll" adapterTypeName="executor://nunit3testexecutor/" className="ViciOne.ServiceBus.RabbitMqTransport.Tests.Owning_a_channel" name="Should_dispose_exactly_once_however_often_it_is_asked" />
    </UnitTest>
    <UnitTest name="Should_retry_an_unreachable_broker" storage="/users/edgar.liebold/downloads/vicione suite 2.0/repositories/vicione-servicebus/tests/vicione.servicebus.rabbitmqtransport.tests/bin/release/net9.0/vicione.servicebus.rabbitmqtransport.tests.dll" id="ffbd09a6-99bd-d372-5708-169731265937">
      <Execution id="715e722f-9818-4ed5-abce-2aab72081c37" />
      <TestMethod codeBase="/Users/edgar.liebold/Downloads/ViciOne Suite 2.0/repositories/vicione-servicebus/tests/ViciOne.ServiceBus.RabbitMqTransport.Tests/bin/Release/net9.0/ViciOne.ServiceBus.RabbitMqTransport.Tests.dll" adapterTypeName="executor://nunit3testexecutor/" className="ViciOne.ServiceBus.RabbitMqTransport.Tests.Classifying_a_broker_error" name="Should_retry_an_unreachable_broker" />
    </UnitTest>
    <UnitTest name="Should_not_retry_the_conflict_when_the_channel_is_already_closed" storage="/users/edgar.liebold/downloads/vicione suite 2.0/repositories/vicione-servicebus/tests/vicione.servicebus.rabbitmqtransport.tests/bin/release/net9.0/vicione.servicebus.rabbitmqtransport.tests.dll" id="2ad5d1d9-4739-4681-3471-e8bc8d4598b1">
      <Execution id="4adb70ab-79eb-4cfb-9af4-7785e1cea317" />
      <TestMethod codeBase="/Users/edgar.liebold/Downloads/ViciOne Suite 2.0/repositories/vicione-servicebus/tests/ViciOne.ServiceBus.RabbitMqTransport.Tests/bin/Release/net9.0/ViciOne.ServiceBus.RabbitMqTransport.Tests.dll" adapterTypeName="executor://nunit3testexecutor/" className="ViciOne.ServiceBus.RabbitMqTransport.Tests.Classifying_a_broker_error" name="Should_not_retry_the_conflict_when_the_channel_is_already_closed" />
    </UnitTest>
    <UnitTest name="Should_properly_fail_on_exclusive_launch" storage="/users/edgar.liebold/downloads/vicione suite 2.0/repositories/vicione-servicebus/tests/vicione.servicebus.rabbitmqtransport.tests/bin/release/net9.0/vicione.servicebus.rabbitmqtransport.tests.dll" id="51db8c78-a284-09e9-9358-290f3e17b2fe">
      <Execution id="025c5b6a-11b8-4e53-8d10-eeaa36ea5448" />
      <TestMethod codeBase="/Users/edgar.liebold/Downloads/ViciOne Suite 2.0/repositories/vicione-servicebus/tests/ViciOne.ServiceBus.RabbitMqTransport.Tests/bin/Release/net9.0/ViciOne.ServiceBus.RabbitMqTransport.Tests.dll" adapterTypeName="executor://nunit3testexecutor/" className="ViciOne.ServiceBus.RabbitMqTransport.Tests.Failure_Specs" name="Should_properly_fail_on_exclusive_launch" />
    </UnitTest>
    <UnitTest name="Should_show_that_an_ordinary_shutdown_is_also_reported_as_non_transient" storage="/users/edgar.liebold/downloads/vicione suite 2.0/repositories/vicione-servicebus/tests/vicione.servicebus.rabbitmqtransport.tests/bin/release/net9.0/vicione.servicebus.rabbitmqtransport.tests.dll" id="2638dafc-538d-dc4a-0365-e279bbc1228c">
      <Execution id="3be72b5a-b12d-4e74-acba-07936adc9a07" />
      <TestMethod codeBase="/Users/edgar.liebold/Downloads/ViciOne Suite 2.0/repositories/vicione-servicebus/tests/ViciOne.ServiceBus.RabbitMqTransport.Tests/bin/Release/net9.0/ViciOne.ServiceBus.RabbitMqTransport.Tests.dll" adapterTypeName="executor://nunit3testexecutor/" className="ViciOne.ServiceBus.RabbitMqTransport.Tests.Classifying_a_broker_error" name="Should_show_that_an_ordinary_shutdown_is_also_reported_as_non_transient" />
    </UnitTest>
    <UnitTest name="Should_not_dispose_while_an_operation_is_still_running" storage="/users/edgar.liebold/downloads/vicione suite 2.0/repositories/vicione-servicebus/tests/vicione.servicebus.rabbitmqtransport.tests/bin/release/net9.0/vicione.servicebus.rabbitmqtransport.tests.dll" id="39a8b0a4-0fd1-09e0-29da-ef2b7aa114c6">
      <Execution id="f399c84a-5bfe-44e8-a00c-1bf6045771b3" />
      <TestMethod codeBase="/Users/edgar.liebold/Downloads/ViciOne Suite 2.0/repositories/vicione-servicebus/tests/ViciOne.ServiceBus.RabbitMqTransport.Tests/bin/Release/net9.0/ViciOne.ServiceBus.RabbitMqTransport.Tests.dll" adapterTypeName="executor://nunit3testexecutor/" className="ViciOne.ServiceBus.RabbitMqTransport.Tests.Owning_a_channel" name="Should_not_dispose_while_an_operation_is_still_running" />
    </UnitTest>
    <UnitTest name="Should_start_again_once_the_exclusive_queue_is_released" storage="/users/edgar.liebold/downloads/vicione suite 2.0/repositories/vicione-servicebus/tests/vicione.servicebus.rabbitmqtransport.tests/bin/release/net9.0/vicione.servicebus.rabbitmqtransport.tests.dll" id="8a3153fe-0117-d6cd-d6d2-792a304a697c">
      <Execution id="31af33fc-ff7d-4963-b637-5ce49fa9b7da" />
      <TestMethod codeBase="/Users/edgar.liebold/Downloads/ViciOne Suite 2.0/repositories/vicione-servicebus/tests/ViciOne.ServiceBus.RabbitMqTransport.Tests/bin/Release/net9.0/ViciOne.ServiceBus.RabbitMqTransport.Tests.dll" adapterTypeName="executor://nunit3testexecutor/" className="ViciOne.ServiceBus.RabbitMqTransport.Tests.Failure_Specs" name="Should_start_again_once_the_exclusive_queue_is_released" />
    </UnitTest>
    <UnitTest name="Should_give_the_connection_back_when_the_connect_fails" storage="/users/edgar.liebold/downloads/vicione suite 2.0/repositories/vicione-servicebus/tests/vicione.servicebus.rabbitmqtransport.tests/bin/release/net9.0/vicione.servicebus.rabbitmqtransport.tests.dll" id="a156d794-ea46-a332-cf89-cb5661e251ab">
      <Execution id="1b7879d0-cfe0-43b7-8efc-3ec5fc050741" />
      <TestMethod codeBase="/Users/edgar.liebold/Downloads/ViciOne Suite 2.0/repositories/vicione-servicebus/tests/ViciOne.ServiceBus.RabbitMqTransport.Tests/bin/Release/net9.0/ViciOne.ServiceBus.RabbitMqTransport.Tests.dll" adapterTypeName="executor://nunit3testexecutor/" className="ViciOne.ServiceBus.RabbitMqTransport.Tests.Failure_Specs" name="Should_give_the_connection_back_when_the_connect_fails" />
    </UnitTest>
    <UnitTest name="Should_not_retry_a_queue_held_exclusively_elsewhere" storage="/users/edgar.liebold/downloads/vicione suite 2.0/repositories/vicione-servicebus/tests/vicione.servicebus.rabbitmqtransport.tests/bin/release/net9.0/vicione.servicebus.rabbitmqtransport.tests.dll" id="a0b4900d-58a7-6c49-e3ef-b5a1981c7c38">
      <Execution id="60dc290f-10ad-4deb-8ab4-8f3cd31486f2" />
      <TestMethod codeBase="/Users/edgar.liebold/Downloads/ViciOne Suite 2.0/repositories/vicione-servicebus/tests/ViciOne.ServiceBus.RabbitMqTransport.Tests/bin/Release/net9.0/ViciOne.ServiceBus.RabbitMqTransport.Tests.dll" adapterTypeName="executor://nunit3testexecutor/" className="ViciOne.ServiceBus.RabbitMqTransport.Tests.Classifying_a_broker_error" name="Should_not_retry_a_queue_held_exclusively_elsewhere" />
    </UnitTest>
    <UnitTest name="Should_wait_for_the_running_operation_before_its_own_disposal_returns" storage="/users/edgar.liebold/downloads/vicione suite 2.0/repositories/vicione-servicebus/tests/vicione.servicebus.rabbitmqtransport.tests/bin/release/net9.0/vicione.servicebus.rabbitmqtransport.tests.dll" id="3c992399-ff0e-1c6d-8d82-115a7562aee3">
      <Execution id="cc03b909-9d55-4275-875b-27fd1626b914" />
      <TestMethod codeBase="/Users/edgar.liebold/Downloads/ViciOne Suite 2.0/repositories/vicione-servicebus/tests/ViciOne.ServiceBus.RabbitMqTransport.Tests/bin/Release/net9.0/ViciOne.ServiceBus.RabbitMqTransport.Tests.dll" adapterTypeName="executor://nunit3testexecutor/" className="ViciOne.ServiceBus.RabbitMqTransport.Tests.Owning_a_channel" name="Should_wait_for_the_running_operation_before_its_own_disposal_returns" />
    </UnitTest>
    <UnitTest name="Should_retry_a_precondition_failure" storage="/users/edgar.liebold/downloads/vicione suite 2.0/repositories/vicione-servicebus/tests/vicione.servicebus.rabbitmqtransport.tests/bin/release/net9.0/vicione.servicebus.rabbitmqtransport.tests.dll" id="77d0159f-619a-bad2-a8af-59104343296d">
      <Execution id="6fec763c-7f75-4722-8a52-485a4262584c" />
      <TestMethod codeBase="/Users/edgar.liebold/Downloads/ViciOne Suite 2.0/repositories/vicione-servicebus/tests/ViciOne.ServiceBus.RabbitMqTransport.Tests/bin/Release/net9.0/ViciOne.ServiceBus.RabbitMqTransport.Tests.dll" adapterTypeName="executor://nunit3testexecutor/" className="ViciOne.ServiceBus.RabbitMqTransport.Tests.Classifying_a_broker_error" name="Should_retry_a_precondition_failure" />
    </UnitTest>
    <UnitTest name="Should_retry_a_dropped_connection" storage="/users/edgar.liebold/downloads/vicione suite 2.0/repositories/vicione-servicebus/tests/vicione.servicebus.rabbitmqtransport.tests/bin/release/net9.0/vicione.servicebus.rabbitmqtransport.tests.dll" id="c8590c35-bfa9-fa78-99f0-99fa4fe72539">
      <Execution id="35fe8c1d-0971-471a-b9d9-14b07b278891" />
      <TestMethod codeBase="/Users/edgar.liebold/Downloads/ViciOne Suite 2.0/repositories/vicione-servicebus/tests/ViciOne.ServiceBus.RabbitMqTransport.Tests/bin/Release/net9.0/ViciOne.ServiceBus.RabbitMqTransport.Tests.dll" adapterTypeName="executor://nunit3testexecutor/" className="ViciOne.ServiceBus.RabbitMqTransport.Tests.Classifying_a_broker_error" name="Should_retry_a_dropped_connection" />
    </UnitTest>
    <UnitTest name="Should_not_invent_a_reason_when_there_is_none" storage="/users/edgar.liebold/downloads/vicione suite 2.0/repositories/vicione-servicebus/tests/vicione.servicebus.rabbitmqtransport.tests/bin/release/net9.0/vicione.servicebus.rabbitmqtransport.tests.dll" id="4dbfa8d9-20d9-fb38-a3a9-964d893b4bc9">
      <Execution id="66ee3bd6-9e21-47b0-9fa5-06e31685df3d" />
      <TestMethod codeBase="/Users/edgar.liebold/Downloads/ViciOne Suite 2.0/repositories/vicione-servicebus/tests/ViciOne.ServiceBus.RabbitMqTransport.Tests/bin/Release/net9.0/ViciOne.ServiceBus.RabbitMqTransport.Tests.dll" adapterTypeName="executor://nunit3testexecutor/" className="ViciOne.ServiceBus.RabbitMqTransport.Tests.Owning_a_channel" name="Should_not_invent_a_reason_when_there_is_none" />
    </UnitTest>
    <UnitTest name="Should_give_a_later_caller_the_reason_the_broker_gave" storage="/users/edgar.liebold/downloads/vicione suite 2.0/repositories/vicione-servicebus/tests/vicione.servicebus.rabbitmqtransport.tests/bin/release/net9.0/vicione.servicebus.rabbitmqtransport.tests.dll" id="8072f994-19ff-4c87-f2f4-d5e33207b814">
      <Execution id="c8287c6b-ea69-40a0-848b-4056008a5f4b" />
      <TestMethod codeBase="/Users/edgar.liebold/Downloads/ViciOne Suite 2.0/repositories/vicione-servicebus/tests/ViciOne.ServiceBus.RabbitMqTransport.Tests/bin/Release/net9.0/ViciOne.ServiceBus.RabbitMqTransport.Tests.dll" adapterTypeName="executor://nunit3testexecutor/" className="ViciOne.ServiceBus.RabbitMqTransport.Tests.Owning_a_channel" name="Should_give_a_later_caller_the_reason_the_broker_gave" />
    </UnitTest>
    <UnitTest name="Should_give_every_waiting_caller_the_same_answer" storage="/users/edgar.liebold/downloads/vicione suite 2.0/repositories/vicione-servicebus/tests/vicione.servicebus.rabbitmqtransport.tests/bin/release/net9.0/vicione.servicebus.rabbitmqtransport.tests.dll" id="25f4e234-c20d-b8ee-2973-6aa071c92c1a">
      <Execution id="06a5b76a-0503-4bd1-9d4a-c22e699c2c9e" />
      <TestMethod codeBase="/Users/edgar.liebold/Downloads/ViciOne Suite 2.0/repositories/vicione-servicebus/tests/ViciOne.ServiceBus.RabbitMqTransport.Tests/bin/Release/net9.0/ViciOne.ServiceBus.RabbitMqTransport.Tests.dll" adapterTypeName="executor://nunit3testexecutor/" className="ViciOne.ServiceBus.RabbitMqTransport.Tests.Failure_Specs" name="Should_give_every_waiting_caller_the_same_answer" />
    </UnitTest>
  </TestDefinitions>
  <TestEntries>
    <TestEntry testId="89e6117c-9a49-d57e-5f0a-5ef64a74c8bc" executionId="76ed36c2-d136-482c-8fa8-6858bebb731a" testListId="8c84fa94-04c1-424b-9868-57a2d4851a1d" />
    <TestEntry testId="77d0159f-619a-bad2-a8af-59104343296d" executionId="6fec763c-7f75-4722-8a52-485a4262584c" testListId="8c84fa94-04c1-424b-9868-57a2d4851a1d" />
    <TestEntry testId="39a8b0a4-0fd1-09e0-29da-ef2b7aa114c6" executionId="f399c84a-5bfe-44e8-a00c-1bf6045771b3" testListId="8c84fa94-04c1-424b-9868-57a2d4851a1d" />
    <TestEntry testId="25f4e234-c20d-b8ee-2973-6aa071c92c1a" executionId="06a5b76a-0503-4bd1-9d4a-c22e699c2c9e" testListId="8c84fa94-04c1-424b-9868-57a2d4851a1d" />
    <TestEntry testId="a156d794-ea46-a332-cf89-cb5661e251ab" executionId="1b7879d0-cfe0-43b7-8efc-3ec5fc050741" testListId="8c84fa94-04c1-424b-9868-57a2d4851a1d" />
    <TestEntry testId="51db8c78-a284-09e9-9358-290f3e17b2fe" executionId="025c5b6a-11b8-4e53-8d10-eeaa36ea5448" testListId="8c84fa94-04c1-424b-9868-57a2d4851a1d" />
    <TestEntry testId="3c992399-ff0e-1c6d-8d82-115a7562aee3" executionId="cc03b909-9d55-4275-875b-27fd1626b914" testListId="8c84fa94-04c1-424b-9868-57a2d4851a1d" />
    <TestEntry testId="9a800920-fccc-cf72-b976-be70490e6495" executionId="d7afd00d-6686-4997-916e-f5dc4a7bb0d6" testListId="8c84fa94-04c1-424b-9868-57a2d4851a1d" />
    <TestEntry testId="a0b4900d-58a7-6c49-e3ef-b5a1981c7c38" executionId="60dc290f-10ad-4deb-8ab4-8f3cd31486f2" testListId="8c84fa94-04c1-424b-9868-57a2d4851a1d" />
    <TestEntry testId="be2e2d41-98c1-61ca-a937-be6264271cd8" executionId="934deaf6-907f-4853-aa31-40f3c7aa4c90" testListId="8c84fa94-04c1-424b-9868-57a2d4851a1d" />
    <TestEntry testId="ffbd09a6-99bd-d372-5708-169731265937" executionId="715e722f-9818-4ed5-abce-2aab72081c37" testListId="8c84fa94-04c1-424b-9868-57a2d4851a1d" />
    <TestEntry testId="126c671c-06e0-7d20-1585-cb046c38f373" executionId="ee3a27bb-a3e4-4883-8ea7-aa22ebfe5a01" testListId="8c84fa94-04c1-424b-9868-57a2d4851a1d" />
    <TestEntry testId="7ed28a9a-e33a-b4ba-674b-18e7fc790e5b" executionId="f143f4b3-110e-4c37-acad-dacb048e4ba5" testListId="8c84fa94-04c1-424b-9868-57a2d4851a1d" />
    <TestEntry testId="c8590c35-bfa9-fa78-99f0-99fa4fe72539" executionId="35fe8c1d-0971-471a-b9d9-14b07b278891" testListId="8c84fa94-04c1-424b-9868-57a2d4851a1d" />
    <TestEntry testId="2ad5d1d9-4739-4681-3471-e8bc8d4598b1" executionId="4adb70ab-79eb-4cfb-9af4-7785e1cea317" testListId="8c84fa94-04c1-424b-9868-57a2d4851a1d" />
    <TestEntry testId="8072f994-19ff-4c87-f2f4-d5e33207b814" executionId="c8287c6b-ea69-40a0-848b-4056008a5f4b" testListId="8c84fa94-04c1-424b-9868-57a2d4851a1d" />
    <TestEntry testId="8a3153fe-0117-d6cd-d6d2-792a304a697c" executionId="31af33fc-ff7d-4963-b637-5ce49fa9b7da" testListId="8c84fa94-04c1-424b-9868-57a2d4851a1d" />
    <TestEntry testId="4dbfa8d9-20d9-fb38-a3a9-964d893b4bc9" executionId="66ee3bd6-9e21-47b0-9fa5-06e31685df3d" testListId="8c84fa94-04c1-424b-9868-57a2d4851a1d" />
    <TestEntry testId="2638dafc-538d-dc4a-0365-e279bbc1228c" executionId="3be72b5a-b12d-4e74-acba-07936adc9a07" testListId="8c84fa94-04c1-424b-9868-57a2d4851a1d" />
  </TestEntries>
  <TestLists>
    <TestList name="Ergebnisse nicht in einer Liste" id="8c84fa94-04c1-424b-9868-57a2d4851a1d" />
    <TestList name="Alle geladenen Ergebnisse" id="19431567-8539-422a-85d7-44ee4e166bda" />
  </TestLists>
  <ResultSummary outcome="Completed">
    <Counters total="19" executed="19" passed="19" failed="0" error="0" timeout="0" aborted="0" inconclusive="0" passedButRunAborted="0" notRunnable="0" notExecuted="0" disconnected="0" warning="0" completed="0" inProgress="0" pending="0" />
    <Output>
      <StdOut>NUnit Adapter 6.1.0.0: Test execution started
Running selected tests in /Users/edgar.liebold/Downloads/ViciOne Suite 2.0/repositories/vicione-servicebus/tests/ViciOne.ServiceBus.RabbitMqTransport.Tests/bin/Release/net9.0/ViciOne.ServiceBus.RabbitMqTransport.Tests.dll
   NUnit3TestExecutor discovered 19 of 19 NUnit test cases using Current Discovery mode, Non-Explicit run
NUnit Adapter 6.1.0.0: Test execution complete
</StdOut>
    </Output>
  </ResultSummary>
</TestRun>