<?xml version="1.0" encoding="utf-8"?>
<TestRun id="8c7761b5-033f-4606-af81-b57a1a9871d0" name="@Edgars-iMac-2 2026-08-08 19:12:06" xmlns="http://microsoft.com/schemas/VisualStudio/TeamTest/2010">
  <Times creation="2026-08-08T19:12:06.4562170+02:00" queuing="2026-08-08T19:12:06.4562170+02:00" start="2026-08-08T19:11:05.0113560+02:00" finish="2026-08-08T19:12:06.4609400+02:00" />
  <TestSettings name="default" id="53d96188-e084-4bfb-986e-a019fe93b5a2">
    <Deployment runDeploymentRoot="_Edgars-iMac-2_2026-08-08_19_12_06" />
  </TestSettings>
  <Results>
    <UnitTestResult executionId="655b6847-9381-4b2f-a74a-4fc8ae2c216e" testId="19d67f10-5d66-943a-7211-775b28faf646" testName="Should_startup_and_shut_down_cleanly_with_an_endpoint" computerName="Edgars-iMac-2" duration="00:01:00.2821470" startTime="2026-08-08T19:11:06.0658370+02:00" endTime="2026-08-08T19:12:06.3496650+02:00" testType="13cdc9d9-ddb5-4fa4-a97d-d965ccfc6d4b" outcome="Passed" testListId="8c84fa94-04c1-424b-9868-57a2d4851a1d" relativeResultsDirectory="655b6847-9381-4b2f-a74a-4fc8ae2c216e">
      <Output>
        <StdOut>19:11:06.171-D Starting bus: rabbitmq://localhost/
19:11:06.196-D Connect: guest@localhost:5672/
19:11:06.248-D Connected: guest@localhost:5672/ (address: amqp://localhost:5672, local: 61112)
19:11:06.271-D Endpoint Ready: rabbitmq://localhost/EdgarsiMac2_testhost_bus_icfoyydppokgd1tebdxxkhyery?temporary=true
19:11:06.285-D Declare queue: name: input_queue, durable, consumer-count: 0 message-count: 3
19:11:06.286-D Declare exchange: name: input_queue, type: fanout, durable
19:11:06.288-D Declare exchange: name: ViciOne.ServiceBus.RabbitMqTransport.Tests:Failing_to_connect_to_rabbitmq-Test, type: fanout, durable
19:11:06.292-D Bind queue: source: input_queue, destination: input_queue
19:11:06.298-D Bind exchange: source: ViciOne.ServiceBus.RabbitMqTransport.Tests:Failing_to_connect_to_rabbitmq-Test, destination: input_queue
19:11:06.319-D Consumer Ok: rabbitmq://localhost/input_queue - amq.ctag-Sit_6ebGFskDR_1SLSj6fw
19:11:06.320-D Endpoint Ready: rabbitmq://localhost/input_queue
19:11:06.322-I Bus started: rabbitmq://localhost/
Waiting for connection...
19:11:06.394-D RECEIVE rabbitmq://localhost/input_queue 29420000-6d6c-1461-fc44-08def55e2a4a ViciOne.ServiceBus.RabbitMqTransport.Tests.Failing_to_connect_to_rabbitmq+Test ViciOne.ServiceBus.MessageHandler&lt;ViciOne.ServiceBus.RabbitMqTransport.Tests.Failing_to_connect_to_rabbitmq+Test&gt;(00:00:00.0012299)
19:11:06.394-D RECEIVE rabbitmq://localhost/input_queue ae0a0000-6d6c-1461-d700-08def57006f7 ViciOne.ServiceBus.RabbitMqTransport.Tests.Failing_to_connect_to_rabbitmq+Test ViciOne.ServiceBus.MessageHandler&lt;ViciOne.ServiceBus.RabbitMqTransport.Tests.Failing_to_connect_to_rabbitmq+Test&gt;(00:00:00.0012283)
19:11:06.394-D RECEIVE rabbitmq://localhost/input_queue 99760000-6d6c-1461-4f50-08def5628eb5 ViciOne.ServiceBus.RabbitMqTransport.Tests.Failing_to_connect_to_rabbitmq+Test ViciOne.ServiceBus.MessageHandler&lt;ViciOne.ServiceBus.RabbitMqTransport.Tests.Failing_to_connect_to_rabbitmq+Test&gt;(00:00:00.0012256)
19:12:06.326-D Stopping bus: rabbitmq://localhost/
19:12:06.331-D Endpoint Stopping: rabbitmq://localhost/input_queue
19:12:06.334-D Consumer Stopping: rabbitmq://localhost/input_queue (Stop Receive Transport)
19:12:06.336-W BasicCancel faulted: rabbitmq://localhost/input_queue - amq.ctag-Sit_6ebGFskDR_1SLSj6fw

System.Threading.Tasks.TaskCanceledException: A task was canceled.
   at RabbitMQ.Client.Impl.Channel.BasicCancelAsync(String consumerTag, Boolean noWait, CancellationToken cancellationToken)
   at ViciOne.ServiceBus.RabbitMqTransport.RabbitMqChannelContext.BasicCancel(String consumerTag, CancellationToken cancellationToken) in /Users/edgar.liebold/Downloads/ViciOne Suite 2.0/repositories/vicione-servicebus/src/Transports/ViciOne.ServiceBus.RabbitMqTransport/RabbitMqTransport/RabbitMqChannelContext.cs:line 149
   at ViciOne.ServiceBus.RabbitMqTransport.ScopeChannelContext.BasicCancel(String consumerTag, CancellationToken cancellationToken) in /Users/edgar.liebold/Downloads/ViciOne Suite 2.0/repositories/vicione-servicebus/src/Transports/ViciOne.ServiceBus.RabbitMqTransport/RabbitMqTransport/ScopeChannelContext.cs:line 129
   at ViciOne.ServiceBus.RabbitMqTransport.RabbitMqBasicConsumer.ActiveAndActualAgentsCompleted(StopContext context) in /Users/edgar.liebold/Downloads/ViciOne Suite 2.0/repositories/vicione-servicebus/src/Transports/ViciOne.ServiceBus.RabbitMqTransport/RabbitMqTransport/RabbitMqBasicConsumer.cs:line 156
19:12:06.349-I Bus stopped: rabbitmq://localhost/
19:12:06.349-D Endpoint Completed: rabbitmq://localhost/input_queue
19:12:06.351-D Consumer Completed: rabbitmq://localhost/input_queue: 3 received, 3 concurrent, amq.ctag-Sit_6ebGFskDR_1SLSj6fw</StdOut>
      </Output>
    </UnitTestResult>
  </Results>
  <TestDefinitions>
    <UnitTest name="Should_startup_and_shut_down_cleanly_with_an_endpoint" storage="/users/edgar.liebold/downloads/vicione suite 2.0/repositories/vicione-servicebus/tests/vicione.servicebus.rabbitmqtransport.tests/bin/release/net9.0/vicione.servicebus.rabbitmqtransport.tests.dll" id="19d67f10-5d66-943a-7211-775b28faf646">
      <Execution id="655b6847-9381-4b2f-a74a-4fc8ae2c216e" />
      <TestMethod codeBase="/Users/edgar.liebold/Downloads/ViciOne Suite 2.0/repositories/vicione-servicebus/tests/ViciOne.ServiceBus.RabbitMqTransport.Tests/bin/Release/net9.0/ViciOne.ServiceBus.RabbitMqTransport.Tests.dll" adapterTypeName="executor://nunit3testexecutor/" className="ViciOne.ServiceBus.RabbitMqTransport.Tests.Failing_to_connect_to_rabbitmq" name="Should_startup_and_shut_down_cleanly_with_an_endpoint" />
    </UnitTest>
  </TestDefinitions>
  <TestEntries>
    <TestEntry testId="19d67f10-5d66-943a-7211-775b28faf646" executionId="655b6847-9381-4b2f-a74a-4fc8ae2c216e" testListId="8c84fa94-04c1-424b-9868-57a2d4851a1d" />
  </TestEntries>
  <TestLists>
    <TestList name="Results Not in a List" id="8c84fa94-04c1-424b-9868-57a2d4851a1d" />
    <TestList name="All Loaded Results" id="19431567-8539-422a-85d7-44ee4e166bda" />
  </TestLists>
  <ResultSummary outcome="Completed">
    <Counters total="1" executed="1" passed="1" failed="0" error="0" timeout="0" aborted="0" inconclusive="0" passedButRunAborted="0" notRunnable="0" notExecuted="0" disconnected="0" warning="0" completed="0" inProgress="0" pending="0" />
    <Output>
      <StdOut>NUnit Adapter 6.1.0.0: Test execution started
Running selected tests in /Users/edgar.liebold/Downloads/ViciOne Suite 2.0/repositories/vicione-servicebus/tests/ViciOne.ServiceBus.RabbitMqTransport.Tests/bin/Release/net9.0/ViciOne.ServiceBus.RabbitMqTransport.Tests.dll
   NUnit3TestExecutor discovered 1 of 1 NUnit test cases using Current Discovery mode, Non-Explicit run
19:11:06.171-D Starting bus: rabbitmq://localhost/
19:11:06.196-D Connect: guest@localhost:5672/
19:11:06.248-D Connected: guest@localhost:5672/ (address: amqp://localhost:5672, local: 61112)
19:11:06.271-D Endpoint Ready: rabbitmq://localhost/EdgarsiMac2_testhost_bus_icfoyydppokgd1tebdxxkhyery?temporary=true
19:11:06.285-D Declare queue: name: input_queue, durable, consumer-count: 0 message-count: 3
19:11:06.286-D Declare exchange: name: input_queue, type: fanout, durable
19:11:06.288-D Declare exchange: name: ViciOne.ServiceBus.RabbitMqTransport.Tests:Failing_to_connect_to_rabbitmq-Test, type: fanout, durable
19:11:06.292-D Bind queue: source: input_queue, destination: input_queue
19:11:06.298-D Bind exchange: source: ViciOne.ServiceBus.RabbitMqTransport.Tests:Failing_to_connect_to_rabbitmq-Test, destination: input_queue
19:11:06.319-D Consumer Ok: rabbitmq://localhost/input_queue - amq.ctag-Sit_6ebGFskDR_1SLSj6fw
19:11:06.320-D Endpoint Ready: rabbitmq://localhost/input_queue
19:11:06.322-I Bus started: rabbitmq://localhost/
Waiting for connection...
19:11:06.394-D RECEIVE rabbitmq://localhost/input_queue 29420000-6d6c-1461-fc44-08def55e2a4a ViciOne.ServiceBus.RabbitMqTransport.Tests.Failing_to_connect_to_rabbitmq+Test ViciOne.ServiceBus.MessageHandler&lt;ViciOne.ServiceBus.RabbitMqTransport.Tests.Failing_to_connect_to_rabbitmq+Test&gt;(00:00:00.0012299)
19:11:06.394-D RECEIVE rabbitmq://localhost/input_queue ae0a0000-6d6c-1461-d700-08def57006f7 ViciOne.ServiceBus.RabbitMqTransport.Tests.Failing_to_connect_to_rabbitmq+Test ViciOne.ServiceBus.MessageHandler&lt;ViciOne.ServiceBus.RabbitMqTransport.Tests.Failing_to_connect_to_rabbitmq+Test&gt;(00:00:00.0012283)
19:11:06.394-D RECEIVE rabbitmq://localhost/input_queue 99760000-6d6c-1461-4f50-08def5628eb5 ViciOne.ServiceBus.RabbitMqTransport.Tests.Failing_to_connect_to_rabbitmq+Test ViciOne.ServiceBus.MessageHandler&lt;ViciOne.ServiceBus.RabbitMqTransport.Tests.Failing_to_connect_to_rabbitmq+Test&gt;(00:00:00.0012256)
19:12:06.326-D Stopping bus: rabbitmq://localhost/
19:12:06.331-D Endpoint Stopping: rabbitmq://localhost/input_queue
19:12:06.334-D Consumer Stopping: rabbitmq://localhost/input_queue (Stop Receive Transport)
19:12:06.336-W BasicCancel faulted: rabbitmq://localhost/input_queue - amq.ctag-Sit_6ebGFskDR_1SLSj6fw

System.Threading.Tasks.TaskCanceledException: A task was canceled.
   at RabbitMQ.Client.Impl.Channel.BasicCancelAsync(String consumerTag, Boolean noWait, CancellationToken cancellationToken)
   at ViciOne.ServiceBus.RabbitMqTransport.RabbitMqChannelContext.BasicCancel(String consumerTag, CancellationToken cancellationToken) in /Users/edgar.liebold/Downloads/ViciOne Suite 2.0/repositories/vicione-servicebus/src/Transports/ViciOne.ServiceBus.RabbitMqTransport/RabbitMqTransport/RabbitMqChannelContext.cs:line 149
   at ViciOne.ServiceBus.RabbitMqTransport.ScopeChannelContext.BasicCancel(String consumerTag, CancellationToken cancellationToken) in /Users/edgar.liebold/Downloads/ViciOne Suite 2.0/repositories/vicione-servicebus/src/Transports/ViciOne.ServiceBus.RabbitMqTransport/RabbitMqTransport/ScopeChannelContext.cs:line 129
   at ViciOne.ServiceBus.RabbitMqTransport.RabbitMqBasicConsumer.ActiveAndActualAgentsCompleted(StopContext context) in /Users/edgar.liebold/Downloads/ViciOne Suite 2.0/repositories/vicione-servicebus/src/Transports/ViciOne.ServiceBus.RabbitMqTransport/RabbitMqTransport/RabbitMqBasicConsumer.cs:line 156
19:12:06.349-I Bus stopped: rabbitmq://localhost/
19:12:06.349-D Endpoint Completed: rabbitmq://localhost/input_queue
19:12:06.351-D Consumer Completed: rabbitmq://localhost/input_queue: 3 received, 3 concurrent, amq.ctag-Sit_6ebGFskDR_1SLSj6fw

NUnit Adapter 6.1.0.0: Test execution complete
</StdOut>
    </Output>
  </ResultSummary>
</TestRun>