<?xml version="1.0" encoding="utf-8"?>
<TestRun id="5b9c7111-56b7-4dc4-88fa-e7c2f9ab5d09" name="@Edgars-iMac-2 2026-08-08 19:12:40" xmlns="http://microsoft.com/schemas/VisualStudio/TeamTest/2010">
  <Times creation="2026-08-08T19:12:40.0353950+02:00" queuing="2026-08-08T19:12:40.0353950+02:00" start="2026-08-08T19:12:36.3993720+02:00" finish="2026-08-08T19:12:40.0396350+02:00" />
  <TestSettings name="default" id="8f1a6b73-d009-4984-a417-17437d67a903">
    <Deployment runDeploymentRoot="_Edgars-iMac-2_2026-08-08_19_12_40" />
  </TestSettings>
  <Results>
    <UnitTestResult executionId="d3f49d43-3136-48d9-b2b0-4849714c5d57" testId="9b0b4d1e-f9a7-5690-08d2-c7095d04ecb4" testName="Should_have_published_the_job_faulted_event" computerName="Edgars-iMac-2" duration="00:00:00.0002970" startTime="2026-08-08T19:12:39.8796230+02:00" endTime="2026-08-08T19:12:39.8799200+02:00" testType="13cdc9d9-ddb5-4fa4-a97d-d965ccfc6d4b" outcome="Passed" testListId="8c84fa94-04c1-424b-9868-57a2d4851a1d" relativeResultsDirectory="d3f49d43-3136-48d9-b2b0-4849714c5d57" />
    <UnitTestResult executionId="98099e17-90f9-4b3b-9a8d-dd795123b7a4" testId="cf1baca2-5af5-97c9-75f1-4750b0264498" testName="Should_have_published_the_job_submitted_event" computerName="Edgars-iMac-2" duration="00:00:00.0003750" startTime="2026-08-08T19:12:39.8788660+02:00" endTime="2026-08-08T19:12:39.8792400+02:00" testType="13cdc9d9-ddb5-4fa4-a97d-d965ccfc6d4b" outcome="Passed" testListId="8c84fa94-04c1-424b-9868-57a2d4851a1d" relativeResultsDirectory="98099e17-90f9-4b3b-9a8d-dd795123b7a4" />
    <UnitTestResult executionId="a9b2e037-bec8-4697-8fa8-06fbefeca352" testId="e999e35f-a04b-fd14-bcc2-5715bed7b054" testName="Should_get_the_job_accepted" computerName="Edgars-iMac-2" duration="00:00:01.4260679" startTime="2026-08-08T19:12:38.4515420+02:00" endTime="2026-08-08T19:12:39.8775890+02:00" testType="13cdc9d9-ddb5-4fa4-a97d-d965ccfc6d4b" outcome="Passed" testListId="8c84fa94-04c1-424b-9868-57a2d4851a1d" relativeResultsDirectory="a9b2e037-bec8-4697-8fa8-06fbefeca352">
      <Output>
        <StdOut>19:12:38.558-D Declare exchange: name: ViciOne.ServiceBus.Contracts.JobService:SubmitJob--ViciOne.ServiceBus.RabbitMqTransport.Tests.Turnout:GrindTheGears--, type: fanout, durable
19:12:38.582-D SEND rabbitmq://localhost:32898/test/ViciOne.ServiceBus.Contracts.JobService:SubmitJob--ViciOne.ServiceBus.RabbitMqTransport.Tests.Turnout:GrindTheGears-- 68100000-6d6c-1461-d7a4-08def5703f97 ViciOne.ServiceBus.Contracts.JobService.SubmitJob&lt;ViciOne.ServiceBus.RabbitMqTransport.Tests.Turnout.GrindTheGears&gt;
19:12:38.598-D Declare exchange: name: ViciOne.ServiceBus.Contracts.JobService:JobSubmitted, type: fanout, durable
19:12:38.610-D SEND rabbitmq://localhost:32898/test/ViciOne.ServiceBus.Contracts.JobService:JobSubmitted 68100000-6d6c-1461-698a-08def5703fa2 ViciOne.ServiceBus.Contracts.JobService.JobSubmitted
19:12:38.612-D Create send transport: rabbitmq://localhost:32898/test/EdgarsiMac2_testhost_bus_pyeyyydppokgdptrbdxxkhb687?temporary=true
19:12:38.612-D SAGA:ViciOne.ServiceBus.JobSaga:68100000-6d6c-1461-2970-08def5703ee4 Created ViciOne.ServiceBus.Contracts.JobService.JobSubmitted
19:12:38.620-D SAGA:ViciOne.ServiceBus.JobSaga:68100000-6d6c-1461-2970-08def5703ee4 Added ViciOne.ServiceBus.Contracts.JobService.JobSubmitted
19:12:38.621-D RECEIVE rabbitmq://localhost:32898/test/input_queue 68100000-6d6c-1461-698a-08def5703fa2 ViciOne.ServiceBus.Contracts.JobService.JobSubmitted ViciOne.ServiceBus.MessageHandler&lt;ViciOne.ServiceBus.Contracts.JobService.JobSubmitted&gt;(00:00:00.0081193)
19:12:38.626-D Declare exchange: name: EdgarsiMac2_testhost_bus_pyeyyydppokgdptrbdxxkhb687, type: fanout, auto-delete
19:12:38.629-D Create send transport: rabbitmq://localhost:32898/test/job-type
19:12:38.631-D SEND rabbitmq://localhost:32898/test/EdgarsiMac2_testhost_bus_pyeyyydppokgdptrbdxxkhb687?temporary=true 68100000-6d6c-1461-4db2-08def5703fa5 ViciOne.ServiceBus.Contracts.JobService.JobSubmissionAccepted
19:12:38.633-D RECEIVE rabbitmq://localhost:32898/test/grind-the-gears 68100000-6d6c-1461-d7a4-08def5703f97 ViciOne.ServiceBus.Contracts.JobService.SubmitJob&lt;ViciOne.ServiceBus.RabbitMqTransport.Tests.Turnout.GrindTheGears&gt; ViciOne.ServiceBus.JobService.SubmitJobConsumer&lt;ViciOne.ServiceBus.RabbitMqTransport.Tests.Turnout.GrindTheGears&gt;(00:00:00.0465706)
19:12:38.633-D RECEIVE rabbitmq://localhost:32898/test/job 68100000-6d6c-1461-698a-08def5703fa2 ViciOne.ServiceBus.Contracts.JobService.JobSubmitted ViciOne.ServiceBus.JobSaga(00:00:00.0216935)
19:12:38.634-D RECEIVE rabbitmq://localhost:32898/test/EdgarsiMac2_testhost_bus_pyeyyydppokgdptrbdxxkhb687?temporary=true 68100000-6d6c-1461-4db2-08def5703fa5 ViciOne.ServiceBus.Contracts.JobService.JobSubmissionAccepted ViciOne.ServiceBus.MessageHandler&lt;ViciOne.ServiceBus.Contracts.JobService.JobSubmissionAccepted&gt;(00:00:00.0001597)
19:12:38.638-D Declare exchange: name: job-type, type: fanout, durable
19:12:38.645-D SEND rabbitmq://localhost:32898/test/job-type 68100000-6d6c-1461-b3f8-08def5703fa8 ViciOne.ServiceBus.Contracts.JobService.AllocateJobSlot
19:12:38.646-D SAGA:ViciOne.ServiceBus.JobTypeSaga:9294b739-f6d2-7515-0e10-27b6239b2ead Used ViciOne.ServiceBus.Contracts.JobService.AllocateJobSlot
19:12:38.655-D Allocated Job Slot: 68100000-6d6c-1461-2970-08def5703ee4 (1): rabbitmq://localhost:32898/test/instance-pyeyyydppokgd7jkbdxxkhb686?temporary=true (1)
19:12:38.655-D Create send transport: rabbitmq://localhost:32898/test/job
19:12:38.656-D RECEIVE rabbitmq://localhost:32898/test/job-type 68100000-6d6c-1461-b3f8-08def5703fa8 ViciOne.ServiceBus.Contracts.JobService.AllocateJobSlot ViciOne.ServiceBus.JobTypeSaga(00:00:00.0110163)
19:12:38.658-D Declare exchange: name: job, type: fanout, durable
19:12:38.674-D SEND rabbitmq://localhost:32898/test/job 68100000-6d6c-1461-062a-08def5703fac ViciOne.ServiceBus.Contracts.JobService.JobSlotAllocated
19:12:38.675-D SAGA:ViciOne.ServiceBus.JobSaga:68100000-6d6c-1461-2970-08def5703ee4 Used ViciOne.ServiceBus.Contracts.JobService.JobSlotAllocated
19:12:38.676-D Create send transport: rabbitmq://localhost:32898/test/job-attempt
19:12:38.678-D RECEIVE rabbitmq://localhost:32898/test/job 68100000-6d6c-1461-062a-08def5703fac ViciOne.ServiceBus.Contracts.JobService.JobSlotAllocated ViciOne.ServiceBus.JobSaga(00:00:00.0030488)
19:12:38.679-D Declare exchange: name: job-attempt, type: fanout, durable
19:12:38.690-D SEND rabbitmq://localhost:32898/test/job-attempt 68100000-6d6c-1461-4858-08def5703faf ViciOne.ServiceBus.Contracts.JobService.StartJobAttempt
19:12:38.693-D SAGA:ViciOne.ServiceBus.JobAttemptSaga:68100000-6d6c-1461-153e-08def5703fa7 Created ViciOne.ServiceBus.Contracts.JobService.StartJobAttempt
19:12:38.693-D SAGA:ViciOne.ServiceBus.JobAttemptSaga:68100000-6d6c-1461-153e-08def5703fa7 Added ViciOne.ServiceBus.Contracts.JobService.StartJobAttempt
19:12:38.704-D Create send transport: rabbitmq://localhost:32898/test/job-attempt
19:12:38.706-D Declare exchange: name: job-attempt, type: fanout, durable
19:12:38.713-D Declare exchange: name: job-attempt_delay, type: x-delayed-message, durable, x-delayed-type: fanout
19:12:38.713-D Declare exchange: name: job-attempt, type: fanout, durable
19:12:38.718-D Bind exchange: source: job-attempt_delay, destination: job-attempt
19:12:38.725-D SEND rabbitmq://localhost:32898/test/job-attempt 68100000-6d6c-1461-4516-08def5703fb3 ViciOne.ServiceBus.Contracts.JobService.JobStatusCheckRequested
19:12:38.727-D Create send transport: rabbitmq://localhost:32898/test/instance-pyeyyydppokgd7jkbdxxkhb686?temporary=true
19:12:38.731-D RECEIVE rabbitmq://localhost:32898/test/job-attempt 68100000-6d6c-1461-4858-08def5703faf ViciOne.ServiceBus.Contracts.JobService.StartJobAttempt ViciOne.ServiceBus.JobAttemptSaga(00:00:00.0387109)
19:12:38.733-D Declare exchange: name: instance-pyeyyydppokgd7jkbdxxkhb686, type: fanout, auto-delete
19:12:38.739-D SEND rabbitmq://localhost:32898/test/instance-pyeyyydppokgd7jkbdxxkhb686?temporary=true 68100000-6d6c-1461-7b0e-08def5703fb7 ViciOne.ServiceBus.Contracts.JobService.StartJob
19:12:38.746-D Executing job: ViciOne.ServiceBus.RabbitMqTransport.Tests.Turnout.GrindTheGears 68100000-6d6c-1461-2970-08def5703ee4 (0)
19:12:38.750-D Job Started: 68100000-6d6c-1461-2970-08def5703ee4 68100000-6d6c-1461-153e-08def5703fa7 (0)
19:12:38.754-D Declare exchange: name: ViciOne.ServiceBus.Contracts.JobService:JobAttemptStarted, type: fanout, durable
19:12:38.756-D RECEIVE rabbitmq://localhost:32898/test/instance-pyeyyydppokgd7jkbdxxkhb686?temporary=true 68100000-6d6c-1461-7b0e-08def5703fb7 ViciOne.ServiceBus.Contracts.JobService.StartJob ViciOne.ServiceBus.JobService.StartJobConsumer&lt;ViciOne.ServiceBus.RabbitMqTransport.Tests.Turnout.GrindTheGears&gt;(00:00:00.0148359)
19:12:38.762-D SAGA:ViciOne.ServiceBus.JobSaga:68100000-6d6c-1461-2970-08def5703ee4 Used ViciOne.ServiceBus.Contracts.JobService.JobAttemptStarted
19:12:38.762-D SEND rabbitmq://localhost:32898/test/ViciOne.ServiceBus.Contracts.JobService:JobAttemptStarted 68100000-6d6c-1461-a0a4-08def5703fba ViciOne.ServiceBus.Contracts.JobService.JobAttemptStarted
19:12:38.762-D SAGA:ViciOne.ServiceBus.JobAttemptSaga:68100000-6d6c-1461-153e-08def5703fa7 Used ViciOne.ServiceBus.Contracts.JobService.JobAttemptStarted
19:12:38.763-D RECEIVE rabbitmq://localhost:32898/test/job-attempt 68100000-6d6c-1461-a0a4-08def5703fba ViciOne.ServiceBus.Contracts.JobService.JobAttemptStarted ViciOne.ServiceBus.JobAttemptSaga(00:00:00.0018438)
19:12:38.766-D RECEIVE rabbitmq://localhost:32898/test/job 68100000-6d6c-1461-a0a4-08def5703fba ViciOne.ServiceBus.Contracts.JobService.JobAttemptStarted ViciOne.ServiceBus.JobSaga(00:00:00.0044397)
19:12:38.766-D Declare exchange: name: ViciOne.ServiceBus.Contracts.JobService:JobStarted--ViciOne.ServiceBus.RabbitMqTransport.Tests.Turnout:GrindTheGears--, type: fanout, durable
19:12:38.768-D Declare exchange: name: ViciOne.ServiceBus.Contracts.JobService:JobStarted, type: fanout, durable
19:12:38.775-D RECEIVE rabbitmq://localhost:32898/test/input_queue 68100000-6d6c-1461-bf2e-08def5703fbc ViciOne.ServiceBus.Contracts.JobService.JobStarted ViciOne.ServiceBus.MessageHandler&lt;ViciOne.ServiceBus.Contracts.JobService.JobStarted&gt;(00:00:00.0002092)
19:12:38.775-D SEND rabbitmq://localhost:32898/test/ViciOne.ServiceBus.Contracts.JobService:JobStarted 68100000-6d6c-1461-bf2e-08def5703fbc ViciOne.ServiceBus.Contracts.JobService.JobStarted
19:12:38.775-D SEND rabbitmq://localhost:32898/test/ViciOne.ServiceBus.Contracts.JobService:JobStarted--ViciOne.ServiceBus.RabbitMqTransport.Tests.Turnout:GrindTheGears-- 68100000-6d6c-1461-834c-08def5703fbc ViciOne.ServiceBus.Contracts.JobService.JobStarted&lt;ViciOne.ServiceBus.RabbitMqTransport.Tests.Turnout.GrindTheGears&gt;
19:12:39.780-D Job Faulted: 68100000-6d6c-1461-2970-08def5703ee4 68100000-6d6c-1461-153e-08def5703fa7 (0)

ViciOne.ServiceBus.TestFramework.IntentionalTestException: Grinding gears, dropped the transmission
   at ViciOne.ServiceBus.RabbitMqTransport.Tests.Turnout.Submitting_a_job_to_turnout_that_faults.GrindTheGearsConsumer.Run(JobContext`1 context) in /Users/edgar.liebold/Downloads/ViciOne Suite 2.0/repositories/vicione-servicebus/tests/ViciOne.ServiceBus.RabbitMqTransport.Tests/Turnout/Faulted_Specs.cs:line 115
   at ViciOne.ServiceBus.Middleware.JobConsumerMessageFilter`2.RunJob(PipeContext context, IJobConsumer`1 jobConsumer) in /Users/edgar.liebold/Downloads/ViciOne Suite 2.0/repositories/vicione-servicebus/src/ViciOne.ServiceBus/Middleware/JobConsumerMessageFilter.cs:line 53
19:12:39.810-D Declare exchange: name: ViciOne.ServiceBus.Contracts.JobService:JobAttemptFaulted, type: fanout, durable
19:12:39.821-D SEND rabbitmq://localhost:32898/test/ViciOne.ServiceBus.Contracts.JobService:JobAttemptFaulted 68100000-6d6c-1461-b638-08def570405b ViciOne.ServiceBus.Contracts.JobService.JobAttemptFaulted
19:12:39.822-D RECEIVE rabbitmq://localhost:32898/test/instance-pyeyyydppokgd7jkbdxxkhb686?temporary=true 68100000-6d6c-1461-7b0e-08def5703fb7 ViciOne.ServiceBus.Contracts.JobService.StartJob ViciOne.ServiceBus.RabbitMqTransport.Tests.Turnout.Submitting_a_job_to_turnout_that_faults+GrindTheGearsConsumer(00:00:01.0755010)
19:12:39.823-D SAGA:ViciOne.ServiceBus.JobAttemptSaga:68100000-6d6c-1461-153e-08def5703fa7 Used ViciOne.ServiceBus.Contracts.JobService.JobAttemptFaulted
19:12:39.823-D SAGA:ViciOne.ServiceBus.JobSaga:68100000-6d6c-1461-2970-08def5703ee4 Used ViciOne.ServiceBus.Contracts.JobService.JobAttemptFaulted
19:12:39.823-D Removed job: 68100000-6d6c-1461-2970-08def5703ee4 (RanToCompletion)
19:12:39.825-D Create send transport: rabbitmq://localhost:32898/test/grind-the-gears
19:12:39.827-D RECEIVE rabbitmq://localhost:32898/test/job-attempt 68100000-6d6c-1461-b638-08def570405b ViciOne.ServiceBus.Contracts.JobService.JobAttemptFaulted ViciOne.ServiceBus.JobAttemptSaga(00:00:00.0044198)
19:12:39.830-D RECEIVE rabbitmq://localhost:32898/test/job 68100000-6d6c-1461-b638-08def570405b ViciOne.ServiceBus.Contracts.JobService.JobAttemptFaulted ViciOne.ServiceBus.JobSaga(00:00:00.0076906)
19:12:39.843-D Declare exchange: name: grind-the-gears, type: fanout, durable
19:12:39.850-D SEND rabbitmq://localhost:32898/test/grind-the-gears 68100000-6d6c-1461-2480-08def570405f ViciOne.ServiceBus.Contracts.JobService.FaultJob
19:12:39.852-D Declare exchange: name: ViciOne.ServiceBus.Contracts.JobService:JobFaulted, type: fanout, durable
19:12:39.859-D SEND rabbitmq://localhost:32898/test/ViciOne.ServiceBus.Contracts.JobService:JobFaulted 68100000-6d6c-1461-2df6-08def5704062 ViciOne.ServiceBus.Contracts.JobService.JobFaulted
19:12:39.859-D RECEIVE rabbitmq://localhost:32898/test/input_queue 68100000-6d6c-1461-2df6-08def5704062 ViciOne.ServiceBus.Contracts.JobService.JobFaulted ViciOne.ServiceBus.MessageHandler&lt;ViciOne.ServiceBus.Contracts.JobService.JobFaulted&gt;(00:00:00.0002244)
19:12:39.861-D Declare exchange: name: ViciOne.ServiceBus:Fault--ViciOne.ServiceBus.RabbitMqTransport.Tests.Turnout:GrindTheGears--, type: fanout, durable
19:12:39.861-D Declare exchange: name: ViciOne.ServiceBus:Fault, type: fanout, durable
19:12:39.866-D Bind exchange: source: ViciOne.ServiceBus:Fault--ViciOne.ServiceBus.RabbitMqTransport.Tests.Turnout:GrindTheGears--, destination: ViciOne.ServiceBus:Fault
19:12:39.870-D SEND rabbitmq://localhost:32898/test/job-type 68100000-6d6c-1461-8796-08def5704063 ViciOne.ServiceBus.Contracts.JobService.JobSlotReleased
19:12:39.870-D SAGA:ViciOne.ServiceBus.JobTypeSaga:9294b739-f6d2-7515-0e10-27b6239b2ead Used ViciOne.ServiceBus.Contracts.JobService.JobSlotReleased
19:12:39.872-D Released Job Slot: 68100000-6d6c-1461-2970-08def5703ee4 (0): rabbitmq://localhost:32898/test/instance-pyeyyydppokgd7jkbdxxkhb686?temporary=true
19:12:39.873-D RECEIVE rabbitmq://localhost:32898/test/job-type 68100000-6d6c-1461-8796-08def5704063 ViciOne.ServiceBus.Contracts.JobService.JobSlotReleased ViciOne.ServiceBus.JobTypeSaga(00:00:00.0025066)
19:12:39.875-D SEND rabbitmq://localhost:32898/test/ViciOne.ServiceBus:Fault--ViciOne.ServiceBus.RabbitMqTransport.Tests.Turnout:GrindTheGears-- 68100000-6d6c-1461-1180-08def5704063 ViciOne.ServiceBus.Fault&lt;ViciOne.ServiceBus.RabbitMqTransport.Tests.Turnout.GrindTheGears&gt;
19:12:39.876-D RECEIVE rabbitmq://localhost:32898/test/grind-the-gears 68100000-6d6c-1461-2480-08def570405f ViciOne.ServiceBus.Contracts.JobService.FaultJob ViciOne.ServiceBus.JobService.FinalizeJobConsumer&lt;ViciOne.ServiceBus.RabbitMqTransport.Tests.Turnout.GrindTheGears&gt;(00:00:00.0260058)
19:12:39.877-D RECEIVE rabbitmq://localhost:32898/test/input_queue 68100000-6d6c-1461-1180-08def5704063 ViciOne.ServiceBus.Fault&lt;ViciOne.ServiceBus.RabbitMqTransport.Tests.Turnout.GrindTheGears&gt; ViciOne.ServiceBus.MessageHandler&lt;Fault&lt;ViciOne.ServiceBus.RabbitMqTransport.Tests.Turnout.GrindTheGears&gt;&gt;(00:00:00.0003720)</StdOut>
      </Output>
    </UnitTestResult>
    <UnitTestResult executionId="9e5509ff-036b-487d-b4ca-7253f6d19079" testId="a203eaa2-0a13-f04b-3de7-c0e321a4457a" testName="Should_have_published_the_job_started_event" computerName="Edgars-iMac-2" duration="00:00:00.0003410" startTime="2026-08-08T19:12:39.8792690+02:00" endTime="2026-08-08T19:12:39.8796110+02:00" testType="13cdc9d9-ddb5-4fa4-a97d-d965ccfc6d4b" outcome="Passed" testListId="8c84fa94-04c1-424b-9868-57a2d4851a1d" relativeResultsDirectory="9e5509ff-036b-487d-b4ca-7253f6d19079" />
    <UnitTestResult executionId="08ac19f1-2975-46be-a011-b4bec154fc4e" testId="aefdf780-fb26-f67d-b1a9-7c9782a62de3" testName="Should_have_published_the_fault_event" computerName="Edgars-iMac-2" duration="00:00:00.0003150" startTime="2026-08-08T19:12:39.8799310+02:00" endTime="2026-08-08T19:12:39.8802460+02:00" testType="13cdc9d9-ddb5-4fa4-a97d-d965ccfc6d4b" outcome="Passed" testListId="8c84fa94-04c1-424b-9868-57a2d4851a1d" relativeResultsDirectory="08ac19f1-2975-46be-a011-b4bec154fc4e" />
  </Results>
  <TestDefinitions>
    <UnitTest name="Should_have_published_the_job_submitted_event" storage="/users/edgar.liebold/downloads/vicione suite 2.0/repositories/vicione-servicebus/tests/vicione.servicebus.rabbitmqtransport.tests/bin/release/net9.0/vicione.servicebus.rabbitmqtransport.tests.dll" id="cf1baca2-5af5-97c9-75f1-4750b0264498">
      <Execution id="98099e17-90f9-4b3b-9a8d-dd795123b7a4" />
      <TestMethod codeBase="/Users/edgar.liebold/Downloads/ViciOne Suite 2.0/repositories/vicione-servicebus/tests/ViciOne.ServiceBus.RabbitMqTransport.Tests/bin/Release/net9.0/ViciOne.ServiceBus.RabbitMqTransport.Tests.dll" adapterTypeName="executor://nunit3testexecutor/" className="ViciOne.ServiceBus.RabbitMqTransport.Tests.Turnout.Submitting_a_job_to_turnout_that_faults" name="Should_have_published_the_job_submitted_event" />
    </UnitTest>
    <UnitTest name="Should_have_published_the_job_started_event" storage="/users/edgar.liebold/downloads/vicione suite 2.0/repositories/vicione-servicebus/tests/vicione.servicebus.rabbitmqtransport.tests/bin/release/net9.0/vicione.servicebus.rabbitmqtransport.tests.dll" id="a203eaa2-0a13-f04b-3de7-c0e321a4457a">
      <Execution id="9e5509ff-036b-487d-b4ca-7253f6d19079" />
      <TestMethod codeBase="/Users/edgar.liebold/Downloads/ViciOne Suite 2.0/repositories/vicione-servicebus/tests/ViciOne.ServiceBus.RabbitMqTransport.Tests/bin/Release/net9.0/ViciOne.ServiceBus.RabbitMqTransport.Tests.dll" adapterTypeName="executor://nunit3testexecutor/" className="ViciOne.ServiceBus.RabbitMqTransport.Tests.Turnout.Submitting_a_job_to_turnout_that_faults" name="Should_have_published_the_job_started_event" />
    </UnitTest>
    <UnitTest name="Should_get_the_job_accepted" storage="/users/edgar.liebold/downloads/vicione suite 2.0/repositories/vicione-servicebus/tests/vicione.servicebus.rabbitmqtransport.tests/bin/release/net9.0/vicione.servicebus.rabbitmqtransport.tests.dll" id="e999e35f-a04b-fd14-bcc2-5715bed7b054">
      <Execution id="a9b2e037-bec8-4697-8fa8-06fbefeca352" />
      <TestMethod codeBase="/Users/edgar.liebold/Downloads/ViciOne Suite 2.0/repositories/vicione-servicebus/tests/ViciOne.ServiceBus.RabbitMqTransport.Tests/bin/Release/net9.0/ViciOne.ServiceBus.RabbitMqTransport.Tests.dll" adapterTypeName="executor://nunit3testexecutor/" className="ViciOne.ServiceBus.RabbitMqTransport.Tests.Turnout.Submitting_a_job_to_turnout_that_faults" name="Should_get_the_job_accepted" />
    </UnitTest>
    <UnitTest name="Should_have_published_the_fault_event" storage="/users/edgar.liebold/downloads/vicione suite 2.0/repositories/vicione-servicebus/tests/vicione.servicebus.rabbitmqtransport.tests/bin/release/net9.0/vicione.servicebus.rabbitmqtransport.tests.dll" id="aefdf780-fb26-f67d-b1a9-7c9782a62de3">
      <Execution id="08ac19f1-2975-46be-a011-b4bec154fc4e" />
      <TestMethod codeBase="/Users/edgar.liebold/Downloads/ViciOne Suite 2.0/repositories/vicione-servicebus/tests/ViciOne.ServiceBus.RabbitMqTransport.Tests/bin/Release/net9.0/ViciOne.ServiceBus.RabbitMqTransport.Tests.dll" adapterTypeName="executor://nunit3testexecutor/" className="ViciOne.ServiceBus.RabbitMqTransport.Tests.Turnout.Submitting_a_job_to_turnout_that_faults" name="Should_have_published_the_fault_event" />
    </UnitTest>
    <UnitTest name="Should_have_published_the_job_faulted_event" storage="/users/edgar.liebold/downloads/vicione suite 2.0/repositories/vicione-servicebus/tests/vicione.servicebus.rabbitmqtransport.tests/bin/release/net9.0/vicione.servicebus.rabbitmqtransport.tests.dll" id="9b0b4d1e-f9a7-5690-08d2-c7095d04ecb4">
      <Execution id="d3f49d43-3136-48d9-b2b0-4849714c5d57" />
      <TestMethod codeBase="/Users/edgar.liebold/Downloads/ViciOne Suite 2.0/repositories/vicione-servicebus/tests/ViciOne.ServiceBus.RabbitMqTransport.Tests/bin/Release/net9.0/ViciOne.ServiceBus.RabbitMqTransport.Tests.dll" adapterTypeName="executor://nunit3testexecutor/" className="ViciOne.ServiceBus.RabbitMqTransport.Tests.Turnout.Submitting_a_job_to_turnout_that_faults" name="Should_have_published_the_job_faulted_event" />
    </UnitTest>
  </TestDefinitions>
  <TestEntries>
    <TestEntry testId="9b0b4d1e-f9a7-5690-08d2-c7095d04ecb4" executionId="d3f49d43-3136-48d9-b2b0-4849714c5d57" testListId="8c84fa94-04c1-424b-9868-57a2d4851a1d" />
    <TestEntry testId="cf1baca2-5af5-97c9-75f1-4750b0264498" executionId="98099e17-90f9-4b3b-9a8d-dd795123b7a4" testListId="8c84fa94-04c1-424b-9868-57a2d4851a1d" />
    <TestEntry testId="e999e35f-a04b-fd14-bcc2-5715bed7b054" executionId="a9b2e037-bec8-4697-8fa8-06fbefeca352" testListId="8c84fa94-04c1-424b-9868-57a2d4851a1d" />
    <TestEntry testId="a203eaa2-0a13-f04b-3de7-c0e321a4457a" executionId="9e5509ff-036b-487d-b4ca-7253f6d19079" testListId="8c84fa94-04c1-424b-9868-57a2d4851a1d" />
    <TestEntry testId="aefdf780-fb26-f67d-b1a9-7c9782a62de3" executionId="08ac19f1-2975-46be-a011-b4bec154fc4e" testListId="8c84fa94-04c1-424b-9868-57a2d4851a1d" />
  </TestEntries>
  <TestLists>
    <TestList name="Results Not in a List" id="8c84fa94-04c1-424b-9868-57a2d4851a1d" />
    <TestList name="All Loaded Results" id="19431567-8539-422a-85d7-44ee4e166bda" />
  </TestLists>
  <ResultSummary outcome="Completed">
    <Counters total="5" executed="5" passed="5" failed="0" error="0" timeout="0" aborted="0" inconclusive="0" passedButRunAborted="0" notRunnable="0" notExecuted="0" disconnected="0" warning="0" completed="0" inProgress="0" pending="0" />
    <Output>
      <StdOut>NUnit Adapter 6.1.0.0: Test execution started
Running selected tests in /Users/edgar.liebold/Downloads/ViciOne Suite 2.0/repositories/vicione-servicebus/tests/ViciOne.ServiceBus.RabbitMqTransport.Tests/bin/Release/net9.0/ViciOne.ServiceBus.RabbitMqTransport.Tests.dll
   NUnit3TestExecutor discovered 5 of 5 NUnit test cases using Current Discovery mode, Non-Explicit run
19:12:38.558-D Declare exchange: name: ViciOne.ServiceBus.Contracts.JobService:SubmitJob--ViciOne.ServiceBus.RabbitMqTransport.Tests.Turnout:GrindTheGears--, type: fanout, durable
19:12:38.582-D SEND rabbitmq://localhost:32898/test/ViciOne.ServiceBus.Contracts.JobService:SubmitJob--ViciOne.ServiceBus.RabbitMqTransport.Tests.Turnout:GrindTheGears-- 68100000-6d6c-1461-d7a4-08def5703f97 ViciOne.ServiceBus.Contracts.JobService.SubmitJob&lt;ViciOne.ServiceBus.RabbitMqTransport.Tests.Turnout.GrindTheGears&gt;
19:12:38.598-D Declare exchange: name: ViciOne.ServiceBus.Contracts.JobService:JobSubmitted, type: fanout, durable
19:12:38.610-D SEND rabbitmq://localhost:32898/test/ViciOne.ServiceBus.Contracts.JobService:JobSubmitted 68100000-6d6c-1461-698a-08def5703fa2 ViciOne.ServiceBus.Contracts.JobService.JobSubmitted
19:12:38.612-D Create send transport: rabbitmq://localhost:32898/test/EdgarsiMac2_testhost_bus_pyeyyydppokgdptrbdxxkhb687?temporary=true
19:12:38.612-D SAGA:ViciOne.ServiceBus.JobSaga:68100000-6d6c-1461-2970-08def5703ee4 Created ViciOne.ServiceBus.Contracts.JobService.JobSubmitted
19:12:38.620-D SAGA:ViciOne.ServiceBus.JobSaga:68100000-6d6c-1461-2970-08def5703ee4 Added ViciOne.ServiceBus.Contracts.JobService.JobSubmitted
19:12:38.621-D RECEIVE rabbitmq://localhost:32898/test/input_queue 68100000-6d6c-1461-698a-08def5703fa2 ViciOne.ServiceBus.Contracts.JobService.JobSubmitted ViciOne.ServiceBus.MessageHandler&lt;ViciOne.ServiceBus.Contracts.JobService.JobSubmitted&gt;(00:00:00.0081193)
19:12:38.626-D Declare exchange: name: EdgarsiMac2_testhost_bus_pyeyyydppokgdptrbdxxkhb687, type: fanout, auto-delete
19:12:38.629-D Create send transport: rabbitmq://localhost:32898/test/job-type
19:12:38.631-D SEND rabbitmq://localhost:32898/test/EdgarsiMac2_testhost_bus_pyeyyydppokgdptrbdxxkhb687?temporary=true 68100000-6d6c-1461-4db2-08def5703fa5 ViciOne.ServiceBus.Contracts.JobService.JobSubmissionAccepted
19:12:38.633-D RECEIVE rabbitmq://localhost:32898/test/grind-the-gears 68100000-6d6c-1461-d7a4-08def5703f97 ViciOne.ServiceBus.Contracts.JobService.SubmitJob&lt;ViciOne.ServiceBus.RabbitMqTransport.Tests.Turnout.GrindTheGears&gt; ViciOne.ServiceBus.JobService.SubmitJobConsumer&lt;ViciOne.ServiceBus.RabbitMqTransport.Tests.Turnout.GrindTheGears&gt;(00:00:00.0465706)
19:12:38.633-D RECEIVE rabbitmq://localhost:32898/test/job 68100000-6d6c-1461-698a-08def5703fa2 ViciOne.ServiceBus.Contracts.JobService.JobSubmitted ViciOne.ServiceBus.JobSaga(00:00:00.0216935)
19:12:38.634-D RECEIVE rabbitmq://localhost:32898/test/EdgarsiMac2_testhost_bus_pyeyyydppokgdptrbdxxkhb687?temporary=true 68100000-6d6c-1461-4db2-08def5703fa5 ViciOne.ServiceBus.Contracts.JobService.JobSubmissionAccepted ViciOne.ServiceBus.MessageHandler&lt;ViciOne.ServiceBus.Contracts.JobService.JobSubmissionAccepted&gt;(00:00:00.0001597)
19:12:38.638-D Declare exchange: name: job-type, type: fanout, durable
19:12:38.645-D SEND rabbitmq://localhost:32898/test/job-type 68100000-6d6c-1461-b3f8-08def5703fa8 ViciOne.ServiceBus.Contracts.JobService.AllocateJobSlot
19:12:38.646-D SAGA:ViciOne.ServiceBus.JobTypeSaga:9294b739-f6d2-7515-0e10-27b6239b2ead Used ViciOne.ServiceBus.Contracts.JobService.AllocateJobSlot
19:12:38.655-D Allocated Job Slot: 68100000-6d6c-1461-2970-08def5703ee4 (1): rabbitmq://localhost:32898/test/instance-pyeyyydppokgd7jkbdxxkhb686?temporary=true (1)
19:12:38.655-D Create send transport: rabbitmq://localhost:32898/test/job
19:12:38.656-D RECEIVE rabbitmq://localhost:32898/test/job-type 68100000-6d6c-1461-b3f8-08def5703fa8 ViciOne.ServiceBus.Contracts.JobService.AllocateJobSlot ViciOne.ServiceBus.JobTypeSaga(00:00:00.0110163)
19:12:38.658-D Declare exchange: name: job, type: fanout, durable
19:12:38.674-D SEND rabbitmq://localhost:32898/test/job 68100000-6d6c-1461-062a-08def5703fac ViciOne.ServiceBus.Contracts.JobService.JobSlotAllocated
19:12:38.675-D SAGA:ViciOne.ServiceBus.JobSaga:68100000-6d6c-1461-2970-08def5703ee4 Used ViciOne.ServiceBus.Contracts.JobService.JobSlotAllocated
19:12:38.676-D Create send transport: rabbitmq://localhost:32898/test/job-attempt
19:12:38.678-D RECEIVE rabbitmq://localhost:32898/test/job 68100000-6d6c-1461-062a-08def5703fac ViciOne.ServiceBus.Contracts.JobService.JobSlotAllocated ViciOne.ServiceBus.JobSaga(00:00:00.0030488)
19:12:38.679-D Declare exchange: name: job-attempt, type: fanout, durable
19:12:38.690-D SEND rabbitmq://localhost:32898/test/job-attempt 68100000-6d6c-1461-4858-08def5703faf ViciOne.ServiceBus.Contracts.JobService.StartJobAttempt
19:12:38.693-D SAGA:ViciOne.ServiceBus.JobAttemptSaga:68100000-6d6c-1461-153e-08def5703fa7 Created ViciOne.ServiceBus.Contracts.JobService.StartJobAttempt
19:12:38.693-D SAGA:ViciOne.ServiceBus.JobAttemptSaga:68100000-6d6c-1461-153e-08def5703fa7 Added ViciOne.ServiceBus.Contracts.JobService.StartJobAttempt
19:12:38.704-D Create send transport: rabbitmq://localhost:32898/test/job-attempt
19:12:38.706-D Declare exchange: name: job-attempt, type: fanout, durable
19:12:38.713-D Declare exchange: name: job-attempt_delay, type: x-delayed-message, durable, x-delayed-type: fanout
19:12:38.713-D Declare exchange: name: job-attempt, type: fanout, durable
19:12:38.718-D Bind exchange: source: job-attempt_delay, destination: job-attempt
19:12:38.725-D SEND rabbitmq://localhost:32898/test/job-attempt 68100000-6d6c-1461-4516-08def5703fb3 ViciOne.ServiceBus.Contracts.JobService.JobStatusCheckRequested
19:12:38.727-D Create send transport: rabbitmq://localhost:32898/test/instance-pyeyyydppokgd7jkbdxxkhb686?temporary=true
19:12:38.731-D RECEIVE rabbitmq://localhost:32898/test/job-attempt 68100000-6d6c-1461-4858-08def5703faf ViciOne.ServiceBus.Contracts.JobService.StartJobAttempt ViciOne.ServiceBus.JobAttemptSaga(00:00:00.0387109)
19:12:38.733-D Declare exchange: name: instance-pyeyyydppokgd7jkbdxxkhb686, type: fanout, auto-delete
19:12:38.739-D SEND rabbitmq://localhost:32898/test/instance-pyeyyydppokgd7jkbdxxkhb686?temporary=true 68100000-6d6c-1461-7b0e-08def5703fb7 ViciOne.ServiceBus.Contracts.JobService.StartJob
19:12:38.746-D Executing job: ViciOne.ServiceBus.RabbitMqTransport.Tests.Turnout.GrindTheGears 68100000-6d6c-1461-2970-08def5703ee4 (0)
19:12:38.750-D Job Started: 68100000-6d6c-1461-2970-08def5703ee4 68100000-6d6c-1461-153e-08def5703fa7 (0)
19:12:38.754-D Declare exchange: name: ViciOne.ServiceBus.Contracts.JobService:JobAttemptStarted, type: fanout, durable
19:12:38.756-D RECEIVE rabbitmq://localhost:32898/test/instance-pyeyyydppokgd7jkbdxxkhb686?temporary=true 68100000-6d6c-1461-7b0e-08def5703fb7 ViciOne.ServiceBus.Contracts.JobService.StartJob ViciOne.ServiceBus.JobService.StartJobConsumer&lt;ViciOne.ServiceBus.RabbitMqTransport.Tests.Turnout.GrindTheGears&gt;(00:00:00.0148359)
19:12:38.762-D SAGA:ViciOne.ServiceBus.JobSaga:68100000-6d6c-1461-2970-08def5703ee4 Used ViciOne.ServiceBus.Contracts.JobService.JobAttemptStarted
19:12:38.762-D SEND rabbitmq://localhost:32898/test/ViciOne.ServiceBus.Contracts.JobService:JobAttemptStarted 68100000-6d6c-1461-a0a4-08def5703fba ViciOne.ServiceBus.Contracts.JobService.JobAttemptStarted
19:12:38.762-D SAGA:ViciOne.ServiceBus.JobAttemptSaga:68100000-6d6c-1461-153e-08def5703fa7 Used ViciOne.ServiceBus.Contracts.JobService.JobAttemptStarted
19:12:38.763-D RECEIVE rabbitmq://localhost:32898/test/job-attempt 68100000-6d6c-1461-a0a4-08def5703fba ViciOne.ServiceBus.Contracts.JobService.JobAttemptStarted ViciOne.ServiceBus.JobAttemptSaga(00:00:00.0018438)
19:12:38.766-D RECEIVE rabbitmq://localhost:32898/test/job 68100000-6d6c-1461-a0a4-08def5703fba ViciOne.ServiceBus.Contracts.JobService.JobAttemptStarted ViciOne.ServiceBus.JobSaga(00:00:00.0044397)
19:12:38.766-D Declare exchange: name: ViciOne.ServiceBus.Contracts.JobService:JobStarted--ViciOne.ServiceBus.RabbitMqTransport.Tests.Turnout:GrindTheGears--, type: fanout, durable
19:12:38.768-D Declare exchange: name: ViciOne.ServiceBus.Contracts.JobService:JobStarted, type: fanout, durable
19:12:38.775-D RECEIVE rabbitmq://localhost:32898/test/input_queue 68100000-6d6c-1461-bf2e-08def5703fbc ViciOne.ServiceBus.Contracts.JobService.JobStarted ViciOne.ServiceBus.MessageHandler&lt;ViciOne.ServiceBus.Contracts.JobService.JobStarted&gt;(00:00:00.0002092)
19:12:38.775-D SEND rabbitmq://localhost:32898/test/ViciOne.ServiceBus.Contracts.JobService:JobStarted 68100000-6d6c-1461-bf2e-08def5703fbc ViciOne.ServiceBus.Contracts.JobService.JobStarted
19:12:38.775-D SEND rabbitmq://localhost:32898/test/ViciOne.ServiceBus.Contracts.JobService:JobStarted--ViciOne.ServiceBus.RabbitMqTransport.Tests.Turnout:GrindTheGears-- 68100000-6d6c-1461-834c-08def5703fbc ViciOne.ServiceBus.Contracts.JobService.JobStarted&lt;ViciOne.ServiceBus.RabbitMqTransport.Tests.Turnout.GrindTheGears&gt;
19:12:39.780-D Job Faulted: 68100000-6d6c-1461-2970-08def5703ee4 68100000-6d6c-1461-153e-08def5703fa7 (0)

ViciOne.ServiceBus.TestFramework.IntentionalTestException: Grinding gears, dropped the transmission
   at ViciOne.ServiceBus.RabbitMqTransport.Tests.Turnout.Submitting_a_job_to_turnout_that_faults.GrindTheGearsConsumer.Run(JobContext`1 context) in /Users/edgar.liebold/Downloads/ViciOne Suite 2.0/repositories/vicione-servicebus/tests/ViciOne.ServiceBus.RabbitMqTransport.Tests/Turnout/Faulted_Specs.cs:line 115
   at ViciOne.ServiceBus.Middleware.JobConsumerMessageFilter`2.RunJob(PipeContext context, IJobConsumer`1 jobConsumer) in /Users/edgar.liebold/Downloads/ViciOne Suite 2.0/repositories/vicione-servicebus/src/ViciOne.ServiceBus/Middleware/JobConsumerMessageFilter.cs:line 53
19:12:39.810-D Declare exchange: name: ViciOne.ServiceBus.Contracts.JobService:JobAttemptFaulted, type: fanout, durable
19:12:39.821-D SEND rabbitmq://localhost:32898/test/ViciOne.ServiceBus.Contracts.JobService:JobAttemptFaulted 68100000-6d6c-1461-b638-08def570405b ViciOne.ServiceBus.Contracts.JobService.JobAttemptFaulted
19:12:39.822-D RECEIVE rabbitmq://localhost:32898/test/instance-pyeyyydppokgd7jkbdxxkhb686?temporary=true 68100000-6d6c-1461-7b0e-08def5703fb7 ViciOne.ServiceBus.Contracts.JobService.StartJob ViciOne.ServiceBus.RabbitMqTransport.Tests.Turnout.Submitting_a_job_to_turnout_that_faults+GrindTheGearsConsumer(00:00:01.0755010)
19:12:39.823-D SAGA:ViciOne.ServiceBus.JobAttemptSaga:68100000-6d6c-1461-153e-08def5703fa7 Used ViciOne.ServiceBus.Contracts.JobService.JobAttemptFaulted
19:12:39.823-D SAGA:ViciOne.ServiceBus.JobSaga:68100000-6d6c-1461-2970-08def5703ee4 Used ViciOne.ServiceBus.Contracts.JobService.JobAttemptFaulted
19:12:39.823-D Removed job: 68100000-6d6c-1461-2970-08def5703ee4 (RanToCompletion)
19:12:39.825-D Create send transport: rabbitmq://localhost:32898/test/grind-the-gears
19:12:39.827-D RECEIVE rabbitmq://localhost:32898/test/job-attempt 68100000-6d6c-1461-b638-08def570405b ViciOne.ServiceBus.Contracts.JobService.JobAttemptFaulted ViciOne.ServiceBus.JobAttemptSaga(00:00:00.0044198)
19:12:39.830-D RECEIVE rabbitmq://localhost:32898/test/job 68100000-6d6c-1461-b638-08def570405b ViciOne.ServiceBus.Contracts.JobService.JobAttemptFaulted ViciOne.ServiceBus.JobSaga(00:00:00.0076906)
19:12:39.843-D Declare exchange: name: grind-the-gears, type: fanout, durable
19:12:39.850-D SEND rabbitmq://localhost:32898/test/grind-the-gears 68100000-6d6c-1461-2480-08def570405f ViciOne.ServiceBus.Contracts.JobService.FaultJob
19:12:39.852-D Declare exchange: name: ViciOne.ServiceBus.Contracts.JobService:JobFaulted, type: fanout, durable
19:12:39.859-D SEND rabbitmq://localhost:32898/test/ViciOne.ServiceBus.Contracts.JobService:JobFaulted 68100000-6d6c-1461-2df6-08def5704062 ViciOne.ServiceBus.Contracts.JobService.JobFaulted
19:12:39.859-D RECEIVE rabbitmq://localhost:32898/test/input_queue 68100000-6d6c-1461-2df6-08def5704062 ViciOne.ServiceBus.Contracts.JobService.JobFaulted ViciOne.ServiceBus.MessageHandler&lt;ViciOne.ServiceBus.Contracts.JobService.JobFaulted&gt;(00:00:00.0002244)
19:12:39.861-D Declare exchange: name: ViciOne.ServiceBus:Fault--ViciOne.ServiceBus.RabbitMqTransport.Tests.Turnout:GrindTheGears--, type: fanout, durable
19:12:39.861-D Declare exchange: name: ViciOne.ServiceBus:Fault, type: fanout, durable
19:12:39.866-D Bind exchange: source: ViciOne.ServiceBus:Fault--ViciOne.ServiceBus.RabbitMqTransport.Tests.Turnout:GrindTheGears--, destination: ViciOne.ServiceBus:Fault
19:12:39.870-D SEND rabbitmq://localhost:32898/test/job-type 68100000-6d6c-1461-8796-08def5704063 ViciOne.ServiceBus.Contracts.JobService.JobSlotReleased
19:12:39.870-D SAGA:ViciOne.ServiceBus.JobTypeSaga:9294b739-f6d2-7515-0e10-27b6239b2ead Used ViciOne.ServiceBus.Contracts.JobService.JobSlotReleased
19:12:39.872-D Released Job Slot: 68100000-6d6c-1461-2970-08def5703ee4 (0): rabbitmq://localhost:32898/test/instance-pyeyyydppokgd7jkbdxxkhb686?temporary=true
19:12:39.873-D RECEIVE rabbitmq://localhost:32898/test/job-type 68100000-6d6c-1461-8796-08def5704063 ViciOne.ServiceBus.Contracts.JobService.JobSlotReleased ViciOne.ServiceBus.JobTypeSaga(00:00:00.0025066)
19:12:39.875-D SEND rabbitmq://localhost:32898/test/ViciOne.ServiceBus:Fault--ViciOne.ServiceBus.RabbitMqTransport.Tests.Turnout:GrindTheGears-- 68100000-6d6c-1461-1180-08def5704063 ViciOne.ServiceBus.Fault&lt;ViciOne.ServiceBus.RabbitMqTransport.Tests.Turnout.GrindTheGears&gt;
19:12:39.876-D RECEIVE rabbitmq://localhost:32898/test/grind-the-gears 68100000-6d6c-1461-2480-08def570405f ViciOne.ServiceBus.Contracts.JobService.FaultJob ViciOne.ServiceBus.JobService.FinalizeJobConsumer&lt;ViciOne.ServiceBus.RabbitMqTransport.Tests.Turnout.GrindTheGears&gt;(00:00:00.0260058)
19:12:39.877-D RECEIVE rabbitmq://localhost:32898/test/input_queue 68100000-6d6c-1461-1180-08def5704063 ViciOne.ServiceBus.Fault&lt;ViciOne.ServiceBus.RabbitMqTransport.Tests.Turnout.GrindTheGears&gt; ViciOne.ServiceBus.MessageHandler&lt;Fault&lt;ViciOne.ServiceBus.RabbitMqTransport.Tests.Turnout.GrindTheGears&gt;&gt;(00:00:00.0003720)

NUnit Adapter 6.1.0.0: Test execution complete
</StdOut>
    </Output>
  </ResultSummary>
</TestRun>