rabbitmq-1  | 2026-08-12T09:49:01.993806960Z 2026-08-12 09:49:01.980734+00:00 [notice] <0.45.0> Application syslog exited with reason: stopped
rabbitmq-1  | 2026-08-12T09:49:01.994843208Z 2026-08-12 09:49:01.993482+00:00 [notice] <0.209.0> Logging: switching to configured handler(s); following messages may not be visible in this log output
rabbitmq-1  | 2026-08-12T09:49:01.996281844Z [38;5;87m2026-08-12 09:49:01.996049+00:00 [notice] <0.209.0> Logging: configured log handlers are now ACTIVE[0m
rabbitmq-1  | 2026-08-12T09:49:02.010286281Z 2026-08-12 09:49:02.009500+00:00 [info] <0.209.0> ra: starting system coordination[0m
rabbitmq-1  | 2026-08-12T09:49:02.010351588Z 2026-08-12 09:49:02.009600+00:00 [info] <0.209.0> starting Ra system: coordination in directory: /var/lib/rabbitmq/mnesia/rabbit@d038f83d3832/coordination/rabbit@d038f83d3832[0m
rabbitmq-1  | 2026-08-12T09:49:02.025954052Z 2026-08-12 09:49:02.025236+00:00 [info] <0.502.0> ra_coordination_log_ets: in system coordination initialising. Mem table opts: [set,{write_concurrency,auto},public,{compressed,false}][0m
rabbitmq-1  | 2026-08-12T09:49:02.093211423Z 2026-08-12 09:49:02.092852+00:00 [info] <0.508.0> ra system 'coordination' running pre init for 0 registered servers[0m
rabbitmq-1  | 2026-08-12T09:49:02.107986341Z 2026-08-12 09:49:02.106277+00:00 [info] <0.509.0> ra: meta data store initialised for system coordination. 0 record(s) recovered[0m
rabbitmq-1  | 2026-08-12T09:49:02.115252302Z 2026-08-12 09:49:02.113570+00:00 [info] <0.512.0> segment_writer: upgrading segment file names to new format in dirctory /var/lib/rabbitmq/mnesia/rabbit@d038f83d3832/coordination/rabbit@d038f83d3832[0m
rabbitmq-1  | 2026-08-12T09:49:02.134661281Z [38;5;87m2026-08-12 09:49:02.134171+00:00 [notice] <0.514.0> WAL: ra_coordination_log_wal init, mem-tables table name: ra_coordination_log_open_mem_tables[0m
rabbitmq-1  | 2026-08-12T09:49:02.149646579Z 2026-08-12 09:49:02.148205+00:00 [info] <0.209.0> ra: starting system quorum_queues[0m
rabbitmq-1  | 2026-08-12T09:49:02.150168963Z 2026-08-12 09:49:02.148272+00:00 [info] <0.209.0> starting Ra system: quorum_queues in directory: /var/lib/rabbitmq/mnesia/rabbit@d038f83d3832/quorum/rabbit@d038f83d3832[0m
rabbitmq-1  | 2026-08-12T09:49:02.150190406Z 2026-08-12 09:49:02.148949+00:00 [info] <0.518.0> ra_log_ets: in system quorum_queues initialising. Mem table opts: [set,{write_concurrency,auto},public,{compressed,true}][0m
rabbitmq-1  | 2026-08-12T09:49:02.151417197Z 2026-08-12 09:49:02.150693+00:00 [info] <0.522.0> ra system 'quorum_queues' running pre init for 0 registered servers[0m
rabbitmq-1  | 2026-08-12T09:49:02.152727384Z 2026-08-12 09:49:02.151885+00:00 [info] <0.523.0> ra: meta data store initialised for system quorum_queues. 0 record(s) recovered[0m
rabbitmq-1  | 2026-08-12T09:49:02.152978833Z 2026-08-12 09:49:02.152111+00:00 [info] <0.526.0> segment_writer: upgrading segment file names to new format in dirctory /var/lib/rabbitmq/mnesia/rabbit@d038f83d3832/quorum/rabbit@d038f83d3832[0m
rabbitmq-1  | 2026-08-12T09:49:02.154216659Z [38;5;87m2026-08-12 09:49:02.153544+00:00 [notice] <0.528.0> WAL: ra_log_wal init, mem-tables table name: ra_log_open_mem_tables[0m
rabbitmq-1  | 2026-08-12T09:49:02.156646492Z 2026-08-12 09:49:02.155624+00:00 [info] <0.530.0> ra_system_recover: ra system 'quorum_queues' server recovery strategy rabbit_quorum_queue:system_recover[0m
rabbitmq-1  | 2026-08-12T09:49:02.158138003Z 2026-08-12 09:49:02.155733+00:00 [info] <0.530.0> [rabbit_quorum_queue:system_recover/1] rabbit not booted, skipping queue recovery[0m
rabbitmq-1  | 2026-08-12T09:49:02.158235579Z 2026-08-12 09:49:02.155916+00:00 [info] <0.209.0> ra: starting system coordination[0m
rabbitmq-1  | 2026-08-12T09:49:02.158519995Z 2026-08-12 09:49:02.155952+00:00 [info] <0.209.0> starting Ra system: coordination in directory: /var/lib/rabbitmq/mnesia/rabbit@d038f83d3832/coordination/rabbit@d038f83d3832[0m
rabbitmq-1  | 2026-08-12T09:49:02.342056694Z [38;5;87m2026-08-12 09:49:02.341531+00:00 [notice] <0.532.0> RabbitMQ metadata store: candidate -> leader in term: 1 machine version: 2, last applied 0[0m
rabbitmq-1  | 2026-08-12T09:49:02.732742105Z 2026-08-12 09:49:02.732201+00:00 [info] <0.209.0> [0m
rabbitmq-1  | 2026-08-12T09:49:02.732781568Z 2026-08-12 09:49:02.732201+00:00 [info] <0.209.0>  Starting RabbitMQ 4.2.9 on Erlang 27.3.4.16 [jit][0m
rabbitmq-1  | 2026-08-12T09:49:02.732796516Z 2026-08-12 09:49:02.732201+00:00 [info] <0.209.0>  Copyright (c) 2007-2026 Broadcom Inc and/or its subsidiaries[0m
rabbitmq-1  | 2026-08-12T09:49:02.732810764Z 2026-08-12 09:49:02.732201+00:00 [info] <0.209.0>  Licensed under the MPL 2.0. Website: https://rabbitmq.com[0m
rabbitmq-1  | 2026-08-12T09:49:02.734147284Z 
rabbitmq-1  | 2026-08-12T09:49:02.734166981Z   ##  ##      RabbitMQ 4.2.9
rabbitmq-1  | 2026-08-12T09:49:02.734177598Z   ##  ##
rabbitmq-1  | 2026-08-12T09:49:02.734189402Z   ##########  Copyright (c) 2007-2026 Broadcom Inc and/or its subsidiaries
rabbitmq-1  | 2026-08-12T09:49:02.734200578Z   ######  ##
rabbitmq-1  | 2026-08-12T09:49:02.734210845Z   ##########  Licensed under the MPL 2.0. Website: https://rabbitmq.com
rabbitmq-1  | 2026-08-12T09:49:02.734225024Z 
rabbitmq-1  | 2026-08-12T09:49:02.734236968Z   Erlang:      27.3.4.16 [jit]
rabbitmq-1  | 2026-08-12T09:49:02.734254430Z   TLS Library: OpenSSL - OpenSSL 3.5.7 9 Jun 2026
rabbitmq-1  | 2026-08-12T09:49:02.734268329Z   Release series support status: see https://www.rabbitmq.com/release-information
rabbitmq-1  | 2026-08-12T09:49:02.734282159Z 
rabbitmq-1  | 2026-08-12T09:49:02.734295988Z   Doc guides:  https://www.rabbitmq.com/docs
rabbitmq-1  | 2026-08-12T09:49:02.734309748Z   Support:     https://www.rabbitmq.com/docs/contact
rabbitmq-1  | 2026-08-12T09:49:02.734323787Z   Tutorials:   https://www.rabbitmq.com/tutorials
rabbitmq-1  | 2026-08-12T09:49:02.734337547Z   Monitoring:  https://www.rabbitmq.com/docs/monitoring
rabbitmq-1  | 2026-08-12T09:49:02.734397336Z   Upgrading:   https://www.rabbitmq.com/docs/upgrade
rabbitmq-1  | 2026-08-12T09:49:02.734412004Z 
rabbitmq-1  | 2026-08-12T09:49:02.734425694Z   Logs: <stdout>
rabbitmq-1  | 2026-08-12T09:49:02.734439594Z 
rabbitmq-1  | 2026-08-12T09:49:02.734453353Z   Config file(s): /etc/rabbitmq/conf.d/10-defaults.conf
rabbitmq-1  | 2026-08-12T09:49:02.734467183Z 
rabbitmq-1  | 2026-08-12T09:49:02.735654999Z   Starting broker...2026-08-12 09:49:02.735164+00:00 [info] <0.209.0> [0m
rabbitmq-1  | 2026-08-12T09:49:02.735674975Z 2026-08-12 09:49:02.735164+00:00 [info] <0.209.0>  node           : rabbit@d038f83d3832[0m
rabbitmq-1  | 2026-08-12T09:49:02.735701028Z 2026-08-12 09:49:02.735164+00:00 [info] <0.209.0>  home dir       : /var/lib/rabbitmq[0m
rabbitmq-1  | 2026-08-12T09:49:02.735712832Z 2026-08-12 09:49:02.735164+00:00 [info] <0.209.0>  config file(s) : /etc/rabbitmq/conf.d/10-defaults.conf[0m
rabbitmq-1  | 2026-08-12T09:49:02.735724008Z 2026-08-12 09:49:02.735164+00:00 [info] <0.209.0>  log(s)         : <stdout>[0m
rabbitmq-1  | 2026-08-12T09:49:02.735735044Z 2026-08-12 09:49:02.735164+00:00 [info] <0.209.0>  data dir       : /var/lib/rabbitmq/mnesia/rabbit@d038f83d3832[0m
rabbitmq-1  | 2026-08-12T09:49:03.038509647Z 2026-08-12 09:49:03.036820+00:00 [info] <0.209.0> Running boot step pre_boot defined by app rabbit[0m
rabbitmq-1  | 2026-08-12T09:49:03.038590879Z 2026-08-12 09:49:03.036902+00:00 [info] <0.209.0> Running boot step rabbit_global_counters defined by app rabbit[0m
rabbitmq-1  | 2026-08-12T09:49:03.038606874Z 2026-08-12 09:49:03.037779+00:00 [info] <0.209.0> Running boot step rabbit_osiris_metrics defined by app rabbit[0m
rabbitmq-1  | 2026-08-12T09:49:03.039222574Z 2026-08-12 09:49:03.037923+00:00 [info] <0.209.0> Running boot step rabbit_core_metrics defined by app rabbit[0m
rabbitmq-1  | 2026-08-12T09:49:03.039649828Z 2026-08-12 09:49:03.038219+00:00 [info] <0.209.0> Running boot step rabbit_alarm defined by app rabbit[0m
rabbitmq-1  | 2026-08-12T09:49:03.060014174Z 2026-08-12 09:49:03.059666+00:00 [info] <0.709.0> Memory high watermark set to 2348 MiB (2462473420 bytes) of 3913 MiB (4104122368 bytes) total[0m
rabbitmq-1  | 2026-08-12T09:49:03.065278673Z 2026-08-12 09:49:03.064557+00:00 [info] <0.711.0> Enabling free disk space monitoring (disk free space: 20326572032, total memory: 4104122368)[0m
rabbitmq-1  | 2026-08-12T09:49:03.065466980Z 2026-08-12 09:49:03.064681+00:00 [info] <0.711.0> Disk free limit set to 50MB[0m
rabbitmq-1  | 2026-08-12T09:49:03.068212591Z 2026-08-12 09:49:03.067715+00:00 [info] <0.209.0> Running boot step code_server_cache defined by app rabbit[0m
rabbitmq-1  | 2026-08-12T09:49:03.068514609Z 2026-08-12 09:49:03.067844+00:00 [info] <0.209.0> Running boot step file_handle_cache defined by app rabbit[0m
rabbitmq-1  | 2026-08-12T09:49:03.081742770Z 2026-08-12 09:49:03.080899+00:00 [info] <0.714.0> Limiting to approx 927 file handles (832 sockets)[0m
rabbitmq-1  | 2026-08-12T09:49:03.082241058Z 2026-08-12 09:49:03.081231+00:00 [info] <0.715.0> FHC read buffering: OFF[0m
rabbitmq-1  | 2026-08-12T09:49:03.083023273Z 2026-08-12 09:49:03.081298+00:00 [info] <0.715.0> FHC write buffering: ON[0m
rabbitmq-1  | 2026-08-12T09:49:03.084032071Z [38;5;214m2026-08-12 09:49:03.083565+00:00 [warning] <0.209.0> Available file handles: 1024. Please consider increasing system limits[0m
rabbitmq-1  | 2026-08-12T09:49:03.085146478Z 2026-08-12 09:49:03.083645+00:00 [info] <0.209.0> Running boot step worker_pool defined by app rabbit[0m
rabbitmq-1  | 2026-08-12T09:49:03.085480346Z 2026-08-12 09:49:03.084420+00:00 [info] <0.553.0> Will use 2 processes for default worker pool[0m
rabbitmq-1  | 2026-08-12T09:49:03.085756730Z 2026-08-12 09:49:03.084526+00:00 [info] <0.553.0> Starting worker pool 'worker_pool' with 2 processes in it[0m
rabbitmq-1  | 2026-08-12T09:49:03.086074953Z 2026-08-12 09:49:03.084837+00:00 [info] <0.209.0> Running boot step rabbit_registry defined by app rabbit[0m
rabbitmq-1  | 2026-08-12T09:49:03.086091576Z 2026-08-12 09:49:03.084933+00:00 [info] <0.209.0> Running boot step database defined by app rabbit[0m
rabbitmq-1  | 2026-08-12T09:49:03.086469378Z 2026-08-12 09:49:03.085847+00:00 [info] <0.209.0> Peer discovery: configured backend: rabbit_peer_discovery_classic_config[0m
rabbitmq-1  | 2026-08-12T09:49:03.089480547Z 2026-08-12 09:49:03.088197+00:00 [info] <0.554.0> Feature flags: starting an unclustered node for the first time: all stable feature flags will be enabled by default[0m
rabbitmq-1  | 2026-08-12T09:49:03.089503736Z [38;5;87m2026-08-12 09:49:03.088579+00:00 [notice] <0.554.0> Feature flags: attempt to enable `rabbitmq_4.1.0`...[0m
rabbitmq-1  | 2026-08-12T09:49:03.095117400Z [38;5;87m2026-08-12 09:49:03.092609+00:00 [notice] <0.554.0> Feature flags: attempt to enable `rabbitmq_4.0.0`...[0m
rabbitmq-1  | 2026-08-12T09:49:03.103737133Z [38;5;87m2026-08-12 09:49:03.102228+00:00 [notice] <0.554.0> Feature flags: `rabbitmq_4.0.0` enabled[0m
rabbitmq-1  | 2026-08-12T09:49:03.110700937Z [38;5;87m2026-08-12 09:49:03.109335+00:00 [notice] <0.554.0> Feature flags: `rabbitmq_4.1.0` enabled[0m
rabbitmq-1  | 2026-08-12T09:49:03.111218572Z [38;5;87m2026-08-12 09:49:03.109400+00:00 [notice] <0.554.0> Feature flags: attempt to enable `quorum_queue_non_voters`...[0m
rabbitmq-1  | 2026-08-12T09:49:03.121779141Z [38;5;87m2026-08-12 09:49:03.119399+00:00 [notice] <0.554.0> Feature flags: `quorum_queue_non_voters` enabled[0m
rabbitmq-1  | 2026-08-12T09:49:03.122391279Z [38;5;87m2026-08-12 09:49:03.119472+00:00 [notice] <0.554.0> Feature flags: attempt to enable `rabbit_exchange_type_local_random`...[0m
rabbitmq-1  | 2026-08-12T09:49:03.132541358Z [38;5;87m2026-08-12 09:49:03.129496+00:00 [notice] <0.554.0> Feature flags: `rabbit_exchange_type_local_random` enabled[0m
rabbitmq-1  | 2026-08-12T09:49:03.134124228Z [38;5;87m2026-08-12 09:49:03.129563+00:00 [notice] <0.554.0> Feature flags: attempt to enable `rabbitmq_4.2.0`...[0m
rabbitmq-1  | 2026-08-12T09:49:03.153519588Z [38;5;87m2026-08-12 09:49:03.151678+00:00 [notice] <0.554.0> Feature flags: `rabbitmq_4.2.0` enabled[0m
rabbitmq-1  | 2026-08-12T09:49:03.154345178Z [38;5;87m2026-08-12 09:49:03.151730+00:00 [notice] <0.554.0> Feature flags: attempt to enable `khepri_db`...[0m
rabbitmq-1  | 2026-08-12T09:49:03.158528867Z [38;5;87m2026-08-12 09:49:03.157183+00:00 [notice] <0.554.0> Feature flags: attempt to enable `ram_node_type`...[0m
rabbitmq-1  | 2026-08-12T09:49:03.167852447Z [38;5;87m2026-08-12 09:49:03.167425+00:00 [notice] <0.554.0> Feature flags: `ram_node_type` enabled[0m
rabbitmq-1  | 2026-08-12T09:49:03.168556574Z 2026-08-12 09:49:03.167543+00:00 [info] <0.758.0> Feature flag `khepri_db`: syncing cluster membership[0m
rabbitmq-1  | 2026-08-12T09:49:03.193082258Z 2026-08-12 09:49:03.192735+00:00 [info] <0.759.0> Syncing Mnesia->Khepri clusters membership[0m
rabbitmq-1  | 2026-08-12T09:49:03.201711979Z 2026-08-12 09:49:03.201019+00:00 [info] <0.758.0> Feature flag `khepri_db`: cluster membership synchronized; members are: [rabbit@d038f83d3832][0m
rabbitmq-1  | 2026-08-12T09:49:03.202003660Z 2026-08-12 09:49:03.201135+00:00 [info] <0.758.0> Feature flag `khepri_db`: unregistering legacy projections[0m
rabbitmq-1  | 2026-08-12T09:49:03.203774767Z 2026-08-12 09:49:03.202942+00:00 [info] <0.758.0> Feature flag `khepri_db`: registering projections[0m
rabbitmq-1  | 2026-08-12T09:49:05.822898161Z [38;5;87m2026-08-12 09:49:05.822270+00:00 [notice] <0.758.0> Feature flags: `khepri_db`: starting migration of 20 tables from Mnesia to Khepri; expect decrease in performance and increase in memory footprint[0m
rabbitmq-1  | 2026-08-12T09:49:05.824021229Z 2026-08-12 09:49:05.822478+00:00 [info] <0.758.0> Waiting for Mnesia tables for 30000 ms, 9 retries left[0m
rabbitmq-1  | 2026-08-12T09:49:05.824653064Z 2026-08-12 09:49:05.822557+00:00 [info] <0.758.0> Successfully synced tables from a peer[0m
rabbitmq-1  | 2026-08-12T09:49:05.824676882Z [38;5;87m2026-08-12 09:49:05.822664+00:00 [notice] <0.758.0> Feature flags: `khepri_db`: migration from Mnesia to Khepri finished[0m
rabbitmq-1  | 2026-08-12T09:49:05.860723815Z [38;5;87m2026-08-12 09:49:05.860162+00:00 [notice] <0.45.0> Application mnesia exited with reason: stopped[0m
rabbitmq-1  | 2026-08-12T09:49:05.861878105Z [38;5;87m2026-08-12 09:49:05.861481+00:00 [notice] <0.554.0> Feature flags: `khepri_db` enabled[0m
rabbitmq-1  | 2026-08-12T09:49:05.863695800Z [38;5;87m2026-08-12 09:49:05.861530+00:00 [notice] <0.554.0> Feature flags: attempt to enable `detailed_queues_endpoint`...[0m
rabbitmq-1  | 2026-08-12T09:49:05.876418342Z [38;5;87m2026-08-12 09:49:05.874034+00:00 [notice] <0.554.0> Feature flags: `detailed_queues_endpoint` enabled[0m
rabbitmq-1  | 2026-08-12T09:49:05.877046684Z [38;5;87m2026-08-12 09:49:05.874098+00:00 [notice] <0.554.0> Feature flags: attempt to enable `message_containers_deaths_v2`...[0m
rabbitmq-1  | 2026-08-12T09:49:05.885933304Z [38;5;87m2026-08-12 09:49:05.885448+00:00 [notice] <0.554.0> Feature flags: `message_containers_deaths_v2` enabled[0m
rabbitmq-1  | 2026-08-12T09:49:05.886735356Z 2026-08-12 09:49:05.885674+00:00 [info] <0.209.0> DB: virgin node -> run peer discovery[0m
rabbitmq-1  | 2026-08-12T09:49:05.886960403Z [38;5;214m2026-08-12 09:49:05.886124+00:00 [warning] <0.209.0> Classic peer discovery backend: list of nodes does not contain the local node [][0m
rabbitmq-1  | 2026-08-12T09:49:05.887906688Z [38;5;87m2026-08-12 09:49:05.886219+00:00 [notice] <0.209.0> Found the following metadata store members: [{rabbitmq_metadata,[0m
rabbitmq-1  | 2026-08-12T09:49:05.887922544Z [38;5;87m2026-08-12 09:49:05.886219+00:00 [notice] <0.209.0>                                               rabbit@d038f83d3832}][0m
rabbitmq-1  | 2026-08-12T09:49:05.908213205Z 2026-08-12 09:49:05.907737+00:00 [info] <0.209.0> Running boot step tracking_metadata_store defined by app rabbit[0m
rabbitmq-1  | 2026-08-12T09:49:05.908728256Z 2026-08-12 09:49:05.907954+00:00 [info] <0.1026.0> Setting up a table for connection tracking on this node: tracked_connection[0m
rabbitmq-1  | 2026-08-12T09:49:05.909207546Z 2026-08-12 09:49:05.908033+00:00 [info] <0.1026.0> Setting up a table for per-vhost connection counting on this node: tracked_connection_per_vhost[0m
rabbitmq-1  | 2026-08-12T09:49:05.909597431Z 2026-08-12 09:49:05.908413+00:00 [info] <0.1026.0> Setting up a table for per-user connection counting on this node: tracked_connection_per_user[0m
rabbitmq-1  | 2026-08-12T09:49:05.910153901Z 2026-08-12 09:49:05.908484+00:00 [info] <0.1026.0> Setting up a table for channel tracking on this node: tracked_channel[0m
rabbitmq-1  | 2026-08-12T09:49:05.910572494Z 2026-08-12 09:49:05.908529+00:00 [info] <0.1026.0> Setting up a table for channel tracking on this node: tracked_channel_per_user[0m
rabbitmq-1  | 2026-08-12T09:49:05.910767227Z 2026-08-12 09:49:05.908757+00:00 [info] <0.209.0> Running boot step networking_metadata_store defined by app rabbit[0m
rabbitmq-1  | 2026-08-12T09:49:05.911003100Z 2026-08-12 09:49:05.908904+00:00 [info] <0.209.0> Running boot step feature_flags defined by app rabbit[0m
rabbitmq-1  | 2026-08-12T09:49:05.911323208Z 2026-08-12 09:49:05.909086+00:00 [info] <0.209.0> Running boot step auth_backend_plugins_check defined by app rabbit[0m
rabbitmq-1  | 2026-08-12T09:49:05.911343044Z 2026-08-12 09:49:05.909332+00:00 [info] <0.209.0> Running boot step codec_correctness_check defined by app rabbit[0m
rabbitmq-1  | 2026-08-12T09:49:05.912014902Z 2026-08-12 09:49:05.909423+00:00 [info] <0.209.0> Running boot step external_infrastructure defined by app rabbit[0m
rabbitmq-1  | 2026-08-12T09:49:05.912031036Z 2026-08-12 09:49:05.909480+00:00 [info] <0.209.0> Running boot step rabbit_event defined by app rabbit[0m
rabbitmq-1  | 2026-08-12T09:49:05.912247562Z 2026-08-12 09:49:05.909763+00:00 [info] <0.209.0> Running boot step rabbit_auth_mechanism_amqplain defined by app rabbit[0m
rabbitmq-1  | 2026-08-12T09:49:05.912588275Z 2026-08-12 09:49:05.909829+00:00 [info] <0.209.0> Running boot step rabbit_auth_mechanism_anonymous defined by app rabbit[0m
rabbitmq-1  | 2026-08-12T09:49:05.913057995Z 2026-08-12 09:49:05.909877+00:00 [info] <0.209.0> Running boot step rabbit_auth_mechanism_cr_demo defined by app rabbit[0m
rabbitmq-1  | 2026-08-12T09:49:05.913537774Z 2026-08-12 09:49:05.909923+00:00 [info] <0.209.0> Running boot step rabbit_auth_mechanism_plain defined by app rabbit[0m
rabbitmq-1  | 2026-08-12T09:49:05.913557400Z 2026-08-12 09:49:05.909991+00:00 [info] <0.209.0> Running boot step rabbit_exchange_type_direct defined by app rabbit[0m
rabbitmq-1  | 2026-08-12T09:49:05.913569554Z 2026-08-12 09:49:05.910043+00:00 [info] <0.209.0> Running boot step rabbit_exchange_type_fanout defined by app rabbit[0m
rabbitmq-1  | 2026-08-12T09:49:05.913826870Z 2026-08-12 09:49:05.910320+00:00 [info] <0.209.0> Running boot step rabbit_exchange_type_headers defined by app rabbit[0m
rabbitmq-1  | 2026-08-12T09:49:05.913843843Z 2026-08-12 09:49:05.910369+00:00 [info] <0.209.0> Running boot step rabbit_exchange_type_local_random defined by app rabbit[0m
rabbitmq-1  | 2026-08-12T09:49:05.914122671Z 2026-08-12 09:49:05.910432+00:00 [info] <0.209.0> Running boot step rabbit_exchange_type_topic defined by app rabbit[0m
rabbitmq-1  | 2026-08-12T09:49:05.914407367Z 2026-08-12 09:49:05.910867+00:00 [info] <0.209.0> Running boot step rabbit_priority_queue defined by app rabbit[0m
rabbitmq-1  | 2026-08-12T09:49:05.914608596Z 2026-08-12 09:49:05.911154+00:00 [info] <0.209.0> Priority queues enabled, real BQ is rabbit_variable_queue[0m
rabbitmq-1  | 2026-08-12T09:49:05.914810035Z 2026-08-12 09:49:05.911469+00:00 [info] <0.209.0> Running boot step kernel_ready defined by app rabbit[0m
rabbitmq-1  | 2026-08-12T09:49:05.914829941Z 2026-08-12 09:49:05.911630+00:00 [info] <0.209.0> Running boot step pg_local_amqp_connection defined by app rabbit[0m
rabbitmq-1  | 2026-08-12T09:49:05.930149949Z 2026-08-12 09:49:05.929437+00:00 [info] <0.209.0> Running boot step pg_local_amqp_session defined by app rabbit[0m
rabbitmq-1  | 2026-08-12T09:49:05.930863155Z 2026-08-12 09:49:05.929696+00:00 [info] <0.209.0> Running boot step rabbit_sysmon_minder defined by app rabbit[0m
rabbitmq-1  | 2026-08-12T09:49:05.930883550Z 2026-08-12 09:49:05.929829+00:00 [info] <0.209.0> Running boot step rabbit_epmd_monitor defined by app rabbit[0m
rabbitmq-1  | 2026-08-12T09:49:05.932897446Z 2026-08-12 09:49:05.931997+00:00 [info] <0.1035.0> epmd monitor knows us, inter-node communication (distribution) port: 25672[0m
rabbitmq-1  | 2026-08-12T09:49:05.932959051Z 2026-08-12 09:49:05.932191+00:00 [info] <0.209.0> Running boot step guid_generator defined by app rabbit[0m
rabbitmq-1  | 2026-08-12T09:49:05.934433798Z 2026-08-12 09:49:05.934070+00:00 [info] <0.209.0> Running boot step rabbit_node_monitor defined by app rabbit[0m
rabbitmq-1  | 2026-08-12T09:49:05.935061372Z 2026-08-12 09:49:05.934246+00:00 [info] <0.1039.0> Starting rabbit_node_monitor (partition handling strategy unapplicable with Khepri)[0m
rabbitmq-1  | 2026-08-12T09:49:05.935079183Z 2026-08-12 09:49:05.934446+00:00 [info] <0.209.0> Running boot step delegate_sup defined by app rabbit[0m
rabbitmq-1  | 2026-08-12T09:49:05.935519638Z 2026-08-12 09:49:05.935173+00:00 [info] <0.209.0> Running boot step rabbit_fifo_dlx_sup defined by app rabbit[0m
rabbitmq-1  | 2026-08-12T09:49:05.936130728Z 2026-08-12 09:49:05.935268+00:00 [info] <0.209.0> Running boot step core_initialized defined by app rabbit[0m
rabbitmq-1  | 2026-08-12T09:49:05.936626711Z 2026-08-12 09:49:05.935305+00:00 [info] <0.209.0> Running boot step rabbit_channel_tracking_handler defined by app rabbit[0m
rabbitmq-1  | 2026-08-12T09:49:05.937102159Z 2026-08-12 09:49:05.935463+00:00 [info] <0.209.0> Running boot step rabbit_classic_queue_type defined by app rabbit[0m
rabbitmq-1  | 2026-08-12T09:49:05.937324062Z 2026-08-12 09:49:05.935544+00:00 [info] <0.209.0> Running boot step rabbit_classic_queue defined by app rabbit[0m
rabbitmq-1  | 2026-08-12T09:49:05.937585779Z 2026-08-12 09:49:05.935600+00:00 [info] <0.209.0> Running boot step rabbit_connection_tracking_handler defined by app rabbit[0m
rabbitmq-1  | 2026-08-12T09:49:05.937620283Z 2026-08-12 09:49:05.935654+00:00 [info] <0.209.0> Running boot step rabbit_definitions_hashing defined by app rabbit[0m
rabbitmq-1  | 2026-08-12T09:49:05.938117034Z 2026-08-12 09:49:05.935712+00:00 [info] <0.209.0> Running boot step rabbit_exchange_parameters defined by app rabbit[0m
rabbitmq-1  | 2026-08-12T09:49:05.938131632Z 2026-08-12 09:49:05.937715+00:00 [info] <0.209.0> Running boot step rabbit_policies defined by app rabbit[0m
rabbitmq-1  | 2026-08-12T09:49:05.938635787Z 2026-08-12 09:49:05.938158+00:00 [info] <0.209.0> Running boot step rabbit_quorum_queue_type defined by app rabbit[0m
rabbitmq-1  | 2026-08-12T09:49:05.938845537Z 2026-08-12 09:49:05.938246+00:00 [info] <0.209.0> Running boot step rabbit_stream_queue defined by app rabbit[0m
rabbitmq-1  | 2026-08-12T09:49:05.939167741Z 2026-08-12 09:49:05.938364+00:00 [info] <0.209.0> Running boot step rabbit_policy defined by app rabbit[0m
rabbitmq-1  | 2026-08-12T09:49:05.939822486Z 2026-08-12 09:49:05.938441+00:00 [info] <0.209.0> Running boot step rabbit_quorum_event_subscriber defined by app rabbit[0m
rabbitmq-1  | 2026-08-12T09:49:05.940141057Z 2026-08-12 09:49:05.938534+00:00 [info] <0.209.0> Running boot step rabbit_quorum_memory_manager defined by app rabbit[0m
rabbitmq-1  | 2026-08-12T09:49:05.940524866Z 2026-08-12 09:49:05.939022+00:00 [info] <0.209.0> Running boot step rabbit_quorum_queue defined by app rabbit[0m
rabbitmq-1  | 2026-08-12T09:49:05.940767235Z 2026-08-12 09:49:05.939358+00:00 [info] <0.209.0> Running boot step rabbit_stream_coordinator defined by app rabbit[0m
rabbitmq-1  | 2026-08-12T09:49:05.940787630Z 2026-08-12 09:49:05.939659+00:00 [info] <0.209.0> Running boot step rabbit_vhost_limit defined by app rabbit[0m
rabbitmq-1  | 2026-08-12T09:49:05.941302332Z 2026-08-12 09:49:05.939822+00:00 [info] <0.209.0> Running boot step rabbit_exchange_type_delayed_message defined by app rabbitmq_delayed_message_exchange[0m
rabbitmq-1  | 2026-08-12T09:49:05.942086224Z 2026-08-12 09:49:05.939885+00:00 [info] <0.209.0> Running boot step rabbit_mgmt_reset_handler defined by app rabbitmq_management[0m
rabbitmq-1  | 2026-08-12T09:49:05.942805507Z 2026-08-12 09:49:05.940002+00:00 [info] <0.209.0> Running boot step rabbit_mgmt_db_handler defined by app rabbitmq_management_agent[0m
rabbitmq-1  | 2026-08-12T09:49:05.942824854Z 2026-08-12 09:49:05.940197+00:00 [info] <0.209.0> Management plugin: using rates mode 'basic'[0m
rabbitmq-1  | 2026-08-12T09:49:05.942859638Z 2026-08-12 09:49:05.940913+00:00 [info] <0.209.0> Running boot step recovery defined by app rabbit[0m
rabbitmq-1  | 2026-08-12T09:49:05.943238767Z 2026-08-12 09:49:05.941407+00:00 [info] <0.209.0> Running boot step prevent_startup_if_node_was_reset defined by app rabbit[0m
rabbitmq-1  | 2026-08-12T09:49:05.943844270Z 2026-08-12 09:49:05.941491+00:00 [info] <0.209.0> Running boot step empty_db_check defined by app rabbit[0m
rabbitmq-1  | 2026-08-12T09:49:05.943894490Z 2026-08-12 09:49:05.941571+00:00 [info] <0.209.0> Will seed default virtual host and user...[0m
rabbitmq-1  | 2026-08-12T09:49:05.944205029Z 2026-08-12 09:49:05.941655+00:00 [info] <0.209.0> Adding vhost '/' (description: 'Default virtual host', tags: [])[0m
rabbitmq-1  | 2026-08-12T09:49:05.966070459Z 2026-08-12 09:49:05.965610+00:00 [info] <0.1066.0> Making sure data directory '/var/lib/rabbitmq/mnesia/rabbit@d038f83d3832/msg_stores/vhosts/628WB79CIFDYO9LJI6DKMI09L' for vhost '/' exists[0m
rabbitmq-1  | 2026-08-12T09:49:05.968673024Z 2026-08-12 09:49:05.968077+00:00 [info] <0.1066.0> Setting segment_entry_count for vhost '/' with 0 queues to '2048'[0m
rabbitmq-1  | 2026-08-12T09:49:05.989690861Z 2026-08-12 09:49:05.989049+00:00 [info] <0.1066.0> Starting message stores for vhost '/'[0m
rabbitmq-1  | 2026-08-12T09:49:05.992333239Z 2026-08-12 09:49:05.991918+00:00 [info] <0.1066.0> Started message store of type transient for vhost '/'[0m
rabbitmq-1  | 2026-08-12T09:49:06.056237981Z [38;5;214m2026-08-12 09:49:06.055805+00:00 [warning] <0.1078.0> Message store "628WB79CIFDYO9LJI6DKMI09L/msg_store_persistent": rebuilding indices from scratch[0m
rabbitmq-1  | 2026-08-12T09:49:06.058531543Z 2026-08-12 09:49:06.057669+00:00 [info] <0.1066.0> Started message store of type persistent for vhost '/'[0m
rabbitmq-1  | 2026-08-12T09:49:06.058814702Z 2026-08-12 09:49:06.057886+00:00 [info] <0.1066.0> Recovering 0 queues of type rabbit_classic_queue took 89ms[0m
rabbitmq-1  | 2026-08-12T09:49:06.059098281Z 2026-08-12 09:49:06.057950+00:00 [info] <0.1066.0> Recovering 0 queues of type rabbit_quorum_queue took 0ms[0m
rabbitmq-1  | 2026-08-12T09:49:06.059967037Z 2026-08-12 09:49:06.058050+00:00 [info] <0.1066.0> Recovering 0 queues of type rabbit_stream_queue took 0ms[0m
rabbitmq-1  | 2026-08-12T09:49:06.093568004Z 2026-08-12 09:49:06.092986+00:00 [info] <0.209.0> Created user 'vicione_ci'[0m
rabbitmq-1  | 2026-08-12T09:49:06.141905899Z 2026-08-12 09:49:06.141101+00:00 [info] <0.209.0> Successfully set user tags for user 'vicione_ci' to [administrator][0m
rabbitmq-1  | 2026-08-12T09:49:06.163290294Z 2026-08-12 09:49:06.162715+00:00 [info] <0.209.0> Successfully set permissions for user 'vicione_ci' in virtual host '/' to '.*', '.*', '.*'[0m
rabbitmq-1  | 2026-08-12T09:49:06.163809327Z 2026-08-12 09:49:06.162820+00:00 [info] <0.209.0> Running boot step rabbit_observer_cli defined by app rabbit[0m
rabbitmq-1  | 2026-08-12T09:49:06.164145709Z 2026-08-12 09:49:06.163021+00:00 [info] <0.209.0> Running boot step rabbit_core_metrics_gc defined by app rabbit[0m
rabbitmq-1  | 2026-08-12T09:49:06.164623113Z 2026-08-12 09:49:06.163178+00:00 [info] <0.209.0> Running boot step background_gc defined by app rabbit[0m
rabbitmq-1  | 2026-08-12T09:49:06.165851790Z 2026-08-12 09:49:06.163415+00:00 [info] <0.209.0> Running boot step rabbit_observer_cli_classic_queues defined by app rabbit[0m
rabbitmq-1  | 2026-08-12T09:49:06.166809251Z 2026-08-12 09:49:06.163477+00:00 [info] <0.209.0> Running boot step rabbit_observer_cli_quorum_queues defined by app rabbit[0m
rabbitmq-1  | 2026-08-12T09:49:06.166831951Z 2026-08-12 09:49:06.163525+00:00 [info] <0.209.0> Running boot step routing_ready defined by app rabbit[0m
rabbitmq-1  | 2026-08-12T09:49:06.167643363Z 2026-08-12 09:49:06.163548+00:00 [info] <0.209.0> Running boot step pre_flight defined by app rabbit[0m
rabbitmq-1  | 2026-08-12T09:49:06.167666063Z 2026-08-12 09:49:06.163584+00:00 [info] <0.209.0> Running boot step notify_cluster defined by app rabbit[0m
rabbitmq-1  | 2026-08-12T09:49:06.167681010Z 2026-08-12 09:49:06.163623+00:00 [info] <0.209.0> Running boot step networking defined by app rabbit[0m
rabbitmq-1  | 2026-08-12T09:49:06.168325418Z 2026-08-12 09:49:06.163678+00:00 [info] <0.209.0> Running boot step rabbit_delayed_message defined by app rabbitmq_delayed_message_exchange[0m
rabbitmq-1  | 2026-08-12T09:49:06.260147965Z 2026-08-12 09:49:06.259396+00:00 [info] <0.209.0> Waiting for Mnesia tables for 30000 ms, 0 retries left[0m
rabbitmq-1  | 2026-08-12T09:49:06.260550562Z 2026-08-12 09:49:06.259514+00:00 [info] <0.209.0> Successfully synced tables from a peer[0m
rabbitmq-1  | 2026-08-12T09:49:06.260935838Z 2026-08-12 09:49:06.259585+00:00 [info] <0.209.0> Running boot step rabbit_quorum_queue_periodic_membership_reconciliation defined by app rabbit[0m
rabbitmq-1  | 2026-08-12T09:49:06.260957001Z 2026-08-12 09:49:06.259698+00:00 [info] <0.209.0> Running boot step definition_import_worker_pool defined by app rabbit[0m
rabbitmq-1  | 2026-08-12T09:49:06.261578359Z 2026-08-12 09:49:06.259756+00:00 [info] <0.553.0> Starting worker pool 'definition_import_pool' with 2 processes in it[0m
rabbitmq-1  | 2026-08-12T09:49:06.261755142Z 2026-08-12 09:49:06.260089+00:00 [info] <0.209.0> Running boot step cluster_name defined by app rabbit[0m
rabbitmq-1  | 2026-08-12T09:49:06.262070501Z 2026-08-12 09:49:06.260583+00:00 [info] <0.209.0> Initialising internal cluster ID to 'rabbitmq-cluster-id-GE2XHgOU0sdpm9KzsWn-Yw'[0m
rabbitmq-1  | 2026-08-12T09:49:06.263745080Z 2026-08-12 09:49:06.263424+00:00 [info] <0.209.0> Running boot step virtual_host_reconciliation defined by app rabbit[0m
rabbitmq-1  | 2026-08-12T09:49:06.264298058Z 2026-08-12 09:49:06.263569+00:00 [info] <0.209.0> Running boot step direct_client defined by app rabbit[0m
rabbitmq-1  | 2026-08-12T09:49:06.264594837Z 2026-08-12 09:49:06.263687+00:00 [info] <0.209.0> Running boot step logger_exchange defined by app rabbit[0m
rabbitmq-1  | 2026-08-12T09:49:06.266249161Z 2026-08-12 09:49:06.265603+00:00 [info] <0.209.0> Running boot step cluster_tags defined by app rabbit[0m
rabbitmq-1  | 2026-08-12T09:49:06.268303219Z 2026-08-12 09:49:06.267524+00:00 [info] <0.209.0> Running boot step rabbit_delayed_message_supervisor defined by app rabbitmq_delayed_message_exchange[0m
rabbitmq-1  | 2026-08-12T09:49:06.268687237Z 2026-08-12 09:49:06.267795+00:00 [info] <0.209.0> Running boot step rabbit_management_load_definitions defined by app rabbitmq_management[0m
rabbitmq-1  | 2026-08-12T09:49:06.268700438Z 2026-08-12 09:49:06.267884+00:00 [info] <0.1166.0> Resetting node maintenance status[0m
rabbitmq-1  | 2026-08-12T09:49:06.281023456Z [38;5;214m2026-08-12 09:49:06.280276+00:00 [warning] <0.1183.0> Deprecated features: `management_metrics_collection`: Feature `management_metrics_collection` is deprecated.[0m
rabbitmq-1  | 2026-08-12T09:49:06.281161124Z [38;5;214m2026-08-12 09:49:06.280276+00:00 [warning] <0.1183.0> By default, this feature can still be used for now.[0m
rabbitmq-1  | 2026-08-12T09:49:06.281198562Z [38;5;214m2026-08-12 09:49:06.280276+00:00 [warning] <0.1183.0> Its use will not be permitted by default in a future minor RabbitMQ version and the feature will be removed from a future major RabbitMQ version; actual versions to be determined.[0m
rabbitmq-1  | 2026-08-12T09:49:06.281211624Z [38;5;214m2026-08-12 09:49:06.280276+00:00 [warning] <0.1183.0> To continue using this feature when it is not permitted by default, set the following parameter in your configuration:[0m
rabbitmq-1  | 2026-08-12T09:49:06.281226152Z [38;5;214m2026-08-12 09:49:06.280276+00:00 [warning] <0.1183.0>     "deprecated_features.permit.management_metrics_collection = true"[0m
rabbitmq-1  | 2026-08-12T09:49:06.281241309Z [38;5;214m2026-08-12 09:49:06.280276+00:00 [warning] <0.1183.0> To test RabbitMQ as if the feature was removed, set this in your configuration:[0m
rabbitmq-1  | 2026-08-12T09:49:06.281266454Z [38;5;214m2026-08-12 09:49:06.280276+00:00 [warning] <0.1183.0>     "deprecated_features.permit.management_metrics_collection = false"[0m
rabbitmq-1  | 2026-08-12T09:49:06.357430444Z 2026-08-12 09:49:06.356958+00:00 [info] <0.1219.0> Management plugin: HTTP (non-TLS) listener started on port 15672[0m
rabbitmq-1  | 2026-08-12T09:49:06.359542195Z 2026-08-12 09:49:06.357143+00:00 [info] <0.1247.0> Statistics database started.[0m
rabbitmq-1  | 2026-08-12T09:49:06.359975804Z 2026-08-12 09:49:06.358794+00:00 [info] <0.1246.0> Starting worker pool 'management_worker_pool' with 3 processes in it[0m
rabbitmq-1  | 2026-08-12T09:49:06.359994873Z 2026-08-12 09:49:06.359421+00:00 [info] <0.1166.0> Ready to start client connection listeners[0m
rabbitmq-1  | 2026-08-12T09:49:06.362497417Z 2026-08-12 09:49:06.362056+00:00 [info] <0.1274.0> started TCP listener on [::]:5672[0m
rabbitmq-1  | 2026-08-12T09:49:06.578222004Z  completed with 4 plugins.
rabbitmq-1  | 2026-08-12T09:49:06.578255531Z 2026-08-12 09:49:06.577848+00:00 [info] <0.1166.0> Server startup complete; 4 plugins started.[0m
rabbitmq-1  | 2026-08-12T09:49:06.578271316Z 2026-08-12 09:49:06.577848+00:00 [info] <0.1166.0>  * rabbitmq_delayed_message_exchange[0m
rabbitmq-1  | 2026-08-12T09:49:06.578285844Z 2026-08-12 09:49:06.577848+00:00 [info] <0.1166.0>  * rabbitmq_management[0m
rabbitmq-1  | 2026-08-12T09:49:06.578299883Z 2026-08-12 09:49:06.577848+00:00 [info] <0.1166.0>  * rabbitmq_management_agent[0m
rabbitmq-1  | 2026-08-12T09:49:06.578363025Z 2026-08-12 09:49:06.577848+00:00 [info] <0.1166.0>  * rabbitmq_web_dispatch[0m
rabbitmq-1  | 2026-08-12T09:49:06.670464122Z 2026-08-12 09:49:06.669749+00:00 [info] <0.10.0> Time to start RabbitMQ: 10031 ms[0m
rabbitmq-1  | 2026-08-12T09:49:22.865554260Z 2026-08-12 09:49:22.864811+00:00 [info] <0.1323.0> Adding vhost 'test' (description: '', tags: [])[0m
rabbitmq-1  | 2026-08-12T09:49:22.877087116Z 2026-08-12 09:49:22.876610+00:00 [info] <0.1327.0> Making sure data directory '/var/lib/rabbitmq/mnesia/rabbit@d038f83d3832/msg_stores/vhosts/KDISMNX5MOYU6Q6PZT8TQDPY' for vhost 'test' exists[0m
rabbitmq-1  | 2026-08-12T09:49:22.878140758Z 2026-08-12 09:49:22.877783+00:00 [info] <0.1327.0> Setting segment_entry_count for vhost 'test' with 0 queues to '2048'[0m
rabbitmq-1  | 2026-08-12T09:49:22.885697713Z 2026-08-12 09:49:22.882609+00:00 [info] <0.1327.0> Starting message stores for vhost 'test'[0m
rabbitmq-1  | 2026-08-12T09:49:22.886002595Z 2026-08-12 09:49:22.884565+00:00 [info] <0.1327.0> Started message store of type transient for vhost 'test'[0m
rabbitmq-1  | 2026-08-12T09:49:22.886481536Z [38;5;214m2026-08-12 09:49:22.885127+00:00 [warning] <0.1338.0> Message store "KDISMNX5MOYU6Q6PZT8TQDPY/msg_store_persistent": rebuilding indices from scratch[0m
rabbitmq-1  | 2026-08-12T09:49:22.888890489Z 2026-08-12 09:49:22.887627+00:00 [info] <0.1327.0> Started message store of type persistent for vhost 'test'[0m
rabbitmq-1  | 2026-08-12T09:49:22.889422234Z 2026-08-12 09:49:22.887920+00:00 [info] <0.1327.0> Recovering 0 queues of type rabbit_classic_queue took 9ms[0m
rabbitmq-1  | 2026-08-12T09:49:22.889856473Z 2026-08-12 09:49:22.887998+00:00 [info] <0.1327.0> Recovering 0 queues of type rabbit_quorum_queue took 0ms[0m
rabbitmq-1  | 2026-08-12T09:49:22.889882875Z 2026-08-12 09:49:22.888219+00:00 [info] <0.1327.0> Recovering 0 queues of type rabbit_stream_queue took 0ms[0m
rabbitmq-1  | 2026-08-12T09:49:22.895567023Z 2026-08-12 09:49:22.895001+00:00 [info] <0.1323.0> Successfully set permissions for user 'vicione_ci' in virtual host 'test' to '.*', '.*', '.*'[0m
rabbitmq-1  | 2026-08-12T09:49:22.964028249Z 2026-08-12 09:49:22.963389+00:00 [info] <0.1353.0> Adding vhost 'test-exclusive-should-give-every-waiting-caller-the-same-answer' (description: '', tags: [])[0m
rabbitmq-1  | 2026-08-12T09:49:22.981950847Z 2026-08-12 09:49:22.979441+00:00 [info] <0.1357.0> Making sure data directory '/var/lib/rabbitmq/mnesia/rabbit@d038f83d3832/msg_stores/vhosts/B0C0C00JZXUDIT9UTKBWD1PKH' for vhost 'test-exclusive-should-give-every-waiting-caller-the-same-answer' exists[0m
rabbitmq-1  | 2026-08-12T09:49:22.983000438Z 2026-08-12 09:49:22.982734+00:00 [info] <0.1357.0> Setting segment_entry_count for vhost 'test-exclusive-should-give-every-waiting-caller-the-same-answer' with 0 queues to '2048'[0m
rabbitmq-1  | 2026-08-12T09:49:22.989661536Z 2026-08-12 09:49:22.989079+00:00 [info] <0.1357.0> Starting message stores for vhost 'test-exclusive-should-give-every-waiting-caller-the-same-answer'[0m
rabbitmq-1  | 2026-08-12T09:49:22.992667191Z 2026-08-12 09:49:22.992145+00:00 [info] <0.1357.0> Started message store of type transient for vhost 'test-exclusive-should-give-every-waiting-caller-the-same-answer'[0m
rabbitmq-1  | 2026-08-12T09:49:22.995515412Z [38;5;214m2026-08-12 09:49:22.994563+00:00 [warning] <0.1368.0> Message store "B0C0C00JZXUDIT9UTKBWD1PKH/msg_store_persistent": rebuilding indices from scratch[0m
rabbitmq-1  | 2026-08-12T09:49:22.996722298Z 2026-08-12 09:49:22.995904+00:00 [info] <0.1357.0> Started message store of type persistent for vhost 'test-exclusive-should-give-every-waiting-caller-the-same-answer'[0m
rabbitmq-1  | 2026-08-12T09:49:22.997237420Z 2026-08-12 09:49:22.996054+00:00 [info] <0.1357.0> Recovering 0 queues of type rabbit_classic_queue took 12ms[0m
rabbitmq-1  | 2026-08-12T09:49:22.997576527Z 2026-08-12 09:49:22.996116+00:00 [info] <0.1357.0> Recovering 0 queues of type rabbit_quorum_queue took 0ms[0m
rabbitmq-1  | 2026-08-12T09:49:22.997897963Z 2026-08-12 09:49:22.996196+00:00 [info] <0.1357.0> Recovering 0 queues of type rabbit_stream_queue took 0ms[0m
rabbitmq-1  | 2026-08-12T09:49:23.007659010Z 2026-08-12 09:49:23.006454+00:00 [info] <0.1353.0> Successfully set permissions for user 'vicione_ci' in virtual host 'test-exclusive-should-give-every-waiting-caller-the-same-answer' to '.*', '.*', '.*'[0m
rabbitmq-1  | 2026-08-12T09:49:23.209518714Z 2026-08-12 09:49:23.208995+00:00 [info] <0.1384.0> accepting AMQP connection 172.19.0.1:36786 -> 172.19.0.2:5672[0m
rabbitmq-1  | 2026-08-12T09:49:23.246669982Z 2026-08-12 09:49:23.245365+00:00 [info] <0.1384.0> connection 172.19.0.1:36786 -> 172.19.0.2:5672 has a client-provided name: testhost[0m
rabbitmq-1  | 2026-08-12T09:49:23.253789207Z 2026-08-12 09:49:23.253325+00:00 [info] <0.1384.0> connection 172.19.0.1:36786 -> 172.19.0.2:5672 - testhost: user 'vicione_ci' authenticated and granted access to vhost 'test-exclusive-should-give-every-waiting-caller-the-same-answer'[0m
rabbitmq-1  | 2026-08-12T09:49:23.455037540Z 2026-08-12 09:49:23.453372+00:00 [info] <0.1412.0> accepting AMQP connection 172.19.0.1:36796 -> 172.19.0.2:5672[0m
rabbitmq-1  | 2026-08-12T09:49:23.461308683Z 2026-08-12 09:49:23.460858+00:00 [info] <0.1412.0> connection 172.19.0.1:36796 -> 172.19.0.2:5672: user 'vicione_ci' authenticated and granted access to vhost 'test-exclusive-should-give-every-waiting-caller-the-same-answer'[0m
rabbitmq-1  | 2026-08-12T09:49:23.611760858Z 2026-08-12 09:49:23.610536+00:00 [info] <0.1412.0> closing AMQP connection (172.19.0.1:36796 -> 172.19.0.2:5672, vhost: 'test-exclusive-should-give-every-waiting-caller-the-same-answer', user: 'vicione_ci', duration: '158ms')[0m
rabbitmq-1  | 2026-08-12T09:49:23.614795640Z 2026-08-12 09:49:23.613652+00:00 [info] <0.1452.0> accepting AMQP connection 172.19.0.1:36808 -> 172.19.0.2:5672[0m
rabbitmq-1  | 2026-08-12T09:49:23.622325006Z 2026-08-12 09:49:23.621191+00:00 [info] <0.1452.0> connection 172.19.0.1:36808 -> 172.19.0.2:5672 has a client-provided name: testhost[0m
rabbitmq-1  | 2026-08-12T09:49:23.625179653Z 2026-08-12 09:49:23.623764+00:00 [info] <0.1452.0> connection 172.19.0.1:36808 -> 172.19.0.2:5672 - testhost: user 'vicione_ci' authenticated and granted access to vhost 'test-exclusive-should-give-every-waiting-caller-the-same-answer'[0m
rabbitmq-1  | 2026-08-12T09:49:23.645322689Z [38;5;160m2026-08-12 09:49:23.644539+00:00 [error] <0.1466.0> Channel error on connection <0.1452.0> (172.19.0.1:36808 -> 172.19.0.2:5672, vhost: 'test-exclusive-should-give-every-waiting-caller-the-same-answer', user: 'vicione_ci'), channel 2:[0m
rabbitmq-1  | 2026-08-12T09:49:23.645363340Z [38;5;160m2026-08-12 09:49:23.644539+00:00 [error] <0.1466.0> operation queue.declare caused a channel exception resource_locked: cannot obtain exclusive access to locked queue 'exclusively-yours' in vhost 'test-exclusive-should-give-every-waiting-caller-the-same-answer'. It could be originally declared on another connection or the exclusive property value does not match that of the original declaration.[0m
rabbitmq-1  | 2026-08-12T09:49:23.706117374Z 2026-08-12 09:49:23.703996+00:00 [info] <0.1384.0> closing AMQP connection (172.19.0.1:36786 -> 172.19.0.2:5672 - testhost, vhost: 'test-exclusive-should-give-every-waiting-caller-the-same-answer', user: 'vicione_ci', duration: '515ms')[0m
rabbitmq-1  | 2026-08-12T09:49:23.712654354Z 2026-08-12 09:49:23.711894+00:00 [info] <0.1452.0> closing AMQP connection (172.19.0.1:36808 -> 172.19.0.2:5672 - testhost, vhost: 'test-exclusive-should-give-every-waiting-caller-the-same-answer', user: 'vicione_ci', duration: '98ms')[0m
rabbitmq-1  | 2026-08-12T09:49:23.714910622Z 2026-08-12 09:49:23.714473+00:00 [info] <0.1484.0> Deleting vhost 'test-exclusive-should-give-every-waiting-caller-the-same-answer'[0m
rabbitmq-1  | 2026-08-12T09:49:23.715671814Z 2026-08-12 09:49:23.714551+00:00 [info] <0.1484.0> Clearing permissions in vhost 'test-exclusive-should-give-every-waiting-caller-the-same-answer' because it's being deleted[0m
rabbitmq-1  | 2026-08-12T09:49:23.720779236Z 2026-08-12 09:49:23.720209+00:00 [info] <0.1484.0> Deleting queues in vhost 'test-exclusive-should-give-every-waiting-caller-the-same-answer' because it's being deleted[0m
rabbitmq-1  | 2026-08-12T09:49:23.726924026Z 2026-08-12 09:49:23.726127+00:00 [info] <0.1484.0> Deleting exchanges in vhost 'test-exclusive-should-give-every-waiting-caller-the-same-answer' because it's being deleted[0m
rabbitmq-1  | 2026-08-12T09:49:23.747941266Z 2026-08-12 09:49:23.747283+00:00 [info] <0.1484.0> Clearing policies and runtime parameters in vhost 'test-exclusive-should-give-every-waiting-caller-the-same-answer' because it's being deleted[0m
rabbitmq-1  | 2026-08-12T09:49:23.751112320Z 2026-08-12 09:49:23.750650+00:00 [info] <0.1490.0> Closing all connections in vhost 'test-exclusive-should-give-every-waiting-caller-the-same-answer' because it's being deleted[0m
rabbitmq-1  | 2026-08-12T09:49:23.752049178Z 2026-08-12 09:49:23.750784+00:00 [info] <0.1484.0> Stopping vhost supervisor <0.1356.0> for vhost 'test-exclusive-should-give-every-waiting-caller-the-same-answer'[0m
rabbitmq-1  | 2026-08-12T09:49:23.752075859Z 2026-08-12 09:49:23.750980+00:00 [info] <0.1357.0> Virtual host 'test-exclusive-should-give-every-waiting-caller-the-same-answer' is stopping[0m
rabbitmq-1  | 2026-08-12T09:49:23.752602156Z 2026-08-12 09:49:23.751102+00:00 [info] <0.1492.0> Closing all connections in vhost 'test-exclusive-should-give-every-waiting-caller-the-same-answer' on node 'rabbit@d038f83d3832' because the vhost is stopping[0m
rabbitmq-1  | 2026-08-12T09:49:23.752791302Z 2026-08-12 09:49:23.751225+00:00 [info] <0.1368.0> Stopping message store for directory '/var/lib/rabbitmq/mnesia/rabbit@d038f83d3832/msg_stores/vhosts/B0C0C00JZXUDIT9UTKBWD1PKH/msg_store_persistent'[0m
rabbitmq-1  | 2026-08-12T09:49:23.759000840Z 2026-08-12 09:49:23.758329+00:00 [info] <0.1368.0> Message store for directory '/var/lib/rabbitmq/mnesia/rabbit@d038f83d3832/msg_stores/vhosts/B0C0C00JZXUDIT9UTKBWD1PKH/msg_store_persistent' is stopped[0m
rabbitmq-1  | 2026-08-12T09:49:23.759385976Z 2026-08-12 09:49:23.758509+00:00 [info] <0.1364.0> Stopping message store for directory '/var/lib/rabbitmq/mnesia/rabbit@d038f83d3832/msg_stores/vhosts/B0C0C00JZXUDIT9UTKBWD1PKH/msg_store_transient'[0m
rabbitmq-1  | 2026-08-12T09:49:23.764814834Z 2026-08-12 09:49:23.764020+00:00 [info] <0.1364.0> Message store for directory '/var/lib/rabbitmq/mnesia/rabbit@d038f83d3832/msg_stores/vhosts/B0C0C00JZXUDIT9UTKBWD1PKH/msg_store_transient' is stopped[0m
rabbitmq-1  | 2026-08-12T09:49:23.764842703Z 2026-08-12 09:49:23.764505+00:00 [info] <0.1484.0> Deleting message store directory for vhost 'test-exclusive-should-give-every-waiting-caller-the-same-answer' at '/var/lib/rabbitmq/mnesia/rabbit@d038f83d3832/msg_stores/vhosts/B0C0C00JZXUDIT9UTKBWD1PKH'[0m
rabbitmq-1  | 2026-08-12T09:49:23.779035752Z 2026-08-12 09:49:23.778413+00:00 [info] <0.1504.0> Adding vhost 'test-exclusive-should-give-the-connection-back-when-the-connect-fails' (description: '', tags: [])[0m
rabbitmq-1  | 2026-08-12T09:49:23.792291454Z 2026-08-12 09:49:23.791719+00:00 [info] <0.1508.0> Making sure data directory '/var/lib/rabbitmq/mnesia/rabbit@d038f83d3832/msg_stores/vhosts/D4P64Z9BQ6N1Y1D9QGLMC9KMN' for vhost 'test-exclusive-should-give-the-connection-back-when-the-connect-fails' exists[0m
rabbitmq-1  | 2026-08-12T09:49:23.793950460Z 2026-08-12 09:49:23.793241+00:00 [info] <0.1508.0> Setting segment_entry_count for vhost 'test-exclusive-should-give-the-connection-back-when-the-connect-fails' with 0 queues to '2048'[0m
rabbitmq-1  | 2026-08-12T09:49:23.798679311Z 2026-08-12 09:49:23.798157+00:00 [info] <0.1508.0> Starting message stores for vhost 'test-exclusive-should-give-the-connection-back-when-the-connect-fails'[0m
rabbitmq-1  | 2026-08-12T09:49:23.801371773Z 2026-08-12 09:49:23.800792+00:00 [info] <0.1508.0> Started message store of type transient for vhost 'test-exclusive-should-give-the-connection-back-when-the-connect-fails'[0m
rabbitmq-1  | 2026-08-12T09:49:23.802140020Z [38;5;214m2026-08-12 09:49:23.801649+00:00 [warning] <0.1519.0> Message store "D4P64Z9BQ6N1Y1D9QGLMC9KMN/msg_store_persistent": rebuilding indices from scratch[0m
rabbitmq-1  | 2026-08-12T09:49:23.804038741Z 2026-08-12 09:49:23.803567+00:00 [info] <0.1508.0> Started message store of type persistent for vhost 'test-exclusive-should-give-the-connection-back-when-the-connect-fails'[0m
rabbitmq-1  | 2026-08-12T09:49:23.804427370Z 2026-08-12 09:49:23.803733+00:00 [info] <0.1508.0> Recovering 0 queues of type rabbit_classic_queue took 9ms[0m
rabbitmq-1  | 2026-08-12T09:49:23.804965262Z 2026-08-12 09:49:23.803795+00:00 [info] <0.1508.0> Recovering 0 queues of type rabbit_quorum_queue took 0ms[0m
rabbitmq-1  | 2026-08-12T09:49:23.805379804Z 2026-08-12 09:49:23.803979+00:00 [info] <0.1508.0> Recovering 0 queues of type rabbit_stream_queue took 0ms[0m
rabbitmq-1  | 2026-08-12T09:49:23.810458588Z 2026-08-12 09:49:23.809646+00:00 [info] <0.1504.0> Successfully set permissions for user 'vicione_ci' in virtual host 'test-exclusive-should-give-the-connection-back-when-the-connect-fails' to '.*', '.*', '.*'[0m
rabbitmq-1  | 2026-08-12T09:49:23.814826400Z 2026-08-12 09:49:23.814443+00:00 [info] <0.1535.0> accepting AMQP connection 172.19.0.1:36824 -> 172.19.0.2:5672[0m
rabbitmq-1  | 2026-08-12T09:49:23.819927745Z 2026-08-12 09:49:23.818955+00:00 [info] <0.1535.0> connection 172.19.0.1:36824 -> 172.19.0.2:5672 has a client-provided name: testhost[0m
rabbitmq-1  | 2026-08-12T09:49:23.822603654Z 2026-08-12 09:49:23.821367+00:00 [info] <0.1535.0> connection 172.19.0.1:36824 -> 172.19.0.2:5672 - testhost: user 'vicione_ci' authenticated and granted access to vhost 'test-exclusive-should-give-the-connection-back-when-the-connect-fails'[0m
rabbitmq-1  | 2026-08-12T09:49:23.866922620Z 2026-08-12 09:49:23.864133+00:00 [info] <0.1561.0> accepting AMQP connection 172.19.0.1:36828 -> 172.19.0.2:5672[0m
rabbitmq-1  | 2026-08-12T09:49:23.870806183Z 2026-08-12 09:49:23.870024+00:00 [info] <0.1561.0> connection 172.19.0.1:36828 -> 172.19.0.2:5672: user 'vicione_ci' authenticated and granted access to vhost 'test-exclusive-should-give-the-connection-back-when-the-connect-fails'[0m
rabbitmq-1  | 2026-08-12T09:49:23.926363741Z 2026-08-12 09:49:23.925777+00:00 [info] <0.1561.0> closing AMQP connection (172.19.0.1:36828 -> 172.19.0.2:5672, vhost: 'test-exclusive-should-give-the-connection-back-when-the-connect-fails', user: 'vicione_ci', duration: '62ms')[0m
rabbitmq-1  | 2026-08-12T09:49:23.927661707Z 2026-08-12 09:49:23.927063+00:00 [info] <0.1580.0> accepting AMQP connection 172.19.0.1:36836 -> 172.19.0.2:5672[0m
rabbitmq-1  | 2026-08-12T09:49:23.932311212Z 2026-08-12 09:49:23.931749+00:00 [info] <0.1580.0> connection 172.19.0.1:36836 -> 172.19.0.2:5672 has a client-provided name: testhost[0m
rabbitmq-1  | 2026-08-12T09:49:23.935102089Z 2026-08-12 09:49:23.933702+00:00 [info] <0.1580.0> connection 172.19.0.1:36836 -> 172.19.0.2:5672 - testhost: user 'vicione_ci' authenticated and granted access to vhost 'test-exclusive-should-give-the-connection-back-when-the-connect-fails'[0m
rabbitmq-1  | 2026-08-12T09:49:23.952831771Z [38;5;160m2026-08-12 09:49:23.952387+00:00 [error] <0.1594.0> Channel error on connection <0.1580.0> (172.19.0.1:36836 -> 172.19.0.2:5672, vhost: 'test-exclusive-should-give-the-connection-back-when-the-connect-fails', user: 'vicione_ci'), channel 2:[0m
rabbitmq-1  | 2026-08-12T09:49:23.952891769Z [38;5;160m2026-08-12 09:49:23.952387+00:00 [error] <0.1594.0> operation queue.declare caused a channel exception resource_locked: cannot obtain exclusive access to locked queue 'exclusively-yours' in vhost 'test-exclusive-should-give-the-connection-back-when-the-connect-fails'. It could be originally declared on another connection or the exclusive property value does not match that of the original declaration.[0m
rabbitmq-1  | 2026-08-12T09:49:23.966619847Z 2026-08-12 09:49:23.965678+00:00 [info] <0.1535.0> closing AMQP connection (172.19.0.1:36824 -> 172.19.0.2:5672 - testhost, vhost: 'test-exclusive-should-give-the-connection-back-when-the-connect-fails', user: 'vicione_ci', duration: '152ms')[0m
rabbitmq-1  | 2026-08-12T09:49:23.972693393Z 2026-08-12 09:49:23.970471+00:00 [info] <0.1580.0> closing AMQP connection (172.19.0.1:36836 -> 172.19.0.2:5672 - testhost, vhost: 'test-exclusive-should-give-the-connection-back-when-the-connect-fails', user: 'vicione_ci', duration: '44ms')[0m
rabbitmq-1  | 2026-08-12T09:49:23.973486715Z 2026-08-12 09:49:23.973102+00:00 [info] <0.1612.0> Deleting vhost 'test-exclusive-should-give-the-connection-back-when-the-connect-fails'[0m
rabbitmq-1  | 2026-08-12T09:49:23.973870734Z 2026-08-12 09:49:23.973188+00:00 [info] <0.1612.0> Clearing permissions in vhost 'test-exclusive-should-give-the-connection-back-when-the-connect-fails' because it's being deleted[0m
rabbitmq-1  | 2026-08-12T09:49:23.976389836Z 2026-08-12 09:49:23.975266+00:00 [info] <0.1612.0> Deleting queues in vhost 'test-exclusive-should-give-the-connection-back-when-the-connect-fails' because it's being deleted[0m
rabbitmq-1  | 2026-08-12T09:49:23.980929262Z 2026-08-12 09:49:23.980431+00:00 [info] <0.1612.0> Deleting exchanges in vhost 'test-exclusive-should-give-the-connection-back-when-the-connect-fails' because it's being deleted[0m
rabbitmq-1  | 2026-08-12T09:49:23.996953909Z 2026-08-12 09:49:23.996614+00:00 [info] <0.1612.0> Clearing policies and runtime parameters in vhost 'test-exclusive-should-give-the-connection-back-when-the-connect-fails' because it's being deleted[0m
rabbitmq-1  | 2026-08-12T09:49:24.000702178Z 2026-08-12 09:49:23.999871+00:00 [info] <0.1612.0> Stopping vhost supervisor <0.1507.0> for vhost 'test-exclusive-should-give-the-connection-back-when-the-connect-fails'[0m
rabbitmq-1  | 2026-08-12T09:49:24.000984010Z 2026-08-12 09:49:23.999903+00:00 [info] <0.1616.0> Closing all connections in vhost 'test-exclusive-should-give-the-connection-back-when-the-connect-fails' because it's being deleted[0m
rabbitmq-1  | 2026-08-12T09:49:24.001003428Z 2026-08-12 09:49:24.000048+00:00 [info] <0.1508.0> Virtual host 'test-exclusive-should-give-the-connection-back-when-the-connect-fails' is stopping[0m
rabbitmq-1  | 2026-08-12T09:49:24.001355177Z 2026-08-12 09:49:24.000162+00:00 [info] <0.1618.0> Closing all connections in vhost 'test-exclusive-should-give-the-connection-back-when-the-connect-fails' on node 'rabbit@d038f83d3832' because the vhost is stopping[0m
rabbitmq-1  | 2026-08-12T09:49:24.001378995Z 2026-08-12 09:49:24.000233+00:00 [info] <0.1519.0> Stopping message store for directory '/var/lib/rabbitmq/mnesia/rabbit@d038f83d3832/msg_stores/vhosts/D4P64Z9BQ6N1Y1D9QGLMC9KMN/msg_store_persistent'[0m
rabbitmq-1  | 2026-08-12T09:49:24.009138857Z 2026-08-12 09:49:24.008559+00:00 [info] <0.1519.0> Message store for directory '/var/lib/rabbitmq/mnesia/rabbit@d038f83d3832/msg_stores/vhosts/D4P64Z9BQ6N1Y1D9QGLMC9KMN/msg_store_persistent' is stopped[0m
rabbitmq-1  | 2026-08-12T09:49:24.009629183Z 2026-08-12 09:49:24.008747+00:00 [info] <0.1515.0> Stopping message store for directory '/var/lib/rabbitmq/mnesia/rabbit@d038f83d3832/msg_stores/vhosts/D4P64Z9BQ6N1Y1D9QGLMC9KMN/msg_store_transient'[0m
rabbitmq-1  | 2026-08-12T09:49:24.015156456Z 2026-08-12 09:49:24.014451+00:00 [info] <0.1515.0> Message store for directory '/var/lib/rabbitmq/mnesia/rabbit@d038f83d3832/msg_stores/vhosts/D4P64Z9BQ6N1Y1D9QGLMC9KMN/msg_store_transient' is stopped[0m
rabbitmq-1  | 2026-08-12T09:49:24.015657888Z 2026-08-12 09:49:24.014875+00:00 [info] <0.1612.0> Deleting message store directory for vhost 'test-exclusive-should-give-the-connection-back-when-the-connect-fails' at '/var/lib/rabbitmq/mnesia/rabbit@d038f83d3832/msg_stores/vhosts/D4P64Z9BQ6N1Y1D9QGLMC9KMN'[0m
rabbitmq-1  | 2026-08-12T09:49:24.028480540Z 2026-08-12 09:49:24.027868+00:00 [info] <0.1630.0> Adding vhost 'test-exclusive-should-not-inherit-the-old-failure-after-a-restart' (description: '', tags: [])[0m
rabbitmq-1  | 2026-08-12T09:49:24.040976029Z 2026-08-12 09:49:24.040362+00:00 [info] <0.1634.0> Making sure data directory '/var/lib/rabbitmq/mnesia/rabbit@d038f83d3832/msg_stores/vhosts/C1P31SJ8RHK75UND1AC7G3ESQ' for vhost 'test-exclusive-should-not-inherit-the-old-failure-after-a-restart' exists[0m
rabbitmq-1  | 2026-08-12T09:49:24.042296416Z 2026-08-12 09:49:24.042014+00:00 [info] <0.1634.0> Setting segment_entry_count for vhost 'test-exclusive-should-not-inherit-the-old-failure-after-a-restart' with 0 queues to '2048'[0m
rabbitmq-1  | 2026-08-12T09:49:24.048622389Z 2026-08-12 09:49:24.047731+00:00 [info] <0.1634.0> Starting message stores for vhost 'test-exclusive-should-not-inherit-the-old-failure-after-a-restart'[0m
rabbitmq-1  | 2026-08-12T09:49:24.052495964Z 2026-08-12 09:49:24.051156+00:00 [info] <0.1634.0> Started message store of type transient for vhost 'test-exclusive-should-not-inherit-the-old-failure-after-a-restart'[0m
rabbitmq-1  | 2026-08-12T09:49:24.053197927Z [38;5;214m2026-08-12 09:49:24.052828+00:00 [warning] <0.1645.0> Message store "C1P31SJ8RHK75UND1AC7G3ESQ/msg_store_persistent": rebuilding indices from scratch[0m
rabbitmq-1  | 2026-08-12T09:49:24.055082120Z 2026-08-12 09:49:24.054694+00:00 [info] <0.1634.0> Started message store of type persistent for vhost 'test-exclusive-should-not-inherit-the-old-failure-after-a-restart'[0m
rabbitmq-1  | 2026-08-12T09:49:24.055817189Z 2026-08-12 09:49:24.054889+00:00 [info] <0.1634.0> Recovering 0 queues of type rabbit_classic_queue took 12ms[0m
rabbitmq-1  | 2026-08-12T09:49:24.056386303Z 2026-08-12 09:49:24.054960+00:00 [info] <0.1634.0> Recovering 0 queues of type rabbit_quorum_queue took 0ms[0m
rabbitmq-1  | 2026-08-12T09:49:24.056531724Z 2026-08-12 09:49:24.055045+00:00 [info] <0.1634.0> Recovering 0 queues of type rabbit_stream_queue took 0ms[0m
rabbitmq-1  | 2026-08-12T09:49:24.061798398Z 2026-08-12 09:49:24.060902+00:00 [info] <0.1630.0> Successfully set permissions for user 'vicione_ci' in virtual host 'test-exclusive-should-not-inherit-the-old-failure-after-a-restart' to '.*', '.*', '.*'[0m
rabbitmq-1  | 2026-08-12T09:49:24.064861678Z 2026-08-12 09:49:24.064452+00:00 [info] <0.1661.0> accepting AMQP connection 172.19.0.1:36842 -> 172.19.0.2:5672[0m
rabbitmq-1  | 2026-08-12T09:49:24.071685311Z 2026-08-12 09:49:24.070717+00:00 [info] <0.1661.0> connection 172.19.0.1:36842 -> 172.19.0.2:5672 has a client-provided name: testhost[0m
rabbitmq-1  | 2026-08-12T09:49:24.074769195Z 2026-08-12 09:49:24.073911+00:00 [info] <0.1661.0> connection 172.19.0.1:36842 -> 172.19.0.2:5672 - testhost: user 'vicione_ci' authenticated and granted access to vhost 'test-exclusive-should-not-inherit-the-old-failure-after-a-restart'[0m
rabbitmq-1  | 2026-08-12T09:49:24.117113661Z 2026-08-12 09:49:24.115208+00:00 [info] <0.1687.0> accepting AMQP connection 172.19.0.1:36858 -> 172.19.0.2:5672[0m
rabbitmq-1  | 2026-08-12T09:49:24.125566684Z 2026-08-12 09:49:24.124495+00:00 [info] <0.1687.0> connection 172.19.0.1:36858 -> 172.19.0.2:5672: user 'vicione_ci' authenticated and granted access to vhost 'test-exclusive-should-not-inherit-the-old-failure-after-a-restart'[0m
rabbitmq-1  | 2026-08-12T09:49:24.171383384Z 2026-08-12 09:49:24.169171+00:00 [info] <0.1687.0> closing AMQP connection (172.19.0.1:36858 -> 172.19.0.2:5672, vhost: 'test-exclusive-should-not-inherit-the-old-failure-after-a-restart', user: 'vicione_ci', duration: '54ms')[0m
rabbitmq-1  | 2026-08-12T09:49:24.172101900Z 2026-08-12 09:49:24.170306+00:00 [info] <0.1706.0> accepting AMQP connection 172.19.0.1:36860 -> 172.19.0.2:5672[0m
rabbitmq-1  | 2026-08-12T09:49:24.184942503Z 2026-08-12 09:49:24.184259+00:00 [info] <0.1706.0> connection 172.19.0.1:36860 -> 172.19.0.2:5672 has a client-provided name: testhost[0m
rabbitmq-1  | 2026-08-12T09:49:24.186783460Z 2026-08-12 09:49:24.186237+00:00 [info] <0.1706.0> connection 172.19.0.1:36860 -> 172.19.0.2:5672 - testhost: user 'vicione_ci' authenticated and granted access to vhost 'test-exclusive-should-not-inherit-the-old-failure-after-a-restart'[0m
rabbitmq-1  | 2026-08-12T09:49:24.216458937Z [38;5;160m2026-08-12 09:49:24.215768+00:00 [error] <0.1720.0> Channel error on connection <0.1706.0> (172.19.0.1:36860 -> 172.19.0.2:5672, vhost: 'test-exclusive-should-not-inherit-the-old-failure-after-a-restart', user: 'vicione_ci'), channel 2:[0m
rabbitmq-1  | 2026-08-12T09:49:24.216509715Z [38;5;160m2026-08-12 09:49:24.215768+00:00 [error] <0.1720.0> operation queue.declare caused a channel exception resource_locked: cannot obtain exclusive access to locked queue 'exclusively-yours' in vhost 'test-exclusive-should-not-inherit-the-old-failure-after-a-restart'. It could be originally declared on another connection or the exclusive property value does not match that of the original declaration.[0m
rabbitmq-1  | 2026-08-12T09:49:24.224570059Z 2026-08-12 09:49:24.222917+00:00 [info] <0.1706.0> closing AMQP connection (172.19.0.1:36860 -> 172.19.0.2:5672 - testhost, vhost: 'test-exclusive-should-not-inherit-the-old-failure-after-a-restart', user: 'vicione_ci', duration: '53ms')[0m
rabbitmq-1  | 2026-08-12T09:49:24.235614966Z 2026-08-12 09:49:24.234554+00:00 [info] <0.1661.0> closing AMQP connection (172.19.0.1:36842 -> 172.19.0.2:5672 - testhost, vhost: 'test-exclusive-should-not-inherit-the-old-failure-after-a-restart', user: 'vicione_ci', duration: '170ms')[0m
rabbitmq-1  | 2026-08-12T09:49:24.241422395Z 2026-08-12 09:49:24.240928+00:00 [info] <0.1741.0> accepting AMQP connection 172.19.0.1:36862 -> 172.19.0.2:5672[0m
rabbitmq-1  | 2026-08-12T09:49:24.250213548Z 2026-08-12 09:49:24.249504+00:00 [info] <0.1741.0> connection 172.19.0.1:36862 -> 172.19.0.2:5672: user 'vicione_ci' authenticated and granted access to vhost 'test-exclusive-should-not-inherit-the-old-failure-after-a-restart'[0m
rabbitmq-1  | 2026-08-12T09:49:24.297881751Z 2026-08-12 09:49:24.296186+00:00 [info] <0.1741.0> closing AMQP connection (172.19.0.1:36862 -> 172.19.0.2:5672, vhost: 'test-exclusive-should-not-inherit-the-old-failure-after-a-restart', user: 'vicione_ci', duration: '57ms')[0m
rabbitmq-1  | 2026-08-12T09:49:24.297918840Z 2026-08-12 09:49:24.297417+00:00 [info] <0.1760.0> accepting AMQP connection 172.19.0.1:36864 -> 172.19.0.2:5672[0m
rabbitmq-1  | 2026-08-12T09:49:24.303347838Z 2026-08-12 09:49:24.302306+00:00 [info] <0.1760.0> connection 172.19.0.1:36864 -> 172.19.0.2:5672 has a client-provided name: testhost[0m
rabbitmq-1  | 2026-08-12T09:49:24.305713346Z 2026-08-12 09:49:24.304711+00:00 [info] <0.1760.0> connection 172.19.0.1:36864 -> 172.19.0.2:5672 - testhost: user 'vicione_ci' authenticated and granted access to vhost 'test-exclusive-should-not-inherit-the-old-failure-after-a-restart'[0m
rabbitmq-1  | 2026-08-12T09:49:24.355142253Z 2026-08-12 09:49:24.353635+00:00 [info] <0.1760.0> closing AMQP connection (172.19.0.1:36864 -> 172.19.0.2:5672 - testhost, vhost: 'test-exclusive-should-not-inherit-the-old-failure-after-a-restart', user: 'vicione_ci', duration: '57ms')[0m
rabbitmq-1  | 2026-08-12T09:49:24.357947938Z 2026-08-12 09:49:24.356700+00:00 [info] <0.1789.0> Deleting vhost 'test-exclusive-should-not-inherit-the-old-failure-after-a-restart'[0m
rabbitmq-1  | 2026-08-12T09:49:24.358129191Z 2026-08-12 09:49:24.356809+00:00 [info] <0.1789.0> Clearing permissions in vhost 'test-exclusive-should-not-inherit-the-old-failure-after-a-restart' because it's being deleted[0m
rabbitmq-1  | 2026-08-12T09:49:24.360123951Z 2026-08-12 09:49:24.359823+00:00 [info] <0.1789.0> Deleting queues in vhost 'test-exclusive-should-not-inherit-the-old-failure-after-a-restart' because it's being deleted[0m
rabbitmq-1  | 2026-08-12T09:49:24.366341522Z 2026-08-12 09:49:24.365705+00:00 [info] <0.1789.0> Deleting exchanges in vhost 'test-exclusive-should-not-inherit-the-old-failure-after-a-restart' because it's being deleted[0m
rabbitmq-1  | 2026-08-12T09:49:24.382878637Z 2026-08-12 09:49:24.382388+00:00 [info] <0.1789.0> Clearing policies and runtime parameters in vhost 'test-exclusive-should-not-inherit-the-old-failure-after-a-restart' because it's being deleted[0m
rabbitmq-1  | 2026-08-12T09:49:24.386317415Z 2026-08-12 09:49:24.385444+00:00 [info] <0.1789.0> Stopping vhost supervisor <0.1633.0> for vhost 'test-exclusive-should-not-inherit-the-old-failure-after-a-restart'[0m
rabbitmq-1  | 2026-08-12T09:49:24.386347170Z 2026-08-12 09:49:24.385510+00:00 [info] <0.1793.0> Closing all connections in vhost 'test-exclusive-should-not-inherit-the-old-failure-after-a-restart' because it's being deleted[0m
rabbitmq-1  | 2026-08-12T09:49:24.386403257Z 2026-08-12 09:49:24.385600+00:00 [info] <0.1634.0> Virtual host 'test-exclusive-should-not-inherit-the-old-failure-after-a-restart' is stopping[0m
rabbitmq-1  | 2026-08-12T09:49:24.386415270Z 2026-08-12 09:49:24.385721+00:00 [info] <0.1795.0> Closing all connections in vhost 'test-exclusive-should-not-inherit-the-old-failure-after-a-restart' on node 'rabbit@d038f83d3832' because the vhost is stopping[0m
rabbitmq-1  | 2026-08-12T09:49:24.386426655Z 2026-08-12 09:49:24.385749+00:00 [info] <0.1645.0> Stopping message store for directory '/var/lib/rabbitmq/mnesia/rabbit@d038f83d3832/msg_stores/vhosts/C1P31SJ8RHK75UND1AC7G3ESQ/msg_store_persistent'[0m
rabbitmq-1  | 2026-08-12T09:49:24.393519898Z 2026-08-12 09:49:24.393022+00:00 [info] <0.1645.0> Message store for directory '/var/lib/rabbitmq/mnesia/rabbit@d038f83d3832/msg_stores/vhosts/C1P31SJ8RHK75UND1AC7G3ESQ/msg_store_persistent' is stopped[0m
rabbitmq-1  | 2026-08-12T09:49:24.393914533Z 2026-08-12 09:49:24.393224+00:00 [info] <0.1641.0> Stopping message store for directory '/var/lib/rabbitmq/mnesia/rabbit@d038f83d3832/msg_stores/vhosts/C1P31SJ8RHK75UND1AC7G3ESQ/msg_store_transient'[0m
rabbitmq-1  | 2026-08-12T09:49:24.399954553Z 2026-08-12 09:49:24.399116+00:00 [info] <0.1641.0> Message store for directory '/var/lib/rabbitmq/mnesia/rabbit@d038f83d3832/msg_stores/vhosts/C1P31SJ8RHK75UND1AC7G3ESQ/msg_store_transient' is stopped[0m
rabbitmq-1  | 2026-08-12T09:49:24.400144607Z 2026-08-12 09:49:24.399735+00:00 [info] <0.1789.0> Deleting message store directory for vhost 'test-exclusive-should-not-inherit-the-old-failure-after-a-restart' at '/var/lib/rabbitmq/mnesia/rabbit@d038f83d3832/msg_stores/vhosts/C1P31SJ8RHK75UND1AC7G3ESQ'[0m
rabbitmq-1  | 2026-08-12T09:49:24.413658954Z 2026-08-12 09:49:24.413106+00:00 [info] <0.1807.0> Adding vhost 'test-exclusive-should-properly-fail-on-exclusive-launch' (description: '', tags: [])[0m
rabbitmq-1  | 2026-08-12T09:49:24.426447311Z 2026-08-12 09:49:24.425793+00:00 [info] <0.1811.0> Making sure data directory '/var/lib/rabbitmq/mnesia/rabbit@d038f83d3832/msg_stores/vhosts/1D6TZW0EUKJF95CEVER1SAPMB' for vhost 'test-exclusive-should-properly-fail-on-exclusive-launch' exists[0m
rabbitmq-1  | 2026-08-12T09:49:24.427892445Z 2026-08-12 09:49:24.427622+00:00 [info] <0.1811.0> Setting segment_entry_count for vhost 'test-exclusive-should-properly-fail-on-exclusive-launch' with 0 queues to '2048'[0m
rabbitmq-1  | 2026-08-12T09:49:24.433683041Z 2026-08-12 09:49:24.433118+00:00 [info] <0.1811.0> Starting message stores for vhost 'test-exclusive-should-properly-fail-on-exclusive-launch'[0m
rabbitmq-1  | 2026-08-12T09:49:24.436250687Z 2026-08-12 09:49:24.435897+00:00 [info] <0.1811.0> Started message store of type transient for vhost 'test-exclusive-should-properly-fail-on-exclusive-launch'[0m
rabbitmq-1  | 2026-08-12T09:49:24.437163168Z [38;5;214m2026-08-12 09:49:24.436813+00:00 [warning] <0.1822.0> Message store "1D6TZW0EUKJF95CEVER1SAPMB/msg_store_persistent": rebuilding indices from scratch[0m
rabbitmq-1  | 2026-08-12T09:49:24.439239230Z 2026-08-12 09:49:24.438823+00:00 [info] <0.1811.0> Started message store of type persistent for vhost 'test-exclusive-should-properly-fail-on-exclusive-launch'[0m
rabbitmq-1  | 2026-08-12T09:49:24.440329053Z 2026-08-12 09:49:24.439063+00:00 [info] <0.1811.0> Recovering 0 queues of type rabbit_classic_queue took 10ms[0m
rabbitmq-1  | 2026-08-12T09:49:24.440346934Z 2026-08-12 09:49:24.439133+00:00 [info] <0.1811.0> Recovering 0 queues of type rabbit_quorum_queue took 0ms[0m
rabbitmq-1  | 2026-08-12T09:49:24.440728578Z 2026-08-12 09:49:24.439283+00:00 [info] <0.1811.0> Recovering 0 queues of type rabbit_stream_queue took 0ms[0m
rabbitmq-1  | 2026-08-12T09:49:24.446197249Z 2026-08-12 09:49:24.445199+00:00 [info] <0.1807.0> Successfully set permissions for user 'vicione_ci' in virtual host 'test-exclusive-should-properly-fail-on-exclusive-launch' to '.*', '.*', '.*'[0m
rabbitmq-1  | 2026-08-12T09:49:24.449562897Z 2026-08-12 09:49:24.448744+00:00 [info] <0.1838.0> accepting AMQP connection 172.19.0.1:36878 -> 172.19.0.2:5672[0m
rabbitmq-1  | 2026-08-12T09:49:24.454375565Z 2026-08-12 09:49:24.453701+00:00 [info] <0.1838.0> connection 172.19.0.1:36878 -> 172.19.0.2:5672 has a client-provided name: testhost[0m
rabbitmq-1  | 2026-08-12T09:49:24.456787801Z 2026-08-12 09:49:24.455741+00:00 [info] <0.1838.0> connection 172.19.0.1:36878 -> 172.19.0.2:5672 - testhost: user 'vicione_ci' authenticated and granted access to vhost 'test-exclusive-should-properly-fail-on-exclusive-launch'[0m
rabbitmq-1  | 2026-08-12T09:49:24.496670159Z 2026-08-12 09:49:24.496015+00:00 [info] <0.1864.0> accepting AMQP connection 172.19.0.1:36884 -> 172.19.0.2:5672[0m
rabbitmq-1  | 2026-08-12T09:49:24.502139389Z 2026-08-12 09:49:24.501408+00:00 [info] <0.1864.0> connection 172.19.0.1:36884 -> 172.19.0.2:5672: user 'vicione_ci' authenticated and granted access to vhost 'test-exclusive-should-properly-fail-on-exclusive-launch'[0m
rabbitmq-1  | 2026-08-12T09:49:24.547498590Z 2026-08-12 09:49:24.546554+00:00 [info] <0.1864.0> closing AMQP connection (172.19.0.1:36884 -> 172.19.0.2:5672, vhost: 'test-exclusive-should-properly-fail-on-exclusive-launch', user: 'vicione_ci', duration: '51ms')[0m
rabbitmq-1  | 2026-08-12T09:49:24.548668737Z 2026-08-12 09:49:24.548264+00:00 [info] <0.1883.0> accepting AMQP connection 172.19.0.1:36890 -> 172.19.0.2:5672[0m
rabbitmq-1  | 2026-08-12T09:49:24.553561310Z 2026-08-12 09:49:24.552453+00:00 [info] <0.1883.0> connection 172.19.0.1:36890 -> 172.19.0.2:5672 has a client-provided name: testhost[0m
rabbitmq-1  | 2026-08-12T09:49:24.554874434Z 2026-08-12 09:49:24.554415+00:00 [info] <0.1883.0> connection 172.19.0.1:36890 -> 172.19.0.2:5672 - testhost: user 'vicione_ci' authenticated and granted access to vhost 'test-exclusive-should-properly-fail-on-exclusive-launch'[0m
rabbitmq-1  | 2026-08-12T09:49:24.561994078Z 2026-08-12 09:49:24.561509+00:00 [info] <0.1905.0> accepting AMQP connection 172.19.0.1:36906 -> 172.19.0.2:5672[0m
rabbitmq-1  | 2026-08-12T09:49:24.568696108Z 2026-08-12 09:49:24.567740+00:00 [info] <0.1905.0> connection 172.19.0.1:36906 -> 172.19.0.2:5672 has a client-provided name: testhost[0m
rabbitmq-1  | 2026-08-12T09:49:24.569810028Z [38;5;160m2026-08-12 09:49:24.569399+00:00 [error] <0.1905.0> Error on AMQP connection <0.1905.0> (172.19.0.1:36906 -> 172.19.0.2:5672 - testhost, user: 'vicione_ci', state: opening):[0m
rabbitmq-1  | 2026-08-12T09:49:24.569872820Z [38;5;160m2026-08-12 09:49:24.569399+00:00 [error] <0.1905.0> vhost test-exclusive-should-give-every-waiting-caller-the-same-answer not found[0m
rabbitmq-1  | 2026-08-12T09:49:24.574574920Z 2026-08-12 09:49:24.572875+00:00 [info] <0.1905.0> closing AMQP connection (172.19.0.1:36906 -> 172.19.0.2:5672 - testhost, vhost: 'none', user: 'vicione_ci', duration: '12ms')[0m
rabbitmq-1  | 2026-08-12T09:49:24.580177069Z [38;5;160m2026-08-12 09:49:24.579501+00:00 [error] <0.1897.0> Channel error on connection <0.1883.0> (172.19.0.1:36890 -> 172.19.0.2:5672, vhost: 'test-exclusive-should-properly-fail-on-exclusive-launch', user: 'vicione_ci'), channel 2:[0m
rabbitmq-1  | 2026-08-12T09:49:24.580248732Z [38;5;160m2026-08-12 09:49:24.579501+00:00 [error] <0.1897.0> operation queue.declare caused a channel exception resource_locked: cannot obtain exclusive access to locked queue 'exclusively-yours' in vhost 'test-exclusive-should-properly-fail-on-exclusive-launch'. It could be originally declared on another connection or the exclusive property value does not match that of the original declaration.[0m
rabbitmq-1  | 2026-08-12T09:49:24.900857085Z 2026-08-12 09:49:24.900374+00:00 [info] <0.1916.0> accepting AMQP connection 172.19.0.1:36912 -> 172.19.0.2:5672[0m
rabbitmq-1  | 2026-08-12T09:49:24.905965765Z 2026-08-12 09:49:24.903999+00:00 [info] <0.1916.0> connection 172.19.0.1:36912 -> 172.19.0.2:5672 has a client-provided name: testhost[0m
rabbitmq-1  | 2026-08-12T09:49:24.907627215Z [38;5;160m2026-08-12 09:49:24.906736+00:00 [error] <0.1916.0> Error on AMQP connection <0.1916.0> (172.19.0.1:36912 -> 172.19.0.2:5672 - testhost, user: 'vicione_ci', state: opening):[0m
rabbitmq-1  | 2026-08-12T09:49:24.907655294Z [38;5;160m2026-08-12 09:49:24.906736+00:00 [error] <0.1916.0> vhost test-exclusive-should-give-the-connection-back-when-the-connect-fails not found[0m
rabbitmq-1  | 2026-08-12T09:49:24.909596971Z 2026-08-12 09:49:24.908761+00:00 [info] <0.1916.0> closing AMQP connection (172.19.0.1:36912 -> 172.19.0.2:5672 - testhost, vhost: 'none', user: 'vicione_ci', duration: '9ms')[0m
rabbitmq-1  | 2026-08-12T09:49:25.145180720Z 2026-08-12 09:49:25.144669+00:00 [info] <0.1925.0> accepting AMQP connection 172.19.0.1:36918 -> 172.19.0.2:5672[0m
rabbitmq-1  | 2026-08-12T09:49:25.151314055Z 2026-08-12 09:49:25.150596+00:00 [info] <0.1925.0> connection 172.19.0.1:36918 -> 172.19.0.2:5672 has a client-provided name: testhost[0m
rabbitmq-1  | 2026-08-12T09:49:25.152876533Z [38;5;160m2026-08-12 09:49:25.152194+00:00 [error] <0.1925.0> Error on AMQP connection <0.1925.0> (172.19.0.1:36918 -> 172.19.0.2:5672 - testhost, user: 'vicione_ci', state: opening):[0m
rabbitmq-1  | 2026-08-12T09:49:25.152905589Z [38;5;160m2026-08-12 09:49:25.152194+00:00 [error] <0.1925.0> vhost test-exclusive-should-not-inherit-the-old-failure-after-a-restart not found[0m
rabbitmq-1  | 2026-08-12T09:49:25.154243578Z 2026-08-12 09:49:25.153698+00:00 [info] <0.1925.0> closing AMQP connection (172.19.0.1:36918 -> 172.19.0.2:5672 - testhost, vhost: 'none', user: 'vicione_ci', duration: '9ms')[0m
rabbitmq-1  | 2026-08-12T09:49:31.602975434Z 2026-08-12 09:49:31.602489+00:00 [info] <0.1954.0> accepting AMQP connection 172.19.0.1:39742 -> 172.19.0.2:5672[0m
rabbitmq-1  | 2026-08-12T09:49:31.608195732Z 2026-08-12 09:49:31.606524+00:00 [info] <0.1954.0> connection 172.19.0.1:39742 -> 172.19.0.2:5672 has a client-provided name: testhost[0m
rabbitmq-1  | 2026-08-12T09:49:31.609935342Z [38;5;160m2026-08-12 09:49:31.609384+00:00 [error] <0.1954.0> Error on AMQP connection <0.1954.0> (172.19.0.1:39742 -> 172.19.0.2:5672 - testhost, user: 'vicione_ci', state: opening):[0m
rabbitmq-1  | 2026-08-12T09:49:31.609966215Z [38;5;160m2026-08-12 09:49:31.609384+00:00 [error] <0.1954.0> vhost test-exclusive-should-give-the-connection-back-when-the-connect-fails not found[0m
rabbitmq-1  | 2026-08-12T09:49:31.611431815Z 2026-08-12 09:49:31.610839+00:00 [info] <0.1954.0> closing AMQP connection (172.19.0.1:39742 -> 172.19.0.2:5672 - testhost, vhost: 'none', user: 'vicione_ci', duration: '9ms')[0m
rabbitmq-1  | 2026-08-12T09:49:32.207880150Z 2026-08-12 09:49:32.205600+00:00 [info] <0.1963.0> accepting AMQP connection 172.19.0.1:39756 -> 172.19.0.2:5672[0m
rabbitmq-1  | 2026-08-12T09:49:32.211638410Z 2026-08-12 09:49:32.210401+00:00 [info] <0.1963.0> connection 172.19.0.1:39756 -> 172.19.0.2:5672 has a client-provided name: testhost[0m
rabbitmq-1  | 2026-08-12T09:49:32.213000707Z [38;5;160m2026-08-12 09:49:32.212544+00:00 [error] <0.1963.0> Error on AMQP connection <0.1963.0> (172.19.0.1:39756 -> 172.19.0.2:5672 - testhost, user: 'vicione_ci', state: opening):[0m
rabbitmq-1  | 2026-08-12T09:49:32.213046177Z [38;5;160m2026-08-12 09:49:32.212544+00:00 [error] <0.1963.0> vhost test-exclusive-should-give-every-waiting-caller-the-same-answer not found[0m
rabbitmq-1  | 2026-08-12T09:49:32.214729351Z 2026-08-12 09:49:32.214029+00:00 [info] <0.1963.0> closing AMQP connection (172.19.0.1:39756 -> 172.19.0.2:5672 - testhost, vhost: 'none', user: 'vicione_ci', duration: '8ms')[0m
rabbitmq-1  | 2026-08-12T09:49:32.609750365Z 2026-08-12 09:49:32.607007+00:00 [info] <0.1838.0> closing AMQP connection (172.19.0.1:36878 -> 172.19.0.2:5672 - testhost, vhost: 'test-exclusive-should-properly-fail-on-exclusive-launch', user: 'vicione_ci', duration: '8s')[0m
rabbitmq-1  | 2026-08-12T09:49:32.615100788Z 2026-08-12 09:49:32.613858+00:00 [info] <0.1883.0> closing AMQP connection (172.19.0.1:36890 -> 172.19.0.2:5672 - testhost, vhost: 'test-exclusive-should-properly-fail-on-exclusive-launch', user: 'vicione_ci', duration: '8s')[0m
rabbitmq-1  | 2026-08-12T09:49:32.616565969Z 2026-08-12 09:49:32.615992+00:00 [info] <0.1980.0> Deleting vhost 'test-exclusive-should-properly-fail-on-exclusive-launch'[0m
rabbitmq-1  | 2026-08-12T09:49:32.616864077Z 2026-08-12 09:49:32.616063+00:00 [info] <0.1980.0> Clearing permissions in vhost 'test-exclusive-should-properly-fail-on-exclusive-launch' because it's being deleted[0m
rabbitmq-1  | 2026-08-12T09:49:32.619064468Z 2026-08-12 09:49:32.617886+00:00 [info] <0.1980.0> Deleting queues in vhost 'test-exclusive-should-properly-fail-on-exclusive-launch' because it's being deleted[0m
rabbitmq-1  | 2026-08-12T09:49:32.623405951Z 2026-08-12 09:49:32.623029+00:00 [info] <0.1980.0> Deleting exchanges in vhost 'test-exclusive-should-properly-fail-on-exclusive-launch' because it's being deleted[0m
rabbitmq-1  | 2026-08-12T09:49:32.640851927Z 2026-08-12 09:49:32.640065+00:00 [info] <0.1980.0> Clearing policies and runtime parameters in vhost 'test-exclusive-should-properly-fail-on-exclusive-launch' because it's being deleted[0m
rabbitmq-1  | 2026-08-12T09:49:32.644644482Z 2026-08-12 09:49:32.644056+00:00 [info] <0.1980.0> Stopping vhost supervisor <0.1810.0> for vhost 'test-exclusive-should-properly-fail-on-exclusive-launch'[0m
rabbitmq-1  | 2026-08-12T09:49:32.645016766Z 2026-08-12 09:49:32.644091+00:00 [info] <0.1984.0> Closing all connections in vhost 'test-exclusive-should-properly-fail-on-exclusive-launch' because it's being deleted[0m
rabbitmq-1  | 2026-08-12T09:49:32.645184749Z 2026-08-12 09:49:32.644234+00:00 [info] <0.1811.0> Virtual host 'test-exclusive-should-properly-fail-on-exclusive-launch' is stopping[0m
rabbitmq-1  | 2026-08-12T09:49:32.645519665Z 2026-08-12 09:49:32.644420+00:00 [info] <0.1822.0> Stopping message store for directory '/var/lib/rabbitmq/mnesia/rabbit@d038f83d3832/msg_stores/vhosts/1D6TZW0EUKJF95CEVER1SAPMB/msg_store_persistent'[0m
rabbitmq-1  | 2026-08-12T09:49:32.645754281Z 2026-08-12 09:49:32.644469+00:00 [info] <0.1986.0> Closing all connections in vhost 'test-exclusive-should-properly-fail-on-exclusive-launch' on node 'rabbit@d038f83d3832' because the vhost is stopping[0m
rabbitmq-1  | 2026-08-12T09:49:32.652992391Z 2026-08-12 09:49:32.651982+00:00 [info] <0.1822.0> Message store for directory '/var/lib/rabbitmq/mnesia/rabbit@d038f83d3832/msg_stores/vhosts/1D6TZW0EUKJF95CEVER1SAPMB/msg_store_persistent' is stopped[0m
rabbitmq-1  | 2026-08-12T09:49:32.653073693Z 2026-08-12 09:49:32.652158+00:00 [info] <0.1818.0> Stopping message store for directory '/var/lib/rabbitmq/mnesia/rabbit@d038f83d3832/msg_stores/vhosts/1D6TZW0EUKJF95CEVER1SAPMB/msg_store_transient'[0m
rabbitmq-1  | 2026-08-12T09:49:32.658266122Z 2026-08-12 09:49:32.657459+00:00 [info] <0.1818.0> Message store for directory '/var/lib/rabbitmq/mnesia/rabbit@d038f83d3832/msg_stores/vhosts/1D6TZW0EUKJF95CEVER1SAPMB/msg_store_transient' is stopped[0m
rabbitmq-1  | 2026-08-12T09:49:32.659156602Z 2026-08-12 09:49:32.658213+00:00 [info] <0.1980.0> Deleting message store directory for vhost 'test-exclusive-should-properly-fail-on-exclusive-launch' at '/var/lib/rabbitmq/mnesia/rabbit@d038f83d3832/msg_stores/vhosts/1D6TZW0EUKJF95CEVER1SAPMB'[0m
rabbitmq-1  | 2026-08-12T09:49:32.671961382Z 2026-08-12 09:49:32.671158+00:00 [info] <0.1998.0> Adding vhost 'test-exclusive-should-start-again-once-the-exclusive-queue-is-released' (description: '', tags: [])[0m
rabbitmq-1  | 2026-08-12T09:49:32.686055468Z 2026-08-12 09:49:32.685564+00:00 [info] <0.2002.0> Making sure data directory '/var/lib/rabbitmq/mnesia/rabbit@d038f83d3832/msg_stores/vhosts/CD6G45T68S5AZVZ35GNCQ132G' for vhost 'test-exclusive-should-start-again-once-the-exclusive-queue-is-released' exists[0m
rabbitmq-1  | 2026-08-12T09:49:32.687692263Z 2026-08-12 09:49:32.687383+00:00 [info] <0.2002.0> Setting segment_entry_count for vhost 'test-exclusive-should-start-again-once-the-exclusive-queue-is-released' with 0 queues to '2048'[0m
rabbitmq-1  | 2026-08-12T09:49:32.697542094Z 2026-08-12 09:49:32.696856+00:00 [info] <0.2002.0> Starting message stores for vhost 'test-exclusive-should-start-again-once-the-exclusive-queue-is-released'[0m
rabbitmq-1  | 2026-08-12T09:49:32.700244336Z 2026-08-12 09:49:32.699775+00:00 [info] <0.2002.0> Started message store of type transient for vhost 'test-exclusive-should-start-again-once-the-exclusive-queue-is-released'[0m
rabbitmq-1  | 2026-08-12T09:49:32.701913471Z [38;5;214m2026-08-12 09:49:32.701141+00:00 [warning] <0.2013.0> Message store "CD6G45T68S5AZVZ35GNCQ132G/msg_store_persistent": rebuilding indices from scratch[0m
rabbitmq-1  | 2026-08-12T09:49:32.703818829Z 2026-08-12 09:49:32.703427+00:00 [info] <0.2002.0> Started message store of type persistent for vhost 'test-exclusive-should-start-again-once-the-exclusive-queue-is-released'[0m
rabbitmq-1  | 2026-08-12T09:49:32.704619904Z 2026-08-12 09:49:32.703618+00:00 [info] <0.2002.0> Recovering 0 queues of type rabbit_classic_queue took 15ms[0m
rabbitmq-1  | 2026-08-12T09:49:32.704664886Z 2026-08-12 09:49:32.703676+00:00 [info] <0.2002.0> Recovering 0 queues of type rabbit_quorum_queue took 0ms[0m
rabbitmq-1  | 2026-08-12T09:49:32.704680182Z 2026-08-12 09:49:32.703789+00:00 [info] <0.2002.0> Recovering 0 queues of type rabbit_stream_queue took 0ms[0m
rabbitmq-1  | 2026-08-12T09:49:32.711058126Z 2026-08-12 09:49:32.710111+00:00 [info] <0.1998.0> Successfully set permissions for user 'vicione_ci' in virtual host 'test-exclusive-should-start-again-once-the-exclusive-queue-is-released' to '.*', '.*', '.*'[0m
rabbitmq-1  | 2026-08-12T09:49:32.717624586Z 2026-08-12 09:49:32.714622+00:00 [info] <0.2029.0> accepting AMQP connection 172.19.0.1:39760 -> 172.19.0.2:5672[0m
rabbitmq-1  | 2026-08-12T09:49:32.720603423Z 2026-08-12 09:49:32.720098+00:00 [info] <0.2029.0> connection 172.19.0.1:39760 -> 172.19.0.2:5672 has a client-provided name: testhost[0m
rabbitmq-1  | 2026-08-12T09:49:32.722519956Z 2026-08-12 09:49:32.722003+00:00 [info] <0.2029.0> connection 172.19.0.1:39760 -> 172.19.0.2:5672 - testhost: user 'vicione_ci' authenticated and granted access to vhost 'test-exclusive-should-start-again-once-the-exclusive-queue-is-released'[0m
rabbitmq-1  | 2026-08-12T09:49:32.767554886Z 2026-08-12 09:49:32.764704+00:00 [info] <0.2056.0> accepting AMQP connection 172.19.0.1:39776 -> 172.19.0.2:5672[0m
rabbitmq-1  | 2026-08-12T09:49:32.771255522Z 2026-08-12 09:49:32.770887+00:00 [info] <0.2056.0> connection 172.19.0.1:39776 -> 172.19.0.2:5672: user 'vicione_ci' authenticated and granted access to vhost 'test-exclusive-should-start-again-once-the-exclusive-queue-is-released'[0m
rabbitmq-1  | 2026-08-12T09:49:32.831194625Z 2026-08-12 09:49:32.830045+00:00 [info] <0.2056.0> closing AMQP connection (172.19.0.1:39776 -> 172.19.0.2:5672, vhost: 'test-exclusive-should-start-again-once-the-exclusive-queue-is-released', user: 'vicione_ci', duration: '66ms')[0m
rabbitmq-1  | 2026-08-12T09:49:32.832568167Z 2026-08-12 09:49:32.831553+00:00 [info] <0.2075.0> accepting AMQP connection 172.19.0.1:39786 -> 172.19.0.2:5672[0m
rabbitmq-1  | 2026-08-12T09:49:32.838238141Z 2026-08-12 09:49:32.837498+00:00 [info] <0.2075.0> connection 172.19.0.1:39786 -> 172.19.0.2:5672 has a client-provided name: testhost[0m
rabbitmq-1  | 2026-08-12T09:49:32.840578506Z 2026-08-12 09:49:32.839962+00:00 [info] <0.2075.0> connection 172.19.0.1:39786 -> 172.19.0.2:5672 - testhost: user 'vicione_ci' authenticated and granted access to vhost 'test-exclusive-should-start-again-once-the-exclusive-queue-is-released'[0m
rabbitmq-1  | 2026-08-12T09:49:32.871014565Z [38;5;160m2026-08-12 09:49:32.870544+00:00 [error] <0.2089.0> Channel error on connection <0.2075.0> (172.19.0.1:39786 -> 172.19.0.2:5672, vhost: 'test-exclusive-should-start-again-once-the-exclusive-queue-is-released', user: 'vicione_ci'), channel 2:[0m
rabbitmq-1  | 2026-08-12T09:49:32.871085041Z [38;5;160m2026-08-12 09:49:32.870544+00:00 [error] <0.2089.0> operation queue.declare caused a channel exception resource_locked: cannot obtain exclusive access to locked queue 'exclusively-yours' in vhost 'test-exclusive-should-start-again-once-the-exclusive-queue-is-released'. It could be originally declared on another connection or the exclusive property value does not match that of the original declaration.[0m
rabbitmq-1  | 2026-08-12T09:49:32.888523753Z 2026-08-12 09:49:32.887854+00:00 [info] <0.2029.0> closing AMQP connection (172.19.0.1:39760 -> 172.19.0.2:5672 - testhost, vhost: 'test-exclusive-should-start-again-once-the-exclusive-queue-is-released', user: 'vicione_ci', duration: '173ms')[0m
rabbitmq-1  | 2026-08-12T09:49:32.998136677Z 2026-08-12 09:49:32.996914+00:00 [info] <0.2107.0> accepting AMQP connection 172.19.0.1:39796 -> 172.19.0.2:5672[0m
rabbitmq-1  | 2026-08-12T09:49:33.007446171Z 2026-08-12 09:49:33.006773+00:00 [info] <0.2107.0> connection 172.19.0.1:39796 -> 172.19.0.2:5672: user 'vicione_ci' authenticated and granted access to vhost 'test-exclusive-should-start-again-once-the-exclusive-queue-is-released'[0m
rabbitmq-1  | 2026-08-12T09:49:33.065356361Z 2026-08-12 09:49:33.064057+00:00 [info] <0.2107.0> closing AMQP connection (172.19.0.1:39796 -> 172.19.0.2:5672, vhost: 'test-exclusive-should-start-again-once-the-exclusive-queue-is-released', user: 'vicione_ci', duration: '67ms')[0m
rabbitmq-1  | 2026-08-12T09:49:33.067434171Z 2026-08-12 09:49:33.065719+00:00 [info] <0.2126.0> accepting AMQP connection 172.19.0.1:39808 -> 172.19.0.2:5672[0m
rabbitmq-1  | 2026-08-12T09:49:33.070147519Z 2026-08-12 09:49:33.069316+00:00 [info] <0.2126.0> connection 172.19.0.1:39808 -> 172.19.0.2:5672 has a client-provided name: testhost[0m
rabbitmq-1  | 2026-08-12T09:49:33.073045683Z 2026-08-12 09:49:33.072540+00:00 [info] <0.2126.0> connection 172.19.0.1:39808 -> 172.19.0.2:5672 - testhost: user 'vicione_ci' authenticated and granted access to vhost 'test-exclusive-should-start-again-once-the-exclusive-queue-is-released'[0m
rabbitmq-1  | 2026-08-12T09:49:33.118104225Z 2026-08-12 09:49:33.116958+00:00 [info] <0.2075.0> closing AMQP connection (172.19.0.1:39786 -> 172.19.0.2:5672 - testhost, vhost: 'test-exclusive-should-start-again-once-the-exclusive-queue-is-released', user: 'vicione_ci', duration: '285ms')[0m
rabbitmq-1  | 2026-08-12T09:49:33.131843908Z 2026-08-12 09:49:33.129471+00:00 [info] <0.2126.0> closing AMQP connection (172.19.0.1:39808 -> 172.19.0.2:5672 - testhost, vhost: 'test-exclusive-should-start-again-once-the-exclusive-queue-is-released', user: 'vicione_ci', duration: '64ms')[0m
rabbitmq-1  | 2026-08-12T09:49:33.132635485Z 2026-08-12 09:49:33.131391+00:00 [info] <0.2159.0> Deleting vhost 'test-exclusive-should-start-again-once-the-exclusive-queue-is-released'[0m
rabbitmq-1  | 2026-08-12T09:49:33.132663703Z 2026-08-12 09:49:33.131459+00:00 [info] <0.2159.0> Clearing permissions in vhost 'test-exclusive-should-start-again-once-the-exclusive-queue-is-released' because it's being deleted[0m
rabbitmq-1  | 2026-08-12T09:49:33.135503125Z 2026-08-12 09:49:33.135015+00:00 [info] <0.2159.0> Deleting queues in vhost 'test-exclusive-should-start-again-once-the-exclusive-queue-is-released' because it's being deleted[0m
rabbitmq-1  | 2026-08-12T09:49:33.142748290Z 2026-08-12 09:49:33.141129+00:00 [info] <0.2159.0> Deleting exchanges in vhost 'test-exclusive-should-start-again-once-the-exclusive-queue-is-released' because it's being deleted[0m
rabbitmq-1  | 2026-08-12T09:49:33.156782169Z 2026-08-12 09:49:33.156400+00:00 [info] <0.2159.0> Clearing policies and runtime parameters in vhost 'test-exclusive-should-start-again-once-the-exclusive-queue-is-released' because it's being deleted[0m
rabbitmq-1  | 2026-08-12T09:49:33.160917673Z 2026-08-12 09:49:33.160141+00:00 [info] <0.2159.0> Stopping vhost supervisor <0.2001.0> for vhost 'test-exclusive-should-start-again-once-the-exclusive-queue-is-released'[0m
rabbitmq-1  | 2026-08-12T09:49:33.161330050Z 2026-08-12 09:49:33.160159+00:00 [info] <0.2163.0> Closing all connections in vhost 'test-exclusive-should-start-again-once-the-exclusive-queue-is-released' because it's being deleted[0m
rabbitmq-1  | 2026-08-12T09:49:33.161569067Z 2026-08-12 09:49:33.160371+00:00 [info] <0.2002.0> Virtual host 'test-exclusive-should-start-again-once-the-exclusive-queue-is-released' is stopping[0m
rabbitmq-1  | 2026-08-12T09:49:33.161989406Z 2026-08-12 09:49:33.160701+00:00 [info] <0.2013.0> Stopping message store for directory '/var/lib/rabbitmq/mnesia/rabbit@d038f83d3832/msg_stores/vhosts/CD6G45T68S5AZVZ35GNCQ132G/msg_store_persistent'[0m
rabbitmq-1  | 2026-08-12T09:49:33.162361761Z 2026-08-12 09:49:33.160701+00:00 [info] <0.2165.0> Closing all connections in vhost 'test-exclusive-should-start-again-once-the-exclusive-queue-is-released' on node 'rabbit@d038f83d3832' because the vhost is stopping[0m
rabbitmq-1  | 2026-08-12T09:49:33.167215572Z 2026-08-12 09:49:33.166680+00:00 [info] <0.2013.0> Message store for directory '/var/lib/rabbitmq/mnesia/rabbit@d038f83d3832/msg_stores/vhosts/CD6G45T68S5AZVZ35GNCQ132G/msg_store_persistent' is stopped[0m
rabbitmq-1  | 2026-08-12T09:49:33.167530163Z 2026-08-12 09:49:33.166911+00:00 [info] <0.2009.0> Stopping message store for directory '/var/lib/rabbitmq/mnesia/rabbit@d038f83d3832/msg_stores/vhosts/CD6G45T68S5AZVZ35GNCQ132G/msg_store_transient'[0m
rabbitmq-1  | 2026-08-12T09:49:33.176360577Z 2026-08-12 09:49:33.175444+00:00 [info] <0.2009.0> Message store for directory '/var/lib/rabbitmq/mnesia/rabbit@d038f83d3832/msg_stores/vhosts/CD6G45T68S5AZVZ35GNCQ132G/msg_store_transient' is stopped[0m
rabbitmq-1  | 2026-08-12T09:49:33.176739427Z 2026-08-12 09:49:33.176146+00:00 [info] <0.2159.0> Deleting message store directory for vhost 'test-exclusive-should-start-again-once-the-exclusive-queue-is-released' at '/var/lib/rabbitmq/mnesia/rabbit@d038f83d3832/msg_stores/vhosts/CD6G45T68S5AZVZ35GNCQ132G'[0m
rabbitmq-1  | 2026-08-12T09:49:33.197486097Z 2026-08-12 09:49:33.196239+00:00 [info] <0.2178.0> accepting AMQP connection 172.19.0.1:39816 -> 172.19.0.2:5672[0m
rabbitmq-1  | 2026-08-12T09:49:33.200511591Z 2026-08-12 09:49:33.199648+00:00 [info] <0.2178.0> connection 172.19.0.1:39816 -> 172.19.0.2:5672 has a client-provided name: exclusive-contract-holder-2[0m
rabbitmq-1  | 2026-08-12T09:49:33.203003315Z 2026-08-12 09:49:33.201448+00:00 [info] <0.2178.0> connection 172.19.0.1:39816 -> 172.19.0.2:5672 - exclusive-contract-holder-2: user 'vicione_ci' authenticated and granted access to vhost 'test'[0m
rabbitmq-1  | 2026-08-12T09:49:33.208180658Z 2026-08-12 09:49:33.204809+00:00 [info] <0.2187.0> accepting AMQP connection 172.19.0.1:39822 -> 172.19.0.2:5672[0m
rabbitmq-1  | 2026-08-12T09:49:33.212707725Z 2026-08-12 09:49:33.211796+00:00 [info] <0.2187.0> connection 172.19.0.1:39822 -> 172.19.0.2:5672 has a client-provided name: exclusive-contract-contender-2[0m
rabbitmq-1  | 2026-08-12T09:49:33.213956031Z 2026-08-12 09:49:33.213412+00:00 [info] <0.2187.0> connection 172.19.0.1:39822 -> 172.19.0.2:5672 - exclusive-contract-contender-2: user 'vicione_ci' authenticated and granted access to vhost 'test'[0m
rabbitmq-1  | 2026-08-12T09:49:33.230422194Z [38;5;160m2026-08-12 09:49:33.229937+00:00 [error] <0.2204.0> Channel error on connection <0.2187.0> (172.19.0.1:39822 -> 172.19.0.2:5672, vhost: 'test', user: 'vicione_ci'), channel 1:[0m
rabbitmq-1  | 2026-08-12T09:49:33.230455581Z [38;5;160m2026-08-12 09:49:33.229937+00:00 [error] <0.2204.0> operation queue.declare caused a channel exception resource_locked: cannot obtain exclusive access to locked queue 'exclusive-contract-e26befce' in vhost 'test'. It could be originally declared on another connection or the exclusive property value does not match that of the original declaration.[0m
rabbitmq-1  | 2026-08-12T09:49:33.246040414Z 2026-08-12 09:49:33.244660+00:00 [info] <0.2178.0> closing AMQP connection (172.19.0.1:39816 -> 172.19.0.2:5672 - exclusive-contract-holder-2, vhost: 'test', user: 'vicione_ci', duration: '50ms')[0m
rabbitmq-1  | 2026-08-12T09:49:33.261990267Z 2026-08-12 09:49:33.260506+00:00 [info] <0.2187.0> closing AMQP connection (172.19.0.1:39822 -> 172.19.0.2:5672 - exclusive-contract-contender-2, vhost: 'test', user: 'vicione_ci', duration: '58ms')[0m
rabbitmq-1  | 2026-08-12T09:49:33.266008917Z 2026-08-12 09:49:33.263252+00:00 [info] <0.2227.0> accepting AMQP connection 172.19.0.1:39836 -> 172.19.0.2:5672[0m
rabbitmq-1  | 2026-08-12T09:49:33.269125912Z 2026-08-12 09:49:33.267869+00:00 [info] <0.2227.0> connection 172.19.0.1:39836 -> 172.19.0.2:5672 has a client-provided name: exclusive-contract-holder[0m
rabbitmq-1  | 2026-08-12T09:49:33.271433658Z 2026-08-12 09:49:33.269993+00:00 [info] <0.2227.0> connection 172.19.0.1:39836 -> 172.19.0.2:5672 - exclusive-contract-holder: user 'vicione_ci' authenticated and granted access to vhost 'test'[0m
rabbitmq-1  | 2026-08-12T09:49:33.273129265Z 2026-08-12 09:49:33.271373+00:00 [info] <0.2236.0> accepting AMQP connection 172.19.0.1:39840 -> 172.19.0.2:5672[0m
rabbitmq-1  | 2026-08-12T09:49:33.278050688Z 2026-08-12 09:49:33.277171+00:00 [info] <0.2236.0> connection 172.19.0.1:39840 -> 172.19.0.2:5672 has a client-provided name: exclusive-contract-contender[0m
rabbitmq-1  | 2026-08-12T09:49:33.279879633Z 2026-08-12 09:49:33.279210+00:00 [info] <0.2236.0> connection 172.19.0.1:39840 -> 172.19.0.2:5672 - exclusive-contract-contender: user 'vicione_ci' authenticated and granted access to vhost 'test'[0m
rabbitmq-1  | 2026-08-12T09:49:33.288060679Z [38;5;160m2026-08-12 09:49:33.287617+00:00 [error] <0.2253.0> Channel error on connection <0.2236.0> (172.19.0.1:39840 -> 172.19.0.2:5672, vhost: 'test', user: 'vicione_ci'), channel 1:[0m
rabbitmq-1  | 2026-08-12T09:49:33.288091132Z [38;5;160m2026-08-12 09:49:33.287617+00:00 [error] <0.2253.0> operation queue.declare caused a channel exception resource_locked: cannot obtain exclusive access to locked queue 'exclusive-contract-fca75233' in vhost 'test'. It could be originally declared on another connection or the exclusive property value does not match that of the original declaration.[0m
rabbitmq-1  | 2026-08-12T09:49:33.315722975Z 2026-08-12 09:49:33.313977+00:00 [info] <0.2236.0> closing AMQP connection (172.19.0.1:39840 -> 172.19.0.2:5672 - exclusive-contract-contender, vhost: 'test', user: 'vicione_ci', duration: '42ms')[0m
rabbitmq-1  | 2026-08-12T09:49:33.322245572Z 2026-08-12 09:49:33.321320+00:00 [info] <0.2227.0> closing AMQP connection (172.19.0.1:39836 -> 172.19.0.2:5672 - exclusive-contract-holder, vhost: 'test', user: 'vicione_ci', duration: '58ms')[0m
