  ViciOne.ServiceBus.Abstractions -> /Users/edgar.liebold/Downloads/ViciOne Suite 2.0/repositories/vicione-servicebus/artifacts/sdk/bin/ViciOne.ServiceBus.Abstractions/release/ViciOne.ServiceBus.Abstractions.dll
  ViciOne.ServiceBus -> /Users/edgar.liebold/Downloads/ViciOne Suite 2.0/repositories/vicione-servicebus/artifacts/sdk/bin/ViciOne.ServiceBus/release/ViciOne.ServiceBus.dll
  ViciOne.ServiceBus.StateMachineVisualizer -> /Users/edgar.liebold/Downloads/ViciOne Suite 2.0/repositories/vicione-servicebus/artifacts/sdk/bin/ViciOne.ServiceBus.StateMachineVisualizer/release/ViciOne.ServiceBus.StateMachineVisualizer.dll
  ViciOne.ServiceBus.Analyzers -> /Users/edgar.liebold/Downloads/ViciOne Suite 2.0/repositories/vicione-servicebus/artifacts/sdk/bin/ViciOne.ServiceBus.Analyzers/release/ViciOne.ServiceBus.Analyzers.dll
  ViciOne.ServiceBus.Analyzers.CodeFixes -> /Users/edgar.liebold/Downloads/ViciOne Suite 2.0/repositories/vicione-servicebus/artifacts/sdk/bin/ViciOne.ServiceBus.Analyzers.CodeFixes/release/ViciOne.ServiceBus.Analyzers.CodeFixes.dll
  ViciOne.ServiceBus.Analyzers.Package -> /Users/edgar.liebold/Downloads/ViciOne Suite 2.0/repositories/vicione-servicebus/artifacts/sdk/bin/ViciOne.ServiceBus.Analyzers.Package/release/ViciOne.ServiceBus.Analyzers.Package.dll
  ViciOne.ServiceBus.MessagePack -> /Users/edgar.liebold/Downloads/ViciOne Suite 2.0/repositories/vicione-servicebus/artifacts/sdk/bin/ViciOne.ServiceBus.MessagePack/release/ViciOne.ServiceBus.MessagePack.dll
  ViciOne.ServiceBus.AmazonS3 -> /Users/edgar.liebold/Downloads/ViciOne Suite 2.0/repositories/vicione-servicebus/artifacts/sdk/bin/ViciOne.ServiceBus.AmazonS3/release/ViciOne.ServiceBus.AmazonS3.dll
  ViciOne.ServiceBus.Azure.Storage -> /Users/edgar.liebold/Downloads/ViciOne Suite 2.0/repositories/vicione-servicebus/artifacts/sdk/bin/ViciOne.ServiceBus.Azure.Storage/release/ViciOne.ServiceBus.Azure.Storage.dll
  ViciOne.ServiceBus.Azure.Table -> /Users/edgar.liebold/Downloads/ViciOne Suite 2.0/repositories/vicione-servicebus/artifacts/sdk/bin/ViciOne.ServiceBus.Azure.Table/release/ViciOne.ServiceBus.Azure.Table.dll
  ViciOne.ServiceBus.DynamoDbIntegration -> /Users/edgar.liebold/Downloads/ViciOne Suite 2.0/repositories/vicione-servicebus/artifacts/sdk/bin/ViciOne.ServiceBus.DynamoDbIntegration/release/ViciOne.ServiceBus.DynamoDbIntegration.dll
  ViciOne.ServiceBus.EntityFrameworkCoreIntegration -> /Users/edgar.liebold/Downloads/ViciOne Suite 2.0/repositories/vicione-servicebus/artifacts/sdk/bin/ViciOne.ServiceBus.EntityFrameworkCoreIntegration/release/ViciOne.ServiceBus.EntityFrameworkCoreIntegration.dll
  ViciOne.ServiceBus.Samples.OrderWorkflow -> /Users/edgar.liebold/Downloads/ViciOne Suite 2.0/repositories/vicione-servicebus/artifacts/sdk/bin/ViciOne.ServiceBus.Samples.OrderWorkflow/release/ViciOne.ServiceBus.Samples.OrderWorkflow.dll
  ViciOne.ServiceBus.QuartzIntegration -> /Users/edgar.liebold/Downloads/ViciOne Suite 2.0/repositories/vicione-servicebus/artifacts/sdk/bin/ViciOne.ServiceBus.QuartzIntegration/release/ViciOne.ServiceBus.QuartzIntegration.dll
  ViciOne.ServiceBus.SignalR -> /Users/edgar.liebold/Downloads/ViciOne Suite 2.0/repositories/vicione-servicebus/artifacts/sdk/bin/ViciOne.ServiceBus.SignalR/release/ViciOne.ServiceBus.SignalR.dll
  ViciOne.ServiceBus.ActiveMqTransport -> /Users/edgar.liebold/Downloads/ViciOne Suite 2.0/repositories/vicione-servicebus/artifacts/sdk/bin/ViciOne.ServiceBus.ActiveMqTransport/release/ViciOne.ServiceBus.ActiveMqTransport.dll
  ViciOne.ServiceBus.AmazonSqsTransport -> /Users/edgar.liebold/Downloads/ViciOne Suite 2.0/repositories/vicione-servicebus/artifacts/sdk/bin/ViciOne.ServiceBus.AmazonSqsTransport/release/ViciOne.ServiceBus.AmazonSqsTransport.dll
  ViciOne.ServiceBus.Azure.ServiceBus.Core -> /Users/edgar.liebold/Downloads/ViciOne Suite 2.0/repositories/vicione-servicebus/artifacts/sdk/bin/ViciOne.ServiceBus.Azure.ServiceBus.Core/release/ViciOne.ServiceBus.Azure.ServiceBus.Core.dll
  ViciOne.ServiceBus.RabbitMqTransport -> /Users/edgar.liebold/Downloads/ViciOne Suite 2.0/repositories/vicione-servicebus/artifacts/sdk/bin/ViciOne.ServiceBus.RabbitMqTransport/release/ViciOne.ServiceBus.RabbitMqTransport.dll
  ViciOne.ServiceBus.SqlTransport.PostgreSql -> /Users/edgar.liebold/Downloads/ViciOne Suite 2.0/repositories/vicione-servicebus/artifacts/sdk/bin/ViciOne.ServiceBus.SqlTransport.PostgreSql/release/ViciOne.ServiceBus.SqlTransport.PostgreSql.dll
  ViciOne.ServiceBus.SqlTransport.SqlServer -> /Users/edgar.liebold/Downloads/ViciOne Suite 2.0/repositories/vicione-servicebus/artifacts/sdk/bin/ViciOne.ServiceBus.SqlTransport.SqlServer/release/ViciOne.ServiceBus.SqlTransport.SqlServer.dll
  ViciOne.ServiceBus.EventHubIntegration -> /Users/edgar.liebold/Downloads/ViciOne Suite 2.0/repositories/vicione-servicebus/artifacts/sdk/bin/ViciOne.ServiceBus.EventHubIntegration/release/ViciOne.ServiceBus.EventHubIntegration.dll

Final verification command:
dotnet build ViciOne.ServiceBus.slnx -c Release --no-restore -warnaserror --disable-build-servers -m:1 -v:minimal
exit_code=0
warnings=0
errors=0
elapsed=00:00:05.10
