  Wiederherzustellende Projekte werden ermittelt...
  "/Users/edgar.liebold/Downloads/ViciOne Suite 2.0/repositories/vicione-servicebus/samples/OrderWorkflow/ViciOne.ServiceBus.Samples.OrderWorkflow.csproj" wiederhergestellt (in 332 ms.).
  "/Users/edgar.liebold/Downloads/ViciOne Suite 2.0/repositories/vicione-servicebus/src/ViciOne.ServiceBus.SignalR/ViciOne.ServiceBus.SignalR.csproj" wiederhergestellt (in 333 ms.).
  "/Users/edgar.liebold/Downloads/ViciOne Suite 2.0/repositories/vicione-servicebus/src/ViciOne.ServiceBus.Analyzers/ViciOne.ServiceBus.Analyzers.csproj" wiederhergestellt (in 88 ms.).
  "/Users/edgar.liebold/Downloads/ViciOne Suite 2.0/repositories/vicione-servicebus/tests/Testing/ViciOne.ServiceBus.Tests.InternalAccess/ViciOne.ServiceBus.Tests.InternalAccess.csproj" wiederhergestellt (in 473 ms.).
  "/Users/edgar.liebold/Downloads/ViciOne Suite 2.0/repositories/vicione-servicebus/src/Persistence/ViciOne.ServiceBus.AmazonS3/ViciOne.ServiceBus.AmazonS3.csproj" wiederhergestellt (in 471 ms.).
  "/Users/edgar.liebold/Downloads/ViciOne Suite 2.0/repositories/vicione-servicebus/src/Transports/ViciOne.ServiceBus.ActiveMqTransport/ViciOne.ServiceBus.ActiveMqTransport.csproj" wiederhergestellt (in 473 ms.).
  "/Users/edgar.liebold/Downloads/ViciOne Suite 2.0/repositories/vicione-servicebus/src/Transports/ViciOne.ServiceBus.AmazonSqsTransport/ViciOne.ServiceBus.AmazonSqsTransport.csproj" wiederhergestellt (in 473 ms.).
  "/Users/edgar.liebold/Downloads/ViciOne Suite 2.0/repositories/vicione-servicebus/src/ViciOne.ServiceBus.MessagePack/ViciOne.ServiceBus.MessagePack.csproj" wiederhergestellt (in 100 ms.).
  "/Users/edgar.liebold/Downloads/ViciOne Suite 2.0/repositories/vicione-servicebus/src/Scheduling/ViciOne.ServiceBus.QuartzIntegration/ViciOne.ServiceBus.QuartzIntegration.csproj" wiederhergestellt (in 474 ms.).
  "/Users/edgar.liebold/Downloads/ViciOne Suite 2.0/repositories/vicione-servicebus/src/Transports/ViciOne.ServiceBus.RabbitMqTransport/ViciOne.ServiceBus.RabbitMqTransport.csproj" wiederhergestellt (in 472 ms.).
  "/Users/edgar.liebold/Downloads/ViciOne Suite 2.0/repositories/vicione-servicebus/tests/ViciOne.ServiceBus.MessagePack.Tests/ViciOne.ServiceBus.MessagePack.Tests.csproj" wiederhergestellt (in 501 ms.).
  "/Users/edgar.liebold/Downloads/ViciOne Suite 2.0/repositories/vicione-servicebus/tests/Transports/ViciOne.ServiceBus.AmazonSqsTransport.Tests/ViciOne.ServiceBus.AmazonSqsTransport.Tests.csproj" wiederhergestellt (in 501 ms.).
  "/Users/edgar.liebold/Downloads/ViciOne Suite 2.0/repositories/vicione-servicebus/tests/Transports/ViciOne.ServiceBus.AmazonSqsTransport.LocalIntegration.Tests/ViciOne.ServiceBus.AmazonSqsTransport.LocalIntegration.Tests.csproj" wiederhergestellt (in 501 ms.).
  "/Users/edgar.liebold/Downloads/ViciOne Suite 2.0/repositories/vicione-servicebus/tests/Transports/ViciOne.ServiceBus.Azure.ServiceBus.Core.LocalIntegration.Tests/ViciOne.ServiceBus.Azure.ServiceBus.Core.LocalIntegration.Tests.csproj" wiederhergestellt (in 501 ms.).
  "/Users/edgar.liebold/Downloads/ViciOne Suite 2.0/repositories/vicione-servicebus/tests/ViciOne.ServiceBus.Analyzers.Tests/ViciOne.ServiceBus.Analyzers.Tests.csproj" wiederhergestellt (in 501 ms.).
  "/Users/edgar.liebold/Downloads/ViciOne Suite 2.0/repositories/vicione-servicebus/src/ViciOne.ServiceBus/ViciOne.ServiceBus.csproj" wiederhergestellt (in 23 ms.).
  "/Users/edgar.liebold/Downloads/ViciOne Suite 2.0/repositories/vicione-servicebus/src/ViciOne.ServiceBus.Testing/ViciOne.ServiceBus.Testing.csproj" wiederhergestellt (in 22 ms.).
  "/Users/edgar.liebold/Downloads/ViciOne Suite 2.0/repositories/vicione-servicebus/benchmarks/ViciOne.ServiceBus.BenchmarkConsole/ViciOne.ServiceBus.BenchmarkConsole.csproj" wiederhergestellt (in 496 ms.).
  "/Users/edgar.liebold/Downloads/ViciOne Suite 2.0/repositories/vicione-servicebus/tests/ViciOne.ServiceBus.Analyzers.CodeFixes.Tests/ViciOne.ServiceBus.Analyzers.CodeFixes.Tests.csproj" wiederhergestellt (in 497 ms.).
  "/Users/edgar.liebold/Downloads/ViciOne Suite 2.0/repositories/vicione-servicebus/benchmarks/ViciOne.ServiceBus.Benchmark/ViciOne.ServiceBus.Benchmark.csproj" wiederhergestellt (in 498 ms.).
  "/Users/edgar.liebold/Downloads/ViciOne Suite 2.0/repositories/vicione-servicebus/src/ViciOne.ServiceBus.StateMachineVisualizer/ViciOne.ServiceBus.StateMachineVisualizer.csproj" wiederhergestellt (in 26 ms.).
  "/Users/edgar.liebold/Downloads/ViciOne Suite 2.0/repositories/vicione-servicebus/tools/diagnostics/ViciOne.ServiceBus.Diagnostics/ViciOne.ServiceBus.Diagnostics.csproj" wiederhergestellt (in 26 ms.).
  "/Users/edgar.liebold/Downloads/ViciOne Suite 2.0/repositories/vicione-servicebus/src/ViciOne.ServiceBus.Analyzers.CodeFixes/ViciOne.ServiceBus.Analyzers.CodeFixes.csproj" wiederhergestellt (in 46 ms.).
  "/Users/edgar.liebold/Downloads/ViciOne Suite 2.0/repositories/vicione-servicebus/tests/ViciOne.ServiceBus.Tests/ViciOne.ServiceBus.Tests.csproj" wiederhergestellt (in 49 ms.).
  "/Users/edgar.liebold/Downloads/ViciOne Suite 2.0/repositories/vicione-servicebus/tests/ViciOne.ServiceBus.StateMachineVisualizer.Tests/ViciOne.ServiceBus.StateMachineVisualizer.Tests.csproj" wiederhergestellt (in 36 ms.).
  "/Users/edgar.liebold/Downloads/ViciOne Suite 2.0/repositories/vicione-servicebus/tests/Transports/ViciOne.ServiceBus.RabbitMqTransport.Tests/ViciOne.ServiceBus.RabbitMqTransport.Tests.csproj" wiederhergestellt (in 49 ms.).
  "/Users/edgar.liebold/Downloads/ViciOne Suite 2.0/repositories/vicione-servicebus/tests/Persistence/ViciOne.ServiceBus.AmazonS3.Tests/ViciOne.ServiceBus.AmazonS3.Tests.csproj" wiederhergestellt (in 30 ms.).
  "/Users/edgar.liebold/Downloads/ViciOne Suite 2.0/repositories/vicione-servicebus/src/Transports/ViciOne.ServiceBus.RabbitMqTransport.Testing/ViciOne.ServiceBus.RabbitMqTransport.Testing.csproj" wiederhergestellt (in 28 ms.).
  "/Users/edgar.liebold/Downloads/ViciOne Suite 2.0/repositories/vicione-servicebus/src/Transports/ViciOne.ServiceBus.Azure.ServiceBus.Testing/ViciOne.ServiceBus.Azure.ServiceBus.Testing.csproj" wiederhergestellt (in 42 ms.).
  "/Users/edgar.liebold/Downloads/ViciOne Suite 2.0/repositories/vicione-servicebus/tests/Persistence/ViciOne.ServiceBus.AmazonS3.LocalIntegration.Tests/ViciOne.ServiceBus.AmazonS3.LocalIntegration.Tests.csproj" wiederhergestellt (in 36 ms.).
  "/Users/edgar.liebold/Downloads/ViciOne Suite 2.0/repositories/vicione-servicebus/tests/Testing/ViciOne.ServiceBus.Tests.Infrastructure/ViciOne.ServiceBus.Tests.Infrastructure.csproj" wiederhergestellt (in 25 ms.).
  "/Users/edgar.liebold/Downloads/ViciOne Suite 2.0/repositories/vicione-servicebus/src/Transports/ViciOne.ServiceBus.EventHubIntegration/ViciOne.ServiceBus.EventHubIntegration.csproj" wiederhergestellt (in 94 ms.).
  "/Users/edgar.liebold/Downloads/ViciOne Suite 2.0/repositories/vicione-servicebus/tests/Testing/ViciOne.ServiceBus.Roslyn.Tests.Infrastructure/ViciOne.ServiceBus.Roslyn.Tests.Infrastructure.csproj" wiederhergestellt (in 8 ms.).
  "/Users/edgar.liebold/Downloads/ViciOne Suite 2.0/repositories/vicione-servicebus/tests/Persistence/ViciOne.ServiceBus.Azure.Storage.Tests/ViciOne.ServiceBus.Azure.Storage.Tests.csproj" wiederhergestellt (in 92 ms.).
  "/Users/edgar.liebold/Downloads/ViciOne Suite 2.0/repositories/vicione-servicebus/tests/Testing/ViciOne.ServiceBus.Tests.Infrastructure.Tests/ViciOne.ServiceBus.Tests.Infrastructure.Tests.csproj" wiederhergestellt (in 23 ms.).
  "/Users/edgar.liebold/Downloads/ViciOne Suite 2.0/repositories/vicione-servicebus/tests/Transports/ViciOne.ServiceBus.ActiveMqTransport.Tests/ViciOne.ServiceBus.ActiveMqTransport.Tests.csproj" wiederhergestellt (in 51 ms.).
  "/Users/edgar.liebold/Downloads/ViciOne Suite 2.0/repositories/vicione-servicebus/tests/Transports/ViciOne.ServiceBus.ActiveMqTransport.LocalIntegration.Tests/ViciOne.ServiceBus.ActiveMqTransport.LocalIntegration.Tests.csproj" wiederhergestellt (in 52 ms.).
  "/Users/edgar.liebold/Downloads/ViciOne Suite 2.0/repositories/vicione-servicebus/src/Transports/ViciOne.ServiceBus.EventHubIntegration.Testing/ViciOne.ServiceBus.EventHubIntegration.Testing.csproj" wiederhergestellt (in 86 ms.).
  "/Users/edgar.liebold/Downloads/ViciOne Suite 2.0/repositories/vicione-servicebus/tests/Transports/ViciOne.ServiceBus.RabbitMqTransport.LocalIntegration.Tests/ViciOne.ServiceBus.RabbitMqTransport.LocalIntegration.Tests.csproj" wiederhergestellt (in 109 ms.).
  "/Users/edgar.liebold/Downloads/ViciOne Suite 2.0/repositories/vicione-servicebus/tests/Architecture/ViciOne.ServiceBus.Architecture.Tests/ViciOne.ServiceBus.Architecture.Tests.csproj" wiederhergestellt (in 126 ms.).
  "/Users/edgar.liebold/Downloads/ViciOne Suite 2.0/repositories/vicione-servicebus/tests/Tools/ViciOne.ServiceBus.Diagnostics.Tests/ViciOne.ServiceBus.Diagnostics.Tests.csproj" wiederhergestellt (in 71 ms.).
  "/Users/edgar.liebold/Downloads/ViciOne Suite 2.0/repositories/vicione-servicebus/tests/Testing/ViciOne.ServiceBus.Analyzers.Tests.Infrastructure/ViciOne.ServiceBus.Analyzers.Tests.Infrastructure.csproj" wiederhergestellt (in 14 ms.).
  "/Users/edgar.liebold/Downloads/ViciOne Suite 2.0/repositories/vicione-servicebus/tests/Testing/ViciOne.ServiceBus.Roslyn.Tests.Infrastructure.Tests/ViciOne.ServiceBus.Roslyn.Tests.Infrastructure.Tests.csproj" wiederhergestellt (in 41 ms.).
  "/Users/edgar.liebold/Downloads/ViciOne Suite 2.0/repositories/vicione-servicebus/tests/Transports/ViciOne.ServiceBus.SqlTransport.PostgreSql.LocalIntegration.Tests/ViciOne.ServiceBus.SqlTransport.PostgreSql.LocalIntegration.Tests.csproj" wiederhergestellt (in 44 ms.).
  "/Users/edgar.liebold/Downloads/ViciOne Suite 2.0/repositories/vicione-servicebus/tests/Transports/ViciOne.ServiceBus.EventHubIntegration.LocalIntegration.Tests/ViciOne.ServiceBus.EventHubIntegration.LocalIntegration.Tests.csproj" wiederhergestellt (in 93 ms.).
  "/Users/edgar.liebold/Downloads/ViciOne Suite 2.0/repositories/vicione-servicebus/tests/Scheduling/ViciOne.ServiceBus.QuartzIntegration.Tests/ViciOne.ServiceBus.QuartzIntegration.Tests.csproj" wiederhergestellt (in 55 ms.).
  "/Users/edgar.liebold/Downloads/ViciOne Suite 2.0/repositories/vicione-servicebus/tests/ViciOne.ServiceBus.Abstractions.Tests/ViciOne.ServiceBus.Abstractions.Tests.csproj" wiederhergestellt (in 42 ms.).
  "/Users/edgar.liebold/Downloads/ViciOne Suite 2.0/repositories/vicione-servicebus/src/ViciOne.ServiceBus.Abstractions/ViciOne.ServiceBus.Abstractions.csproj" wiederhergestellt (in 18 ms.).
  "/Users/edgar.liebold/Downloads/ViciOne Suite 2.0/repositories/vicione-servicebus/tests/ViciOne.ServiceBus.Abstractions.LocalIntegration.Tests/ViciOne.ServiceBus.Abstractions.LocalIntegration.Tests.csproj" wiederhergestellt (in 38 ms.).
  "/Users/edgar.liebold/Downloads/ViciOne Suite 2.0/repositories/vicione-servicebus/tests/ViciOne.ServiceBus.SignalR.Tests/ViciOne.ServiceBus.SignalR.Tests.csproj" wiederhergestellt (in 71 ms.).
  "/Users/edgar.liebold/Downloads/ViciOne Suite 2.0/repositories/vicione-servicebus/tests/Persistence/ViciOne.ServiceBus.DynamoDbIntegration.Tests/ViciOne.ServiceBus.DynamoDbIntegration.Tests.csproj" wiederhergestellt (in 100 ms.).
  "/Users/edgar.liebold/Downloads/ViciOne Suite 2.0/repositories/vicione-servicebus/src/Transports/ViciOne.ServiceBus.SqlTransport.PostgreSql/ViciOne.ServiceBus.SqlTransport.PostgreSql.csproj" wiederhergestellt (in 38 ms.).
  "/Users/edgar.liebold/Downloads/ViciOne Suite 2.0/repositories/vicione-servicebus/src/Transports/ViciOne.ServiceBus.Azure.ServiceBus.Core/ViciOne.ServiceBus.Azure.ServiceBus.Core.csproj" wiederhergestellt (in 37 ms.).
  "/Users/edgar.liebold/Downloads/ViciOne Suite 2.0/repositories/vicione-servicebus/src/Persistence/ViciOne.ServiceBus.DynamoDbIntegration/ViciOne.ServiceBus.DynamoDbIntegration.csproj" wiederhergestellt (in 10 ms.).
  "/Users/edgar.liebold/Downloads/ViciOne Suite 2.0/repositories/vicione-servicebus/src/Persistence/ViciOne.ServiceBus.EntityFrameworkCoreIntegration/ViciOne.ServiceBus.EntityFrameworkCoreIntegration.csproj" wiederhergestellt (in 13 ms.).
  "/Users/edgar.liebold/Downloads/ViciOne Suite 2.0/repositories/vicione-servicebus/tests/Transports/ViciOne.ServiceBus.Azure.ServiceBus.Core.Tests/ViciOne.ServiceBus.Azure.ServiceBus.Core.Tests.csproj" wiederhergestellt (in 97 ms.).
  "/Users/edgar.liebold/Downloads/ViciOne Suite 2.0/repositories/vicione-servicebus/tests/Persistence/ViciOne.ServiceBus.Azure.Table.LocalIntegration.Tests/ViciOne.ServiceBus.Azure.Table.LocalIntegration.Tests.csproj" wiederhergestellt (in 109 ms.).
  "/Users/edgar.liebold/Downloads/ViciOne Suite 2.0/repositories/vicione-servicebus/src/Transports/ViciOne.ServiceBus.SqlTransport.SqlServer/ViciOne.ServiceBus.SqlTransport.SqlServer.csproj" wiederhergestellt (in 79 ms.).
  "/Users/edgar.liebold/Downloads/ViciOne Suite 2.0/repositories/vicione-servicebus/tests/Persistence/ViciOne.ServiceBus.DynamoDbIntegration.LocalIntegration.Tests/ViciOne.ServiceBus.DynamoDbIntegration.LocalIntegration.Tests.csproj" wiederhergestellt (in 137 ms.).
  "/Users/edgar.liebold/Downloads/ViciOne Suite 2.0/repositories/vicione-servicebus/src/Persistence/ViciOne.ServiceBus.Azure.Table/ViciOne.ServiceBus.Azure.Table.csproj" wiederhergestellt (in 40 ms.).
  "/Users/edgar.liebold/Downloads/ViciOne Suite 2.0/repositories/vicione-servicebus/src/Persistence/ViciOne.ServiceBus.Azure.Storage/ViciOne.ServiceBus.Azure.Storage.csproj" wiederhergestellt (in 40 ms.).
  "/Users/edgar.liebold/Downloads/ViciOne Suite 2.0/repositories/vicione-servicebus/tests/Persistence/ViciOne.ServiceBus.EntityFrameworkCoreIntegration.LocalIntegration.Tests/ViciOne.ServiceBus.EntityFrameworkCoreIntegration.LocalIntegration.Tests.csproj" wiederhergestellt (in 102 ms.).
  "/Users/edgar.liebold/Downloads/ViciOne Suite 2.0/repositories/vicione-servicebus/tests/Persistence/ViciOne.ServiceBus.EntityFrameworkCoreIntegration.Tests/ViciOne.ServiceBus.EntityFrameworkCoreIntegration.Tests.csproj" wiederhergestellt (in 150 ms.).
  "/Users/edgar.liebold/Downloads/ViciOne Suite 2.0/repositories/vicione-servicebus/tests/Transports/ViciOne.ServiceBus.SqlTransport.Tests/ViciOne.ServiceBus.SqlTransport.Tests.csproj" wiederhergestellt (in 142 ms.).
  "/Users/edgar.liebold/Downloads/ViciOne Suite 2.0/repositories/vicione-servicebus/tests/Benchmarks/ViciOne.ServiceBus.Benchmark.Tests/ViciOne.ServiceBus.Benchmark.Tests.csproj" wiederhergestellt (in 145 ms.).
  "/Users/edgar.liebold/Downloads/ViciOne Suite 2.0/repositories/vicione-servicebus/tests/Transports/ViciOne.ServiceBus.SqlTransport.SqlServer.LocalIntegration.Tests/ViciOne.ServiceBus.SqlTransport.SqlServer.LocalIntegration.Tests.csproj" wiederhergestellt (in 136 ms.).
  "/Users/edgar.liebold/Downloads/ViciOne Suite 2.0/repositories/vicione-servicebus/tests/Persistence/ViciOne.ServiceBus.Azure.Table.Tests/ViciOne.ServiceBus.Azure.Table.Tests.csproj" wiederhergestellt (in 108 ms.).
