rabbitmq-1  | 2026-08-12T12:00:33.927330069Z 2026-08-12 12:00:33.911774+00:00 [notice] <0.45.0> Application syslog exited with reason: stopped
rabbitmq-1  | 2026-08-12T12:00:33.927456775Z 2026-08-12 12:00:33.926135+00:00 [notice] <0.209.0> Logging: switching to configured handler(s); following messages may not be visible in this log output
rabbitmq-1  | 2026-08-12T12:00:33.928680803Z [38;5;87m2026-08-12 12:00:33.928111+00:00 [notice] <0.209.0> Logging: configured log handlers are now ACTIVE[0m
rabbitmq-1  | 2026-08-12T12:00:33.965602816Z 2026-08-12 12:00:33.963629+00:00 [info] <0.209.0> ra: starting system coordination[0m
rabbitmq-1  | 2026-08-12T12:00:33.965763258Z 2026-08-12 12:00:33.963809+00:00 [info] <0.209.0> starting Ra system: coordination in directory: /var/lib/rabbitmq/mnesia/rabbit@bf4b1c9f3a7a/coordination/rabbit@bf4b1c9f3a7a[0m
rabbitmq-1  | 2026-08-12T12:00:34.005014944Z 2026-08-12 12:00:34.004108+00:00 [info] <0.506.0> ra_coordination_log_ets: in system coordination initialising. Mem table opts: [set,{write_concurrency,auto},public,{compressed,false}][0m
rabbitmq-1  | 2026-08-12T12:00:34.196349713Z 2026-08-12 12:00:34.195467+00:00 [info] <0.512.0> ra system 'coordination' running pre init for 0 registered servers[0m
rabbitmq-1  | 2026-08-12T12:00:34.236369817Z 2026-08-12 12:00:34.235503+00:00 [info] <0.513.0> ra: meta data store initialised for system coordination. 0 record(s) recovered[0m
rabbitmq-1  | 2026-08-12T12:00:34.253407277Z 2026-08-12 12:00:34.252037+00:00 [info] <0.516.0> segment_writer: upgrading segment file names to new format in dirctory /var/lib/rabbitmq/mnesia/rabbit@bf4b1c9f3a7a/coordination/rabbit@bf4b1c9f3a7a[0m
rabbitmq-1  | 2026-08-12T12:00:34.305127691Z [38;5;87m2026-08-12 12:00:34.304451+00:00 [notice] <0.518.0> WAL: ra_coordination_log_wal init, mem-tables table name: ra_coordination_log_open_mem_tables[0m
rabbitmq-1  | 2026-08-12T12:00:34.348212273Z 2026-08-12 12:00:34.347349+00:00 [info] <0.209.0> ra: starting system quorum_queues[0m
rabbitmq-1  | 2026-08-12T12:00:34.348724894Z 2026-08-12 12:00:34.347457+00:00 [info] <0.209.0> starting Ra system: quorum_queues in directory: /var/lib/rabbitmq/mnesia/rabbit@bf4b1c9f3a7a/quorum/rabbit@bf4b1c9f3a7a[0m
rabbitmq-1  | 2026-08-12T12:00:34.349891300Z 2026-08-12 12:00:34.348744+00:00 [info] <0.522.0> ra_log_ets: in system quorum_queues initialising. Mem table opts: [set,{write_concurrency,auto},public,{compressed,true}][0m
rabbitmq-1  | 2026-08-12T12:00:34.352633216Z 2026-08-12 12:00:34.351627+00:00 [info] <0.526.0> ra system 'quorum_queues' running pre init for 0 registered servers[0m
rabbitmq-1  | 2026-08-12T12:00:34.361973333Z 2026-08-12 12:00:34.360090+00:00 [info] <0.527.0> ra: meta data store initialised for system quorum_queues. 0 record(s) recovered[0m
rabbitmq-1  | 2026-08-12T12:00:34.362801671Z 2026-08-12 12:00:34.361293+00:00 [info] <0.530.0> segment_writer: upgrading segment file names to new format in dirctory /var/lib/rabbitmq/mnesia/rabbit@bf4b1c9f3a7a/quorum/rabbit@bf4b1c9f3a7a[0m
rabbitmq-1  | 2026-08-12T12:00:34.370203273Z [38;5;87m2026-08-12 12:00:34.369610+00:00 [notice] <0.532.0> WAL: ra_log_wal init, mem-tables table name: ra_log_open_mem_tables[0m
rabbitmq-1  | 2026-08-12T12:00:34.375477909Z 2026-08-12 12:00:34.374224+00:00 [info] <0.534.0> ra_system_recover: ra system 'quorum_queues' server recovery strategy rabbit_quorum_queue:system_recover[0m
rabbitmq-1  | 2026-08-12T12:00:34.375655045Z 2026-08-12 12:00:34.374586+00:00 [info] <0.534.0> [rabbit_quorum_queue:system_recover/1] rabbit not booted, skipping queue recovery[0m
rabbitmq-1  | 2026-08-12T12:00:34.377093023Z 2026-08-12 12:00:34.375808+00:00 [info] <0.209.0> ra: starting system coordination[0m
rabbitmq-1  | 2026-08-12T12:00:34.377136469Z 2026-08-12 12:00:34.376032+00:00 [info] <0.209.0> starting Ra system: coordination in directory: /var/lib/rabbitmq/mnesia/rabbit@bf4b1c9f3a7a/coordination/rabbit@bf4b1c9f3a7a[0m
rabbitmq-1  | 2026-08-12T12:00:35.032611175Z [38;5;87m2026-08-12 12:00:35.031192+00:00 [notice] <0.536.0> RabbitMQ metadata store: candidate -> leader in term: 1 machine version: 2, last applied 0[0m
rabbitmq-1  | 2026-08-12T12:00:35.707761982Z 2026-08-12 12:00:35.706741+00:00 [info] <0.209.0> [0m
rabbitmq-1  | 2026-08-12T12:00:35.707884358Z 2026-08-12 12:00:35.706741+00:00 [info] <0.209.0>  Starting RabbitMQ 4.2.9 on Erlang 27.3.4.16 [jit][0m
rabbitmq-1  | 2026-08-12T12:00:35.708104871Z 2026-08-12 12:00:35.706741+00:00 [info] <0.209.0>  Copyright (c) 2007-2026 Broadcom Inc and/or its subsidiaries[0m
rabbitmq-1  | 2026-08-12T12:00:35.708125686Z 2026-08-12 12:00:35.706741+00:00 [info] <0.209.0>  Licensed under the MPL 2.0. Website: https://rabbitmq.com[0m
rabbitmq-1  | 2026-08-12T12:00:35.711499672Z 
rabbitmq-1  | 2026-08-12T12:00:35.711557717Z   ##  ##      RabbitMQ 4.2.9
rabbitmq-1  | 2026-08-12T12:00:35.711582443Z   ##  ##
rabbitmq-1  | 2026-08-12T12:00:35.711602141Z   ##########  Copyright (c) 2007-2026 Broadcom Inc and/or its subsidiaries
rabbitmq-1  | 2026-08-12T12:00:35.711620930Z   ######  ##
rabbitmq-1  | 2026-08-12T12:00:35.711639649Z   ##########  Licensed under the MPL 2.0. Website: https://rabbitmq.com
rabbitmq-1  | 2026-08-12T12:00:35.711658439Z 
rabbitmq-1  | 2026-08-12T12:00:35.711676949Z   Erlang:      27.3.4.16 [jit]
rabbitmq-1  | 2026-08-12T12:00:35.711695599Z   TLS Library: OpenSSL - OpenSSL 3.5.7 9 Jun 2026
rabbitmq-1  | 2026-08-12T12:00:35.711714318Z   Release series support status: see https://www.rabbitmq.com/release-information
rabbitmq-1  | 2026-08-12T12:00:35.711733107Z 
rabbitmq-1  | 2026-08-12T12:00:35.711751757Z   Doc guides:  https://www.rabbitmq.com/docs
rabbitmq-1  | 2026-08-12T12:00:35.711770337Z   Support:     https://www.rabbitmq.com/docs/contact
rabbitmq-1  | 2026-08-12T12:00:35.711788917Z   Tutorials:   https://www.rabbitmq.com/tutorials
rabbitmq-1  | 2026-08-12T12:00:35.711807357Z   Monitoring:  https://www.rabbitmq.com/docs/monitoring
rabbitmq-1  | 2026-08-12T12:00:35.711826007Z   Upgrading:   https://www.rabbitmq.com/docs/upgrade
rabbitmq-1  | 2026-08-12T12:00:35.711844656Z 
rabbitmq-1  | 2026-08-12T12:00:35.711863795Z   Logs: <stdout>
rabbitmq-1  | 2026-08-12T12:00:35.711882794Z 
rabbitmq-1  | 2026-08-12T12:00:35.711901234Z   Config file(s): /etc/rabbitmq/conf.d/10-defaults.conf
rabbitmq-1  | 2026-08-12T12:00:35.711920163Z 
rabbitmq-1  | 2026-08-12T12:00:35.713094255Z   Starting broker...2026-08-12 12:00:35.712567+00:00 [info] <0.209.0> [0m
rabbitmq-1  | 2026-08-12T12:00:35.713129878Z 2026-08-12 12:00:35.712567+00:00 [info] <0.209.0>  node           : rabbit@bf4b1c9f3a7a[0m
rabbitmq-1  | 2026-08-12T12:00:35.713162847Z 2026-08-12 12:00:35.712567+00:00 [info] <0.209.0>  home dir       : /var/lib/rabbitmq[0m
rabbitmq-1  | 2026-08-12T12:00:35.713180449Z 2026-08-12 12:00:35.712567+00:00 [info] <0.209.0>  config file(s) : /etc/rabbitmq/conf.d/10-defaults.conf[0m
rabbitmq-1  | 2026-08-12T12:00:35.713197841Z 2026-08-12 12:00:35.712567+00:00 [info] <0.209.0>  log(s)         : <stdout>[0m
rabbitmq-1  | 2026-08-12T12:00:35.713214535Z 2026-08-12 12:00:35.712567+00:00 [info] <0.209.0>  data dir       : /var/lib/rabbitmq/mnesia/rabbit@bf4b1c9f3a7a[0m
rabbitmq-1  | 2026-08-12T12:00:36.237850982Z 2026-08-12 12:00:36.237057+00:00 [info] <0.209.0> Running boot step pre_boot defined by app rabbit[0m
rabbitmq-1  | 2026-08-12T12:00:36.238149657Z 2026-08-12 12:00:36.237157+00:00 [info] <0.209.0> Running boot step rabbit_global_counters defined by app rabbit[0m
rabbitmq-1  | 2026-08-12T12:00:36.240347112Z 2026-08-12 12:00:36.238974+00:00 [info] <0.209.0> Running boot step rabbit_osiris_metrics defined by app rabbit[0m
rabbitmq-1  | 2026-08-12T12:00:36.240984485Z 2026-08-12 12:00:36.239426+00:00 [info] <0.209.0> Running boot step rabbit_core_metrics defined by app rabbit[0m
rabbitmq-1  | 2026-08-12T12:00:36.241742279Z 2026-08-12 12:00:36.240099+00:00 [info] <0.209.0> Running boot step rabbit_alarm defined by app rabbit[0m
rabbitmq-1  | 2026-08-12T12:00:36.265902334Z 2026-08-12 12:00:36.264315+00:00 [info] <0.709.0> Memory high watermark set to 2348 MiB (2462473420 bytes) of 3913 MiB (4104122368 bytes) total[0m
rabbitmq-1  | 2026-08-12T12:00:36.274244209Z 2026-08-12 12:00:36.272587+00:00 [info] <0.711.0> Enabling free disk space monitoring (disk free space: 20326572032, total memory: 4104122368)[0m
rabbitmq-1  | 2026-08-12T12:00:36.274306864Z 2026-08-12 12:00:36.272723+00:00 [info] <0.711.0> Disk free limit set to 50MB[0m
rabbitmq-1  | 2026-08-12T12:00:36.279823550Z 2026-08-12 12:00:36.278340+00:00 [info] <0.209.0> Running boot step code_server_cache defined by app rabbit[0m
rabbitmq-1  | 2026-08-12T12:00:36.280459527Z 2026-08-12 12:00:36.278513+00:00 [info] <0.209.0> Running boot step file_handle_cache defined by app rabbit[0m
rabbitmq-1  | 2026-08-12T12:00:36.299735869Z 2026-08-12 12:00:36.298385+00:00 [info] <0.714.0> Limiting to approx 927 file handles (832 sockets)[0m
rabbitmq-1  | 2026-08-12T12:00:36.299805299Z 2026-08-12 12:00:36.298639+00:00 [info] <0.715.0> FHC read buffering: OFF[0m
rabbitmq-1  | 2026-08-12T12:00:36.300160761Z 2026-08-12 12:00:36.298755+00:00 [info] <0.715.0> FHC write buffering: ON[0m
rabbitmq-1  | 2026-08-12T12:00:36.302761455Z [38;5;214m2026-08-12 12:00:36.301362+00:00 [warning] <0.209.0> Available file handles: 1024. Please consider increasing system limits[0m
rabbitmq-1  | 2026-08-12T12:00:36.302806717Z 2026-08-12 12:00:36.301532+00:00 [info] <0.209.0> Running boot step worker_pool defined by app rabbit[0m
rabbitmq-1  | 2026-08-12T12:00:36.303584278Z 2026-08-12 12:00:36.301772+00:00 [info] <0.553.0> Will use 2 processes for default worker pool[0m
rabbitmq-1  | 2026-08-12T12:00:36.303612008Z 2026-08-12 12:00:36.301873+00:00 [info] <0.553.0> Starting worker pool 'worker_pool' with 2 processes in it[0m
rabbitmq-1  | 2026-08-12T12:00:36.304398859Z 2026-08-12 12:00:36.302454+00:00 [info] <0.209.0> Running boot step rabbit_registry defined by app rabbit[0m
rabbitmq-1  | 2026-08-12T12:00:36.304586404Z 2026-08-12 12:00:36.302705+00:00 [info] <0.209.0> Running boot step database defined by app rabbit[0m
rabbitmq-1  | 2026-08-12T12:00:36.305455886Z 2026-08-12 12:00:36.304879+00:00 [info] <0.209.0> Peer discovery: configured backend: rabbit_peer_discovery_classic_config[0m
rabbitmq-1  | 2026-08-12T12:00:36.310268912Z 2026-08-12 12:00:36.307564+00:00 [info] <0.554.0> Feature flags: starting an unclustered node for the first time: all stable feature flags will be enabled by default[0m
rabbitmq-1  | 2026-08-12T12:00:36.310306840Z [38;5;87m2026-08-12 12:00:36.308402+00:00 [notice] <0.554.0> Feature flags: attempt to enable `rabbitmq_4.1.0`...[0m
rabbitmq-1  | 2026-08-12T12:00:36.317262280Z [38;5;87m2026-08-12 12:00:36.315215+00:00 [notice] <0.554.0> Feature flags: attempt to enable `rabbitmq_4.0.0`...[0m
rabbitmq-1  | 2026-08-12T12:00:36.331018512Z [38;5;87m2026-08-12 12:00:36.330381+00:00 [notice] <0.554.0> Feature flags: `rabbitmq_4.0.0` enabled[0m
rabbitmq-1  | 2026-08-12T12:00:36.345371117Z [38;5;87m2026-08-12 12:00:36.339844+00:00 [notice] <0.554.0> Feature flags: `rabbitmq_4.1.0` enabled[0m
rabbitmq-1  | 2026-08-12T12:00:36.345485251Z [38;5;87m2026-08-12 12:00:36.339971+00:00 [notice] <0.554.0> Feature flags: attempt to enable `rabbit_exchange_type_local_random`...[0m
rabbitmq-1  | 2026-08-12T12:00:36.365544881Z [38;5;87m2026-08-12 12:00:36.362092+00:00 [notice] <0.554.0> Feature flags: `rabbit_exchange_type_local_random` enabled[0m
rabbitmq-1  | 2026-08-12T12:00:36.367090643Z [38;5;87m2026-08-12 12:00:36.362318+00:00 [notice] <0.554.0> Feature flags: attempt to enable `quorum_queue_non_voters`...[0m
rabbitmq-1  | 2026-08-12T12:00:36.382071960Z [38;5;87m2026-08-12 12:00:36.380503+00:00 [notice] <0.554.0> Feature flags: `quorum_queue_non_voters` enabled[0m
rabbitmq-1  | 2026-08-12T12:00:36.384300847Z [38;5;87m2026-08-12 12:00:36.380599+00:00 [notice] <0.554.0> Feature flags: attempt to enable `rabbitmq_4.2.0`...[0m
rabbitmq-1  | 2026-08-12T12:00:36.424775779Z [38;5;87m2026-08-12 12:00:36.420575+00:00 [notice] <0.554.0> Feature flags: `rabbitmq_4.2.0` enabled[0m
rabbitmq-1  | 2026-08-12T12:00:36.425580232Z [38;5;87m2026-08-12 12:00:36.420664+00:00 [notice] <0.554.0> Feature flags: attempt to enable `khepri_db`...[0m
rabbitmq-1  | 2026-08-12T12:00:36.432333528Z [38;5;87m2026-08-12 12:00:36.430082+00:00 [notice] <0.554.0> Feature flags: attempt to enable `ram_node_type`...[0m
rabbitmq-1  | 2026-08-12T12:00:36.448738091Z [38;5;87m2026-08-12 12:00:36.448099+00:00 [notice] <0.554.0> Feature flags: `ram_node_type` enabled[0m
rabbitmq-1  | 2026-08-12T12:00:36.450862274Z 2026-08-12 12:00:36.448239+00:00 [info] <0.758.0> Feature flag `khepri_db`: syncing cluster membership[0m
rabbitmq-1  | 2026-08-12T12:00:36.495592836Z 2026-08-12 12:00:36.494833+00:00 [info] <0.759.0> Syncing Mnesia->Khepri clusters membership[0m
rabbitmq-1  | 2026-08-12T12:00:36.516616524Z 2026-08-12 12:00:36.515908+00:00 [info] <0.758.0> Feature flag `khepri_db`: cluster membership synchronized; members are: [rabbit@bf4b1c9f3a7a][0m
rabbitmq-1  | 2026-08-12T12:00:36.517222047Z 2026-08-12 12:00:36.516101+00:00 [info] <0.758.0> Feature flag `khepri_db`: unregistering legacy projections[0m
rabbitmq-1  | 2026-08-12T12:00:36.520070705Z 2026-08-12 12:00:36.518907+00:00 [info] <0.758.0> Feature flag `khepri_db`: registering projections[0m
rabbitmq-1  | 2026-08-12T12:00:40.200531592Z [38;5;87m2026-08-12 12:00:40.199876+00:00 [notice] <0.758.0> Feature flags: `khepri_db`: starting migration of 20 tables from Mnesia to Khepri; expect decrease in performance and increase in memory footprint[0m
rabbitmq-1  | 2026-08-12T12:00:40.201274933Z 2026-08-12 12:00:40.200206+00:00 [info] <0.758.0> Waiting for Mnesia tables for 30000 ms, 9 retries left[0m
rabbitmq-1  | 2026-08-12T12:00:40.201775547Z 2026-08-12 12:00:40.200340+00:00 [info] <0.758.0> Successfully synced tables from a peer[0m
rabbitmq-1  | 2026-08-12T12:00:40.202258837Z [38;5;87m2026-08-12 12:00:40.200781+00:00 [notice] <0.758.0> Feature flags: `khepri_db`: migration from Mnesia to Khepri finished[0m
rabbitmq-1  | 2026-08-12T12:00:40.260164985Z [38;5;87m2026-08-12 12:00:40.259395+00:00 [notice] <0.45.0> Application mnesia exited with reason: stopped[0m
rabbitmq-1  | 2026-08-12T12:00:40.262897786Z [38;5;87m2026-08-12 12:00:40.262477+00:00 [notice] <0.554.0> Feature flags: `khepri_db` enabled[0m
rabbitmq-1  | 2026-08-12T12:00:40.263332671Z [38;5;87m2026-08-12 12:00:40.262636+00:00 [notice] <0.554.0> Feature flags: attempt to enable `detailed_queues_endpoint`...[0m
rabbitmq-1  | 2026-08-12T12:00:40.285859218Z [38;5;87m2026-08-12 12:00:40.283128+00:00 [notice] <0.554.0> Feature flags: `detailed_queues_endpoint` enabled[0m
rabbitmq-1  | 2026-08-12T12:00:40.286527959Z [38;5;87m2026-08-12 12:00:40.283207+00:00 [notice] <0.554.0> Feature flags: attempt to enable `message_containers_deaths_v2`...[0m
rabbitmq-1  | 2026-08-12T12:00:40.304082042Z [38;5;87m2026-08-12 12:00:40.302330+00:00 [notice] <0.554.0> Feature flags: `message_containers_deaths_v2` enabled[0m
rabbitmq-1  | 2026-08-12T12:00:40.304120249Z 2026-08-12 12:00:40.302648+00:00 [info] <0.209.0> DB: virgin node -> run peer discovery[0m
rabbitmq-1  | 2026-08-12T12:00:40.304402582Z [38;5;214m2026-08-12 12:00:40.303332+00:00 [warning] <0.209.0> Classic peer discovery backend: list of nodes does not contain the local node [][0m
rabbitmq-1  | 2026-08-12T12:00:40.305712056Z [38;5;87m2026-08-12 12:00:40.303461+00:00 [notice] <0.209.0> Found the following metadata store members: [{rabbitmq_metadata,[0m
rabbitmq-1  | 2026-08-12T12:00:40.305739507Z [38;5;87m2026-08-12 12:00:40.303461+00:00 [notice] <0.209.0>                                               rabbit@bf4b1c9f3a7a}][0m
rabbitmq-1  | 2026-08-12T12:00:40.340224122Z 2026-08-12 12:00:40.339742+00:00 [info] <0.209.0> Running boot step tracking_metadata_store defined by app rabbit[0m
rabbitmq-1  | 2026-08-12T12:00:40.340802758Z 2026-08-12 12:00:40.340243+00:00 [info] <0.1026.0> Setting up a table for connection tracking on this node: tracked_connection[0m
rabbitmq-1  | 2026-08-12T12:00:40.341130842Z 2026-08-12 12:00:40.340405+00:00 [info] <0.1026.0> Setting up a table for per-vhost connection counting on this node: tracked_connection_per_vhost[0m
rabbitmq-1  | 2026-08-12T12:00:40.341567543Z 2026-08-12 12:00:40.340519+00:00 [info] <0.1026.0> Setting up a table for per-user connection counting on this node: tracked_connection_per_user[0m
rabbitmq-1  | 2026-08-12T12:00:40.342309906Z 2026-08-12 12:00:40.340876+00:00 [info] <0.1026.0> Setting up a table for channel tracking on this node: tracked_channel[0m
rabbitmq-1  | 2026-08-12T12:00:40.343702361Z 2026-08-12 12:00:40.341137+00:00 [info] <0.1026.0> Setting up a table for channel tracking on this node: tracked_channel_per_user[0m
rabbitmq-1  | 2026-08-12T12:00:40.346634514Z 2026-08-12 12:00:40.341345+00:00 [info] <0.209.0> Running boot step networking_metadata_store defined by app rabbit[0m
rabbitmq-1  | 2026-08-12T12:00:40.346730348Z 2026-08-12 12:00:40.341702+00:00 [info] <0.209.0> Running boot step feature_flags defined by app rabbit[0m
rabbitmq-1  | 2026-08-12T12:00:40.347102298Z 2026-08-12 12:00:40.342487+00:00 [info] <0.209.0> Running boot step auth_backend_plugins_check defined by app rabbit[0m
rabbitmq-1  | 2026-08-12T12:00:40.347451756Z 2026-08-12 12:00:40.342615+00:00 [info] <0.209.0> Running boot step codec_correctness_check defined by app rabbit[0m
rabbitmq-1  | 2026-08-12T12:00:40.348099962Z 2026-08-12 12:00:40.343498+00:00 [info] <0.209.0> Running boot step external_infrastructure defined by app rabbit[0m
rabbitmq-1  | 2026-08-12T12:00:40.348696199Z 2026-08-12 12:00:40.343826+00:00 [info] <0.209.0> Running boot step rabbit_event defined by app rabbit[0m
rabbitmq-1  | 2026-08-12T12:00:40.348765071Z 2026-08-12 12:00:40.344158+00:00 [info] <0.209.0> Running boot step rabbit_auth_mechanism_amqplain defined by app rabbit[0m
rabbitmq-1  | 2026-08-12T12:00:40.349080094Z 2026-08-12 12:00:40.344318+00:00 [info] <0.209.0> Running boot step rabbit_auth_mechanism_anonymous defined by app rabbit[0m
rabbitmq-1  | 2026-08-12T12:00:40.349161678Z 2026-08-12 12:00:40.344430+00:00 [info] <0.209.0> Running boot step rabbit_auth_mechanism_cr_demo defined by app rabbit[0m
rabbitmq-1  | 2026-08-12T12:00:40.349599776Z 2026-08-12 12:00:40.344646+00:00 [info] <0.209.0> Running boot step rabbit_auth_mechanism_plain defined by app rabbit[0m
rabbitmq-1  | 2026-08-12T12:00:40.350101367Z 2026-08-12 12:00:40.344781+00:00 [info] <0.209.0> Running boot step rabbit_exchange_type_direct defined by app rabbit[0m
rabbitmq-1  | 2026-08-12T12:00:40.350126303Z 2026-08-12 12:00:40.344894+00:00 [info] <0.209.0> Running boot step rabbit_exchange_type_fanout defined by app rabbit[0m
rabbitmq-1  | 2026-08-12T12:00:40.351214353Z 2026-08-12 12:00:40.345065+00:00 [info] <0.209.0> Running boot step rabbit_exchange_type_headers defined by app rabbit[0m
rabbitmq-1  | 2026-08-12T12:00:40.351332678Z 2026-08-12 12:00:40.345176+00:00 [info] <0.209.0> Running boot step rabbit_exchange_type_local_random defined by app rabbit[0m
rabbitmq-1  | 2026-08-12T12:00:40.351502902Z 2026-08-12 12:00:40.345366+00:00 [info] <0.209.0> Running boot step rabbit_exchange_type_topic defined by app rabbit[0m
rabbitmq-1  | 2026-08-12T12:00:40.356116409Z 2026-08-12 12:00:40.345448+00:00 [info] <0.209.0> Running boot step rabbit_priority_queue defined by app rabbit[0m
rabbitmq-1  | 2026-08-12T12:00:40.356149378Z 2026-08-12 12:00:40.345604+00:00 [info] <0.209.0> Priority queues enabled, real BQ is rabbit_variable_queue[0m
rabbitmq-1  | 2026-08-12T12:00:40.356277902Z 2026-08-12 12:00:40.345755+00:00 [info] <0.209.0> Running boot step kernel_ready defined by app rabbit[0m
rabbitmq-1  | 2026-08-12T12:00:40.356291383Z 2026-08-12 12:00:40.345854+00:00 [info] <0.209.0> Running boot step pg_local_amqp_connection defined by app rabbit[0m
rabbitmq-1  | 2026-08-12T12:00:40.367324780Z 2026-08-12 12:00:40.366351+00:00 [info] <0.209.0> Running boot step pg_local_amqp_session defined by app rabbit[0m
rabbitmq-1  | 2026-08-12T12:00:40.368765082Z 2026-08-12 12:00:40.366529+00:00 [info] <0.209.0> Running boot step rabbit_sysmon_minder defined by app rabbit[0m
rabbitmq-1  | 2026-08-12T12:00:40.370129667Z 2026-08-12 12:00:40.366777+00:00 [info] <0.209.0> Running boot step rabbit_epmd_monitor defined by app rabbit[0m
rabbitmq-1  | 2026-08-12T12:00:40.371159323Z 2026-08-12 12:00:40.369398+00:00 [info] <0.1035.0> epmd monitor knows us, inter-node communication (distribution) port: 25672[0m
rabbitmq-1  | 2026-08-12T12:00:40.372160549Z 2026-08-12 12:00:40.369678+00:00 [info] <0.209.0> Running boot step guid_generator defined by app rabbit[0m
rabbitmq-1  | 2026-08-12T12:00:40.375479251Z 2026-08-12 12:00:40.373066+00:00 [info] <0.209.0> Running boot step rabbit_node_monitor defined by app rabbit[0m
rabbitmq-1  | 2026-08-12T12:00:40.378390379Z 2026-08-12 12:00:40.373317+00:00 [info] <0.1039.0> Starting rabbit_node_monitor (partition handling strategy unapplicable with Khepri)[0m
rabbitmq-1  | 2026-08-12T12:00:40.378511498Z 2026-08-12 12:00:40.373493+00:00 [info] <0.209.0> Running boot step delegate_sup defined by app rabbit[0m
rabbitmq-1  | 2026-08-12T12:00:40.378863681Z 2026-08-12 12:00:40.374530+00:00 [info] <0.209.0> Running boot step rabbit_fifo_dlx_sup defined by app rabbit[0m
rabbitmq-1  | 2026-08-12T12:00:40.379799947Z 2026-08-12 12:00:40.374638+00:00 [info] <0.209.0> Running boot step core_initialized defined by app rabbit[0m
rabbitmq-1  | 2026-08-12T12:00:40.381462511Z 2026-08-12 12:00:40.374692+00:00 [info] <0.209.0> Running boot step rabbit_channel_tracking_handler defined by app rabbit[0m
rabbitmq-1  | 2026-08-12T12:00:40.381672619Z 2026-08-12 12:00:40.374763+00:00 [info] <0.209.0> Running boot step rabbit_classic_queue_type defined by app rabbit[0m
rabbitmq-1  | 2026-08-12T12:00:40.383634629Z 2026-08-12 12:00:40.374878+00:00 [info] <0.209.0> Running boot step rabbit_classic_queue defined by app rabbit[0m
rabbitmq-1  | 2026-08-12T12:00:40.385017375Z 2026-08-12 12:00:40.375738+00:00 [info] <0.209.0> Running boot step rabbit_connection_tracking_handler defined by app rabbit[0m
rabbitmq-1  | 2026-08-12T12:00:40.385080170Z 2026-08-12 12:00:40.376365+00:00 [info] <0.209.0> Running boot step rabbit_definitions_hashing defined by app rabbit[0m
rabbitmq-1  | 2026-08-12T12:00:40.385747095Z 2026-08-12 12:00:40.376701+00:00 [info] <0.209.0> Running boot step rabbit_exchange_parameters defined by app rabbit[0m
rabbitmq-1  | 2026-08-12T12:00:40.385774337Z 2026-08-12 12:00:40.379899+00:00 [info] <0.209.0> Running boot step rabbit_policies defined by app rabbit[0m
rabbitmq-1  | 2026-08-12T12:00:40.385797666Z 2026-08-12 12:00:40.380398+00:00 [info] <0.209.0> Running boot step rabbit_quorum_queue_type defined by app rabbit[0m
rabbitmq-1  | 2026-08-12T12:00:40.388250161Z 2026-08-12 12:00:40.380492+00:00 [info] <0.209.0> Running boot step rabbit_stream_queue defined by app rabbit[0m
rabbitmq-1  | 2026-08-12T12:00:40.388706560Z 2026-08-12 12:00:40.380552+00:00 [info] <0.209.0> Running boot step rabbit_policy defined by app rabbit[0m
rabbitmq-1  | 2026-08-12T12:00:40.389267872Z 2026-08-12 12:00:40.380637+00:00 [info] <0.209.0> Running boot step rabbit_quorum_event_subscriber defined by app rabbit[0m
rabbitmq-1  | 2026-08-12T12:00:40.390247445Z 2026-08-12 12:00:40.380729+00:00 [info] <0.209.0> Running boot step rabbit_quorum_memory_manager defined by app rabbit[0m
rabbitmq-1  | 2026-08-12T12:00:40.390280833Z 2026-08-12 12:00:40.380821+00:00 [info] <0.209.0> Running boot step rabbit_quorum_queue defined by app rabbit[0m
rabbitmq-1  | 2026-08-12T12:00:40.391251815Z 2026-08-12 12:00:40.381045+00:00 [info] <0.209.0> Running boot step rabbit_stream_coordinator defined by app rabbit[0m
rabbitmq-1  | 2026-08-12T12:00:40.391317753Z 2026-08-12 12:00:40.381778+00:00 [info] <0.209.0> Running boot step rabbit_vhost_limit defined by app rabbit[0m
rabbitmq-1  | 2026-08-12T12:00:40.391335984Z 2026-08-12 12:00:40.381896+00:00 [info] <0.209.0> Running boot step rabbit_exchange_type_delayed_message defined by app rabbitmq_delayed_message_exchange[0m
rabbitmq-1  | 2026-08-12T12:00:40.392216370Z 2026-08-12 12:00:40.382096+00:00 [info] <0.209.0> Running boot step rabbit_mgmt_reset_handler defined by app rabbitmq_management[0m
rabbitmq-1  | 2026-08-12T12:00:40.394163991Z 2026-08-12 12:00:40.382201+00:00 [info] <0.209.0> Running boot step rabbit_mgmt_db_handler defined by app rabbitmq_management_agent[0m
rabbitmq-1  | 2026-08-12T12:00:40.394228462Z 2026-08-12 12:00:40.382282+00:00 [info] <0.209.0> Management plugin: using rates mode 'basic'[0m
rabbitmq-1  | 2026-08-12T12:00:40.394255215Z 2026-08-12 12:00:40.382696+00:00 [info] <0.209.0> Running boot step recovery defined by app rabbit[0m
rabbitmq-1  | 2026-08-12T12:00:40.394292794Z 2026-08-12 12:00:40.382864+00:00 [info] <0.209.0> Running boot step prevent_startup_if_node_was_reset defined by app rabbit[0m
rabbitmq-1  | 2026-08-12T12:00:40.394336869Z 2026-08-12 12:00:40.382922+00:00 [info] <0.209.0> Running boot step empty_db_check defined by app rabbit[0m
rabbitmq-1  | 2026-08-12T12:00:40.395094599Z 2026-08-12 12:00:40.383040+00:00 [info] <0.209.0> Will seed default virtual host and user...[0m
rabbitmq-1  | 2026-08-12T12:00:40.395234858Z 2026-08-12 12:00:40.383275+00:00 [info] <0.209.0> Adding vhost '/' (description: 'Default virtual host', tags: [])[0m
rabbitmq-1  | 2026-08-12T12:00:40.421045670Z 2026-08-12 12:00:40.420226+00:00 [info] <0.1066.0> Making sure data directory '/var/lib/rabbitmq/mnesia/rabbit@bf4b1c9f3a7a/msg_stores/vhosts/628WB79CIFDYO9LJI6DKMI09L' for vhost '/' exists[0m
rabbitmq-1  | 2026-08-12T12:00:40.423633813Z 2026-08-12 12:00:40.422367+00:00 [info] <0.1066.0> Setting segment_entry_count for vhost '/' with 0 queues to '2048'[0m
rabbitmq-1  | 2026-08-12T12:00:40.450812284Z 2026-08-12 12:00:40.448199+00:00 [info] <0.1066.0> Starting message stores for vhost '/'[0m
rabbitmq-1  | 2026-08-12T12:00:40.452611404Z 2026-08-12 12:00:40.451788+00:00 [info] <0.1066.0> Started message store of type transient for vhost '/'[0m
rabbitmq-1  | 2026-08-12T12:00:40.517589001Z [38;5;214m2026-08-12 12:00:40.516306+00:00 [warning] <0.1078.0> Message store "628WB79CIFDYO9LJI6DKMI09L/msg_store_persistent": rebuilding indices from scratch[0m
rabbitmq-1  | 2026-08-12T12:00:40.519674575Z 2026-08-12 12:00:40.519130+00:00 [info] <0.1066.0> Started message store of type persistent for vhost '/'[0m
rabbitmq-1  | 2026-08-12T12:00:40.520724906Z 2026-08-12 12:00:40.519568+00:00 [info] <0.1066.0> Recovering 0 queues of type rabbit_classic_queue took 96ms[0m
rabbitmq-1  | 2026-08-12T12:00:40.521674584Z 2026-08-12 12:00:40.519661+00:00 [info] <0.1066.0> Recovering 0 queues of type rabbit_quorum_queue took 0ms[0m
rabbitmq-1  | 2026-08-12T12:00:40.521721942Z 2026-08-12 12:00:40.519748+00:00 [info] <0.1066.0> Recovering 0 queues of type rabbit_stream_queue took 0ms[0m
rabbitmq-1  | 2026-08-12T12:00:40.591204080Z 2026-08-12 12:00:40.589391+00:00 [info] <0.209.0> Created user 'vicione_ci'[0m
rabbitmq-1  | 2026-08-12T12:00:40.673361714Z 2026-08-12 12:00:40.670939+00:00 [info] <0.209.0> Successfully set user tags for user 'vicione_ci' to [administrator][0m
rabbitmq-1  | 2026-08-12T12:00:40.703748314Z 2026-08-12 12:00:40.702207+00:00 [info] <0.209.0> Successfully set permissions for user 'vicione_ci' in virtual host '/' to '.*', '.*', '.*'[0m
rabbitmq-1  | 2026-08-12T12:00:40.705076088Z 2026-08-12 12:00:40.702435+00:00 [info] <0.209.0> Running boot step rabbit_observer_cli defined by app rabbit[0m
rabbitmq-1  | 2026-08-12T12:00:40.705737775Z 2026-08-12 12:00:40.702794+00:00 [info] <0.209.0> Running boot step rabbit_core_metrics_gc defined by app rabbit[0m
rabbitmq-1  | 2026-08-12T12:00:40.706820796Z 2026-08-12 12:00:40.703081+00:00 [info] <0.209.0> Running boot step background_gc defined by app rabbit[0m
rabbitmq-1  | 2026-08-12T12:00:40.707617991Z 2026-08-12 12:00:40.703334+00:00 [info] <0.209.0> Running boot step rabbit_observer_cli_classic_queues defined by app rabbit[0m
rabbitmq-1  | 2026-08-12T12:00:40.707654732Z 2026-08-12 12:00:40.703552+00:00 [info] <0.209.0> Running boot step rabbit_observer_cli_quorum_queues defined by app rabbit[0m
rabbitmq-1  | 2026-08-12T12:00:40.708265219Z 2026-08-12 12:00:40.703734+00:00 [info] <0.209.0> Running boot step routing_ready defined by app rabbit[0m
rabbitmq-1  | 2026-08-12T12:00:40.709407611Z 2026-08-12 12:00:40.704118+00:00 [info] <0.209.0> Running boot step pre_flight defined by app rabbit[0m
rabbitmq-1  | 2026-08-12T12:00:40.710453751Z 2026-08-12 12:00:40.704282+00:00 [info] <0.209.0> Running boot step notify_cluster defined by app rabbit[0m
rabbitmq-1  | 2026-08-12T12:00:40.710578084Z 2026-08-12 12:00:40.704531+00:00 [info] <0.209.0> Running boot step networking defined by app rabbit[0m
rabbitmq-1  | 2026-08-12T12:00:40.711027148Z 2026-08-12 12:00:40.704928+00:00 [info] <0.209.0> Running boot step rabbit_delayed_message defined by app rabbitmq_delayed_message_exchange[0m
rabbitmq-1  | 2026-08-12T12:00:40.816718423Z 2026-08-12 12:00:40.813453+00:00 [info] <0.209.0> Waiting for Mnesia tables for 30000 ms, 0 retries left[0m
rabbitmq-1  | 2026-08-12T12:00:40.816811043Z 2026-08-12 12:00:40.813804+00:00 [info] <0.209.0> Successfully synced tables from a peer[0m
rabbitmq-1  | 2026-08-12T12:00:40.816841149Z 2026-08-12 12:00:40.814028+00:00 [info] <0.209.0> Running boot step rabbit_quorum_queue_periodic_membership_reconciliation defined by app rabbit[0m
rabbitmq-1  | 2026-08-12T12:00:40.817378573Z 2026-08-12 12:00:40.814359+00:00 [info] <0.209.0> Running boot step definition_import_worker_pool defined by app rabbit[0m
rabbitmq-1  | 2026-08-12T12:00:40.817842165Z 2026-08-12 12:00:40.814451+00:00 [info] <0.553.0> Starting worker pool 'definition_import_pool' with 2 processes in it[0m
rabbitmq-1  | 2026-08-12T12:00:40.820725563Z 2026-08-12 12:00:40.815246+00:00 [info] <0.209.0> Running boot step cluster_name defined by app rabbit[0m
rabbitmq-1  | 2026-08-12T12:00:40.821645974Z 2026-08-12 12:00:40.815413+00:00 [info] <0.209.0> Initialising internal cluster ID to 'rabbitmq-cluster-id--Jc9q6BdcAocSpU5DBmPqQ'[0m
rabbitmq-1  | 2026-08-12T12:00:40.822337277Z 2026-08-12 12:00:40.818160+00:00 [info] <0.209.0> Running boot step virtual_host_reconciliation defined by app rabbit[0m
rabbitmq-1  | 2026-08-12T12:00:40.822682893Z 2026-08-12 12:00:40.818666+00:00 [info] <0.209.0> Running boot step direct_client defined by app rabbit[0m
rabbitmq-1  | 2026-08-12T12:00:40.823775274Z 2026-08-12 12:00:40.818909+00:00 [info] <0.209.0> Running boot step logger_exchange defined by app rabbit[0m
rabbitmq-1  | 2026-08-12T12:00:40.824202335Z 2026-08-12 12:00:40.823014+00:00 [info] <0.209.0> Running boot step cluster_tags defined by app rabbit[0m
rabbitmq-1  | 2026-08-12T12:00:40.828263121Z 2026-08-12 12:00:40.825688+00:00 [info] <0.209.0> Running boot step rabbit_delayed_message_supervisor defined by app rabbitmq_delayed_message_exchange[0m
rabbitmq-1  | 2026-08-12T12:00:40.829224323Z 2026-08-12 12:00:40.827038+00:00 [info] <0.209.0> Running boot step rabbit_management_load_definitions defined by app rabbitmq_management[0m
rabbitmq-1  | 2026-08-12T12:00:40.830341989Z 2026-08-12 12:00:40.827430+00:00 [info] <0.1166.0> Resetting node maintenance status[0m
rabbitmq-1  | 2026-08-12T12:00:40.850560351Z [38;5;214m2026-08-12 12:00:40.849697+00:00 [warning] <0.1183.0> Deprecated features: `management_metrics_collection`: Feature `management_metrics_collection` is deprecated.[0m
rabbitmq-1  | 2026-08-12T12:00:40.850693135Z [38;5;214m2026-08-12 12:00:40.849697+00:00 [warning] <0.1183.0> By default, this feature can still be used for now.[0m
rabbitmq-1  | 2026-08-12T12:00:40.850711925Z [38;5;214m2026-08-12 12:00:40.849697+00:00 [warning] <0.1183.0> Its use will not be permitted by default in a future minor RabbitMQ version and the feature will be removed from a future major RabbitMQ version; actual versions to be determined.[0m
rabbitmq-1  | 2026-08-12T12:00:40.850736162Z [38;5;214m2026-08-12 12:00:40.849697+00:00 [warning] <0.1183.0> To continue using this feature when it is not permitted by default, set the following parameter in your configuration:[0m
rabbitmq-1  | 2026-08-12T12:00:40.850860216Z [38;5;214m2026-08-12 12:00:40.849697+00:00 [warning] <0.1183.0>     "deprecated_features.permit.management_metrics_collection = true"[0m
rabbitmq-1  | 2026-08-12T12:00:40.850884314Z [38;5;214m2026-08-12 12:00:40.849697+00:00 [warning] <0.1183.0> To test RabbitMQ as if the feature was removed, set this in your configuration:[0m
rabbitmq-1  | 2026-08-12T12:00:40.850985666Z [38;5;214m2026-08-12 12:00:40.849697+00:00 [warning] <0.1183.0>     "deprecated_features.permit.management_metrics_collection = false"[0m
rabbitmq-1  | 2026-08-12T12:00:40.982286097Z 2026-08-12 12:00:40.977299+00:00 [info] <0.1219.0> Management plugin: HTTP (non-TLS) listener started on port 15672[0m
rabbitmq-1  | 2026-08-12T12:00:40.984118605Z 2026-08-12 12:00:40.977833+00:00 [info] <0.1247.0> Statistics database started.[0m
rabbitmq-1  | 2026-08-12T12:00:40.984161563Z 2026-08-12 12:00:40.978570+00:00 [info] <0.1246.0> Starting worker pool 'management_worker_pool' with 3 processes in it[0m
rabbitmq-1  | 2026-08-12T12:00:40.985812741Z 2026-08-12 12:00:40.982415+00:00 [info] <0.1166.0> Ready to start client connection listeners[0m
rabbitmq-1  | 2026-08-12T12:00:40.995982167Z 2026-08-12 12:00:40.994601+00:00 [info] <0.1274.0> started TCP listener on [::]:5672[0m
rabbitmq-1  | 2026-08-12T12:00:41.339707796Z  completed with 4 plugins.
rabbitmq-1  | 2026-08-12T12:00:41.341332365Z 2026-08-12 12:00:41.339232+00:00 [info] <0.1166.0> Server startup complete; 4 plugins started.[0m
rabbitmq-1  | 2026-08-12T12:00:41.341435533Z 2026-08-12 12:00:41.339232+00:00 [info] <0.1166.0>  * rabbitmq_delayed_message_exchange[0m
rabbitmq-1  | 2026-08-12T12:00:41.341463054Z 2026-08-12 12:00:41.339232+00:00 [info] <0.1166.0>  * rabbitmq_management[0m
rabbitmq-1  | 2026-08-12T12:00:41.341483380Z 2026-08-12 12:00:41.339232+00:00 [info] <0.1166.0>  * rabbitmq_management_agent[0m
rabbitmq-1  | 2026-08-12T12:00:41.341506431Z 2026-08-12 12:00:41.339232+00:00 [info] <0.1166.0>  * rabbitmq_web_dispatch[0m
rabbitmq-1  | 2026-08-12T12:00:41.431852110Z 2026-08-12 12:00:41.431263+00:00 [info] <0.10.0> Time to start RabbitMQ: 15445 ms[0m
rabbitmq-1  | 2026-08-12T12:01:21.220512159Z 2026-08-12 12:01:21.219347+00:00 [info] <0.1349.0> Adding vhost 'test' (description: '', tags: [])[0m
rabbitmq-1  | 2026-08-12T12:01:21.243009177Z 2026-08-12 12:01:21.242197+00:00 [info] <0.1353.0> Making sure data directory '/var/lib/rabbitmq/mnesia/rabbit@bf4b1c9f3a7a/msg_stores/vhosts/KDISMNX5MOYU6Q6PZT8TQDPY' for vhost 'test' exists[0m
rabbitmq-1  | 2026-08-12T12:01:21.247370520Z 2026-08-12 12:01:21.245682+00:00 [info] <0.1353.0> Setting segment_entry_count for vhost 'test' with 0 queues to '2048'[0m
rabbitmq-1  | 2026-08-12T12:01:21.253840831Z 2026-08-12 12:01:21.252634+00:00 [info] <0.1353.0> Starting message stores for vhost 'test'[0m
rabbitmq-1  | 2026-08-12T12:01:21.262903848Z 2026-08-12 12:01:21.262354+00:00 [info] <0.1353.0> Started message store of type transient for vhost 'test'[0m
rabbitmq-1  | 2026-08-12T12:01:21.264835874Z [38;5;214m2026-08-12 12:01:21.264158+00:00 [warning] <0.1364.0> Message store "KDISMNX5MOYU6Q6PZT8TQDPY/msg_store_persistent": rebuilding indices from scratch[0m
rabbitmq-1  | 2026-08-12T12:01:21.269888424Z 2026-08-12 12:01:21.269369+00:00 [info] <0.1353.0> Started message store of type persistent for vhost 'test'[0m
rabbitmq-1  | 2026-08-12T12:01:21.270629926Z 2026-08-12 12:01:21.269588+00:00 [info] <0.1353.0> Recovering 0 queues of type rabbit_classic_queue took 23ms[0m
rabbitmq-1  | 2026-08-12T12:01:21.271289838Z 2026-08-12 12:01:21.269723+00:00 [info] <0.1353.0> Recovering 0 queues of type rabbit_quorum_queue took 0ms[0m
rabbitmq-1  | 2026-08-12T12:01:21.271776792Z 2026-08-12 12:01:21.269998+00:00 [info] <0.1353.0> Recovering 0 queues of type rabbit_stream_queue took 0ms[0m
rabbitmq-1  | 2026-08-12T12:01:21.281409190Z 2026-08-12 12:01:21.280329+00:00 [info] <0.1349.0> Successfully set permissions for user 'vicione_ci' in virtual host 'test' to '.*', '.*', '.*'[0m
rabbitmq-1  | 2026-08-12T12:01:21.374195408Z 2026-08-12 12:01:21.373559+00:00 [info] <0.1379.0> Adding vhost 'test-exclusive-should-give-the-connection-back-when-the-connect-fails' (description: '', tags: [])[0m
rabbitmq-1  | 2026-08-12T12:01:21.393509381Z 2026-08-12 12:01:21.391511+00:00 [info] <0.1383.0> Making sure data directory '/var/lib/rabbitmq/mnesia/rabbit@bf4b1c9f3a7a/msg_stores/vhosts/D4P64Z9BQ6N1Y1D9QGLMC9KMN' for vhost 'test-exclusive-should-give-the-connection-back-when-the-connect-fails' exists[0m
rabbitmq-1  | 2026-08-12T12:01:21.394899409Z 2026-08-12 12:01:21.394236+00:00 [info] <0.1383.0> Setting segment_entry_count for vhost 'test-exclusive-should-give-the-connection-back-when-the-connect-fails' with 0 queues to '2048'[0m
rabbitmq-1  | 2026-08-12T12:01:21.402685283Z 2026-08-12 12:01:21.400640+00:00 [info] <0.1383.0> Starting message stores for vhost 'test-exclusive-should-give-the-connection-back-when-the-connect-fails'[0m
rabbitmq-1  | 2026-08-12T12:01:21.404710843Z 2026-08-12 12:01:21.404170+00:00 [info] <0.1383.0> Started message store of type transient for vhost 'test-exclusive-should-give-the-connection-back-when-the-connect-fails'[0m
rabbitmq-1  | 2026-08-12T12:01:21.406386505Z [38;5;214m2026-08-12 12:01:21.405782+00:00 [warning] <0.1394.0> Message store "D4P64Z9BQ6N1Y1D9QGLMC9KMN/msg_store_persistent": rebuilding indices from scratch[0m
rabbitmq-1  | 2026-08-12T12:01:21.408630429Z 2026-08-12 12:01:21.407825+00:00 [info] <0.1383.0> Started message store of type persistent for vhost 'test-exclusive-should-give-the-connection-back-when-the-connect-fails'[0m
rabbitmq-1  | 2026-08-12T12:01:21.409955423Z 2026-08-12 12:01:21.408100+00:00 [info] <0.1383.0> Recovering 0 queues of type rabbit_classic_queue took 12ms[0m
rabbitmq-1  | 2026-08-12T12:01:21.410005439Z 2026-08-12 12:01:21.408373+00:00 [info] <0.1383.0> Recovering 0 queues of type rabbit_quorum_queue took 0ms[0m
rabbitmq-1  | 2026-08-12T12:01:21.410397739Z 2026-08-12 12:01:21.408452+00:00 [info] <0.1383.0> Recovering 0 queues of type rabbit_stream_queue took 0ms[0m
rabbitmq-1  | 2026-08-12T12:01:21.423076128Z 2026-08-12 12:01:21.420188+00:00 [info] <0.1379.0> Successfully set permissions for user 'vicione_ci' in virtual host 'test-exclusive-should-give-the-connection-back-when-the-connect-fails' to '.*', '.*', '.*'[0m
rabbitmq-1  | 2026-08-12T12:01:21.820318300Z 2026-08-12 12:01:21.815959+00:00 [info] <0.1410.0> accepting AMQP connection 172.19.0.1:53782 -> 172.19.0.2:5672[0m
rabbitmq-1  | 2026-08-12T12:01:21.873418350Z 2026-08-12 12:01:21.870393+00:00 [info] <0.1410.0> connection 172.19.0.1:53782 -> 172.19.0.2:5672 has a client-provided name: testhost[0m
rabbitmq-1  | 2026-08-12T12:01:21.885357402Z 2026-08-12 12:01:21.883856+00:00 [info] <0.1410.0> connection 172.19.0.1:53782 -> 172.19.0.2:5672 - testhost: user 'vicione_ci' authenticated and granted access to vhost 'test-exclusive-should-give-the-connection-back-when-the-connect-fails'[0m
rabbitmq-1  | 2026-08-12T12:01:22.268646566Z 2026-08-12 12:01:22.267150+00:00 [info] <0.1438.0> accepting AMQP connection 172.19.0.1:53784 -> 172.19.0.2:5672[0m
rabbitmq-1  | 2026-08-12T12:01:22.283512383Z 2026-08-12 12:01:22.280402+00:00 [info] <0.1438.0> connection 172.19.0.1:53784 -> 172.19.0.2:5672: user 'vicione_ci' authenticated and granted access to vhost 'test-exclusive-should-give-the-connection-back-when-the-connect-fails'[0m
rabbitmq-1  | 2026-08-12T12:01:22.605460095Z 2026-08-12 12:01:22.603664+00:00 [info] <0.1438.0> closing AMQP connection (172.19.0.1:53784 -> 172.19.0.2:5672, vhost: 'test-exclusive-should-give-the-connection-back-when-the-connect-fails', user: 'vicione_ci', duration: '337ms')[0m
rabbitmq-1  | 2026-08-12T12:01:22.612996388Z 2026-08-12 12:01:22.611827+00:00 [info] <0.1478.0> accepting AMQP connection 172.19.0.1:53798 -> 172.19.0.2:5672[0m
rabbitmq-1  | 2026-08-12T12:01:22.623115960Z 2026-08-12 12:01:22.621545+00:00 [info] <0.1478.0> connection 172.19.0.1:53798 -> 172.19.0.2:5672 has a client-provided name: testhost[0m
rabbitmq-1  | 2026-08-12T12:01:22.631484217Z 2026-08-12 12:01:22.625771+00:00 [info] <0.1478.0> connection 172.19.0.1:53798 -> 172.19.0.2:5672 - testhost: user 'vicione_ci' authenticated and granted access to vhost 'test-exclusive-should-give-the-connection-back-when-the-connect-fails'[0m
rabbitmq-1  | 2026-08-12T12:01:22.684876036Z [38;5;160m2026-08-12 12:01:22.683743+00:00 [error] <0.1492.0> Channel error on connection <0.1478.0> (172.19.0.1:53798 -> 172.19.0.2:5672, vhost: 'test-exclusive-should-give-the-connection-back-when-the-connect-fails', user: 'vicione_ci'), channel 2:[0m
rabbitmq-1  | 2026-08-12T12:01:22.685071208Z [38;5;160m2026-08-12 12:01:22.683743+00:00 [error] <0.1492.0> operation queue.declare caused a channel exception resource_locked: cannot obtain exclusive access to locked queue 'exclusively-yours' in vhost 'test-exclusive-should-give-the-connection-back-when-the-connect-fails'. It could be originally declared on another connection or the exclusive property value does not match that of the original declaration.[0m
rabbitmq-1  | 2026-08-12T12:01:22.838266971Z 2026-08-12 12:01:22.836262+00:00 [info] <0.1410.0> closing AMQP connection (172.19.0.1:53782 -> 172.19.0.2:5672 - testhost, vhost: 'test-exclusive-should-give-the-connection-back-when-the-connect-fails', user: 'vicione_ci', duration: '1s')[0m
rabbitmq-1  | 2026-08-12T12:01:22.852063320Z 2026-08-12 12:01:22.849988+00:00 [info] <0.1478.0> closing AMQP connection (172.19.0.1:53798 -> 172.19.0.2:5672 - testhost, vhost: 'test-exclusive-should-give-the-connection-back-when-the-connect-fails', user: 'vicione_ci', duration: '239ms')[0m
rabbitmq-1  | 2026-08-12T12:01:22.856513314Z 2026-08-12 12:01:22.855277+00:00 [info] <0.1510.0> Deleting vhost 'test-exclusive-should-give-the-connection-back-when-the-connect-fails'[0m
rabbitmq-1  | 2026-08-12T12:01:22.857660390Z 2026-08-12 12:01:22.855390+00:00 [info] <0.1510.0> Clearing permissions in vhost 'test-exclusive-should-give-the-connection-back-when-the-connect-fails' because it's being deleted[0m
rabbitmq-1  | 2026-08-12T12:01:22.867375785Z 2026-08-12 12:01:22.866206+00:00 [info] <0.1510.0> Deleting queues in vhost 'test-exclusive-should-give-the-connection-back-when-the-connect-fails' because it's being deleted[0m
rabbitmq-1  | 2026-08-12T12:01:22.877163130Z 2026-08-12 12:01:22.875682+00:00 [info] <0.1510.0> Deleting exchanges in vhost 'test-exclusive-should-give-the-connection-back-when-the-connect-fails' because it's being deleted[0m
rabbitmq-1  | 2026-08-12T12:01:22.916179299Z 2026-08-12 12:01:22.915212+00:00 [info] <0.1510.0> Clearing policies and runtime parameters in vhost 'test-exclusive-should-give-the-connection-back-when-the-connect-fails' because it's being deleted[0m
rabbitmq-1  | 2026-08-12T12:01:22.922665194Z 2026-08-12 12:01:22.921226+00:00 [info] <0.1516.0> Closing all connections in vhost 'test-exclusive-should-give-the-connection-back-when-the-connect-fails' because it's being deleted[0m
rabbitmq-1  | 2026-08-12T12:01:22.923338589Z 2026-08-12 12:01:22.921563+00:00 [info] <0.1510.0> Stopping vhost supervisor <0.1382.0> for vhost 'test-exclusive-should-give-the-connection-back-when-the-connect-fails'[0m
rabbitmq-1  | 2026-08-12T12:01:22.924186270Z 2026-08-12 12:01:22.921763+00:00 [info] <0.1383.0> Virtual host 'test-exclusive-should-give-the-connection-back-when-the-connect-fails' is stopping[0m
rabbitmq-1  | 2026-08-12T12:01:22.924301529Z 2026-08-12 12:01:22.922004+00:00 [info] <0.1518.0> Closing all connections in vhost 'test-exclusive-should-give-the-connection-back-when-the-connect-fails' on node 'rabbit@bf4b1c9f3a7a' because the vhost is stopping[0m
rabbitmq-1  | 2026-08-12T12:01:22.924317666Z 2026-08-12 12:01:22.922030+00:00 [info] <0.1394.0> Stopping message store for directory '/var/lib/rabbitmq/mnesia/rabbit@bf4b1c9f3a7a/msg_stores/vhosts/D4P64Z9BQ6N1Y1D9QGLMC9KMN/msg_store_persistent'[0m
rabbitmq-1  | 2026-08-12T12:01:22.938238984Z 2026-08-12 12:01:22.937099+00:00 [info] <0.1394.0> Message store for directory '/var/lib/rabbitmq/mnesia/rabbit@bf4b1c9f3a7a/msg_stores/vhosts/D4P64Z9BQ6N1Y1D9QGLMC9KMN/msg_store_persistent' is stopped[0m
rabbitmq-1  | 2026-08-12T12:01:22.938535934Z 2026-08-12 12:01:22.937537+00:00 [info] <0.1390.0> Stopping message store for directory '/var/lib/rabbitmq/mnesia/rabbit@bf4b1c9f3a7a/msg_stores/vhosts/D4P64Z9BQ6N1Y1D9QGLMC9KMN/msg_store_transient'[0m
rabbitmq-1  | 2026-08-12T12:01:22.949633605Z 2026-08-12 12:01:22.948668+00:00 [info] <0.1390.0> Message store for directory '/var/lib/rabbitmq/mnesia/rabbit@bf4b1c9f3a7a/msg_stores/vhosts/D4P64Z9BQ6N1Y1D9QGLMC9KMN/msg_store_transient' is stopped[0m
rabbitmq-1  | 2026-08-12T12:01:22.950735346Z 2026-08-12 12:01:22.949462+00:00 [info] <0.1510.0> Deleting message store directory for vhost 'test-exclusive-should-give-the-connection-back-when-the-connect-fails' at '/var/lib/rabbitmq/mnesia/rabbit@bf4b1c9f3a7a/msg_stores/vhosts/D4P64Z9BQ6N1Y1D9QGLMC9KMN'[0m
