technicalCommit 39a4acaff1a06f0462d829f332b9fc25b3941a6f
technicalTree 061b4236b36646ff2331a271c6b82a6ae0cdd3fb
evidenceCommit 06acb2f1275a05608cf379f0f27dfc15dc97ba72
evidenceTree 51c408bee8c1fad85b7128b105e3e930c4d8e7b1
evidenceDirectParent 39a4acaff1a06f0462d829f332b9fc25b3941a6f
apiRecords 44081
apiFindings 0
apiExact True
packageRecords 64
packageExact True
packageArtifacts 0
generatedManifestFindings 0
technicalPatchExact True
baselineSha256 02127f45753ef608bfd17980cde253b6c68da0f76c36b8b96de79199ad8341d2
M11 1 87e5d46a4c87b7d919fb7b51f691668fd41f1a32a02db538d1830e743cf18224 True
M12 1 a394f491d5e950925a8cb6e9d91a41a6477a01c5d3e7c00902d7ef231c2ff1da True
M13 1 5f703fc02e368c4aec68eb7d618bf14e25bded41c6309f337151774130f54b4a True
M14 1 5bcd45a99f50da5f669c343752d06b74e405a64f016c04c816304ae283f51144 True
M15 1 a6983f06500dd73f596603ee22e89dc40d84583334035ef583d5dcb1763562cb True
M16 1 976e15ccfb2c28e1b9c352eccf24ebc98dd71e304ef132021dd56dbd8f7e2edb True
M17 1 32a6dea7fd7a0e3f14e994a40af1da05755ac4f662ea3bce32b48be1c612aa5b True
M18 1 0b94d81a5dc19aadf6aefcc1692bb3263d102825fd91c7216f48e8b7404230a5 True
M19 1 ca4f0607e82da88198a354e6e9bf170ce4f842fd0b709f9d74def529245a066f True
M20 1 e3ef9e0e4439f19bae98d6535172beecac23e3c040981c07b614728538911409 True
M21 1 97ca38f2949d4206a9617d62d097a5bdd213e14ad17167f8f0532aa90a198903 True
M22 1 f4b269b342e588356ee40860166e4149bdf65afa724c173ac46280b7612f71a1 True
M23 1 1fd0aa4c6e07a85c891c2223e00d2009fb836e21176f73b9830e97605bdd546c True
M24 1 582b51f2aa602f57f0deae1fffcc82de83cce06f281f901fe50d8185e04edfd8 True
M25 1 ba7b5be4ea4fe0a0eeea168038a53dc1da28f34753184af7de82f4210a0b2831 True
M26 1 b76354b50839fc8171bd6c8aacc665dbf4a976851a000908cece01a8500f24ee True
M27 1 962bdad9992505cff860b51e06f42a6f9bc34b1ffa4d519201d69a5895b50033 True
M28 1 95aef1f5d356bd429799d41b2fd632804346b2ee3355701a25beb9215919b3b8 True
M29 1 71159032d82f56e1be972b8b0ca1ca36517fb4ab5b459a9641a1bb438eaf1eae True
M30 1 9e30c10fe4976efd797a3949d55934f0e1d9ec4afc08bf0f89aedc1f7247ab1a True
M31 1 d802e9c0af30e7a51e789df16f549dad3c257784c6df6288e721044bcfbe6c8e True
M32 1 974fb47ef2832100ac0d5f2eec486d3f85c3a910b3e23116974f102db16578a3 True
M33 1 d4727d29654b468983f9763b10dcdcea7e2b80a76becd2d768814f7996a30298 True
mutationsExact True
postRestoreSha256 02127f45753ef608bfd17980cde253b6c68da0f76c36b8b96de79199ad8341d2
