M11 purpose=secondary base types and multiple declarators remain in declaration identity
occurrenceCount=1 mutantSha256=21da9eb0e3a99c962f0c25558119cb32362a93f42fe34abb4081c9ad248bac21 exitCode=1
test=IdentityGatePublicProjectionTests.test_accessor_and_secondary_base_type_changes_have_distinct_public_identities
F
======================================================================
FAIL: test_accessor_and_secondary_base_type_changes_have_distinct_public_identities (test_identity_gate.IdentityGatePublicProjectionTests)
----------------------------------------------------------------------
Traceback (most recent call last):
  File "/Users/edgar.liebold/Downloads/ViciOne Suite 2.0/repositories/vicione-servicebus/tools/identity/test_identity_gate.py", line 697, in test_accessor_and_secondary_base_type_changes_have_distinct_public_identities
    self.assertIn(
AssertionError: 'explicit public class Added : BaseType , ISecond' not found in {'owner type public class Added : BaseType , ISecond explicit public int Value { get ; private set }', 'explicit public class Added : BaseType'}

----------------------------------------------------------------------
Ran 1 test in 0.002s

FAILED (failures=1)
M12 purpose=property indexer and event accessor shape remains bound
occurrenceCount=1 mutantSha256=07ceaebdf5eab09ca8cddaeae3b0e11e8b63712e1b8561704912834562432394 exitCode=1
test=IdentityGatePublicProjectionTests.test_accessor_and_secondary_base_type_changes_have_distinct_public_identities
F
======================================================================
FAIL: test_accessor_and_secondary_base_type_changes_have_distinct_public_identities (test_identity_gate.IdentityGatePublicProjectionTests)
----------------------------------------------------------------------
Traceback (most recent call last):
  File "/Users/edgar.liebold/Downloads/ViciOne Suite 2.0/repositories/vicione-servicebus/tools/identity/test_identity_gate.py", line 701, in test_accessor_and_secondary_base_type_changes_have_distinct_public_identities
    self.assertIn(
AssertionError: 'owner type public class Added : BaseType , ISecond explicit public int Value { get ; private set }' not found in {'explicit public class Added : BaseType , ISecond', 'owner type public class Added : BaseType , ISecond explicit public int Value'}

----------------------------------------------------------------------
Ran 1 test in 0.002s

FAILED (failures=1)

M13 purpose=protected and protected-internal declarations remain bound
occurrenceCount=1 mutantSha256=664e4c97940dd4362889f599d3735d80f843725d182be9c2ffcc27e8dd2ab8ee exitCode=1
test=IdentityGatePublicProjectionTests.test_csharp_projection_covers_multiline_modifiers_and_implicit_public_members
F
======================================================================
FAIL: test_csharp_projection_covers_multiline_modifiers_and_implicit_public_members (test_identity_gate.IdentityGatePublicProjectionTests)
----------------------------------------------------------------------
Traceback (most recent call last):
  File "/Users/edgar.liebold/Downloads/ViciOne Suite 2.0/repositories/vicione-servicebus/tools/identity/test_identity_gate.py", line 678, in test_csharp_projection_covers_multiline_modifiers_and_implicit_public_members
    self.assertIn("explicit protected internal virtual void Hook ( )", declarations)
AssertionError: 'explicit protected internal virtual void Hook ( )' not found in {'explicit public int First , Second', 'owner type public interface IFoo implicit-interface string Name { get ; set }', 'explicit sealed public class Reordered', 'owner type public enum State implicit-enum Ready = 2', 'explicit public enum State', 'owner type public enum State implicit-enum None', 'explicit public sealed class Added < T , U > : BaseType , IFirst , ISecond', 'explicit public int Property { get ; private set }', 'owner type public interface IFoo implicit-interface void Added ( )', 'explicit public interface IFoo'}

----------------------------------------------------------------------
Ran 1 test in 0.002s

FAILED (failures=1)

M14 purpose=conditional-compilation context remains part of source identity
occurrenceCount=1 mutantSha256=33cb7c5e175b350e3143506bb06f2ab2a2874fafe2012337751ef88006d9ad04 exitCode=1
test=IdentityGatePublicProjectionTests.test_conditional_compilation_context_is_part_of_the_declaration_identity
F
======================================================================
FAIL: test_conditional_compilation_context_is_part_of_the_declaration_identity (test_identity_gate.IdentityGatePublicProjectionTests)
----------------------------------------------------------------------
Traceback (most recent call last):
  File "/Users/edgar.liebold/Downloads/ViciOne Suite 2.0/repositories/vicione-servicebus/tools/identity/test_identity_gate.py", line 711, in test_conditional_compilation_context_is_part_of_the_declaration_identity
    self.assertEqual(
AssertionError: 'conditional if(false) explicit public void Added ( )' != 'explicit public void Added ( )'
- conditional if(false) explicit public void Added ( )
+ explicit public void Added ( )


----------------------------------------------------------------------
Ran 1 test in 0.002s

FAILED (failures=1)

M15 purpose=CSharp symlinks are rejected instead of parsed as target content
occurrenceCount=1 mutantSha256=f03d49e10e4e1ef5d0fe93966f7cd74ca554167d0a4ae054cbcf4d271bad74c4 exitCode=1
test=IdentityGatePublicProjectionTests.test_symbolic_link_source_is_rejected_without_reading_its_target_as_api
F
======================================================================
FAIL: test_symbolic_link_source_is_rejected_without_reading_its_target_as_api (test_identity_gate.IdentityGatePublicProjectionTests)
----------------------------------------------------------------------
Traceback (most recent call last):
  File "/Users/edgar.liebold/Downloads/ViciOne Suite 2.0/repositories/vicione-servicebus/tools/identity/test_identity_gate.py", line 818, in test_symbolic_link_source_is_rejected_without_reading_its_target_as_api
    self.assertTrue(any("symbolic link" in finding.reason for finding in findings))
AssertionError: False is not true

----------------------------------------------------------------------
Ran 1 test in 0.233s

FAILED (failures=1)

M16 purpose=ignored projects cannot enter package inventory
occurrenceCount=1 mutantSha256=2fa7680aa6d6b2f3c7aac1946aac3abbd88df6c988ae4cb8697bc85e1674411e exitCode=1
test=IdentityGatePublicProjectionTests.test_ignored_project_is_not_part_of_the_git_candidate_package_inventory
F
======================================================================
FAIL: test_ignored_project_is_not_part_of_the_git_candidate_package_inventory (test_identity_gate.IdentityGatePublicProjectionTests)
----------------------------------------------------------------------
Traceback (most recent call last):
  File "/Users/edgar.liebold/Downloads/ViciOne Suite 2.0/repositories/vicione-servicebus/tools/identity/test_identity_gate.py", line 838, in test_ignored_project_is_not_part_of_the_git_candidate_package_inventory
    self.assertEqual(["src/Real/Real.csproj"], [record["project"] for record in records])
AssertionError: Lists differ: ['src/Real/Real.csproj'] != ['ignored/Phantom.csproj', 'src/Real/Real.csproj']

First differing element 0:
'src/Real/Real.csproj'
'ignored/Phantom.csproj'

Second list contains 1 additional elements.
First extra element 1:
'src/Real/Real.csproj'

- ['src/Real/Real.csproj']
+ ['ignored/Phantom.csproj', 'src/Real/Real.csproj']

----------------------------------------------------------------------
Ran 1 test in 0.168s

FAILED (failures=1)

M17 purpose=ignored legal-exception files cannot supply target bindings
occurrenceCount=1 mutantSha256=b5dd66b7da3359a4b2d44e4f39dc894fb07bc16ee9de3ff5f6151ea8c5d69144 exitCode=1
test=IdentityGateHostileFixtureTests.test_ignored_legal_exception_file_cannot_supply_a_git_binding
F
======================================================================
FAIL: test_ignored_legal_exception_file_cannot_supply_a_git_binding (test_identity_gate.IdentityGateHostileFixtureTests)
----------------------------------------------------------------------
Traceback (most recent call last):
  File "/Users/edgar.liebold/Downloads/ViciOne Suite 2.0/repositories/vicione-servicebus/tools/identity/test_identity_gate.py", line 249, in test_ignored_legal_exception_file_cannot_supply_a_git_binding
    self.assertTrue(any("no baseline-to-target file binding" in item.reason for item in findings))
AssertionError: False is not true

----------------------------------------------------------------------
Ran 1 test in 0.170s

FAILED (failures=1)

M18 purpose=tree scan consumes candidate blob bytes without dereferencing symlinks
occurrenceCount=1 mutantSha256=dd0338385bbab8c859e07c4e9108fc5e7376b9a93e9d09ad247a1a0027a01ca1 exitCode=1
test=IdentityGateHostileFixtureTests.test_scan_uses_the_symlink_blob_without_dereferencing_an_ignored_target
F
======================================================================
FAIL: test_scan_uses_the_symlink_blob_without_dereferencing_an_ignored_target (test_identity_gate.IdentityGateHostileFixtureTests)
----------------------------------------------------------------------
Traceback (most recent call last):
  File "/Users/edgar.liebold/Downloads/ViciOne Suite 2.0/repositories/vicione-servicebus/tools/identity/test_identity_gate.py", line 179, in test_scan_uses_the_symlink_blob_without_dereferencing_an_ignored_target
    self.assertFalse(any(item.path == "src/Linked.cs" for item in findings))
AssertionError: True is not false

----------------------------------------------------------------------
Ran 1 test in 0.203s

FAILED (failures=1)

M19 purpose=ignored build outputs stay outside source package inventory
occurrenceCount=1 mutantSha256=9508c97d0266dd8aa0cd45aea2b66c47726f520524ed5d16d8a770fa25d2a10e exitCode=1
test=IdentityGatePublicProjectionTests.test_ignored_project_is_not_part_of_the_git_candidate_package_inventory
F
======================================================================
FAIL: test_ignored_project_is_not_part_of_the_git_candidate_package_inventory (test_identity_gate.IdentityGatePublicProjectionTests)
----------------------------------------------------------------------
Traceback (most recent call last):
  File "/Users/edgar.liebold/Downloads/ViciOne Suite 2.0/repositories/vicione-servicebus/tools/identity/test_identity_gate.py", line 839, in test_ignored_project_is_not_part_of_the_git_candidate_package_inventory
    self.assertEqual([], records[0]["artifacts"])
AssertionError: Lists differ: [] != [{'path': 'artifacts/sdk/bin/Real/debug/Re[82 chars]29'}]

Second list contains 1 additional elements.
First extra element 0:
{'path': 'artifacts/sdk/bin/Real/debug/Real.dll', 'sha256': 'f38cb582614ab53331386c488bfc785838b28e529c0a595b745620b05fd29c29'}

- []
+ [{'path': 'artifacts/sdk/bin/Real/debug/Real.dll',
+   'sha256': 'f38cb582614ab53331386c488bfc785838b28e529c0a595b745620b05fd29c29'}]

----------------------------------------------------------------------
Ran 1 test in 0.235s

FAILED (failures=1)

M20 purpose=namespace and containing-type ownership remains part of identity
occurrenceCount=1 mutantSha256=a81782dff9b2bfb48b1611a5e4993ba30e0cb09cc619671a04bed919ced6d649 exitCode=1
test=IdentityGatePublicProjectionTests.test_owner_namespace_and_declaration_attributes_are_part_of_identity
F
======================================================================
FAIL: test_owner_namespace_and_declaration_attributes_are_part_of_identity (test_identity_gate.IdentityGatePublicProjectionTests)
----------------------------------------------------------------------
Traceback (most recent call last):
  File "/Users/edgar.liebold/Downloads/ViciOne Suite 2.0/repositories/vicione-servicebus/tools/identity/test_identity_gate.py", line 730, in test_owner_namespace_and_declaration_attributes_are_part_of_identity
    self.assertNotEqual(namespace_one, namespace_two)
AssertionError: [('explicit [ Obsolete ] public class Contract', 1), ('explicit public void Execute ( )', 1)] == [('explicit [ Obsolete ] public class Contract', 1), ('explicit public void Execute ( )', 1)]

----------------------------------------------------------------------
Ran 1 test in 0.002s

FAILED (failures=1)

M21 purpose=else branches retain their complete parent conditional history
occurrenceCount=1 mutantSha256=1ab6e1295ae1bf8a502265cb115357ef01ed81f72a683da6034f3dfd6fac13d9 exitCode=1
test=IdentityGatePublicProjectionTests.test_else_elif_nested_and_commented_directive_provenance_is_unambiguous
F
======================================================================
FAIL: test_else_elif_nested_and_commented_directive_provenance_is_unambiguous (test_identity_gate.IdentityGatePublicProjectionTests)
----------------------------------------------------------------------
Traceback (most recent call last):
  File "/Users/edgar.liebold/Downloads/ViciOne Suite 2.0/repositories/vicione-servicebus/tools/identity/test_identity_gate.py", line 782, in test_else_elif_nested_and_commented_directive_provenance_is_unambiguous
    self.assertNotEqual(else_a, else_b)
AssertionError: [('conditional else explicit public class Contract', 4)] == [('conditional else explicit public class Contract', 4)]

----------------------------------------------------------------------
Ran 1 test in 0.002s

FAILED (failures=1)

M22 purpose=historical policy authority cannot dereference a symlink target
occurrenceCount=1 mutantSha256=6377a483f039ac507edb2990285ceede389f59e9c98fb714b272c6d040dfc2ed exitCode=1
test=IdentityGateHostileFixtureTests.test_historical_policy_must_be_a_regular_git_candidate
F
======================================================================
FAIL: test_historical_policy_must_be_a_regular_git_candidate (test_identity_gate.IdentityGateHostileFixtureTests)
----------------------------------------------------------------------
Traceback (most recent call last):
  File "/Users/edgar.liebold/Downloads/ViciOne Suite 2.0/repositories/vicione-servicebus/tools/identity/test_identity_gate.py", line 200, in test_historical_policy_must_be_a_regular_git_candidate
    self.assertTrue(any(
AssertionError: False is not true

----------------------------------------------------------------------
Ran 1 test in 0.177s

FAILED (failures=1)

M23 purpose=NOTICE and MODIFICATIONS authority cannot dereference symlink targets
occurrenceCount=1 mutantSha256=0c9b6f95ef2cc0bc99cf77a04017202d68b2ce477a2344f5ee1e94d08d73b725 exitCode=1
test=IdentityGateHostileFixtureTests.test_legal_authority_documents_must_be_regular_git_candidates
F
======================================================================
FAIL: test_legal_authority_documents_must_be_regular_git_candidates (test_identity_gate.IdentityGateHostileFixtureTests)
----------------------------------------------------------------------
Traceback (most recent call last):
  File "/Users/edgar.liebold/Downloads/ViciOne Suite 2.0/repositories/vicione-servicebus/tools/identity/test_identity_gate.py", line 280, in test_legal_authority_documents_must_be_regular_git_candidates
    self.assertTrue(any(
AssertionError: False is not true

----------------------------------------------------------------------
Ran 1 test in 0.198s

FAILED (failures=1)

M24 purpose=license authority cannot dereference a symlink target
occurrenceCount=1 mutantSha256=8ff6fd38a56abd621fe9e7197c3eaa9aa1f80ff5986c16a6e303c41a7274eb4d exitCode=1
test=IdentityGateHostileFixtureTests.test_legal_authority_documents_must_be_regular_git_candidates
F
======================================================================
FAIL: test_legal_authority_documents_must_be_regular_git_candidates (test_identity_gate.IdentityGateHostileFixtureTests)
----------------------------------------------------------------------
Traceback (most recent call last):
  File "/Users/edgar.liebold/Downloads/ViciOne Suite 2.0/repositories/vicione-servicebus/tools/identity/test_identity_gate.py", line 280, in test_legal_authority_documents_must_be_regular_git_candidates
    self.assertTrue(any(
AssertionError: False is not true

----------------------------------------------------------------------
Ran 1 test in 0.693s

FAILED (failures=1)

M25 purpose=project inventory rejects project-source symlinks
occurrenceCount=1 mutantSha256=33fc9a3658bd6b5a645ee153b7cd91a9bd0f49b4c1b76c7909fb01c5451375b8 exitCode=1
test=IdentityGatePublicProjectionTests.test_project_source_symlink_is_rejected_without_dereferencing_ignored_bytes
E
======================================================================
ERROR: test_project_source_symlink_is_rejected_without_dereferencing_ignored_bytes (test_identity_gate.IdentityGatePublicProjectionTests)
----------------------------------------------------------------------
Traceback (most recent call last):
  File "/Users/edgar.liebold/Downloads/ViciOne Suite 2.0/repositories/vicione-servicebus/tools/identity/test_identity_gate.py", line 859, in test_project_source_symlink_is_rejected_without_dereferencing_ignored_bytes
    derive_package_inventory(root)
  File "/Users/edgar.liebold/Downloads/ViciOne Suite 2.0/repositories/vicione-servicebus/tools/identity/identity_gate.py", line 1444, in derive_package_inventory
    tree = ET.fromstring(data.decode("utf-8"))
  File "/Library/Developer/CommandLineTools/Library/Frameworks/Python3.framework/Versions/3.9/lib/python3.9/xml/etree/ElementTree.py", line 1347, in XML
    parser.feed(text)
xml.etree.ElementTree.ParseError: not well-formed (invalid token): line 1, column 0

----------------------------------------------------------------------
Ran 1 test in 0.196s

FAILED (errors=1)

M26 purpose=declaration attributes remain part of identity
occurrenceCount=1 mutantSha256=6152afe54c3a42b56005ad4efe3391b1d592d68275f65bc3159616ce1f249b6e exitCode=1
test=IdentityGatePublicProjectionTests.test_owner_namespace_and_declaration_attributes_are_part_of_identity
F
======================================================================
FAIL: test_owner_namespace_and_declaration_attributes_are_part_of_identity (test_identity_gate.IdentityGatePublicProjectionTests)
----------------------------------------------------------------------
Traceback (most recent call last):
  File "/Users/edgar.liebold/Downloads/ViciOne Suite 2.0/repositories/vicione-servicebus/tools/identity/test_identity_gate.py", line 733, in test_owner_namespace_and_declaration_attributes_are_part_of_identity
    self.assertTrue(any("explicit [ Obsolete ] public class Contract" in item[0] for item in namespace_one))
AssertionError: False is not true

----------------------------------------------------------------------
Ran 1 test in 0.002s

FAILED (failures=1)

M27 purpose=identity mapping occurs before namespace and owner tokenization
occurrenceCount=1 mutantSha256=7d3e8725170b17a9ef4968196c2b53e934e7ef3be52278914b505e16ab0741be exitCode=1
test=IdentityGatePublicProjectionTests.test_identity_mapping_happens_before_owner_tokenization
F
======================================================================
FAIL: test_identity_mapping_happens_before_owner_tokenization (test_identity_gate.IdentityGatePublicProjectionTests)
----------------------------------------------------------------------
Traceback (most recent call last):
  File "/Users/edgar.liebold/Downloads/ViciOne Suite 2.0/repositories/vicione-servicebus/tools/identity/test_identity_gate.py", line 758, in test_identity_mapping_happens_before_owner_tokenization
    self.assertEqual(
AssertionError: Lists differ: ['MAPPED_PRESENT', 'MAPPED_PRESENT'] != ['MODIFIED_OR_REMOVED', 'MODIFIED_OR_REMOVED', 'CURRENT_ADDED', 'CURRENT_ADDED']

First differing element 0:
'MAPPED_PRESENT'
'MODIFIED_OR_REMOVED'

Second list contains 2 additional elements.
First extra element 2:
'CURRENT_ADDED'

- ['MAPPED_PRESENT', 'MAPPED_PRESENT']
+ ['MODIFIED_OR_REMOVED', 'MODIFIED_OR_REMOVED', 'CURRENT_ADDED', 'CURRENT_ADDED']

----------------------------------------------------------------------
Ran 1 test in 0.243s

FAILED (failures=1)
