M11 purpose=secondary base types and multiple declarators remain in declaration identity
occurrenceCount=1 mutantSha256=323ef4058e6fb82729c5951622ad3dcf9be63f14b7ed89cec318de077190969e exitCode=1
test=IdentityGatePublicProjectionTests.test_accessor_and_secondary_base_type_changes_have_distinct_public_identities
F
======================================================================
FAIL: test_accessor_and_secondary_base_type_changes_have_distinct_public_identities (test_identity_gate.IdentityGatePublicProjectionTests)
----------------------------------------------------------------------
Traceback (most recent call last):
  File "/Users/edgar.liebold/Downloads/ViciOne Suite 2.0/repositories/vicione-servicebus/tools/identity/test_identity_gate.py", line 697, in test_accessor_and_secondary_base_type_changes_have_distinct_public_identities
    self.assertIn(
AssertionError: 'explicit public class Added : BaseType , ISecond' not found in {'owner type public class Added : BaseType , ISecond explicit public int Value { get ; private set }', 'explicit public class Added : BaseType'}

----------------------------------------------------------------------
Ran 1 test in 0.001s

FAILED (failures=1)

M12 purpose=property indexer and event accessor shape remains bound
occurrenceCount=1 mutantSha256=5eb3feeb12ba342d32b1576eb43403840b8ddba49572b0d7e3fc7f0e651964ce exitCode=1
test=IdentityGatePublicProjectionTests.test_accessor_and_secondary_base_type_changes_have_distinct_public_identities
F
======================================================================
FAIL: test_accessor_and_secondary_base_type_changes_have_distinct_public_identities (test_identity_gate.IdentityGatePublicProjectionTests)
----------------------------------------------------------------------
Traceback (most recent call last):
  File "/Users/edgar.liebold/Downloads/ViciOne Suite 2.0/repositories/vicione-servicebus/tools/identity/test_identity_gate.py", line 701, in test_accessor_and_secondary_base_type_changes_have_distinct_public_identities
    self.assertIn(
AssertionError: 'owner type public class Added : BaseType , ISecond explicit public int Value { get ; private set }' not found in {'owner type public class Added : BaseType , ISecond explicit public int Value', 'explicit public class Added : BaseType , ISecond'}

----------------------------------------------------------------------
Ran 1 test in 0.001s

FAILED (failures=1)

M13 purpose=protected and protected-internal declarations remain bound
occurrenceCount=1 mutantSha256=bd43437e4216093161c2d471ccf4b3e9d6272b446ab89b26860fdcd180da0b1d exitCode=1
test=IdentityGatePublicProjectionTests.test_csharp_projection_covers_multiline_modifiers_and_implicit_public_members
F
======================================================================
FAIL: test_csharp_projection_covers_multiline_modifiers_and_implicit_public_members (test_identity_gate.IdentityGatePublicProjectionTests)
----------------------------------------------------------------------
Traceback (most recent call last):
  File "/Users/edgar.liebold/Downloads/ViciOne Suite 2.0/repositories/vicione-servicebus/tools/identity/test_identity_gate.py", line 678, in test_csharp_projection_covers_multiline_modifiers_and_implicit_public_members
    self.assertIn("explicit protected internal virtual void Hook ( )", declarations)
AssertionError: 'explicit protected internal virtual void Hook ( )' not found in {'owner type public enum State implicit-enum Ready = 2', 'owner type public interface IFoo implicit-interface void Added ( )', 'explicit public interface IFoo', 'owner type public enum State implicit-enum None', 'owner type public interface IFoo implicit-interface string Name { get ; set }', 'explicit public sealed class Added < T , U > : BaseType , IFirst , ISecond', 'explicit public int First , Second', 'explicit sealed public class Reordered', 'explicit public int Property { get ; private set }', 'explicit public enum State'}

----------------------------------------------------------------------
Ran 1 test in 0.002s

FAILED (failures=1)

M14 purpose=conditional-compilation context remains part of source identity
occurrenceCount=1 mutantSha256=d846c8da8f38fdd67c83859cf75f0162e75e977fee56052211d91792332e3fd7 exitCode=1
test=IdentityGatePublicProjectionTests.test_conditional_compilation_context_is_part_of_the_declaration_identity
F
======================================================================
FAIL: test_conditional_compilation_context_is_part_of_the_declaration_identity (test_identity_gate.IdentityGatePublicProjectionTests)
----------------------------------------------------------------------
Traceback (most recent call last):
  File "/Users/edgar.liebold/Downloads/ViciOne Suite 2.0/repositories/vicione-servicebus/tools/identity/test_identity_gate.py", line 722, in test_conditional_compilation_context_is_part_of_the_declaration_identity
    self.assertEqual(
AssertionError: 'conditional if(false) explicit public void Added ( )' != 'explicit public void Added ( )'
- conditional if(false) explicit public void Added ( )
+ explicit public void Added ( )


----------------------------------------------------------------------
Ran 1 test in 0.001s

FAILED (failures=1)

M15 purpose=CSharp symlinks are rejected instead of parsed as target content
occurrenceCount=1 mutantSha256=df9076a876206e42c04c78a4411c1d3c25365c615dd0524901459aa7704c94ba exitCode=1
test=IdentityGatePublicProjectionTests.test_symbolic_link_source_is_rejected_without_reading_its_target_as_api
F
======================================================================
FAIL: test_symbolic_link_source_is_rejected_without_reading_its_target_as_api (test_identity_gate.IdentityGatePublicProjectionTests)
----------------------------------------------------------------------
Traceback (most recent call last):
  File "/Users/edgar.liebold/Downloads/ViciOne Suite 2.0/repositories/vicione-servicebus/tools/identity/test_identity_gate.py", line 889, in test_symbolic_link_source_is_rejected_without_reading_its_target_as_api
    self.assertTrue(any("symbolic link" in finding.reason for finding in findings))
AssertionError: False is not true

----------------------------------------------------------------------
Ran 1 test in 0.165s

FAILED (failures=1)

M16 purpose=ignored projects cannot enter package inventory
occurrenceCount=1 mutantSha256=923add7656fb42a40260f48ac42d0306014002da0f8ff04d02838b9d85bd0c92 exitCode=1
test=IdentityGatePublicProjectionTests.test_ignored_project_is_not_part_of_the_git_candidate_package_inventory
F
======================================================================
FAIL: test_ignored_project_is_not_part_of_the_git_candidate_package_inventory (test_identity_gate.IdentityGatePublicProjectionTests)
----------------------------------------------------------------------
Traceback (most recent call last):
  File "/Users/edgar.liebold/Downloads/ViciOne Suite 2.0/repositories/vicione-servicebus/tools/identity/test_identity_gate.py", line 909, in test_ignored_project_is_not_part_of_the_git_candidate_package_inventory
    self.assertEqual(["src/Real/Real.csproj"], [record["project"] for record in records])
AssertionError: Lists differ: ['src/Real/Real.csproj'] != ['ignored/Phantom.csproj', 'src/Real/Real.csproj']

First differing element 0:
'src/Real/Real.csproj'
'ignored/Phantom.csproj'

Second list contains 1 additional elements.
First extra element 1:
'src/Real/Real.csproj'

- ['src/Real/Real.csproj']
+ ['ignored/Phantom.csproj', 'src/Real/Real.csproj']

----------------------------------------------------------------------
Ran 1 test in 0.121s

FAILED (failures=1)

M17 purpose=ignored legal-exception files cannot supply target bindings
occurrenceCount=1 mutantSha256=10df0a4f28bd3ffa2e7fd21a65b236a50b1fa572a10689878b39fa54bb05e710 exitCode=1
test=IdentityGateHostileFixtureTests.test_ignored_legal_exception_file_cannot_supply_a_git_binding
F
======================================================================
FAIL: test_ignored_legal_exception_file_cannot_supply_a_git_binding (test_identity_gate.IdentityGateHostileFixtureTests)
----------------------------------------------------------------------
Traceback (most recent call last):
  File "/Users/edgar.liebold/Downloads/ViciOne Suite 2.0/repositories/vicione-servicebus/tools/identity/test_identity_gate.py", line 249, in test_ignored_legal_exception_file_cannot_supply_a_git_binding
    self.assertTrue(any("no baseline-to-target file binding" in item.reason for item in findings))
AssertionError: False is not true

----------------------------------------------------------------------
Ran 1 test in 0.141s

FAILED (failures=1)

M18 purpose=tree scan consumes candidate blob bytes without dereferencing symlinks
occurrenceCount=1 mutantSha256=05199d9d5731c31f1263857920e9a8328ccc450642ead1c127842177aa50b07f exitCode=1
test=IdentityGateHostileFixtureTests.test_scan_uses_the_symlink_blob_without_dereferencing_an_ignored_target
F
======================================================================
FAIL: test_scan_uses_the_symlink_blob_without_dereferencing_an_ignored_target (test_identity_gate.IdentityGateHostileFixtureTests)
----------------------------------------------------------------------
Traceback (most recent call last):
  File "/Users/edgar.liebold/Downloads/ViciOne Suite 2.0/repositories/vicione-servicebus/tools/identity/test_identity_gate.py", line 179, in test_scan_uses_the_symlink_blob_without_dereferencing_an_ignored_target
    self.assertFalse(any(item.path == "src/Linked.cs" for item in findings))
AssertionError: True is not false

----------------------------------------------------------------------
Ran 1 test in 0.172s

FAILED (failures=1)

M19 purpose=ignored build outputs stay outside source package inventory
occurrenceCount=1 mutantSha256=cd5534bf85833460974c5dbb7da5020e9558fa03c8156b1cfee3cc396ba34f3f exitCode=1
test=IdentityGatePublicProjectionTests.test_ignored_project_is_not_part_of_the_git_candidate_package_inventory
F
======================================================================
FAIL: test_ignored_project_is_not_part_of_the_git_candidate_package_inventory (test_identity_gate.IdentityGatePublicProjectionTests)
----------------------------------------------------------------------
Traceback (most recent call last):
  File "/Users/edgar.liebold/Downloads/ViciOne Suite 2.0/repositories/vicione-servicebus/tools/identity/test_identity_gate.py", line 910, in test_ignored_project_is_not_part_of_the_git_candidate_package_inventory
    self.assertEqual([], records[0]["artifacts"])
AssertionError: Lists differ: [] != [{'path': 'artifacts/sdk/bin/Real/debug/Re[82 chars]29'}]

Second list contains 1 additional elements.
First extra element 0:
{'path': 'artifacts/sdk/bin/Real/debug/Real.dll', 'sha256': 'f38cb582614ab53331386c488bfc785838b28e529c0a595b745620b05fd29c29'}

- []
+ [{'path': 'artifacts/sdk/bin/Real/debug/Real.dll',
+   'sha256': 'f38cb582614ab53331386c488bfc785838b28e529c0a595b745620b05fd29c29'}]

----------------------------------------------------------------------
Ran 1 test in 0.148s

FAILED (failures=1)

M20 purpose=namespace and containing-type ownership remains part of identity
occurrenceCount=1 mutantSha256=bf88a820a2505ed02159eaf50eae340768ddbb49dbf4719809a4c58b23af3d10 exitCode=1
test=IdentityGatePublicProjectionTests.test_owner_namespace_and_declaration_attributes_are_part_of_identity
F
======================================================================
FAIL: test_owner_namespace_and_declaration_attributes_are_part_of_identity (test_identity_gate.IdentityGatePublicProjectionTests)
----------------------------------------------------------------------
Traceback (most recent call last):
  File "/Users/edgar.liebold/Downloads/ViciOne Suite 2.0/repositories/vicione-servicebus/tools/identity/test_identity_gate.py", line 741, in test_owner_namespace_and_declaration_attributes_are_part_of_identity
    self.assertNotEqual(namespace_one, namespace_two)
AssertionError: [('explicit [ Obsolete ] public class Contract', 1), ('explicit public void Execute ( )', 1)] == [('explicit [ Obsolete ] public class Contract', 1), ('explicit public void Execute ( )', 1)]

----------------------------------------------------------------------
Ran 1 test in 0.001s

FAILED (failures=1)

M21 purpose=else branches retain their complete parent conditional history
occurrenceCount=1 mutantSha256=cdc4484fc069a0c9f314ee16d0b3a302492ed10d6ff36b671dbad63456f2d49b exitCode=1
test=IdentityGatePublicProjectionTests.test_else_elif_nested_and_commented_directive_provenance_is_unambiguous
F
======================================================================
FAIL: test_else_elif_nested_and_commented_directive_provenance_is_unambiguous (test_identity_gate.IdentityGatePublicProjectionTests)
----------------------------------------------------------------------
Traceback (most recent call last):
  File "/Users/edgar.liebold/Downloads/ViciOne Suite 2.0/repositories/vicione-servicebus/tools/identity/test_identity_gate.py", line 839, in test_else_elif_nested_and_commented_directive_provenance_is_unambiguous
    self.assertNotEqual(else_a, else_b)
AssertionError: [('conditional else explicit public class Contract', 4)] == [('conditional else explicit public class Contract', 4)]

----------------------------------------------------------------------
Ran 1 test in 0.002s

FAILED (failures=1)

M22 purpose=historical policy authority cannot dereference a symlink target
occurrenceCount=1 mutantSha256=3ad23af431389506ccba638e8271c34341d26539c6138511a2db41bc56cef644 exitCode=1
test=IdentityGateHostileFixtureTests.test_historical_policy_must_be_a_regular_git_candidate
F
======================================================================
FAIL: test_historical_policy_must_be_a_regular_git_candidate (test_identity_gate.IdentityGateHostileFixtureTests)
----------------------------------------------------------------------
Traceback (most recent call last):
  File "/Users/edgar.liebold/Downloads/ViciOne Suite 2.0/repositories/vicione-servicebus/tools/identity/test_identity_gate.py", line 200, in test_historical_policy_must_be_a_regular_git_candidate
    self.assertTrue(any(
AssertionError: False is not true

----------------------------------------------------------------------
Ran 1 test in 0.138s

FAILED (failures=1)

M23 purpose=NOTICE and MODIFICATIONS authority cannot dereference symlink targets
occurrenceCount=1 mutantSha256=01b175d6d8a2c5d34a687fd8066cf6803257a3a7c62ab73fdfc038fa984fe75a exitCode=1
test=IdentityGateHostileFixtureTests.test_legal_authority_documents_must_be_regular_git_candidates
F
======================================================================
FAIL: test_legal_authority_documents_must_be_regular_git_candidates (test_identity_gate.IdentityGateHostileFixtureTests)
----------------------------------------------------------------------
Traceback (most recent call last):
  File "/Users/edgar.liebold/Downloads/ViciOne Suite 2.0/repositories/vicione-servicebus/tools/identity/test_identity_gate.py", line 280, in test_legal_authority_documents_must_be_regular_git_candidates
    self.assertTrue(any(
AssertionError: False is not true

----------------------------------------------------------------------
Ran 1 test in 0.141s

FAILED (failures=1)

M24 purpose=license authority cannot dereference a symlink target
occurrenceCount=1 mutantSha256=eff2a2e1f4fbf83614a5dbb15a61c6fbd797e6804ba09780bf242305c398f576 exitCode=1
test=IdentityGateHostileFixtureTests.test_legal_authority_documents_must_be_regular_git_candidates
F
======================================================================
FAIL: test_legal_authority_documents_must_be_regular_git_candidates (test_identity_gate.IdentityGateHostileFixtureTests)
----------------------------------------------------------------------
Traceback (most recent call last):
  File "/Users/edgar.liebold/Downloads/ViciOne Suite 2.0/repositories/vicione-servicebus/tools/identity/test_identity_gate.py", line 280, in test_legal_authority_documents_must_be_regular_git_candidates
    self.assertTrue(any(
AssertionError: False is not true

----------------------------------------------------------------------
Ran 1 test in 0.427s

FAILED (failures=1)

M25 purpose=project inventory rejects project-source symlinks
occurrenceCount=1 mutantSha256=cd7f10fbf64e0b6a007c05a1a664f25deaaf32b56a71b9bf374dc73c66540be6 exitCode=1
test=IdentityGatePublicProjectionTests.test_project_source_symlink_is_rejected_without_dereferencing_ignored_bytes
E
======================================================================
ERROR: test_project_source_symlink_is_rejected_without_dereferencing_ignored_bytes (test_identity_gate.IdentityGatePublicProjectionTests)
----------------------------------------------------------------------
Traceback (most recent call last):
  File "/Users/edgar.liebold/Downloads/ViciOne Suite 2.0/repositories/vicione-servicebus/tools/identity/test_identity_gate.py", line 930, in test_project_source_symlink_is_rejected_without_dereferencing_ignored_bytes
    derive_package_inventory(root)
  File "/Users/edgar.liebold/Downloads/ViciOne Suite 2.0/repositories/vicione-servicebus/tools/identity/identity_gate.py", line 1495, in derive_package_inventory
    tree = ET.fromstring(data.decode("utf-8"))
  File "/Library/Developer/CommandLineTools/Library/Frameworks/Python3.framework/Versions/3.9/lib/python3.9/xml/etree/ElementTree.py", line 1347, in XML
    parser.feed(text)
xml.etree.ElementTree.ParseError: not well-formed (invalid token): line 1, column 0

----------------------------------------------------------------------
Ran 1 test in 0.143s

FAILED (errors=1)

M26 purpose=declaration attributes remain part of identity
occurrenceCount=1 mutantSha256=7dfd2b8ef61455d20f412f58c56d4117934161b002946c2a2bab249e189d333e exitCode=1
test=IdentityGatePublicProjectionTests.test_owner_namespace_and_declaration_attributes_are_part_of_identity
F
======================================================================
FAIL: test_owner_namespace_and_declaration_attributes_are_part_of_identity (test_identity_gate.IdentityGatePublicProjectionTests)
----------------------------------------------------------------------
Traceback (most recent call last):
  File "/Users/edgar.liebold/Downloads/ViciOne Suite 2.0/repositories/vicione-servicebus/tools/identity/test_identity_gate.py", line 744, in test_owner_namespace_and_declaration_attributes_are_part_of_identity
    self.assertTrue(any("explicit [ Obsolete ] public class Contract" in item[0] for item in namespace_one))
AssertionError: False is not true

----------------------------------------------------------------------
Ran 1 test in 0.001s

FAILED (failures=1)

M27 purpose=identity mapping occurs before namespace and owner tokenization
occurrenceCount=1 mutantSha256=c3bb4aab5a4114a250a33ad6d662cd134ca5edc608a2ed14b0b552ba668fdfd7 exitCode=1
test=IdentityGatePublicProjectionTests.test_identity_mapping_happens_before_owner_tokenization
F
======================================================================
FAIL: test_identity_mapping_happens_before_owner_tokenization (test_identity_gate.IdentityGatePublicProjectionTests)
----------------------------------------------------------------------
Traceback (most recent call last):
  File "/Users/edgar.liebold/Downloads/ViciOne Suite 2.0/repositories/vicione-servicebus/tools/identity/test_identity_gate.py", line 796, in test_identity_mapping_happens_before_owner_tokenization
    self.assertEqual(
AssertionError: Lists differ: ['MAPPED_PRESENT', 'MAPPED_PRESENT'] != ['MODIFIED_OR_REMOVED', 'MODIFIED_OR_REMOVED', 'CURRENT_ADDED', 'CURRENT_ADDED']

First differing element 0:
'MAPPED_PRESENT'
'MODIFIED_OR_REMOVED'

Second list contains 2 additional elements.
First extra element 2:
'CURRENT_ADDED'

- ['MAPPED_PRESENT', 'MAPPED_PRESENT']
+ ['MODIFIED_OR_REMOVED', 'MODIFIED_OR_REMOVED', 'CURRENT_ADDED', 'CURRENT_ADDED']

----------------------------------------------------------------------
Ran 1 test in 0.168s

FAILED (failures=1)

M28 purpose=accessor attributes remain part of accessor identity
occurrenceCount=1 mutantSha256=84ae647df346a3dc6af9fa9dff7844762d07d229d8b59db797a643c061d32845 exitCode=1
test=IdentityGatePublicProjectionTests.test_accessor_attributes_are_part_of_identity
F
======================================================================
FAIL: test_accessor_attributes_are_part_of_identity (test_identity_gate.IdentityGatePublicProjectionTests)
----------------------------------------------------------------------
Traceback (most recent call last):
  File "/Users/edgar.liebold/Downloads/ViciOne Suite 2.0/repositories/vicione-servicebus/tools/identity/test_identity_gate.py", line 755, in test_accessor_attributes_are_part_of_identity
    self.assertNotEqual(attributed, plain)
AssertionError: [('explicit public class Contract', 1), ('owner type public class Contract explicit public int Value { get ; set }', 1)] == [('explicit public class Contract', 1), ('owner type public class Contract explicit public int Value { get ; set }', 1)]

----------------------------------------------------------------------
Ran 1 test in 0.001s

FAILED (failures=1)

M29 purpose=conditional attribute directive history remains bound
occurrenceCount=1 mutantSha256=c9c7313400baa6e3e81ec0056cf3e50eb99885890f14124a3bc642f08a63dfd5 exitCode=1
test=IdentityGatePublicProjectionTests.test_conditional_declaration_attributes_are_part_of_identity
F
======================================================================
FAIL: test_conditional_declaration_attributes_are_part_of_identity (test_identity_gate.IdentityGatePublicProjectionTests)
----------------------------------------------------------------------
Traceback (most recent call last):
  File "/Users/edgar.liebold/Downloads/ViciOne Suite 2.0/repositories/vicione-servicebus/tools/identity/test_identity_gate.py", line 767, in test_conditional_declaration_attributes_are_part_of_identity
    self.assertNotEqual(feature_a, feature_b)
AssertionError: [('explicit public class Contract', 4)] == [('explicit public class Contract', 4)]

----------------------------------------------------------------------
Ran 1 test in 0.001s

FAILED (failures=1)

M30 purpose=same-line mapped declarations retain traversal pairing
occurrenceCount=1 mutantSha256=1c666fd18d8392db316544ec0d4cc892e2efebe6e9519e7c021b8aae2cc57e8f exitCode=1
test=IdentityGatePublicProjectionTests.test_same_line_identity_mapping_preserves_lexical_declaration_pairing
F
======================================================================
FAIL: test_same_line_identity_mapping_preserves_lexical_declaration_pairing (test_identity_gate.IdentityGatePublicProjectionTests)
----------------------------------------------------------------------
Traceback (most recent call last):
  File "/Users/edgar.liebold/Downloads/ViciOne Suite 2.0/repositories/vicione-servicebus/tools/identity/test_identity_gate.py", line 815, in test_same_line_identity_mapping_preserves_lexical_declaration_pairing
    self.assertEqual(
AssertionError: Lists differ: ['explicit public class ViciOneServiceBusA', 'explicit public class T'] != ['explicit public class T', 'explicit public class ViciOneServiceBusA']

First differing element 0:
'explicit public class ViciOneServiceBusA'
'explicit public class T'

- ['explicit public class ViciOneServiceBusA', 'explicit public class T']
+ ['explicit public class T', 'explicit public class ViciOneServiceBusA']

----------------------------------------------------------------------
Ran 1 test in 0.002s

FAILED (failures=1)

M31 purpose=empty string literals cannot consume later declarations
occurrenceCount=1 mutantSha256=cdbb143b2bfa4ce790a09ed405815a616058615106050a0c601b1a56f261d949 exitCode=1
test=IdentityGatePublicProjectionTests.test_empty_string_literal_does_not_consume_following_declarations
F
======================================================================
FAIL: test_empty_string_literal_does_not_consume_following_declarations (test_identity_gate.IdentityGatePublicProjectionTests)
----------------------------------------------------------------------
Traceback (most recent call last):
  File "/Users/edgar.liebold/Downloads/ViciOne Suite 2.0/repositories/vicione-servicebus/tools/identity/test_identity_gate.py", line 715, in test_empty_string_literal_does_not_consume_following_declarations
    self.assertIn("explicit public class After", declarations)
AssertionError: 'explicit public class After' not found in {'explicit public string Empty'}

----------------------------------------------------------------------
Ran 1 test in 0.001s

FAILED (failures=1)

M32 purpose=branch-specific structural tokens receive a conservative identity
occurrenceCount=1 mutantSha256=3058626d19ce14389e1210d14c852e07f9a6f04a9a1b1a4336333ff13a6d9596 exitCode=1
test=IdentityGatePublicProjectionTests.test_branch_specific_structural_braces_bind_the_complete_token_stream
F
======================================================================
FAIL: test_branch_specific_structural_braces_bind_the_complete_token_stream (test_identity_gate.IdentityGatePublicProjectionTests)
----------------------------------------------------------------------
Traceback (most recent call last):
  File "/Users/edgar.liebold/Downloads/ViciOne Suite 2.0/repositories/vicione-servicebus/tools/identity/test_identity_gate.py", line 856, in test_branch_specific_structural_braces_bind_the_complete_token_stream
    self.assertTrue(any(item[0].startswith("all-branch-structure-sha256 ") for item in first))
AssertionError: False is not true

----------------------------------------------------------------------
Ran 1 test in 0.001s

FAILED (failures=1)

