M11 purpose=secondary base types and multiple declarators remain in declaration identity
occurrenceCount=1 mutantSha256=87e5d46a4c87b7d919fb7b51f691668fd41f1a32a02db538d1830e743cf18224 exitCode=1
test=IdentityGatePublicProjectionTests.test_accessor_and_secondary_base_type_changes_have_distinct_public_identities
F
======================================================================
FAIL: test_accessor_and_secondary_base_type_changes_have_distinct_public_identities (test_identity_gate.IdentityGatePublicProjectionTests)
----------------------------------------------------------------------
Traceback (most recent call last):
  File "/Users/edgar.liebold/Downloads/ViciOne Suite 2.0/repositories/vicione-servicebus/tools/identity/test_identity_gate.py", line 697, in test_accessor_and_secondary_base_type_changes_have_distinct_public_identities
    self.assertIn(
AssertionError: 'explicit public class Added : BaseType , ISecond' not found in {'owner type public class Added : BaseType , ISecond explicit public int Value { get ; private set }', 'explicit public class Added : BaseType'}

----------------------------------------------------------------------
Ran 1 test in 0.001s

FAILED (failures=1)

M12 purpose=property indexer and event accessor shape remains bound
occurrenceCount=1 mutantSha256=a394f491d5e950925a8cb6e9d91a41a6477a01c5d3e7c00902d7ef231c2ff1da exitCode=1
test=IdentityGatePublicProjectionTests.test_accessor_and_secondary_base_type_changes_have_distinct_public_identities
F
======================================================================
FAIL: test_accessor_and_secondary_base_type_changes_have_distinct_public_identities (test_identity_gate.IdentityGatePublicProjectionTests)
----------------------------------------------------------------------
Traceback (most recent call last):
  File "/Users/edgar.liebold/Downloads/ViciOne Suite 2.0/repositories/vicione-servicebus/tools/identity/test_identity_gate.py", line 701, in test_accessor_and_secondary_base_type_changes_have_distinct_public_identities
    self.assertIn(
AssertionError: 'owner type public class Added : BaseType , ISecond explicit public int Value { get ; private set }' not found in {'explicit public class Added : BaseType , ISecond', 'owner type public class Added : BaseType , ISecond explicit public int Value'}

----------------------------------------------------------------------
Ran 1 test in 0.001s

FAILED (failures=1)

M13 purpose=protected and protected-internal declarations remain bound
occurrenceCount=1 mutantSha256=5f703fc02e368c4aec68eb7d618bf14e25bded41c6309f337151774130f54b4a exitCode=1
test=IdentityGatePublicProjectionTests.test_csharp_projection_covers_multiline_modifiers_and_implicit_public_members
F
======================================================================
FAIL: test_csharp_projection_covers_multiline_modifiers_and_implicit_public_members (test_identity_gate.IdentityGatePublicProjectionTests)
----------------------------------------------------------------------
Traceback (most recent call last):
  File "/Users/edgar.liebold/Downloads/ViciOne Suite 2.0/repositories/vicione-servicebus/tools/identity/test_identity_gate.py", line 678, in test_csharp_projection_covers_multiline_modifiers_and_implicit_public_members
    self.assertIn("explicit protected internal virtual void Hook ( )", declarations)
AssertionError: 'explicit protected internal virtual void Hook ( )' not found in {'owner type public enum State implicit-enum None', 'explicit public interface IFoo', 'owner type public enum State implicit-enum Ready = 2', 'explicit public sealed class Added < T , U > : BaseType , IFirst , ISecond', 'explicit sealed public class Reordered', 'owner type public interface IFoo implicit-interface string Name { get ; set }', 'explicit public int Property { get ; private set }', 'explicit public int First , Second', 'owner type public interface IFoo implicit-interface void Added ( )', 'explicit public enum State'}

----------------------------------------------------------------------
Ran 1 test in 0.001s

FAILED (failures=1)

M14 purpose=conditional-compilation context remains part of source identity
occurrenceCount=1 mutantSha256=5bcd45a99f50da5f669c343752d06b74e405a64f016c04c816304ae283f51144 exitCode=1
test=IdentityGatePublicProjectionTests.test_conditional_compilation_context_is_part_of_the_declaration_identity
F
======================================================================
FAIL: test_conditional_compilation_context_is_part_of_the_declaration_identity (test_identity_gate.IdentityGatePublicProjectionTests)
----------------------------------------------------------------------
Traceback (most recent call last):
  File "/Users/edgar.liebold/Downloads/ViciOne Suite 2.0/repositories/vicione-servicebus/tools/identity/test_identity_gate.py", line 722, in test_conditional_compilation_context_is_part_of_the_declaration_identity
    self.assertEqual(
AssertionError: 'conditional if(false) explicit public void Added ( )' != 'explicit public void Added ( )'
- conditional if(false) explicit public void Added ( )
+ explicit public void Added ( )


----------------------------------------------------------------------
Ran 1 test in 0.001s

FAILED (failures=1)

M15 purpose=CSharp symlinks are rejected instead of parsed as target content
occurrenceCount=1 mutantSha256=a6983f06500dd73f596603ee22e89dc40d84583334035ef583d5dcb1763562cb exitCode=1
test=IdentityGatePublicProjectionTests.test_symbolic_link_source_is_rejected_without_reading_its_target_as_api
F
======================================================================
FAIL: test_symbolic_link_source_is_rejected_without_reading_its_target_as_api (test_identity_gate.IdentityGatePublicProjectionTests)
----------------------------------------------------------------------
Traceback (most recent call last):
  File "/Users/edgar.liebold/Downloads/ViciOne Suite 2.0/repositories/vicione-servicebus/tools/identity/test_identity_gate.py", line 903, in test_symbolic_link_source_is_rejected_without_reading_its_target_as_api
    self.assertTrue(any("symbolic link" in finding.reason for finding in findings))
AssertionError: False is not true

----------------------------------------------------------------------
Ran 1 test in 0.168s

FAILED (failures=1)

M16 purpose=ignored projects cannot enter package inventory
occurrenceCount=1 mutantSha256=976e15ccfb2c28e1b9c352eccf24ebc98dd71e304ef132021dd56dbd8f7e2edb exitCode=1
test=IdentityGatePublicProjectionTests.test_ignored_project_is_not_part_of_the_git_candidate_package_inventory
F
======================================================================
FAIL: test_ignored_project_is_not_part_of_the_git_candidate_package_inventory (test_identity_gate.IdentityGatePublicProjectionTests)
----------------------------------------------------------------------
Traceback (most recent call last):
  File "/Users/edgar.liebold/Downloads/ViciOne Suite 2.0/repositories/vicione-servicebus/tools/identity/test_identity_gate.py", line 923, in test_ignored_project_is_not_part_of_the_git_candidate_package_inventory
    self.assertEqual(["src/Real/Real.csproj"], [record["project"] for record in records])
AssertionError: Lists differ: ['src/Real/Real.csproj'] != ['ignored/Phantom.csproj', 'src/Real/Real.csproj']

First differing element 0:
'src/Real/Real.csproj'
'ignored/Phantom.csproj'

Second list contains 1 additional elements.
First extra element 1:
'src/Real/Real.csproj'

- ['src/Real/Real.csproj']
+ ['ignored/Phantom.csproj', 'src/Real/Real.csproj']

----------------------------------------------------------------------
Ran 1 test in 0.112s

FAILED (failures=1)

M17 purpose=ignored legal-exception files cannot supply target bindings
occurrenceCount=1 mutantSha256=32a6dea7fd7a0e3f14e994a40af1da05755ac4f662ea3bce32b48be1c612aa5b exitCode=1
test=IdentityGateHostileFixtureTests.test_ignored_legal_exception_file_cannot_supply_a_git_binding
F
======================================================================
FAIL: test_ignored_legal_exception_file_cannot_supply_a_git_binding (test_identity_gate.IdentityGateHostileFixtureTests)
----------------------------------------------------------------------
Traceback (most recent call last):
  File "/Users/edgar.liebold/Downloads/ViciOne Suite 2.0/repositories/vicione-servicebus/tools/identity/test_identity_gate.py", line 249, in test_ignored_legal_exception_file_cannot_supply_a_git_binding
    self.assertTrue(any("no baseline-to-target file binding" in item.reason for item in findings))
AssertionError: False is not true

----------------------------------------------------------------------
Ran 1 test in 0.133s

FAILED (failures=1)

M18 purpose=tree scan consumes candidate blob bytes without dereferencing symlinks
occurrenceCount=1 mutantSha256=0b94d81a5dc19aadf6aefcc1692bb3263d102825fd91c7216f48e8b7404230a5 exitCode=1
test=IdentityGateHostileFixtureTests.test_scan_uses_the_symlink_blob_without_dereferencing_an_ignored_target
F
======================================================================
FAIL: test_scan_uses_the_symlink_blob_without_dereferencing_an_ignored_target (test_identity_gate.IdentityGateHostileFixtureTests)
----------------------------------------------------------------------
Traceback (most recent call last):
  File "/Users/edgar.liebold/Downloads/ViciOne Suite 2.0/repositories/vicione-servicebus/tools/identity/test_identity_gate.py", line 179, in test_scan_uses_the_symlink_blob_without_dereferencing_an_ignored_target
    self.assertFalse(any(item.path == "src/Linked.cs" for item in findings))
AssertionError: True is not false

----------------------------------------------------------------------
Ran 1 test in 0.172s

FAILED (failures=1)

M19 purpose=ignored build outputs stay outside source package inventory
occurrenceCount=1 mutantSha256=ca4f0607e82da88198a354e6e9bf170ce4f842fd0b709f9d74def529245a066f exitCode=1
test=IdentityGatePublicProjectionTests.test_ignored_project_is_not_part_of_the_git_candidate_package_inventory
F
======================================================================
FAIL: test_ignored_project_is_not_part_of_the_git_candidate_package_inventory (test_identity_gate.IdentityGatePublicProjectionTests)
----------------------------------------------------------------------
Traceback (most recent call last):
  File "/Users/edgar.liebold/Downloads/ViciOne Suite 2.0/repositories/vicione-servicebus/tools/identity/test_identity_gate.py", line 924, in test_ignored_project_is_not_part_of_the_git_candidate_package_inventory
    self.assertEqual([], records[0]["artifacts"])
AssertionError: Lists differ: [] != [{'path': 'artifacts/sdk/bin/Real/debug/Re[82 chars]29'}]

Second list contains 1 additional elements.
First extra element 0:
{'path': 'artifacts/sdk/bin/Real/debug/Real.dll', 'sha256': 'f38cb582614ab53331386c488bfc785838b28e529c0a595b745620b05fd29c29'}

- []
+ [{'path': 'artifacts/sdk/bin/Real/debug/Real.dll',
+   'sha256': 'f38cb582614ab53331386c488bfc785838b28e529c0a595b745620b05fd29c29'}]

----------------------------------------------------------------------
Ran 1 test in 0.203s

FAILED (failures=1)

M20 purpose=namespace and containing-type ownership remains part of identity
occurrenceCount=1 mutantSha256=e3ef9e0e4439f19bae98d6535172beecac23e3c040981c07b614728538911409 exitCode=1
test=IdentityGatePublicProjectionTests.test_owner_namespace_and_declaration_attributes_are_part_of_identity
F
======================================================================
FAIL: test_owner_namespace_and_declaration_attributes_are_part_of_identity (test_identity_gate.IdentityGatePublicProjectionTests)
----------------------------------------------------------------------
Traceback (most recent call last):
  File "/Users/edgar.liebold/Downloads/ViciOne Suite 2.0/repositories/vicione-servicebus/tools/identity/test_identity_gate.py", line 741, in test_owner_namespace_and_declaration_attributes_are_part_of_identity
    self.assertNotEqual(namespace_one, namespace_two)
AssertionError: [('explicit [ Obsolete ] public class Contract', 1), ('explicit public void Execute ( )', 1)] == [('explicit [ Obsolete ] public class Contract', 1), ('explicit public void Execute ( )', 1)]

----------------------------------------------------------------------
Ran 1 test in 0.001s

FAILED (failures=1)

M21 purpose=else branches retain their complete parent conditional history
occurrenceCount=1 mutantSha256=97ca38f2949d4206a9617d62d097a5bdd213e14ad17167f8f0532aa90a198903 exitCode=1
test=IdentityGatePublicProjectionTests.test_else_elif_nested_and_commented_directive_provenance_is_unambiguous
F
======================================================================
FAIL: test_else_elif_nested_and_commented_directive_provenance_is_unambiguous (test_identity_gate.IdentityGatePublicProjectionTests)
----------------------------------------------------------------------
Traceback (most recent call last):
  File "/Users/edgar.liebold/Downloads/ViciOne Suite 2.0/repositories/vicione-servicebus/tools/identity/test_identity_gate.py", line 853, in test_else_elif_nested_and_commented_directive_provenance_is_unambiguous
    self.assertNotEqual(else_a, else_b)
AssertionError: [('conditional else explicit public class Contract', 4)] == [('conditional else explicit public class Contract', 4)]

----------------------------------------------------------------------
Ran 1 test in 0.002s

FAILED (failures=1)

M22 purpose=historical policy authority cannot dereference a symlink target
occurrenceCount=1 mutantSha256=f4b269b342e588356ee40860166e4149bdf65afa724c173ac46280b7612f71a1 exitCode=1
test=IdentityGateHostileFixtureTests.test_historical_policy_must_be_a_regular_git_candidate
F
======================================================================
FAIL: test_historical_policy_must_be_a_regular_git_candidate (test_identity_gate.IdentityGateHostileFixtureTests)
----------------------------------------------------------------------
Traceback (most recent call last):
  File "/Users/edgar.liebold/Downloads/ViciOne Suite 2.0/repositories/vicione-servicebus/tools/identity/test_identity_gate.py", line 200, in test_historical_policy_must_be_a_regular_git_candidate
    self.assertTrue(any(
AssertionError: False is not true

----------------------------------------------------------------------
Ran 1 test in 0.142s

FAILED (failures=1)

M23 purpose=NOTICE and MODIFICATIONS authority cannot dereference symlink targets
occurrenceCount=1 mutantSha256=1fd0aa4c6e07a85c891c2223e00d2009fb836e21176f73b9830e97605bdd546c exitCode=1
test=IdentityGateHostileFixtureTests.test_legal_authority_documents_must_be_regular_git_candidates
F
======================================================================
FAIL: test_legal_authority_documents_must_be_regular_git_candidates (test_identity_gate.IdentityGateHostileFixtureTests)
----------------------------------------------------------------------
Traceback (most recent call last):
  File "/Users/edgar.liebold/Downloads/ViciOne Suite 2.0/repositories/vicione-servicebus/tools/identity/test_identity_gate.py", line 280, in test_legal_authority_documents_must_be_regular_git_candidates
    self.assertTrue(any(
AssertionError: False is not true

----------------------------------------------------------------------
Ran 1 test in 0.143s

FAILED (failures=1)

M24 purpose=license authority cannot dereference a symlink target
occurrenceCount=1 mutantSha256=582b51f2aa602f57f0deae1fffcc82de83cce06f281f901fe50d8185e04edfd8 exitCode=1
test=IdentityGateHostileFixtureTests.test_legal_authority_documents_must_be_regular_git_candidates
F
======================================================================
FAIL: test_legal_authority_documents_must_be_regular_git_candidates (test_identity_gate.IdentityGateHostileFixtureTests)
----------------------------------------------------------------------
Traceback (most recent call last):
  File "/Users/edgar.liebold/Downloads/ViciOne Suite 2.0/repositories/vicione-servicebus/tools/identity/test_identity_gate.py", line 280, in test_legal_authority_documents_must_be_regular_git_candidates
    self.assertTrue(any(
AssertionError: False is not true

----------------------------------------------------------------------
Ran 1 test in 0.427s

FAILED (failures=1)

M25 purpose=project inventory rejects project-source symlinks
occurrenceCount=1 mutantSha256=ba7b5be4ea4fe0a0eeea168038a53dc1da28f34753184af7de82f4210a0b2831 exitCode=1
test=IdentityGatePublicProjectionTests.test_project_source_symlink_is_rejected_without_dereferencing_ignored_bytes
E
======================================================================
ERROR: test_project_source_symlink_is_rejected_without_dereferencing_ignored_bytes (test_identity_gate.IdentityGatePublicProjectionTests)
----------------------------------------------------------------------
Traceback (most recent call last):
  File "/Users/edgar.liebold/Downloads/ViciOne Suite 2.0/repositories/vicione-servicebus/tools/identity/test_identity_gate.py", line 944, in test_project_source_symlink_is_rejected_without_dereferencing_ignored_bytes
    derive_package_inventory(root)
  File "/Users/edgar.liebold/Downloads/ViciOne Suite 2.0/repositories/vicione-servicebus/tools/identity/identity_gate.py", line 1497, in derive_package_inventory
    tree = ET.fromstring(data.decode("utf-8"))
  File "/Library/Developer/CommandLineTools/Library/Frameworks/Python3.framework/Versions/3.9/lib/python3.9/xml/etree/ElementTree.py", line 1347, in XML
    parser.feed(text)
xml.etree.ElementTree.ParseError: not well-formed (invalid token): line 1, column 0

----------------------------------------------------------------------
Ran 1 test in 0.146s

FAILED (errors=1)

M26 purpose=declaration attributes remain part of identity
occurrenceCount=1 mutantSha256=b76354b50839fc8171bd6c8aacc665dbf4a976851a000908cece01a8500f24ee exitCode=1
test=IdentityGatePublicProjectionTests.test_owner_namespace_and_declaration_attributes_are_part_of_identity
F
======================================================================
FAIL: test_owner_namespace_and_declaration_attributes_are_part_of_identity (test_identity_gate.IdentityGatePublicProjectionTests)
----------------------------------------------------------------------
Traceback (most recent call last):
  File "/Users/edgar.liebold/Downloads/ViciOne Suite 2.0/repositories/vicione-servicebus/tools/identity/test_identity_gate.py", line 744, in test_owner_namespace_and_declaration_attributes_are_part_of_identity
    self.assertTrue(any("explicit [ Obsolete ] public class Contract" in item[0] for item in namespace_one))
AssertionError: False is not true

----------------------------------------------------------------------
Ran 1 test in 0.001s

FAILED (failures=1)

M27 purpose=identity mapping occurs before namespace and owner tokenization
occurrenceCount=1 mutantSha256=962bdad9992505cff860b51e06f42a6f9bc34b1ffa4d519201d69a5895b50033 exitCode=1
test=IdentityGatePublicProjectionTests.test_identity_mapping_happens_before_owner_tokenization
F
======================================================================
FAIL: test_identity_mapping_happens_before_owner_tokenization (test_identity_gate.IdentityGatePublicProjectionTests)
----------------------------------------------------------------------
Traceback (most recent call last):
  File "/Users/edgar.liebold/Downloads/ViciOne Suite 2.0/repositories/vicione-servicebus/tools/identity/test_identity_gate.py", line 810, in test_identity_mapping_happens_before_owner_tokenization
    self.assertEqual(
AssertionError: Lists differ: ['MAPPED_PRESENT', 'MAPPED_PRESENT'] != ['MODIFIED_OR_REMOVED', 'MODIFIED_OR_REMOVED', 'CURRENT_ADDED', 'CURRENT_ADDED']

First differing element 0:
'MAPPED_PRESENT'
'MODIFIED_OR_REMOVED'

Second list contains 2 additional elements.
First extra element 2:
'CURRENT_ADDED'

- ['MAPPED_PRESENT', 'MAPPED_PRESENT']
+ ['MODIFIED_OR_REMOVED', 'MODIFIED_OR_REMOVED', 'CURRENT_ADDED', 'CURRENT_ADDED']

----------------------------------------------------------------------
Ran 1 test in 0.167s

FAILED (failures=1)

M28 purpose=accessor attributes remain part of accessor identity
occurrenceCount=1 mutantSha256=95aef1f5d356bd429799d41b2fd632804346b2ee3355701a25beb9215919b3b8 exitCode=1
test=IdentityGatePublicProjectionTests.test_accessor_attributes_are_part_of_identity
F
======================================================================
FAIL: test_accessor_attributes_are_part_of_identity (test_identity_gate.IdentityGatePublicProjectionTests)
----------------------------------------------------------------------
Traceback (most recent call last):
  File "/Users/edgar.liebold/Downloads/ViciOne Suite 2.0/repositories/vicione-servicebus/tools/identity/test_identity_gate.py", line 755, in test_accessor_attributes_are_part_of_identity
    self.assertNotEqual(attributed, plain)
AssertionError: [('explicit public class Contract', 1), ('owner type public class Contract explicit public int Value { get ; set }', 1)] == [('explicit public class Contract', 1), ('owner type public class Contract explicit public int Value { get ; set }', 1)]

----------------------------------------------------------------------
Ran 1 test in 0.001s

FAILED (failures=1)

M29 purpose=conditional attribute directive history remains bound
occurrenceCount=1 mutantSha256=71159032d82f56e1be972b8b0ca1ca36517fb4ab5b459a9641a1bb438eaf1eae exitCode=1
test=IdentityGatePublicProjectionTests.test_conditional_declaration_attributes_are_part_of_identity
F
======================================================================
FAIL: test_conditional_declaration_attributes_are_part_of_identity (test_identity_gate.IdentityGatePublicProjectionTests)
----------------------------------------------------------------------
Traceback (most recent call last):
  File "/Users/edgar.liebold/Downloads/ViciOne Suite 2.0/repositories/vicione-servicebus/tools/identity/test_identity_gate.py", line 781, in test_conditional_declaration_attributes_are_part_of_identity
    self.assertNotEqual(feature_a, feature_b)
AssertionError: [('explicit public class Contract', 4)] == [('explicit public class Contract', 4)]

----------------------------------------------------------------------
Ran 1 test in 0.001s

FAILED (failures=1)

M30 purpose=same-line mapped declarations retain traversal pairing
occurrenceCount=1 mutantSha256=9e30c10fe4976efd797a3949d55934f0e1d9ec4afc08bf0f89aedc1f7247ab1a exitCode=1
test=IdentityGatePublicProjectionTests.test_same_line_identity_mapping_preserves_lexical_declaration_pairing
F
======================================================================
FAIL: test_same_line_identity_mapping_preserves_lexical_declaration_pairing (test_identity_gate.IdentityGatePublicProjectionTests)
----------------------------------------------------------------------
Traceback (most recent call last):
  File "/Users/edgar.liebold/Downloads/ViciOne Suite 2.0/repositories/vicione-servicebus/tools/identity/test_identity_gate.py", line 829, in test_same_line_identity_mapping_preserves_lexical_declaration_pairing
    self.assertEqual(
AssertionError: Lists differ: ['explicit public class ViciOneServiceBusA', 'explicit public class T'] != ['explicit public class T', 'explicit public class ViciOneServiceBusA']

First differing element 0:
'explicit public class ViciOneServiceBusA'
'explicit public class T'

- ['explicit public class ViciOneServiceBusA', 'explicit public class T']
+ ['explicit public class T', 'explicit public class ViciOneServiceBusA']

----------------------------------------------------------------------
Ran 1 test in 0.001s

FAILED (failures=1)

M31 purpose=empty string literals cannot consume later declarations
occurrenceCount=1 mutantSha256=d802e9c0af30e7a51e789df16f549dad3c257784c6df6288e721044bcfbe6c8e exitCode=1
test=IdentityGatePublicProjectionTests.test_empty_string_literal_does_not_consume_following_declarations
F
======================================================================
FAIL: test_empty_string_literal_does_not_consume_following_declarations (test_identity_gate.IdentityGatePublicProjectionTests)
----------------------------------------------------------------------
Traceback (most recent call last):
  File "/Users/edgar.liebold/Downloads/ViciOne Suite 2.0/repositories/vicione-servicebus/tools/identity/test_identity_gate.py", line 715, in test_empty_string_literal_does_not_consume_following_declarations
    self.assertIn("explicit public class After", declarations)
AssertionError: 'explicit public class After' not found in {'explicit public string Empty'}

----------------------------------------------------------------------
Ran 1 test in 0.001s

FAILED (failures=1)

M32 purpose=branch-specific structural tokens receive a conservative identity
occurrenceCount=1 mutantSha256=974fb47ef2832100ac0d5f2eec486d3f85c3a910b3e23116974f102db16578a3 exitCode=1
test=IdentityGatePublicProjectionTests.test_branch_specific_structural_braces_bind_the_complete_token_stream
F
======================================================================
FAIL: test_branch_specific_structural_braces_bind_the_complete_token_stream (test_identity_gate.IdentityGatePublicProjectionTests)
----------------------------------------------------------------------
Traceback (most recent call last):
  File "/Users/edgar.liebold/Downloads/ViciOne Suite 2.0/repositories/vicione-servicebus/tools/identity/test_identity_gate.py", line 870, in test_branch_specific_structural_braces_bind_the_complete_token_stream
    self.assertTrue(any(item[0].startswith("all-branch-structure-sha256 ") for item in first))
AssertionError: False is not true

----------------------------------------------------------------------
Ran 1 test in 0.001s

FAILED (failures=1)

M33 purpose=property and event accessors retain their complete conditional branch provenance
occurrenceCount=1 mutantSha256=d4727d29654b468983f9763b10dcdcea7e2b80a76becd2d768814f7996a30298 exitCode=1
test=IdentityGatePublicProjectionTests.test_conditional_property_and_event_accessors_bind_their_branch_provenance

======================================================================
FAIL: test_conditional_property_and_event_accessors_bind_their_branch_provenance (test_identity_gate.IdentityGatePublicProjectionTests) (source='public int Value {\n#if FEATURE_A\n get;\n#endif\n set; }')
----------------------------------------------------------------------
Traceback (most recent call last):
  File "/Users/edgar.liebold/Downloads/ViciOne Suite 2.0/repositories/vicione-servicebus/tools/identity/test_identity_gate.py", line 769, in test_conditional_property_and_event_accessors_bind_their_branch_provenance
    self.assertNotEqual(first, second)
AssertionError: [('explicit public int Value { get ; set }', 1)] == [('explicit public int Value { get ; set }', 1)]

======================================================================
FAIL: test_conditional_property_and_event_accessors_bind_their_branch_provenance (test_identity_gate.IdentityGatePublicProjectionTests) (source='public event Action Changed {\n#if FEATURE_A\n add { }\n#endif\n remove { } }')
----------------------------------------------------------------------
Traceback (most recent call last):
  File "/Users/edgar.liebold/Downloads/ViciOne Suite 2.0/repositories/vicione-servicebus/tools/identity/test_identity_gate.py", line 769, in test_conditional_property_and_event_accessors_bind_their_branch_provenance
    self.assertNotEqual(first, second)
AssertionError: [('explicit public event Action Changed { add ; remove }', 1)] == [('explicit public event Action Changed { add ; remove }', 1)]

----------------------------------------------------------------------
Ran 1 test in 0.002s

FAILED (failures=2)
