technicalCommit e044f1acba55b917e23fa9a2698c31bfb28120f3
technicalTree 6f42c023d8417a6e328713becd885e1a6abe6229
evidenceCommit 13a27ec786c27275db438f9e4fcb23e3fe72c5e1
evidenceTree 45ad6abfae5b5a76e1873e84b42038848db023ee
evidenceDirectParent e044f1acba55b917e23fa9a2698c31bfb28120f3
apiRecords 44081
apiFindings 0
apiExact True
packageRecords 64
packageExact True
packageArtifacts 0
generatedManifestFindings 0
technicalPatchExact True
baselineSha256 07aff7c36da4cc9e39c1c7acf1a7b7e4d7e0278b8f003e035df4ba48462143d9
M11 1 323ef4058e6fb82729c5951622ad3dcf9be63f14b7ed89cec318de077190969e True
M12 1 5eb3feeb12ba342d32b1576eb43403840b8ddba49572b0d7e3fc7f0e651964ce True
M13 1 bd43437e4216093161c2d471ccf4b3e9d6272b446ab89b26860fdcd180da0b1d True
M14 1 d846c8da8f38fdd67c83859cf75f0162e75e977fee56052211d91792332e3fd7 True
M15 1 df9076a876206e42c04c78a4411c1d3c25365c615dd0524901459aa7704c94ba True
M16 1 923add7656fb42a40260f48ac42d0306014002da0f8ff04d02838b9d85bd0c92 True
M17 1 10df0a4f28bd3ffa2e7fd21a65b236a50b1fa572a10689878b39fa54bb05e710 True
M18 1 05199d9d5731c31f1263857920e9a8328ccc450642ead1c127842177aa50b07f True
M19 1 cd5534bf85833460974c5dbb7da5020e9558fa03c8156b1cfee3cc396ba34f3f True
M20 1 bf88a820a2505ed02159eaf50eae340768ddbb49dbf4719809a4c58b23af3d10 True
M21 1 cdc4484fc069a0c9f314ee16d0b3a302492ed10d6ff36b671dbad63456f2d49b True
M22 1 3ad23af431389506ccba638e8271c34341d26539c6138511a2db41bc56cef644 True
M23 1 01b175d6d8a2c5d34a687fd8066cf6803257a3a7c62ab73fdfc038fa984fe75a True
M24 1 eff2a2e1f4fbf83614a5dbb15a61c6fbd797e6804ba09780bf242305c398f576 True
M25 1 cd7f10fbf64e0b6a007c05a1a664f25deaaf32b56a71b9bf374dc73c66540be6 True
M26 1 7dfd2b8ef61455d20f412f58c56d4117934161b002946c2a2bab249e189d333e True
M27 1 c3bb4aab5a4114a250a33ad6d662cd134ca5edc608a2ed14b0b552ba668fdfd7 True
M28 1 84ae647df346a3dc6af9fa9dff7844762d07d229d8b59db797a643c061d32845 True
M29 1 c9c7313400baa6e3e81ec0056cf3e50eb99885890f14124a3bc642f08a63dfd5 True
M30 1 1c666fd18d8392db316544ec0d4cc892e2efebe6e9519e7c021b8aae2cc57e8f True
M31 1 cdbb143b2bfa4ce790a09ed405815a616058615106050a0c601b1a56f261d949 True
M32 1 3058626d19ce14389e1210d14c852e07f9a6f04a9a1b1a4336333ff13a6d9596 True
mutationsExact True
postRestoreSha256 07aff7c36da4cc9e39c1c7acf1a7b7e4d7e0278b8f003e035df4ba48462143d9
