technicalCommit e0a7f66142bf9b5a7b6cb2872af0ff6447929abd
technicalTree 9b1e0b54aff0fa3fb8b39334f1d86b04c1dce190
evidenceCommit abc1a368728b59d608d0dcc057b3f675e2ede410
evidenceTree c45e286f7c1077326aa3b92034153414a8a23c38
evidenceDirectParent e0a7f66142bf9b5a7b6cb2872af0ff6447929abd
apiRecords 43520
apiFindings 0
apiExact True
packageRecords 64
packageExact True
packageArtifacts 0
generatedManifestFindings 0
baselineSha256 ab34d2e9c47cd929399f6a0d2fbf4c8f84b743a43e0c696dce6f54042a1b5319
M11 1 21da9eb0e3a99c962f0c25558119cb32362a93f42fe34abb4081c9ad248bac21 True
M12 1 07ceaebdf5eab09ca8cddaeae3b0e11e8b63712e1b8561704912834562432394 True
M13 1 664e4c97940dd4362889f599d3735d80f843725d182be9c2ffcc27e8dd2ab8ee True
M14 1 33cb7c5e175b350e3143506bb06f2ab2a2874fafe2012337751ef88006d9ad04 True
M15 1 f03d49e10e4e1ef5d0fe93966f7cd74ca554167d0a4ae054cbcf4d271bad74c4 True
M16 1 2fa7680aa6d6b2f3c7aac1946aac3abbd88df6c988ae4cb8697bc85e1674411e True
M17 1 b5dd66b7da3359a4b2d44e4f39dc894fb07bc16ee9de3ff5f6151ea8c5d69144 True
M18 1 dd0338385bbab8c859e07c4e9108fc5e7376b9a93e9d09ad247a1a0027a01ca1 True
M19 1 9508c97d0266dd8aa0cd45aea2b66c47726f520524ed5d16d8a770fa25d2a10e True
M20 1 a81782dff9b2bfb48b1611a5e4993ba30e0cb09cc619671a04bed919ced6d649 True
M21 1 1ab6e1295ae1bf8a502265cb115357ef01ed81f72a683da6034f3dfd6fac13d9 True
M22 1 6377a483f039ac507edb2990285ceede389f59e9c98fb714b272c6d040dfc2ed True
M23 1 0c9b6f95ef2cc0bc99cf77a04017202d68b2ce477a2344f5ee1e94d08d73b725 True
M24 1 8ff6fd38a56abd621fe9e7197c3eaa9aa1f80ff5986c16a6e303c41a7274eb4d True
M25 1 33fc9a3658bd6b5a645ee153b7cd91a9bd0f49b4c1b76c7909fb01c5451375b8 True
M26 1 6152afe54c3a42b56005ad4efe3391b1d592d68275f65bc3159616ce1f249b6e True
M27 1 7d3e8725170b17a9ef4968196c2b53e934e7ef3be52278914b505e16ab0741be True
mutationsExact True
postRestoreSha256 ab34d2e9c47cd929399f6a0d2fbf4c8f84b743a43e0c696dce6f54042a1b5319
