M11 occurrenceCount=1 exitCode=1 mutantSha256=c69b041e52e2f2c61ac1b9b794b0e77d587cfdb59f1fa74e22836784fc7867bb
test_accessor_and_secondary_base_type_changes_have_distinct_public_identities (test_identity_gate.IdentityGatePublicProjectionTests) ... FAIL

======================================================================
FAIL: test_accessor_and_secondary_base_type_changes_have_distinct_public_identities (test_identity_gate.IdentityGatePublicProjectionTests)
----------------------------------------------------------------------
Traceback (most recent call last):
  File "/Users/edgar.liebold/Downloads/ViciOne Suite 2.0/repositories/vicione-servicebus/tools/identity/test_identity_gate.py", line 636, in test_accessor_and_secondary_base_type_changes_have_distinct_public_identities
    self.assertIn(
AssertionError: 'explicit public class Added : BaseType , ISecond' not found in {'explicit public class Added : BaseType', 'explicit public int Value { get ; private set }'}

----------------------------------------------------------------------
Ran 1 test in 0.002s

FAILED (failures=1)
M12 occurrenceCount=1 exitCode=1 mutantSha256=5121298deebeeeccf1c859386be379ab3184c1f7d7dfec5039229799840451a0
test_accessor_and_secondary_base_type_changes_have_distinct_public_identities (test_identity_gate.IdentityGatePublicProjectionTests) ... FAIL

======================================================================
FAIL: test_accessor_and_secondary_base_type_changes_have_distinct_public_identities (test_identity_gate.IdentityGatePublicProjectionTests)
----------------------------------------------------------------------
Traceback (most recent call last):
  File "/Users/edgar.liebold/Downloads/ViciOne Suite 2.0/repositories/vicione-servicebus/tools/identity/test_identity_gate.py", line 640, in test_accessor_and_secondary_base_type_changes_have_distinct_public_identities
    self.assertIn(
AssertionError: 'explicit public int Value { get ; private set }' not found in {'explicit public int Value', 'explicit public class Added : BaseType , ISecond'}

----------------------------------------------------------------------
Ran 1 test in 0.000s

FAILED (failures=1)
M13 occurrenceCount=1 exitCode=1 mutantSha256=71de1f9e7e98d03252025cbdac9d925999791401e7e05ce7a7ceba3268f508f2
test_csharp_projection_covers_multiline_modifiers_and_implicit_public_members (test_identity_gate.IdentityGatePublicProjectionTests) ... FAIL

======================================================================
FAIL: test_csharp_projection_covers_multiline_modifiers_and_implicit_public_members (test_identity_gate.IdentityGatePublicProjectionTests)
----------------------------------------------------------------------
Traceback (most recent call last):
  File "/Users/edgar.liebold/Downloads/ViciOne Suite 2.0/repositories/vicione-servicebus/tools/identity/test_identity_gate.py", line 617, in test_csharp_projection_covers_multiline_modifiers_and_implicit_public_members
    self.assertIn("explicit protected internal virtual void Hook ( )", declarations)
AssertionError: 'explicit protected internal virtual void Hook ( )' not found in {'implicit-interface string Name { get ; set }', 'explicit sealed public class Reordered', 'explicit public sealed class Added < T , U > : BaseType , IFirst , ISecond', 'explicit public int Property { get ; private set }', 'explicit public int First , Second', 'implicit-enum None', 'explicit public interface IFoo', 'implicit-enum Ready = 2', 'implicit-interface void Added ( )', 'explicit public enum State'}

----------------------------------------------------------------------
Ran 1 test in 0.001s

FAILED (failures=1)
M14 occurrenceCount=1 exitCode=1 mutantSha256=34d9f308068f5c1b2f382c87b20f606ad8014683936ba4d7bafcb68adf24b22f
test_conditional_compilation_context_is_part_of_the_declaration_identity (test_identity_gate.IdentityGatePublicProjectionTests) ... FAIL

======================================================================
FAIL: test_conditional_compilation_context_is_part_of_the_declaration_identity (test_identity_gate.IdentityGatePublicProjectionTests)
----------------------------------------------------------------------
Traceback (most recent call last):
  File "/Users/edgar.liebold/Downloads/ViciOne Suite 2.0/repositories/vicione-servicebus/tools/identity/test_identity_gate.py", line 650, in test_conditional_compilation_context_is_part_of_the_declaration_identity
    self.assertEqual(
AssertionError: 'conditional if(false) explicit public void Added ( )' != 'explicit public void Added ( )'
- conditional if(false) explicit public void Added ( )
+ explicit public void Added ( )


----------------------------------------------------------------------
Ran 1 test in 0.000s

FAILED (failures=1)
M15 occurrenceCount=1 exitCode=1 mutantSha256=c05c2b5b146b5c50ae20a0f6707426d1a5812e3c0b7a4b3dcaad7d6c4b6a752e
test_symbolic_link_source_is_rejected_without_reading_its_target_as_api (test_identity_gate.IdentityGatePublicProjectionTests) ... FAIL

======================================================================
FAIL: test_symbolic_link_source_is_rejected_without_reading_its_target_as_api (test_identity_gate.IdentityGatePublicProjectionTests)
----------------------------------------------------------------------
Traceback (most recent call last):
  File "/Users/edgar.liebold/Downloads/ViciOne Suite 2.0/repositories/vicione-servicebus/tools/identity/test_identity_gate.py", line 686, in test_symbolic_link_source_is_rejected_without_reading_its_target_as_api
    self.assertTrue(any("symbolic link" in finding.reason for finding in findings))
AssertionError: False is not true

----------------------------------------------------------------------
Ran 1 test in 0.174s

FAILED (failures=1)
M16 occurrenceCount=1 exitCode=1 mutantSha256=1efd010ed5840cdf418d136398ac05f8ebd8974117fbeb314a5c1ff451d50384
test_ignored_project_is_not_part_of_the_git_candidate_package_inventory (test_identity_gate.IdentityGatePublicProjectionTests) ... FAIL

======================================================================
FAIL: test_ignored_project_is_not_part_of_the_git_candidate_package_inventory (test_identity_gate.IdentityGatePublicProjectionTests)
----------------------------------------------------------------------
Traceback (most recent call last):
  File "/Users/edgar.liebold/Downloads/ViciOne Suite 2.0/repositories/vicione-servicebus/tools/identity/test_identity_gate.py", line 706, in test_ignored_project_is_not_part_of_the_git_candidate_package_inventory
    self.assertEqual(["src/Real/Real.csproj"], [record["project"] for record in records])
AssertionError: Lists differ: ['src/Real/Real.csproj'] != ['ignored/Phantom.csproj', 'src/Real/Real.csproj']

First differing element 0:
'src/Real/Real.csproj'
'ignored/Phantom.csproj'

Second list contains 1 additional elements.
First extra element 1:
'src/Real/Real.csproj'

- ['src/Real/Real.csproj']
+ ['ignored/Phantom.csproj', 'src/Real/Real.csproj']

----------------------------------------------------------------------
Ran 1 test in 0.123s

FAILED (failures=1)
M17 occurrenceCount=1 exitCode=1 mutantSha256=0c19f52cb7a9d281e9bdeec0261d33314415e76b4beb8edfc6375a0d346f64c2
test_ignored_legal_exception_file_cannot_supply_a_git_binding (test_identity_gate.IdentityGateHostileFixtureTests) ... FAIL

======================================================================
FAIL: test_ignored_legal_exception_file_cannot_supply_a_git_binding (test_identity_gate.IdentityGateHostileFixtureTests)
----------------------------------------------------------------------
Traceback (most recent call last):
  File "/Users/edgar.liebold/Downloads/ViciOne Suite 2.0/repositories/vicione-servicebus/tools/identity/test_identity_gate.py", line 224, in test_ignored_legal_exception_file_cannot_supply_a_git_binding
    self.assertTrue(any("no baseline-to-target file binding" in item.reason for item in findings))
AssertionError: False is not true

----------------------------------------------------------------------
Ran 1 test in 0.144s

FAILED (failures=1)
M18 occurrenceCount=1 exitCode=1 mutantSha256=aacca267f31d6e8bc81bdfbb1ac5a8a80cb827a5ffa40ef7dcd28fd738ca6968
test_scan_uses_the_symlink_blob_without_dereferencing_an_ignored_target (test_identity_gate.IdentityGateHostileFixtureTests) ... FAIL

======================================================================
FAIL: test_scan_uses_the_symlink_blob_without_dereferencing_an_ignored_target (test_identity_gate.IdentityGateHostileFixtureTests)
----------------------------------------------------------------------
Traceback (most recent call last):
  File "/Users/edgar.liebold/Downloads/ViciOne Suite 2.0/repositories/vicione-servicebus/tools/identity/test_identity_gate.py", line 179, in test_scan_uses_the_symlink_blob_without_dereferencing_an_ignored_target
    self.assertFalse(any(item.path == "src/Linked.cs" for item in findings))
AssertionError: True is not false

----------------------------------------------------------------------
Ran 1 test in 0.126s

FAILED (failures=1)
M19 occurrenceCount=1 exitCode=1 mutantSha256=dc63fb6c1c11a01d194942758fc5177ef84d6d4180b0e5bdb491ee4eed29dab8
test_ignored_project_is_not_part_of_the_git_candidate_package_inventory (test_identity_gate.IdentityGatePublicProjectionTests) ... FAIL

======================================================================
FAIL: test_ignored_project_is_not_part_of_the_git_candidate_package_inventory (test_identity_gate.IdentityGatePublicProjectionTests)
----------------------------------------------------------------------
Traceback (most recent call last):
  File "/Users/edgar.liebold/Downloads/ViciOne Suite 2.0/repositories/vicione-servicebus/tools/identity/test_identity_gate.py", line 707, in test_ignored_project_is_not_part_of_the_git_candidate_package_inventory
    self.assertEqual([], records[0]["artifacts"])
AssertionError: Lists differ: [] != [{'path': 'artifacts/sdk/bin/Real/debug/Re[82 chars]29'}]

Second list contains 1 additional elements.
First extra element 0:
{'path': 'artifacts/sdk/bin/Real/debug/Real.dll', 'sha256': 'f38cb582614ab53331386c488bfc785838b28e529c0a595b745620b05fd29c29'}

- []
+ [{'path': 'artifacts/sdk/bin/Real/debug/Real.dll',
+   'sha256': 'f38cb582614ab53331386c488bfc785838b28e529c0a595b745620b05fd29c29'}]

----------------------------------------------------------------------
Ran 1 test in 0.166s

FAILED (failures=1)
