<?xml version="1.0" encoding="utf-8"?>
<TestRun id="23f7976e-e22f-44cd-a775-c8527f9c6f1e" name="@Edgars-iMac-2 2026-08-12 14:12:54" xmlns="http://microsoft.com/schemas/VisualStudio/TeamTest/2010">
  <Times creation="2026-08-12T14:12:54.9043860+00:00" queuing="2026-08-12T14:12:54.9043860+00:00" start="2026-08-12T14:12:49.4852500+00:00" finish="2026-08-12T14:13:15.0232420+00:00" />
  <TestSettings name="default" id="a59cb603-e141-42ea-8787-923fc6efde7d">
    <Deployment runDeploymentRoot="_Edgars-iMac-2_2026-08-12_14_12_54" />
  </TestSettings>
  <Results>
    <UnitTestResult executionId="380c5d97-bcdd-4163-911e-fc65478120cf" testId="021f6637-fdff-c2e6-4c4b-e2958d2a398d" testName="InvokeAllAsyncWithMultipleServersWritesToAllConnectionsOutput" computerName="Edgars-iMac-2" duration="00:00:00.0155920" startTime="2026-08-12T14:13:08.7701130+00:00" endTime="2026-08-12T14:13:08.7857050+00:00" testType="13cdc9d9-ddb5-4fa4-a97d-d965ccfc6d4b" outcome="Passed" testListId="8c84fa94-04c1-424b-9868-57a2d4851a1d" relativeResultsDirectory="380c5d97-bcdd-4163-911e-fc65478120cf" />
    <UnitTestResult executionId="13feb26e-5994-4aab-9b86-7d55dd3e9021" testId="34cee301-2ede-e17a-4d7a-6494bf18364a" testName="RemoveGroupFromConnectionOnDifferentServerNotInGroupDoesNothing" computerName="Edgars-iMac-2" duration="00:00:00.0074050" startTime="2026-08-12T14:13:14.8175170+00:00" endTime="2026-08-12T14:13:14.8249220+00:00" testType="13cdc9d9-ddb5-4fa4-a97d-d965ccfc6d4b" outcome="Passed" testListId="8c84fa94-04c1-424b-9868-57a2d4851a1d" relativeResultsDirectory="13feb26e-5994-4aab-9b86-7d55dd3e9021" />
    <UnitTestResult executionId="1e7e47d8-9773-41f3-8f42-48a6e05af209" testId="0d42dea9-3a1a-fcc5-55f3-87dce814e67d" testName="AddGroupAsyncForConnectionOnDifferentServerAlreadyInGroupDoesNothing" computerName="Edgars-iMac-2" duration="00:00:00.1115770" startTime="2026-08-12T14:13:08.6446070+00:00" endTime="2026-08-12T14:13:08.7561830+00:00" testType="13cdc9d9-ddb5-4fa4-a97d-d965ccfc6d4b" outcome="Passed" testListId="8c84fa94-04c1-424b-9868-57a2d4851a1d" relativeResultsDirectory="1e7e47d8-9773-41f3-8f42-48a6e05af209" />
    <UnitTestResult executionId="2cdcfa05-f73d-4357-a527-a2e33b35b76f" testId="a909f846-42aa-1b46-3d6a-1a31302069c3" testName="SendGroupAsyncWritesToAllConnectionsInGroupOutput" computerName="Edgars-iMac-2" duration="00:00:00.0061820" startTime="2026-08-12T14:13:08.6189020+00:00" endTime="2026-08-12T14:13:08.6250830+00:00" testType="13cdc9d9-ddb5-4fa4-a97d-d965ccfc6d4b" outcome="Passed" testListId="8c84fa94-04c1-424b-9868-57a2d4851a1d" relativeResultsDirectory="2cdcfa05-f73d-4357-a527-a2e33b35b76f" />
    <UnitTestResult executionId="db76f374-6a09-4fa7-ae04-1d8a40f0afbc" testId="388e8381-3b01-5d90-99e4-a91fb59cf145" testName="ConnectionShouldReceiveMessage" computerName="Edgars-iMac-2" duration="00:00:00.0228050" startTime="2026-08-12T14:12:54.4775520+00:00" endTime="2026-08-12T14:12:54.5003570+00:00" testType="13cdc9d9-ddb5-4fa4-a97d-d965ccfc6d4b" outcome="Passed" testListId="8c84fa94-04c1-424b-9868-57a2d4851a1d" relativeResultsDirectory="db76f374-6a09-4fa7-ae04-1d8a40f0afbc" />
    <UnitTestResult executionId="f04ef1cb-19e0-4d5f-a270-4627b2edef36" testId="21af3e89-750e-cde0-eea9-b5d831f612ea" testName="RemoveGroupAsyncForConnectionOnDifferentServerWorks" computerName="Edgars-iMac-2" duration="00:00:00.0099260" startTime="2026-08-12T14:13:14.8075330+00:00" endTime="2026-08-12T14:13:14.8174580+00:00" testType="13cdc9d9-ddb5-4fa4-a97d-d965ccfc6d4b" outcome="Passed" testListId="8c84fa94-04c1-424b-9868-57a2d4851a1d" relativeResultsDirectory="f04ef1cb-19e0-4d5f-a270-4627b2edef36" />
    <UnitTestResult executionId="7e3418ba-dabb-482b-bceb-9bfe63cede49" testId="2c96b6ca-f145-812a-70f7-4e5c7d7de610" testName="InvokeConnectionAsyncOnServerWithoutConnectionWritesOutputToConnection" computerName="Edgars-iMac-2" duration="00:00:00.0059650" startTime="2026-08-12T14:13:14.7913730+00:00" endTime="2026-08-12T14:13:14.7973380+00:00" testType="13cdc9d9-ddb5-4fa4-a97d-d965ccfc6d4b" outcome="Passed" testListId="8c84fa94-04c1-424b-9868-57a2d4851a1d" relativeResultsDirectory="7e3418ba-dabb-482b-bceb-9bfe63cede49" />
    <UnitTestResult executionId="3fae695f-8d35-40cb-8c58-255a106c3dee" testId="ed0f67fb-94ad-44df-634c-da1aa1e9e6fe" testName="RemoveGroupFromLocalConnectionNotInGroupDoesNothing" computerName="Edgars-iMac-2" duration="00:00:06.0044220" startTime="2026-08-12T14:13:02.5905780+00:00" endTime="2026-08-12T14:13:08.5949200+00:00" testType="13cdc9d9-ddb5-4fa4-a97d-d965ccfc6d4b" outcome="Passed" testListId="8c84fa94-04c1-424b-9868-57a2d4851a1d" relativeResultsDirectory="3fae695f-8d35-40cb-8c58-255a106c3dee" />
    <UnitTestResult executionId="a23e40bb-4344-4e2f-b3b6-233f5ff59b5a" testId="c50ce7bc-5bef-9513-3863-8443fa0fa9a3" testName="StillSubscribedToUserAfterOneOfMultipleConnectionsAssociatedWithUserDisconnects" computerName="Edgars-iMac-2" duration="00:00:00.0065510" startTime="2026-08-12T14:13:08.6251620+00:00" endTime="2026-08-12T14:13:08.6317120+00:00" testType="13cdc9d9-ddb5-4fa4-a97d-d965ccfc6d4b" outcome="Passed" testListId="8c84fa94-04c1-424b-9868-57a2d4851a1d" relativeResultsDirectory="a23e40bb-4344-4e2f-b3b6-233f5ff59b5a" />
    <UnitTestResult executionId="e86288e5-10e0-4987-9b38-b7a01b92765b" testId="3e16690c-d374-2d46-73e8-ed087023b5f6" testName="ExcludedConnectionShouldNotReceiveSendGroupMessage" computerName="Edgars-iMac-2" duration="00:00:01.0121950" startTime="2026-08-12T14:13:01.5438880+00:00" endTime="2026-08-12T14:13:02.5560690+00:00" testType="13cdc9d9-ddb5-4fa4-a97d-d965ccfc6d4b" outcome="Passed" testListId="8c84fa94-04c1-424b-9868-57a2d4851a1d" relativeResultsDirectory="e86288e5-10e0-4987-9b38-b7a01b92765b" />
    <UnitTestResult executionId="17520e15-8e55-4177-bb19-0cf2e3c5157f" testId="f7d22645-c5bc-ee48-3c51-b5678c55a864" testName="SendAllAsyncDoesNotWriteToDisconnectedConnectionsOutput" computerName="Edgars-iMac-2" duration="00:00:00.0109170" startTime="2026-08-12T14:13:08.5954340+00:00" endTime="2026-08-12T14:13:08.6063500+00:00" testType="13cdc9d9-ddb5-4fa4-a97d-d965ccfc6d4b" outcome="Passed" testListId="8c84fa94-04c1-424b-9868-57a2d4851a1d" relativeResultsDirectory="17520e15-8e55-4177-bb19-0cf2e3c5157f" />
    <UnitTestResult executionId="754ae06e-6bfa-44c7-964d-a622ea307712" testId="07004d6e-e620-3d9d-c12e-5c7d3ea45fe5" testName="AddGroupAsyncForLocalConnectionAlreadyInGroupDoesNothing" computerName="Edgars-iMac-2" duration="00:00:01.1008830" startTime="2026-08-12T14:12:52.3417070+00:00" endTime="2026-08-12T14:12:53.4424740+00:00" testType="13cdc9d9-ddb5-4fa4-a97d-d965ccfc6d4b" outcome="Passed" testListId="8c84fa94-04c1-424b-9868-57a2d4851a1d" relativeResultsDirectory="754ae06e-6bfa-44c7-964d-a622ea307712" />
    <UnitTestResult executionId="831517d1-a050-49bb-ada9-5fcd60f07475" testId="40dfad51-0986-71cf-f1b3-da7043c4ede1" testName="ExcludedConnectionShouldReceiveSendAllMessageWhenCasingIsOff" computerName="Edgars-iMac-2" duration="00:00:00.0045280" startTime="2026-08-12T14:13:02.5561080+00:00" endTime="2026-08-12T14:13:02.5606350+00:00" testType="13cdc9d9-ddb5-4fa4-a97d-d965ccfc6d4b" outcome="Passed" testListId="8c84fa94-04c1-424b-9868-57a2d4851a1d" relativeResultsDirectory="831517d1-a050-49bb-ada9-5fcd60f07475" />
    <UnitTestResult executionId="811ac8b1-2a5f-4723-be17-9efb9f62bb6f" testId="3de37cb1-54b0-599e-860c-158f949a5fba" testName="ConnectionShouldNotBeReceivedIfConnectionIdCasingIsOff" computerName="Edgars-iMac-2" duration="00:00:01.0327550" startTime="2026-08-12T14:12:53.4447360+00:00" endTime="2026-08-12T14:12:54.4774770+00:00" testType="13cdc9d9-ddb5-4fa4-a97d-d965ccfc6d4b" outcome="Passed" testListId="8c84fa94-04c1-424b-9868-57a2d4851a1d" relativeResultsDirectory="811ac8b1-2a5f-4723-be17-9efb9f62bb6f" />
    <UnitTestResult executionId="c5b336a2-f8e6-4c0d-9125-27c1e912cd02" testId="69af8b5f-daf7-8ca1-4926-89873335962b" testName="ExcludedConnectionShouldNotReceiveSendAllMessage" computerName="Edgars-iMac-2" duration="00:00:01.0289990" startTime="2026-08-12T14:13:00.5148340+00:00" endTime="2026-08-12T14:13:01.5438200+00:00" testType="13cdc9d9-ddb5-4fa4-a97d-d965ccfc6d4b" outcome="Passed" testListId="8c84fa94-04c1-424b-9868-57a2d4851a1d" relativeResultsDirectory="c5b336a2-f8e6-4c0d-9125-27c1e912cd02" />
    <UnitTestResult executionId="39b8553b-1008-40e2-ba47-bf0c039ef50c" testId="1a6f6fb7-b71f-51c9-1b30-e881a2b18a49" testName="InvokeGroupAsyncOnServerWithoutConnectionWritesOutputToGroupConnection" computerName="Edgars-iMac-2" duration="00:00:00.0100750" startTime="2026-08-12T14:13:14.7974240+00:00" endTime="2026-08-12T14:13:14.8074980+00:00" testType="13cdc9d9-ddb5-4fa4-a97d-d965ccfc6d4b" outcome="Passed" testListId="8c84fa94-04c1-424b-9868-57a2d4851a1d" relativeResultsDirectory="39b8553b-1008-40e2-ba47-bf0c039ef50c" />
    <UnitTestResult executionId="3eb9c708-5298-4445-93a1-e58cf9cd5df6" testId="aae0e06a-a00e-7a44-d858-5849db5daed3" testName="InvokeUserSendsToAllConnectionsForUser" computerName="Edgars-iMac-2" duration="00:00:00.0247660" startTime="2026-08-12T14:13:02.5657680+00:00" endTime="2026-08-12T14:13:02.5905320+00:00" testType="13cdc9d9-ddb5-4fa4-a97d-d965ccfc6d4b" outcome="Passed" testListId="8c84fa94-04c1-424b-9868-57a2d4851a1d" relativeResultsDirectory="3eb9c708-5298-4445-93a1-e58cf9cd5df6" />
    <UnitTestResult executionId="d07560dd-01af-407e-85c4-1e12ee5e01c4" testId="be3d622a-7017-a653-7ffd-f1913b6c0a5d" testName="WritingToGroupWithOneConnectionFailingSecondConnectionStillReceivesMessage" computerName="Edgars-iMac-2" duration="00:00:00.0095190" startTime="2026-08-12T14:13:08.6317530+00:00" endTime="2026-08-12T14:13:08.6412710+00:00" testType="13cdc9d9-ddb5-4fa4-a97d-d965ccfc6d4b" outcome="Passed" testListId="8c84fa94-04c1-424b-9868-57a2d4851a1d" relativeResultsDirectory="d07560dd-01af-407e-85c4-1e12ee5e01c4" />
    <UnitTestResult executionId="e184efce-9a0c-4765-b1a6-1f682da19e51" testId="d43c1905-8207-f344-eb73-7f1de713252b" testName="DisconnectConnectionRemovesConnectionFromGroup" computerName="Edgars-iMac-2" duration="00:00:06.0131070" startTime="2026-08-12T14:12:54.5012660+00:00" endTime="2026-08-12T14:13:00.5142930+00:00" testType="13cdc9d9-ddb5-4fa4-a97d-d965ccfc6d4b" outcome="Passed" testListId="8c84fa94-04c1-424b-9868-57a2d4851a1d" relativeResultsDirectory="e184efce-9a0c-4765-b1a6-1f682da19e51" />
    <UnitTestResult executionId="da497f19-343b-45c3-b6ca-108f954351c8" testId="36246265-b598-70f1-bb6f-9822add2e913" testName="ExcludedConnectionShouldReceiveSendGroupMessageWhenCasingIsOff" computerName="Edgars-iMac-2" duration="00:00:00.0050419" startTime="2026-08-12T14:13:02.5606910+00:00" endTime="2026-08-12T14:13:02.5657310+00:00" testType="13cdc9d9-ddb5-4fa4-a97d-d965ccfc6d4b" outcome="Passed" testListId="8c84fa94-04c1-424b-9868-57a2d4851a1d" relativeResultsDirectory="da497f19-343b-45c3-b6ca-108f954351c8" />
    <UnitTestResult executionId="3968f1df-1f56-4686-ba04-a86010d8d77d" testId="cbab024b-3f5d-0b2e-d7f8-8c07ceac4bf1" testName="InvokeConnectionAsyncForLocalConnectionDoesNotPublishToBackplane" computerName="Edgars-iMac-2" duration="00:00:06.0054940" startTime="2026-08-12T14:13:08.7857520+00:00" endTime="2026-08-12T14:13:14.7911650+00:00" testType="13cdc9d9-ddb5-4fa4-a97d-d965ccfc6d4b" outcome="Passed" testListId="8c84fa94-04c1-424b-9868-57a2d4851a1d" relativeResultsDirectory="3968f1df-1f56-4686-ba04-a86010d8d77d" />
    <UnitTestResult executionId="8fb5d93e-633a-4344-8818-df52930f0289" testId="b796e3c1-23cd-1ddf-1a16-16ee74d5bcf7" testName="CamelCasedJsonIsPreservedAcrossViciOneServiceBusBoundary" computerName="Edgars-iMac-2" duration="00:00:00.0866120" startTime="2026-08-12T14:13:14.8406800+00:00" endTime="2026-08-12T14:13:14.9272910+00:00" testType="13cdc9d9-ddb5-4fa4-a97d-d965ccfc6d4b" outcome="Passed" testListId="8c84fa94-04c1-424b-9868-57a2d4851a1d" relativeResultsDirectory="8fb5d93e-633a-4344-8818-df52930f0289" />
    <UnitTestResult executionId="20c10810-3240-4af5-944c-fbe202a25b1b" testId="671a9582-9f45-2924-8d80-5ccf6437be87" testName="InvokeAllAsyncWithMultipleServersDoesNotWriteToDisconnectedConnectionsOutput" computerName="Edgars-iMac-2" duration="00:00:00.0061380" startTime="2026-08-12T14:13:08.7638670+00:00" endTime="2026-08-12T14:13:08.7700050+00:00" testType="13cdc9d9-ddb5-4fa4-a97d-d965ccfc6d4b" outcome="Passed" testListId="8c84fa94-04c1-424b-9868-57a2d4851a1d" relativeResultsDirectory="20c10810-3240-4af5-944c-fbe202a25b1b" />
    <UnitTestResult executionId="4bfcf21b-17d1-48fe-be43-c7007e54d8e7" testId="a5e04ad0-a947-adbe-9b9a-92dcd52baaf5" testName="AddGroupAsyncForConnectionOnDifferentServerWorks" computerName="Edgars-iMac-2" duration="00:00:00.0076020" startTime="2026-08-12T14:13:08.7562240+00:00" endTime="2026-08-12T14:13:08.7638260+00:00" testType="13cdc9d9-ddb5-4fa4-a97d-d965ccfc6d4b" outcome="Passed" testListId="8c84fa94-04c1-424b-9868-57a2d4851a1d" relativeResultsDirectory="4bfcf21b-17d1-48fe-be43-c7007e54d8e7" />
    <UnitTestResult executionId="d40d0514-d4fc-4a7b-985e-0933a8a95e9e" testId="ae191a04-947b-d4e2-0a3b-b58d3a70f8f3" testName="SendAllAsyncWritesToAllConnectionsOutput" computerName="Edgars-iMac-2" duration="00:00:00.0124650" startTime="2026-08-12T14:13:08.6063960+00:00" endTime="2026-08-12T14:13:08.6188610+00:00" testType="13cdc9d9-ddb5-4fa4-a97d-d965ccfc6d4b" outcome="Passed" testListId="8c84fa94-04c1-424b-9868-57a2d4851a1d" relativeResultsDirectory="d40d0514-d4fc-4a7b-985e-0933a8a95e9e" />
    <UnitTestResult executionId="cd339d6a-a856-4934-989c-cb24a07955c7" testId="2b848597-ddde-cbf3-ff07-0cf8d8fcb56f" testName="WritingToRemoteConnectionThatFailsDoesNotThrow" computerName="Edgars-iMac-2" duration="00:00:00.0152230" startTime="2026-08-12T14:13:14.8249760+00:00" endTime="2026-08-12T14:13:14.8401990+00:00" testType="13cdc9d9-ddb5-4fa4-a97d-d965ccfc6d4b" outcome="Passed" testListId="8c84fa94-04c1-424b-9868-57a2d4851a1d" relativeResultsDirectory="cd339d6a-a856-4934-989c-cb24a07955c7" />
  </Results>
  <TestDefinitions>
    <UnitTest name="AddGroupAsyncForLocalConnectionAlreadyInGroupDoesNothing" storage="/users/edgar.liebold/downloads/vicione suite 2.0/repositories/vicione-servicebus/tests/vicione.servicebus.signalr.tests/bin/release/net9.0/vicione.servicebus.signalr.tests.dll" id="07004d6e-e620-3d9d-c12e-5c7d3ea45fe5">
      <Execution id="754ae06e-6bfa-44c7-964d-a622ea307712" />
      <TestMethod codeBase="/Users/edgar.liebold/Downloads/ViciOne Suite 2.0/repositories/vicione-servicebus/tests/ViciOne.ServiceBus.SignalR.Tests/bin/Release/net9.0/ViciOne.ServiceBus.SignalR.Tests.dll" adapterTypeName="executor://nunit3testexecutor/" className="ViciOne.ServiceBus.SignalR.Tests.HubLifeTimeManagerTests" name="AddGroupAsyncForLocalConnectionAlreadyInGroupDoesNothing" />
    </UnitTest>
    <UnitTest name="RemoveGroupFromConnectionOnDifferentServerNotInGroupDoesNothing" storage="/users/edgar.liebold/downloads/vicione suite 2.0/repositories/vicione-servicebus/tests/vicione.servicebus.signalr.tests/bin/release/net9.0/vicione.servicebus.signalr.tests.dll" id="34cee301-2ede-e17a-4d7a-6494bf18364a">
      <Execution id="13feb26e-5994-4aab-9b86-7d55dd3e9021" />
      <TestMethod codeBase="/Users/edgar.liebold/Downloads/ViciOne Suite 2.0/repositories/vicione-servicebus/tests/ViciOne.ServiceBus.SignalR.Tests/bin/Release/net9.0/ViciOne.ServiceBus.SignalR.Tests.dll" adapterTypeName="executor://nunit3testexecutor/" className="ViciOne.ServiceBus.SignalR.Tests.ScaleoutHubLifetimeManagerTests" name="RemoveGroupFromConnectionOnDifferentServerNotInGroupDoesNothing" />
    </UnitTest>
    <UnitTest name="AddGroupAsyncForConnectionOnDifferentServerAlreadyInGroupDoesNothing" storage="/users/edgar.liebold/downloads/vicione suite 2.0/repositories/vicione-servicebus/tests/vicione.servicebus.signalr.tests/bin/release/net9.0/vicione.servicebus.signalr.tests.dll" id="0d42dea9-3a1a-fcc5-55f3-87dce814e67d">
      <Execution id="1e7e47d8-9773-41f3-8f42-48a6e05af209" />
      <TestMethod codeBase="/Users/edgar.liebold/Downloads/ViciOne Suite 2.0/repositories/vicione-servicebus/tests/ViciOne.ServiceBus.SignalR.Tests/bin/Release/net9.0/ViciOne.ServiceBus.SignalR.Tests.dll" adapterTypeName="executor://nunit3testexecutor/" className="ViciOne.ServiceBus.SignalR.Tests.ScaleoutHubLifetimeManagerTests" name="AddGroupAsyncForConnectionOnDifferentServerAlreadyInGroupDoesNothing" />
    </UnitTest>
    <UnitTest name="DisconnectConnectionRemovesConnectionFromGroup" storage="/users/edgar.liebold/downloads/vicione suite 2.0/repositories/vicione-servicebus/tests/vicione.servicebus.signalr.tests/bin/release/net9.0/vicione.servicebus.signalr.tests.dll" id="d43c1905-8207-f344-eb73-7f1de713252b">
      <Execution id="e184efce-9a0c-4765-b1a6-1f682da19e51" />
      <TestMethod codeBase="/Users/edgar.liebold/Downloads/ViciOne Suite 2.0/repositories/vicione-servicebus/tests/ViciOne.ServiceBus.SignalR.Tests/bin/Release/net9.0/ViciOne.ServiceBus.SignalR.Tests.dll" adapterTypeName="executor://nunit3testexecutor/" className="ViciOne.ServiceBus.SignalR.Tests.HubLifeTimeManagerTests" name="DisconnectConnectionRemovesConnectionFromGroup" />
    </UnitTest>
    <UnitTest name="InvokeAllAsyncWithMultipleServersWritesToAllConnectionsOutput" storage="/users/edgar.liebold/downloads/vicione suite 2.0/repositories/vicione-servicebus/tests/vicione.servicebus.signalr.tests/bin/release/net9.0/vicione.servicebus.signalr.tests.dll" id="021f6637-fdff-c2e6-4c4b-e2958d2a398d">
      <Execution id="380c5d97-bcdd-4163-911e-fc65478120cf" />
      <TestMethod codeBase="/Users/edgar.liebold/Downloads/ViciOne Suite 2.0/repositories/vicione-servicebus/tests/ViciOne.ServiceBus.SignalR.Tests/bin/Release/net9.0/ViciOne.ServiceBus.SignalR.Tests.dll" adapterTypeName="executor://nunit3testexecutor/" className="ViciOne.ServiceBus.SignalR.Tests.ScaleoutHubLifetimeManagerTests" name="InvokeAllAsyncWithMultipleServersWritesToAllConnectionsOutput" />
    </UnitTest>
    <UnitTest name="ConnectionShouldNotBeReceivedIfConnectionIdCasingIsOff" storage="/users/edgar.liebold/downloads/vicione suite 2.0/repositories/vicione-servicebus/tests/vicione.servicebus.signalr.tests/bin/release/net9.0/vicione.servicebus.signalr.tests.dll" id="3de37cb1-54b0-599e-860c-158f949a5fba">
      <Execution id="811ac8b1-2a5f-4723-be17-9efb9f62bb6f" />
      <TestMethod codeBase="/Users/edgar.liebold/Downloads/ViciOne Suite 2.0/repositories/vicione-servicebus/tests/ViciOne.ServiceBus.SignalR.Tests/bin/Release/net9.0/ViciOne.ServiceBus.SignalR.Tests.dll" adapterTypeName="executor://nunit3testexecutor/" className="ViciOne.ServiceBus.SignalR.Tests.HubLifeTimeManagerTests" name="ConnectionShouldNotBeReceivedIfConnectionIdCasingIsOff" />
    </UnitTest>
    <UnitTest name="SendAllAsyncWritesToAllConnectionsOutput" storage="/users/edgar.liebold/downloads/vicione suite 2.0/repositories/vicione-servicebus/tests/vicione.servicebus.signalr.tests/bin/release/net9.0/vicione.servicebus.signalr.tests.dll" id="ae191a04-947b-d4e2-0a3b-b58d3a70f8f3">
      <Execution id="d40d0514-d4fc-4a7b-985e-0933a8a95e9e" />
      <TestMethod codeBase="/Users/edgar.liebold/Downloads/ViciOne Suite 2.0/repositories/vicione-servicebus/tests/ViciOne.ServiceBus.SignalR.Tests/bin/Release/net9.0/ViciOne.ServiceBus.SignalR.Tests.dll" adapterTypeName="executor://nunit3testexecutor/" className="ViciOne.ServiceBus.SignalR.Tests.HubLifeTimeManagerTests" name="SendAllAsyncWritesToAllConnectionsOutput" />
    </UnitTest>
    <UnitTest name="ConnectionShouldReceiveMessage" storage="/users/edgar.liebold/downloads/vicione suite 2.0/repositories/vicione-servicebus/tests/vicione.servicebus.signalr.tests/bin/release/net9.0/vicione.servicebus.signalr.tests.dll" id="388e8381-3b01-5d90-99e4-a91fb59cf145">
      <Execution id="db76f374-6a09-4fa7-ae04-1d8a40f0afbc" />
      <TestMethod codeBase="/Users/edgar.liebold/Downloads/ViciOne Suite 2.0/repositories/vicione-servicebus/tests/ViciOne.ServiceBus.SignalR.Tests/bin/Release/net9.0/ViciOne.ServiceBus.SignalR.Tests.dll" adapterTypeName="executor://nunit3testexecutor/" className="ViciOne.ServiceBus.SignalR.Tests.HubLifeTimeManagerTests" name="ConnectionShouldReceiveMessage" />
    </UnitTest>
    <UnitTest name="ExcludedConnectionShouldReceiveSendAllMessageWhenCasingIsOff" storage="/users/edgar.liebold/downloads/vicione suite 2.0/repositories/vicione-servicebus/tests/vicione.servicebus.signalr.tests/bin/release/net9.0/vicione.servicebus.signalr.tests.dll" id="40dfad51-0986-71cf-f1b3-da7043c4ede1">
      <Execution id="831517d1-a050-49bb-ada9-5fcd60f07475" />
      <TestMethod codeBase="/Users/edgar.liebold/Downloads/ViciOne Suite 2.0/repositories/vicione-servicebus/tests/ViciOne.ServiceBus.SignalR.Tests/bin/Release/net9.0/ViciOne.ServiceBus.SignalR.Tests.dll" adapterTypeName="executor://nunit3testexecutor/" className="ViciOne.ServiceBus.SignalR.Tests.HubLifeTimeManagerTests" name="ExcludedConnectionShouldReceiveSendAllMessageWhenCasingIsOff" />
    </UnitTest>
    <UnitTest name="WritingToGroupWithOneConnectionFailingSecondConnectionStillReceivesMessage" storage="/users/edgar.liebold/downloads/vicione suite 2.0/repositories/vicione-servicebus/tests/vicione.servicebus.signalr.tests/bin/release/net9.0/vicione.servicebus.signalr.tests.dll" id="be3d622a-7017-a653-7ffd-f1913b6c0a5d">
      <Execution id="d07560dd-01af-407e-85c4-1e12ee5e01c4" />
      <TestMethod codeBase="/Users/edgar.liebold/Downloads/ViciOne Suite 2.0/repositories/vicione-servicebus/tests/ViciOne.ServiceBus.SignalR.Tests/bin/Release/net9.0/ViciOne.ServiceBus.SignalR.Tests.dll" adapterTypeName="executor://nunit3testexecutor/" className="ViciOne.ServiceBus.SignalR.Tests.HubLifeTimeManagerTests" name="WritingToGroupWithOneConnectionFailingSecondConnectionStillReceivesMessage" />
    </UnitTest>
    <UnitTest name="SendGroupAsyncWritesToAllConnectionsInGroupOutput" storage="/users/edgar.liebold/downloads/vicione suite 2.0/repositories/vicione-servicebus/tests/vicione.servicebus.signalr.tests/bin/release/net9.0/vicione.servicebus.signalr.tests.dll" id="a909f846-42aa-1b46-3d6a-1a31302069c3">
      <Execution id="2cdcfa05-f73d-4357-a527-a2e33b35b76f" />
      <TestMethod codeBase="/Users/edgar.liebold/Downloads/ViciOne Suite 2.0/repositories/vicione-servicebus/tests/ViciOne.ServiceBus.SignalR.Tests/bin/Release/net9.0/ViciOne.ServiceBus.SignalR.Tests.dll" adapterTypeName="executor://nunit3testexecutor/" className="ViciOne.ServiceBus.SignalR.Tests.HubLifeTimeManagerTests" name="SendGroupAsyncWritesToAllConnectionsInGroupOutput" />
    </UnitTest>
    <UnitTest name="InvokeConnectionAsyncForLocalConnectionDoesNotPublishToBackplane" storage="/users/edgar.liebold/downloads/vicione suite 2.0/repositories/vicione-servicebus/tests/vicione.servicebus.signalr.tests/bin/release/net9.0/vicione.servicebus.signalr.tests.dll" id="cbab024b-3f5d-0b2e-d7f8-8c07ceac4bf1">
      <Execution id="3968f1df-1f56-4686-ba04-a86010d8d77d" />
      <TestMethod codeBase="/Users/edgar.liebold/Downloads/ViciOne Suite 2.0/repositories/vicione-servicebus/tests/ViciOne.ServiceBus.SignalR.Tests/bin/Release/net9.0/ViciOne.ServiceBus.SignalR.Tests.dll" adapterTypeName="executor://nunit3testexecutor/" className="ViciOne.ServiceBus.SignalR.Tests.ScaleoutHubLifetimeManagerTests" name="InvokeConnectionAsyncForLocalConnectionDoesNotPublishToBackplane" />
    </UnitTest>
    <UnitTest name="RemoveGroupFromLocalConnectionNotInGroupDoesNothing" storage="/users/edgar.liebold/downloads/vicione suite 2.0/repositories/vicione-servicebus/tests/vicione.servicebus.signalr.tests/bin/release/net9.0/vicione.servicebus.signalr.tests.dll" id="ed0f67fb-94ad-44df-634c-da1aa1e9e6fe">
      <Execution id="3fae695f-8d35-40cb-8c58-255a106c3dee" />
      <TestMethod codeBase="/Users/edgar.liebold/Downloads/ViciOne Suite 2.0/repositories/vicione-servicebus/tests/ViciOne.ServiceBus.SignalR.Tests/bin/Release/net9.0/ViciOne.ServiceBus.SignalR.Tests.dll" adapterTypeName="executor://nunit3testexecutor/" className="ViciOne.ServiceBus.SignalR.Tests.HubLifeTimeManagerTests" name="RemoveGroupFromLocalConnectionNotInGroupDoesNothing" />
    </UnitTest>
    <UnitTest name="CamelCasedJsonIsPreservedAcrossViciOneServiceBusBoundary" storage="/users/edgar.liebold/downloads/vicione suite 2.0/repositories/vicione-servicebus/tests/vicione.servicebus.signalr.tests/bin/release/net9.0/vicione.servicebus.signalr.tests.dll" id="b796e3c1-23cd-1ddf-1a16-16ee74d5bcf7">
      <Execution id="8fb5d93e-633a-4344-8818-df52930f0289" />
      <TestMethod codeBase="/Users/edgar.liebold/Downloads/ViciOne Suite 2.0/repositories/vicione-servicebus/tests/ViciOne.ServiceBus.SignalR.Tests/bin/Release/net9.0/ViciOne.ServiceBus.SignalR.Tests.dll" adapterTypeName="executor://nunit3testexecutor/" className="ViciOne.ServiceBus.SignalR.Tests.ViciOneServiceBusHubLifetimeManagerTests" name="CamelCasedJsonIsPreservedAcrossViciOneServiceBusBoundary" />
    </UnitTest>
    <UnitTest name="InvokeConnectionAsyncOnServerWithoutConnectionWritesOutputToConnection" storage="/users/edgar.liebold/downloads/vicione suite 2.0/repositories/vicione-servicebus/tests/vicione.servicebus.signalr.tests/bin/release/net9.0/vicione.servicebus.signalr.tests.dll" id="2c96b6ca-f145-812a-70f7-4e5c7d7de610">
      <Execution id="7e3418ba-dabb-482b-bceb-9bfe63cede49" />
      <TestMethod codeBase="/Users/edgar.liebold/Downloads/ViciOne Suite 2.0/repositories/vicione-servicebus/tests/ViciOne.ServiceBus.SignalR.Tests/bin/Release/net9.0/ViciOne.ServiceBus.SignalR.Tests.dll" adapterTypeName="executor://nunit3testexecutor/" className="ViciOne.ServiceBus.SignalR.Tests.ScaleoutHubLifetimeManagerTests" name="InvokeConnectionAsyncOnServerWithoutConnectionWritesOutputToConnection" />
    </UnitTest>
    <UnitTest name="InvokeUserSendsToAllConnectionsForUser" storage="/users/edgar.liebold/downloads/vicione suite 2.0/repositories/vicione-servicebus/tests/vicione.servicebus.signalr.tests/bin/release/net9.0/vicione.servicebus.signalr.tests.dll" id="aae0e06a-a00e-7a44-d858-5849db5daed3">
      <Execution id="3eb9c708-5298-4445-93a1-e58cf9cd5df6" />
      <TestMethod codeBase="/Users/edgar.liebold/Downloads/ViciOne Suite 2.0/repositories/vicione-servicebus/tests/ViciOne.ServiceBus.SignalR.Tests/bin/Release/net9.0/ViciOne.ServiceBus.SignalR.Tests.dll" adapterTypeName="executor://nunit3testexecutor/" className="ViciOne.ServiceBus.SignalR.Tests.HubLifeTimeManagerTests" name="InvokeUserSendsToAllConnectionsForUser" />
    </UnitTest>
    <UnitTest name="AddGroupAsyncForConnectionOnDifferentServerWorks" storage="/users/edgar.liebold/downloads/vicione suite 2.0/repositories/vicione-servicebus/tests/vicione.servicebus.signalr.tests/bin/release/net9.0/vicione.servicebus.signalr.tests.dll" id="a5e04ad0-a947-adbe-9b9a-92dcd52baaf5">
      <Execution id="4bfcf21b-17d1-48fe-be43-c7007e54d8e7" />
      <TestMethod codeBase="/Users/edgar.liebold/Downloads/ViciOne Suite 2.0/repositories/vicione-servicebus/tests/ViciOne.ServiceBus.SignalR.Tests/bin/Release/net9.0/ViciOne.ServiceBus.SignalR.Tests.dll" adapterTypeName="executor://nunit3testexecutor/" className="ViciOne.ServiceBus.SignalR.Tests.ScaleoutHubLifetimeManagerTests" name="AddGroupAsyncForConnectionOnDifferentServerWorks" />
    </UnitTest>
    <UnitTest name="WritingToRemoteConnectionThatFailsDoesNotThrow" storage="/users/edgar.liebold/downloads/vicione suite 2.0/repositories/vicione-servicebus/tests/vicione.servicebus.signalr.tests/bin/release/net9.0/vicione.servicebus.signalr.tests.dll" id="2b848597-ddde-cbf3-ff07-0cf8d8fcb56f">
      <Execution id="cd339d6a-a856-4934-989c-cb24a07955c7" />
      <TestMethod codeBase="/Users/edgar.liebold/Downloads/ViciOne Suite 2.0/repositories/vicione-servicebus/tests/ViciOne.ServiceBus.SignalR.Tests/bin/Release/net9.0/ViciOne.ServiceBus.SignalR.Tests.dll" adapterTypeName="executor://nunit3testexecutor/" className="ViciOne.ServiceBus.SignalR.Tests.ScaleoutHubLifetimeManagerTests" name="WritingToRemoteConnectionThatFailsDoesNotThrow" />
    </UnitTest>
    <UnitTest name="InvokeAllAsyncWithMultipleServersDoesNotWriteToDisconnectedConnectionsOutput" storage="/users/edgar.liebold/downloads/vicione suite 2.0/repositories/vicione-servicebus/tests/vicione.servicebus.signalr.tests/bin/release/net9.0/vicione.servicebus.signalr.tests.dll" id="671a9582-9f45-2924-8d80-5ccf6437be87">
      <Execution id="20c10810-3240-4af5-944c-fbe202a25b1b" />
      <TestMethod codeBase="/Users/edgar.liebold/Downloads/ViciOne Suite 2.0/repositories/vicione-servicebus/tests/ViciOne.ServiceBus.SignalR.Tests/bin/Release/net9.0/ViciOne.ServiceBus.SignalR.Tests.dll" adapterTypeName="executor://nunit3testexecutor/" className="ViciOne.ServiceBus.SignalR.Tests.ScaleoutHubLifetimeManagerTests" name="InvokeAllAsyncWithMultipleServersDoesNotWriteToDisconnectedConnectionsOutput" />
    </UnitTest>
    <UnitTest name="InvokeGroupAsyncOnServerWithoutConnectionWritesOutputToGroupConnection" storage="/users/edgar.liebold/downloads/vicione suite 2.0/repositories/vicione-servicebus/tests/vicione.servicebus.signalr.tests/bin/release/net9.0/vicione.servicebus.signalr.tests.dll" id="1a6f6fb7-b71f-51c9-1b30-e881a2b18a49">
      <Execution id="39b8553b-1008-40e2-ba47-bf0c039ef50c" />
      <TestMethod codeBase="/Users/edgar.liebold/Downloads/ViciOne Suite 2.0/repositories/vicione-servicebus/tests/ViciOne.ServiceBus.SignalR.Tests/bin/Release/net9.0/ViciOne.ServiceBus.SignalR.Tests.dll" adapterTypeName="executor://nunit3testexecutor/" className="ViciOne.ServiceBus.SignalR.Tests.ScaleoutHubLifetimeManagerTests" name="InvokeGroupAsyncOnServerWithoutConnectionWritesOutputToGroupConnection" />
    </UnitTest>
    <UnitTest name="ExcludedConnectionShouldNotReceiveSendAllMessage" storage="/users/edgar.liebold/downloads/vicione suite 2.0/repositories/vicione-servicebus/tests/vicione.servicebus.signalr.tests/bin/release/net9.0/vicione.servicebus.signalr.tests.dll" id="69af8b5f-daf7-8ca1-4926-89873335962b">
      <Execution id="c5b336a2-f8e6-4c0d-9125-27c1e912cd02" />
      <TestMethod codeBase="/Users/edgar.liebold/Downloads/ViciOne Suite 2.0/repositories/vicione-servicebus/tests/ViciOne.ServiceBus.SignalR.Tests/bin/Release/net9.0/ViciOne.ServiceBus.SignalR.Tests.dll" adapterTypeName="executor://nunit3testexecutor/" className="ViciOne.ServiceBus.SignalR.Tests.HubLifeTimeManagerTests" name="ExcludedConnectionShouldNotReceiveSendAllMessage" />
    </UnitTest>
    <UnitTest name="StillSubscribedToUserAfterOneOfMultipleConnectionsAssociatedWithUserDisconnects" storage="/users/edgar.liebold/downloads/vicione suite 2.0/repositories/vicione-servicebus/tests/vicione.servicebus.signalr.tests/bin/release/net9.0/vicione.servicebus.signalr.tests.dll" id="c50ce7bc-5bef-9513-3863-8443fa0fa9a3">
      <Execution id="a23e40bb-4344-4e2f-b3b6-233f5ff59b5a" />
      <TestMethod codeBase="/Users/edgar.liebold/Downloads/ViciOne Suite 2.0/repositories/vicione-servicebus/tests/ViciOne.ServiceBus.SignalR.Tests/bin/Release/net9.0/ViciOne.ServiceBus.SignalR.Tests.dll" adapterTypeName="executor://nunit3testexecutor/" className="ViciOne.ServiceBus.SignalR.Tests.HubLifeTimeManagerTests" name="StillSubscribedToUserAfterOneOfMultipleConnectionsAssociatedWithUserDisconnects" />
    </UnitTest>
    <UnitTest name="ExcludedConnectionShouldReceiveSendGroupMessageWhenCasingIsOff" storage="/users/edgar.liebold/downloads/vicione suite 2.0/repositories/vicione-servicebus/tests/vicione.servicebus.signalr.tests/bin/release/net9.0/vicione.servicebus.signalr.tests.dll" id="36246265-b598-70f1-bb6f-9822add2e913">
      <Execution id="da497f19-343b-45c3-b6ca-108f954351c8" />
      <TestMethod codeBase="/Users/edgar.liebold/Downloads/ViciOne Suite 2.0/repositories/vicione-servicebus/tests/ViciOne.ServiceBus.SignalR.Tests/bin/Release/net9.0/ViciOne.ServiceBus.SignalR.Tests.dll" adapterTypeName="executor://nunit3testexecutor/" className="ViciOne.ServiceBus.SignalR.Tests.HubLifeTimeManagerTests" name="ExcludedConnectionShouldReceiveSendGroupMessageWhenCasingIsOff" />
    </UnitTest>
    <UnitTest name="RemoveGroupAsyncForConnectionOnDifferentServerWorks" storage="/users/edgar.liebold/downloads/vicione suite 2.0/repositories/vicione-servicebus/tests/vicione.servicebus.signalr.tests/bin/release/net9.0/vicione.servicebus.signalr.tests.dll" id="21af3e89-750e-cde0-eea9-b5d831f612ea">
      <Execution id="f04ef1cb-19e0-4d5f-a270-4627b2edef36" />
      <TestMethod codeBase="/Users/edgar.liebold/Downloads/ViciOne Suite 2.0/repositories/vicione-servicebus/tests/ViciOne.ServiceBus.SignalR.Tests/bin/Release/net9.0/ViciOne.ServiceBus.SignalR.Tests.dll" adapterTypeName="executor://nunit3testexecutor/" className="ViciOne.ServiceBus.SignalR.Tests.ScaleoutHubLifetimeManagerTests" name="RemoveGroupAsyncForConnectionOnDifferentServerWorks" />
    </UnitTest>
    <UnitTest name="ExcludedConnectionShouldNotReceiveSendGroupMessage" storage="/users/edgar.liebold/downloads/vicione suite 2.0/repositories/vicione-servicebus/tests/vicione.servicebus.signalr.tests/bin/release/net9.0/vicione.servicebus.signalr.tests.dll" id="3e16690c-d374-2d46-73e8-ed087023b5f6">
      <Execution id="e86288e5-10e0-4987-9b38-b7a01b92765b" />
      <TestMethod codeBase="/Users/edgar.liebold/Downloads/ViciOne Suite 2.0/repositories/vicione-servicebus/tests/ViciOne.ServiceBus.SignalR.Tests/bin/Release/net9.0/ViciOne.ServiceBus.SignalR.Tests.dll" adapterTypeName="executor://nunit3testexecutor/" className="ViciOne.ServiceBus.SignalR.Tests.HubLifeTimeManagerTests" name="ExcludedConnectionShouldNotReceiveSendGroupMessage" />
    </UnitTest>
    <UnitTest name="SendAllAsyncDoesNotWriteToDisconnectedConnectionsOutput" storage="/users/edgar.liebold/downloads/vicione suite 2.0/repositories/vicione-servicebus/tests/vicione.servicebus.signalr.tests/bin/release/net9.0/vicione.servicebus.signalr.tests.dll" id="f7d22645-c5bc-ee48-3c51-b5678c55a864">
      <Execution id="17520e15-8e55-4177-bb19-0cf2e3c5157f" />
      <TestMethod codeBase="/Users/edgar.liebold/Downloads/ViciOne Suite 2.0/repositories/vicione-servicebus/tests/ViciOne.ServiceBus.SignalR.Tests/bin/Release/net9.0/ViciOne.ServiceBus.SignalR.Tests.dll" adapterTypeName="executor://nunit3testexecutor/" className="ViciOne.ServiceBus.SignalR.Tests.HubLifeTimeManagerTests" name="SendAllAsyncDoesNotWriteToDisconnectedConnectionsOutput" />
    </UnitTest>
  </TestDefinitions>
  <TestEntries>
    <TestEntry testId="021f6637-fdff-c2e6-4c4b-e2958d2a398d" executionId="380c5d97-bcdd-4163-911e-fc65478120cf" testListId="8c84fa94-04c1-424b-9868-57a2d4851a1d" />
    <TestEntry testId="34cee301-2ede-e17a-4d7a-6494bf18364a" executionId="13feb26e-5994-4aab-9b86-7d55dd3e9021" testListId="8c84fa94-04c1-424b-9868-57a2d4851a1d" />
    <TestEntry testId="0d42dea9-3a1a-fcc5-55f3-87dce814e67d" executionId="1e7e47d8-9773-41f3-8f42-48a6e05af209" testListId="8c84fa94-04c1-424b-9868-57a2d4851a1d" />
    <TestEntry testId="a909f846-42aa-1b46-3d6a-1a31302069c3" executionId="2cdcfa05-f73d-4357-a527-a2e33b35b76f" testListId="8c84fa94-04c1-424b-9868-57a2d4851a1d" />
    <TestEntry testId="388e8381-3b01-5d90-99e4-a91fb59cf145" executionId="db76f374-6a09-4fa7-ae04-1d8a40f0afbc" testListId="8c84fa94-04c1-424b-9868-57a2d4851a1d" />
    <TestEntry testId="21af3e89-750e-cde0-eea9-b5d831f612ea" executionId="f04ef1cb-19e0-4d5f-a270-4627b2edef36" testListId="8c84fa94-04c1-424b-9868-57a2d4851a1d" />
    <TestEntry testId="2c96b6ca-f145-812a-70f7-4e5c7d7de610" executionId="7e3418ba-dabb-482b-bceb-9bfe63cede49" testListId="8c84fa94-04c1-424b-9868-57a2d4851a1d" />
    <TestEntry testId="ed0f67fb-94ad-44df-634c-da1aa1e9e6fe" executionId="3fae695f-8d35-40cb-8c58-255a106c3dee" testListId="8c84fa94-04c1-424b-9868-57a2d4851a1d" />
    <TestEntry testId="c50ce7bc-5bef-9513-3863-8443fa0fa9a3" executionId="a23e40bb-4344-4e2f-b3b6-233f5ff59b5a" testListId="8c84fa94-04c1-424b-9868-57a2d4851a1d" />
    <TestEntry testId="3e16690c-d374-2d46-73e8-ed087023b5f6" executionId="e86288e5-10e0-4987-9b38-b7a01b92765b" testListId="8c84fa94-04c1-424b-9868-57a2d4851a1d" />
    <TestEntry testId="f7d22645-c5bc-ee48-3c51-b5678c55a864" executionId="17520e15-8e55-4177-bb19-0cf2e3c5157f" testListId="8c84fa94-04c1-424b-9868-57a2d4851a1d" />
    <TestEntry testId="07004d6e-e620-3d9d-c12e-5c7d3ea45fe5" executionId="754ae06e-6bfa-44c7-964d-a622ea307712" testListId="8c84fa94-04c1-424b-9868-57a2d4851a1d" />
    <TestEntry testId="40dfad51-0986-71cf-f1b3-da7043c4ede1" executionId="831517d1-a050-49bb-ada9-5fcd60f07475" testListId="8c84fa94-04c1-424b-9868-57a2d4851a1d" />
    <TestEntry testId="3de37cb1-54b0-599e-860c-158f949a5fba" executionId="811ac8b1-2a5f-4723-be17-9efb9f62bb6f" testListId="8c84fa94-04c1-424b-9868-57a2d4851a1d" />
    <TestEntry testId="69af8b5f-daf7-8ca1-4926-89873335962b" executionId="c5b336a2-f8e6-4c0d-9125-27c1e912cd02" testListId="8c84fa94-04c1-424b-9868-57a2d4851a1d" />
    <TestEntry testId="1a6f6fb7-b71f-51c9-1b30-e881a2b18a49" executionId="39b8553b-1008-40e2-ba47-bf0c039ef50c" testListId="8c84fa94-04c1-424b-9868-57a2d4851a1d" />
    <TestEntry testId="aae0e06a-a00e-7a44-d858-5849db5daed3" executionId="3eb9c708-5298-4445-93a1-e58cf9cd5df6" testListId="8c84fa94-04c1-424b-9868-57a2d4851a1d" />
    <TestEntry testId="be3d622a-7017-a653-7ffd-f1913b6c0a5d" executionId="d07560dd-01af-407e-85c4-1e12ee5e01c4" testListId="8c84fa94-04c1-424b-9868-57a2d4851a1d" />
    <TestEntry testId="d43c1905-8207-f344-eb73-7f1de713252b" executionId="e184efce-9a0c-4765-b1a6-1f682da19e51" testListId="8c84fa94-04c1-424b-9868-57a2d4851a1d" />
    <TestEntry testId="36246265-b598-70f1-bb6f-9822add2e913" executionId="da497f19-343b-45c3-b6ca-108f954351c8" testListId="8c84fa94-04c1-424b-9868-57a2d4851a1d" />
    <TestEntry testId="cbab024b-3f5d-0b2e-d7f8-8c07ceac4bf1" executionId="3968f1df-1f56-4686-ba04-a86010d8d77d" testListId="8c84fa94-04c1-424b-9868-57a2d4851a1d" />
    <TestEntry testId="b796e3c1-23cd-1ddf-1a16-16ee74d5bcf7" executionId="8fb5d93e-633a-4344-8818-df52930f0289" testListId="8c84fa94-04c1-424b-9868-57a2d4851a1d" />
    <TestEntry testId="671a9582-9f45-2924-8d80-5ccf6437be87" executionId="20c10810-3240-4af5-944c-fbe202a25b1b" testListId="8c84fa94-04c1-424b-9868-57a2d4851a1d" />
    <TestEntry testId="a5e04ad0-a947-adbe-9b9a-92dcd52baaf5" executionId="4bfcf21b-17d1-48fe-be43-c7007e54d8e7" testListId="8c84fa94-04c1-424b-9868-57a2d4851a1d" />
    <TestEntry testId="ae191a04-947b-d4e2-0a3b-b58d3a70f8f3" executionId="d40d0514-d4fc-4a7b-985e-0933a8a95e9e" testListId="8c84fa94-04c1-424b-9868-57a2d4851a1d" />
    <TestEntry testId="2b848597-ddde-cbf3-ff07-0cf8d8fcb56f" executionId="cd339d6a-a856-4934-989c-cb24a07955c7" testListId="8c84fa94-04c1-424b-9868-57a2d4851a1d" />
  </TestEntries>
  <TestLists>
    <TestList name="Ergebnisse nicht in einer Liste" id="8c84fa94-04c1-424b-9868-57a2d4851a1d" />
    <TestList name="Alle geladenen Ergebnisse" id="19431567-8539-422a-85d7-44ee4e166bda" />
  </TestLists>
  <ResultSummary outcome="Completed">
    <Counters total="26" executed="26" passed="26" failed="0" error="0" timeout="0" aborted="0" inconclusive="0" passedButRunAborted="0" notRunnable="0" notExecuted="0" disconnected="0" warning="0" completed="0" inProgress="0" pending="0" />
    <Output>
      <StdOut>NUnit Adapter 6.1.0.0: Test execution started
Running all tests in /Users/edgar.liebold/Downloads/ViciOne Suite 2.0/repositories/vicione-servicebus/tests/ViciOne.ServiceBus.SignalR.Tests/bin/Release/net9.0/ViciOne.ServiceBus.SignalR.Tests.dll
   NUnit3TestExecutor discovered 26 of 26 NUnit test cases using Current Discovery mode, Non-Explicit run
NUnit Adapter 6.1.0.0: Test execution complete
</StdOut>
    </Output>
  </ResultSummary>
</TestRun>