postgres-1  | 2026-08-12T15:32:41.433553240Z The files belonging to this database system will be owned by user "postgres".
postgres-1  | 2026-08-12T15:32:41.433599690Z This user must also own the server process.
postgres-1  | 2026-08-12T15:32:41.433719486Z 
postgres-1  | 2026-08-12T15:32:41.437116330Z The database cluster will be initialized with locale "en_US.utf8".
postgres-1  | 2026-08-12T15:32:41.437139131Z The default database encoding has accordingly been set to "UTF8".
postgres-1  | 2026-08-12T15:32:41.437152473Z The default text search configuration will be set to "english".
postgres-1  | 2026-08-12T15:32:41.437163838Z 
postgres-1  | 2026-08-12T15:32:41.437184169Z Data page checksums are disabled.
postgres-1  | 2026-08-12T15:32:41.437198711Z 
postgres-1  | 2026-08-12T15:32:41.437212971Z fixing permissions on existing directory /var/lib/postgresql/data ... ok
postgres-1  | 2026-08-12T15:32:41.437227089Z creating subdirectories ... ok
postgres-1  | 2026-08-12T15:32:41.437613654Z selecting dynamic shared memory implementation ... posix
postgres-1  | 2026-08-12T15:32:41.553825250Z selecting default max_connections ... 100
postgres-1  | 2026-08-12T15:32:41.606565942Z selecting default shared_buffers ... 128MB
postgres-1  | 2026-08-12T15:32:41.622162593Z selecting default time zone ... Etc/UTC
postgres-1  | 2026-08-12T15:32:41.626366662Z creating configuration files ... ok
postgres-1  | 2026-08-12T15:32:42.447805806Z running bootstrap script ... ok
postgres-1  | 2026-08-12T15:32:43.136405368Z performing post-bootstrap initialization ... ok
postgres-1  | 2026-08-12T15:32:43.142819858Z initdb: warning: enabling "trust" authentication for local connections
postgres-1  | 2026-08-12T15:32:43.142911832Z initdb: hint: You can change this by editing pg_hba.conf or using the option -A, or --auth-local and --auth-host, the next time you run initdb.
postgres-1  | 2026-08-12T15:32:43.142964439Z syncing data to disk ... ok
postgres-1  | 2026-08-12T15:32:43.142979229Z 
postgres-1  | 2026-08-12T15:32:43.142993384Z 
postgres-1  | 2026-08-12T15:32:43.143007398Z Success. You can now start the database server using:
postgres-1  | 2026-08-12T15:32:43.143021624Z 
postgres-1  | 2026-08-12T15:32:43.143035639Z     pg_ctl -D /var/lib/postgresql/data -l logfile start
postgres-1  | 2026-08-12T15:32:43.143049794Z 
postgres-1  | 2026-08-12T15:32:43.216588005Z waiting for server to start....2026-08-12 15:32:43.216 UTC [47] LOG:  starting PostgreSQL 16.14 (Debian 16.14-1.pgdg13+1) on x86_64-pc-linux-gnu, compiled by gcc (Debian 14.2.0-19) 14.2.0, 64-bit
postgres-1  | 2026-08-12T15:32:43.236711290Z 2026-08-12 15:32:43.236 UTC [47] LOG:  listening on Unix socket "/var/run/postgresql/.s.PGSQL.5432"
postgres-1  | 2026-08-12T15:32:43.245757127Z 2026-08-12 15:32:43.245 UTC [50] LOG:  database system was shut down at 2026-08-12 15:32:43 UTC
postgres-1  | 2026-08-12T15:32:43.255164665Z 2026-08-12 15:32:43.254 UTC [47] LOG:  database system is ready to accept connections
postgres-1  | 2026-08-12T15:32:43.271297125Z  done
postgres-1  | 2026-08-12T15:32:43.271331351Z server started
postgres-1  | 2026-08-12T15:32:43.397681652Z 
postgres-1  | 2026-08-12T15:32:43.397999268Z /usr/local/bin/docker-entrypoint.sh: ignoring /docker-entrypoint-initdb.d/*
postgres-1  | 2026-08-12T15:32:43.398606328Z 
postgres-1  | 2026-08-12T15:32:43.401890371Z waiting for server to shut down....2026-08-12 15:32:43.401 UTC [47] LOG:  received fast shutdown request
postgres-1  | 2026-08-12T15:32:43.401911992Z 2026-08-12 15:32:43.401 UTC [47] LOG:  aborting any active transactions
postgres-1  | 2026-08-12T15:32:43.407698223Z 2026-08-12 15:32:43.407 UTC [47] LOG:  background worker "logical replication launcher" (PID 53) exited with exit code 1
postgres-1  | 2026-08-12T15:32:43.410576972Z 2026-08-12 15:32:43.407 UTC [48] LOG:  shutting down
postgres-1  | 2026-08-12T15:32:43.410689511Z 2026-08-12 15:32:43.408 UTC [48] LOG:  checkpoint starting: shutdown immediate
postgres-1  | 2026-08-12T15:32:43.410706624Z 2026-08-12 15:32:43.409 UTC [48] LOG:  checkpoint complete: wrote 3 buffers (0.0%); 0 WAL file(s) added, 0 removed, 0 recycled; write=0.001 s, sync=0.001 s, total=0.002 s; sync files=2, longest=0.001 s, average=0.001 s; distance=0 kB, estimate=0 kB; lsn=0/14F2AE8, redo lsn=0/14F2AE8
postgres-1  | 2026-08-12T15:32:43.413173670Z 2026-08-12 15:32:43.413 UTC [47] LOG:  database system is shut down
postgres-1  | 2026-08-12T15:32:43.501920017Z  done
postgres-1  | 2026-08-12T15:32:43.501953962Z server stopped
postgres-1  | 2026-08-12T15:32:43.503670563Z 
postgres-1  | 2026-08-12T15:32:43.503690705Z PostgreSQL init process complete; ready for start up.
postgres-1  | 2026-08-12T15:32:43.503705564Z 
postgres-1  | 2026-08-12T15:32:43.521122077Z 2026-08-12 15:32:43.520 UTC [1] LOG:  starting PostgreSQL 16.14 (Debian 16.14-1.pgdg13+1) on x86_64-pc-linux-gnu, compiled by gcc (Debian 14.2.0-19) 14.2.0, 64-bit
postgres-1  | 2026-08-12T15:32:43.525558479Z 2026-08-12 15:32:43.524 UTC [1] LOG:  listening on IPv4 address "0.0.0.0", port 5432
postgres-1  | 2026-08-12T15:32:43.525691088Z 2026-08-12 15:32:43.524 UTC [1] LOG:  listening on IPv6 address "::", port 5432
postgres-1  | 2026-08-12T15:32:43.529486978Z 2026-08-12 15:32:43.529 UTC [1] LOG:  listening on Unix socket "/var/run/postgresql/.s.PGSQL.5432"
postgres-1  | 2026-08-12T15:32:43.535921398Z 2026-08-12 15:32:43.535 UTC [61] LOG:  database system was shut down at 2026-08-12 15:32:43 UTC
postgres-1  | 2026-08-12T15:32:43.545554013Z 2026-08-12 15:32:43.545 UTC [1] LOG:  database system is ready to accept connections
postgres-1  | 2026-08-12T15:33:23.641803011Z 2026-08-12 15:33:23.640 UTC [129] FATAL:  database "ViciOneServiceBusUnitTests" does not exist
postgres-1  | 2026-08-12T15:33:23.665613134Z 2026-08-12 15:33:23.665 UTC [130] FATAL:  database "ViciOneServiceBusUnitTests" does not exist
postgres-1  | 2026-08-12T15:33:32.695959648Z 2026-08-12 15:33:32.695 UTC [59] LOG:  checkpoint starting: immediate force wait
postgres-1  | 2026-08-12T15:33:32.697987429Z 2026-08-12 15:33:32.697 UTC [59] LOG:  checkpoint complete: wrote 45 buffers (0.3%); 0 WAL file(s) added, 0 removed, 0 recycled; write=0.001 s, sync=0.001 s, total=0.003 s; sync files=14, longest=0.001 s, average=0.001 s; distance=4584 kB, estimate=4584 kB; lsn=0/196CCB8, redo lsn=0/196CC80
postgres-1  | 2026-08-12T15:33:50.549060823Z 2026-08-12 15:33:50.547 UTC [178] FATAL:  database "ViciOneServiceBusUnitTests" does not exist
postgres-1  | 2026-08-12T15:33:50.566458793Z 2026-08-12 15:33:50.565 UTC [179] FATAL:  database "ViciOneServiceBusUnitTests" does not exist
postgres-1  | 2026-08-12T15:33:50.883985248Z 2026-08-12 15:33:50.883 UTC [59] LOG:  checkpoint starting: immediate force wait
postgres-1  | 2026-08-12T15:33:50.887954084Z 2026-08-12 15:33:50.887 UTC [59] LOG:  checkpoint complete: wrote 5 buffers (0.0%); 1 WAL file(s) added, 0 removed, 0 recycled; write=0.001 s, sync=0.001 s, total=0.005 s; sync files=4, longest=0.001 s, average=0.001 s; distance=4338 kB, estimate=4559 kB; lsn=0/1DA9808, redo lsn=0/1DA97D0
postgres-1  | 2026-08-12T15:33:52.144832732Z 2026-08-12 15:33:52.144 UTC [193] FATAL:  database "ViciOneServiceBusUnitTests" does not exist
postgres-1  | 2026-08-12T15:33:52.161395594Z 2026-08-12 15:33:52.161 UTC [194] FATAL:  database "ViciOneServiceBusUnitTests" does not exist
postgres-1  | 2026-08-12T15:33:52.408929893Z 2026-08-12 15:33:52.408 UTC [59] LOG:  checkpoint starting: immediate force wait
postgres-1  | 2026-08-12T15:33:52.409592444Z 2026-08-12 15:33:52.409 UTC [59] LOG:  checkpoint complete: wrote 7 buffers (0.0%); 0 WAL file(s) added, 0 removed, 1 recycled; write=0.001 s, sync=0.001 s, total=0.001 s; sync files=6, longest=0.001 s, average=0.001 s; distance=4339 kB, estimate=4537 kB; lsn=0/21E64B0, redo lsn=0/21E6478
postgres-1  | 2026-08-12T15:34:01.968512423Z 2026-08-12 15:34:01.968 UTC [215] FATAL:  database "ViciOneServiceBusUnitTests" does not exist
postgres-1  | 2026-08-12T15:34:01.980954521Z 2026-08-12 15:34:01.980 UTC [217] FATAL:  database "ViciOneServiceBusUnitTests" does not exist
postgres-1  | 2026-08-12T15:34:02.148127648Z 2026-08-12 15:34:02.147 UTC [59] LOG:  checkpoint starting: immediate force wait
postgres-1  | 2026-08-12T15:34:02.148838119Z 2026-08-12 15:34:02.148 UTC [59] LOG:  checkpoint complete: wrote 5 buffers (0.0%); 0 WAL file(s) added, 0 removed, 0 recycled; write=0.001 s, sync=0.001 s, total=0.001 s; sync files=4, longest=0.001 s, average=0.001 s; distance=4339 kB, estimate=4517 kB; lsn=0/2623208, redo lsn=0/26231D0
postgres-1  | 2026-08-12T15:35:01.009245475Z 2026-08-12 15:35:01.008 UTC [313] FATAL:  database "ViciOneServiceBusUnitTests" does not exist
postgres-1  | 2026-08-12T15:35:01.019624889Z 2026-08-12 15:35:01.019 UTC [314] FATAL:  database "ViciOneServiceBusUnitTests" does not exist
postgres-1  | 2026-08-12T15:35:01.316073346Z 2026-08-12 15:35:01.315 UTC [59] LOG:  checkpoint starting: immediate force wait
postgres-1  | 2026-08-12T15:35:01.317166857Z 2026-08-12 15:35:01.316 UTC [59] LOG:  checkpoint complete: wrote 36 buffers (0.2%); 0 WAL file(s) added, 0 removed, 0 recycled; write=0.001 s, sync=0.001 s, total=0.001 s; sync files=11, longest=0.001 s, average=0.001 s; distance=4469 kB, estimate=4513 kB; lsn=0/2A80680, redo lsn=0/2A80648
postgres-1  | 2026-08-12T15:35:02.749697699Z 2026-08-12 15:35:02.749 UTC [329] FATAL:  database "ViciOneServiceBusUnitTests" does not exist
postgres-1  | 2026-08-12T15:35:02.759517688Z 2026-08-12 15:35:02.759 UTC [330] FATAL:  database "ViciOneServiceBusUnitTests" does not exist
postgres-1  | 2026-08-12T15:35:02.949465572Z 2026-08-12 15:35:02.948 UTC [59] LOG:  checkpoint starting: immediate force wait
postgres-1  | 2026-08-12T15:35:02.949494984Z 2026-08-12 15:35:02.949 UTC [59] LOG:  checkpoint complete: wrote 7 buffers (0.0%); 0 WAL file(s) added, 0 removed, 0 recycled; write=0.001 s, sync=0.001 s, total=0.001 s; sync files=6, longest=0.001 s, average=0.001 s; distance=4297 kB, estimate=4491 kB; lsn=0/2EB2CD8, redo lsn=0/2EB2CA0
postgres-1  | 2026-08-12T15:35:04.068292849Z 2026-08-12 15:35:04.068 UTC [337] FATAL:  database "ViciOneServiceBusUnitTests" does not exist
postgres-1  | 2026-08-12T15:35:04.079861444Z 2026-08-12 15:35:04.077 UTC [338] FATAL:  database "ViciOneServiceBusUnitTests" does not exist
postgres-1  | 2026-08-12T15:35:09.273694863Z 2026-08-12 15:35:09.272 UTC [342] ERROR:  could not serialize access due to concurrent update
postgres-1  | 2026-08-12T15:35:09.273748164Z 2026-08-12 15:35:09.272 UTC [342] STATEMENT:  UPDATE "EfCoreSlowConcurrentSagas" SET "Counter" = $1, "CurrentState" = $2
postgres-1  | 2026-08-12T15:35:09.273771940Z 	WHERE "CorrelationId" = $3
postgres-1  | 2026-08-12T15:35:15.314312770Z 2026-08-12 15:35:15.314 UTC [59] LOG:  checkpoint starting: immediate force wait
postgres-1  | 2026-08-12T15:35:15.315144274Z 2026-08-12 15:35:15.314 UTC [59] LOG:  checkpoint complete: wrote 5 buffers (0.0%); 0 WAL file(s) added, 0 removed, 1 recycled; write=0.001 s, sync=0.001 s, total=0.001 s; sync files=4, longest=0.001 s, average=0.001 s; distance=4297 kB, estimate=4472 kB; lsn=0/32E5260, redo lsn=0/32E5228
postgres-1  | 2026-08-12T15:35:48.095359983Z 2026-08-12 15:35:48.094 UTC [409] FATAL:  database "ViciOneServiceBusUnitTests" does not exist
postgres-1  | 2026-08-12T15:35:48.104123021Z 2026-08-12 15:35:48.103 UTC [410] FATAL:  database "ViciOneServiceBusUnitTests" does not exist
postgres-1  | 2026-08-12T15:35:48.322315480Z 2026-08-12 15:35:48.322 UTC [59] LOG:  checkpoint starting: immediate force wait
postgres-1  | 2026-08-12T15:35:48.322866350Z 2026-08-12 15:35:48.322 UTC [59] LOG:  checkpoint complete: wrote 4 buffers (0.0%); 0 WAL file(s) added, 0 removed, 0 recycled; write=0.001 s, sync=0.001 s, total=0.001 s; sync files=4, longest=0.001 s, average=0.001 s; distance=4298 kB, estimate=4454 kB; lsn=0/3717C08, redo lsn=0/3717BD0
postgres-1  | 2026-08-12T15:35:49.590546961Z 2026-08-12 15:35:49.589 UTC [426] FATAL:  database "ViciOneServiceBusUnitTests" does not exist
postgres-1  | 2026-08-12T15:35:49.598676282Z 2026-08-12 15:35:49.598 UTC [427] FATAL:  database "ViciOneServiceBusUnitTests" does not exist
postgres-1  | 2026-08-12T15:35:49.739259206Z 2026-08-12 15:35:49.738 UTC [59] LOG:  checkpoint starting: immediate force wait
postgres-1  | 2026-08-12T15:35:49.739933716Z 2026-08-12 15:35:49.739 UTC [59] LOG:  checkpoint complete: wrote 5 buffers (0.0%); 0 WAL file(s) added, 0 removed, 0 recycled; write=0.001 s, sync=0.001 s, total=0.001 s; sync files=4, longest=0.001 s, average=0.001 s; distance=4297 kB, estimate=4439 kB; lsn=0/3B4A3E0, redo lsn=0/3B4A3A8
postgres-1  | 2026-08-12T15:35:50.784696515Z 2026-08-12 15:35:50.784 UTC [434] FATAL:  database "ViciOneServiceBusUnitTests" does not exist
postgres-1  | 2026-08-12T15:35:50.795153383Z 2026-08-12 15:35:50.793 UTC [435] FATAL:  database "ViciOneServiceBusUnitTests" does not exist
postgres-1  | 2026-08-12T15:35:50.927011247Z 2026-08-12 15:35:50.926 UTC [59] LOG:  checkpoint starting: immediate force wait
postgres-1  | 2026-08-12T15:35:50.928124718Z 2026-08-12 15:35:50.927 UTC [59] LOG:  checkpoint complete: wrote 7 buffers (0.0%); 0 WAL file(s) added, 0 removed, 0 recycled; write=0.001 s, sync=0.001 s, total=0.001 s; sync files=6, longest=0.001 s, average=0.001 s; distance=4298 kB, estimate=4424 kB; lsn=0/3F7CD00, redo lsn=0/3F7CCC8
postgres-1  | 2026-08-12T15:35:52.421109444Z 2026-08-12 15:35:52.420 UTC [442] FATAL:  database "ViciOneServiceBusUnitTests" does not exist
postgres-1  | 2026-08-12T15:35:52.421144260Z 2026-08-12 15:35:52.420 UTC [443] FATAL:  database "ViciOneServiceBusUnitTests" does not exist
postgres-1  | 2026-08-12T15:35:52.431322256Z 2026-08-12 15:35:52.430 UTC [444] FATAL:  database "ViciOneServiceBusUnitTests" does not exist
postgres-1  | 2026-08-12T15:35:55.077489842Z 2026-08-12 15:35:55.076 UTC [447] FATAL:  terminating connection due to administrator command
postgres-1  | 2026-08-12T15:35:55.176476584Z 2026-08-12 15:35:55.175 UTC [59] LOG:  checkpoint starting: immediate force wait
postgres-1  | 2026-08-12T15:35:55.178154114Z 2026-08-12 15:35:55.177 UTC [59] LOG:  checkpoint complete: wrote 7 buffers (0.0%); 0 WAL file(s) added, 0 removed, 1 recycled; write=0.001 s, sync=0.001 s, total=0.002 s; sync files=6, longest=0.001 s, average=0.001 s; distance=4358 kB, estimate=4418 kB; lsn=0/43BE560, redo lsn=0/43BE528
postgres-1  | 2026-08-12T15:35:56.286840229Z 2026-08-12 15:35:56.285 UTC [460] FATAL:  database "ViciOneServiceBusUnitTests" does not exist
postgres-1  | 2026-08-12T15:35:57.937703823Z 2026-08-12 15:35:57.937 UTC [461] FATAL:  database "ViciOneServiceBusUnitTests" does not exist
postgres-1  | 2026-08-12T15:36:02.151448564Z 2026-08-12 15:36:02.151 UTC [470] FATAL:  database "ViciOneServiceBusUnitTests" does not exist
postgres-1  | 2026-08-12T15:36:06.235078927Z 2026-08-12 15:36:06.234 UTC [479] FATAL:  database "ViciOneServiceBusUnitTests" does not exist
postgres-1  | 2026-08-12T15:36:11.030279589Z 2026-08-12 15:36:11.029 UTC [488] FATAL:  database "ViciOneServiceBusUnitTests" does not exist
postgres-1  | 2026-08-12T15:36:16.620947612Z 2026-08-12 15:36:16.620 UTC [498] FATAL:  database "ViciOneServiceBusUnitTests" does not exist
postgres-1  | 2026-08-12T15:36:21.159477907Z 2026-08-12 15:36:21.158 UTC [506] FATAL:  database "ViciOneServiceBusUnitTests" does not exist
postgres-1  | 2026-08-12T15:36:57.475374047Z 2026-08-12 15:36:57.474 UTC [564] FATAL:  database "ViciOneServiceBusUnitTests" does not exist
postgres-1  | 2026-08-12T15:36:57.477363580Z 2026-08-12 15:36:57.475 UTC [565] FATAL:  database "ViciOneServiceBusUnitTests" does not exist
postgres-1  | 2026-08-12T15:36:57.487475562Z 2026-08-12 15:36:57.487 UTC [566] FATAL:  database "ViciOneServiceBusUnitTests" does not exist
postgres-1  | 2026-08-12T15:36:58.803051846Z 2026-08-12 15:36:58.802 UTC [59] LOG:  checkpoint starting: immediate force wait
postgres-1  | 2026-08-12T15:36:58.803113742Z 2026-08-12 15:36:58.802 UTC [59] LOG:  checkpoint complete: wrote 7 buffers (0.0%); 0 WAL file(s) added, 0 removed, 0 recycled; write=0.001 s, sync=0.001 s, total=0.001 s; sync files=6, longest=0.001 s, average=0.001 s; distance=4358 kB, estimate=4412 kB; lsn=0/47FFED0, redo lsn=0/47FFE98
postgres-1  | 2026-08-12T15:36:58.817249158Z 2026-08-12 15:36:58.814 UTC [573] FATAL:  database "ViciOneServiceBusUnitTests" does not exist
postgres-1  | 2026-08-12T15:37:00.257768466Z 2026-08-12 15:37:00.256 UTC [582] FATAL:  database "ViciOneServiceBusUnitTests" does not exist
postgres-1  | 2026-08-12T15:37:02.156844431Z 2026-08-12 15:37:02.155 UTC [583] FATAL:  database "ViciOneServiceBusUnitTests" does not exist
postgres-1  | 2026-08-12T15:37:06.287246247Z 2026-08-12 15:37:06.287 UTC [592] FATAL:  database "ViciOneServiceBusUnitTests" does not exist
postgres-1  | 2026-08-12T15:37:11.652752131Z 2026-08-12 15:37:11.652 UTC [601] FATAL:  database "ViciOneServiceBusUnitTests" does not exist
postgres-1  | 2026-08-12T15:37:16.114381363Z 2026-08-12 15:37:16.114 UTC [610] FATAL:  database "ViciOneServiceBusUnitTests" does not exist
postgres-1  | 2026-08-12T15:37:20.808083207Z 2026-08-12 15:37:20.807 UTC [619] FATAL:  database "ViciOneServiceBusUnitTests" does not exist
postgres-1  | 2026-08-12T15:37:25.023408796Z 2026-08-12 15:37:25.023 UTC [629] FATAL:  database "ViciOneServiceBusUnitTests" does not exist
postgres-1  | 2026-08-12T15:38:00.148533775Z 2026-08-12 15:38:00.148 UTC [687] FATAL:  database "ViciOneServiceBusUnitTests" does not exist
postgres-1  | 2026-08-12T15:38:00.158121988Z 2026-08-12 15:38:00.157 UTC [688] FATAL:  database "ViciOneServiceBusUnitTests" does not exist
postgres-1  | 2026-08-12T15:38:00.158184248Z 2026-08-12 15:38:00.158 UTC [689] FATAL:  database "ViciOneServiceBusUnitTests" does not exist
postgres-1  | 2026-08-12T15:38:02.082818505Z 2026-08-12 15:38:02.082 UTC [59] LOG:  checkpoint starting: immediate force wait
postgres-1  | 2026-08-12T15:38:02.082966503Z 2026-08-12 15:38:02.082 UTC [59] LOG:  checkpoint complete: wrote 7 buffers (0.0%); 0 WAL file(s) added, 0 removed, 0 recycled; write=0.001 s, sync=0.001 s, total=0.001 s; sync files=6, longest=0.001 s, average=0.001 s; distance=4358 kB, estimate=4406 kB; lsn=0/4C41868, redo lsn=0/4C41830
postgres-1  | 2026-08-12T15:39:04.626964942Z 2026-08-12 15:39:04.625 UTC [794] FATAL:  database "ViciOneServiceBusUnitTests" does not exist
postgres-1  | 2026-08-12T15:39:04.627003073Z 2026-08-12 15:39:04.626 UTC [795] FATAL:  database "ViciOneServiceBusUnitTests" does not exist
postgres-1  | 2026-08-12T15:39:04.639890840Z 2026-08-12 15:39:04.639 UTC [796] FATAL:  database "ViciOneServiceBusUnitTests" does not exist
postgres-1  | 2026-08-12T15:39:06.551131146Z 2026-08-12 15:39:06.550 UTC [59] LOG:  checkpoint starting: immediate force wait
postgres-1  | 2026-08-12T15:39:06.551730361Z 2026-08-12 15:39:06.551 UTC [59] LOG:  checkpoint complete: wrote 7 buffers (0.0%); 0 WAL file(s) added, 0 removed, 1 recycled; write=0.001 s, sync=0.001 s, total=0.001 s; sync files=6, longest=0.001 s, average=0.001 s; distance=4358 kB, estimate=4402 kB; lsn=0/50832F8, redo lsn=0/50832C0
postgres-1  | 2026-08-12T15:39:06.564096397Z 2026-08-12 15:39:06.563 UTC [811] FATAL:  database "ViciOneServiceBusUnitTests" does not exist
postgres-1  | 2026-08-12T15:39:07.696243318Z 2026-08-12 15:39:07.696 UTC [812] FATAL:  database "ViciOneServiceBusUnitTests" does not exist
postgres-1  | 2026-08-12T15:39:10.749544148Z 2026-08-12 15:39:10.749 UTC [813] FATAL:  database "ViciOneServiceBusUnitTests" does not exist
postgres-1  | 2026-08-12T15:39:15.428030249Z 2026-08-12 15:39:15.427 UTC [822] FATAL:  database "ViciOneServiceBusUnitTests" does not exist
postgres-1  | 2026-08-12T15:39:21.319343055Z 2026-08-12 15:39:21.319 UTC [831] FATAL:  database "ViciOneServiceBusUnitTests" does not exist
postgres-1  | 2026-08-12T15:39:25.569241325Z 2026-08-12 15:39:25.568 UTC [841] FATAL:  database "ViciOneServiceBusUnitTests" does not exist
postgres-1  | 2026-08-12T15:39:30.772088554Z 2026-08-12 15:39:30.771 UTC [850] FATAL:  database "ViciOneServiceBusUnitTests" does not exist
postgres-1  | 2026-08-12T15:39:34.801167136Z 2026-08-12 15:39:34.800 UTC [859] FATAL:  database "ViciOneServiceBusUnitTests" does not exist
postgres-1  | 2026-08-12T15:40:08.910364060Z 2026-08-12 15:40:08.910 UTC [916] FATAL:  database "ViciOneServiceBusUnitTests" does not exist
postgres-1  | 2026-08-12T15:40:08.920029505Z 2026-08-12 15:40:08.919 UTC [917] FATAL:  database "ViciOneServiceBusUnitTests" does not exist
postgres-1  | 2026-08-12T15:40:10.152137301Z 2026-08-12 15:40:10.151 UTC [59] LOG:  checkpoint starting: immediate force wait
postgres-1  | 2026-08-12T15:40:10.153566098Z 2026-08-12 15:40:10.152 UTC [59] LOG:  checkpoint complete: wrote 7 buffers (0.0%); 0 WAL file(s) added, 0 removed, 0 recycled; write=0.001 s, sync=0.001 s, total=0.001 s; sync files=6, longest=0.001 s, average=0.001 s; distance=4359 kB, estimate=4397 kB; lsn=0/54C4F80, redo lsn=0/54C4F48
