<?xml version="1.0" encoding="utf-8"?>
<TestRun id="3180b3d4-b27e-4b65-9ce1-81c654990469" name="@Edgars-iMac-2 2026-08-10 21:55:10" xmlns="http://microsoft.com/schemas/VisualStudio/TeamTest/2010">
  <Times creation="2026-08-10T21:55:10.5221350+02:00" queuing="2026-08-10T21:55:10.5221350+02:00" start="2026-08-10T21:55:06.5698010+02:00" finish="2026-08-10T21:55:11.4066800+02:00" />
  <TestSettings name="default" id="997066ee-25ce-4b42-acf0-0ac69fdbb62e">
    <Deployment runDeploymentRoot="_Edgars-iMac-2_2026-08-10_21_55_10" />
  </TestSettings>
  <Results>
    <UnitTestResult executionId="9eaa0791-2bd6-447e-94bf-b623785b6dac" testId="6aa42275-638c-df2f-91ab-14af157f6e6b" testName="Should_reject_a_job_while_the_service_is_stopping" computerName="Edgars-iMac-2" duration="00:00:00.0010280" startTime="2026-08-10T21:55:11.3038980+02:00" endTime="2026-08-10T21:55:11.3049250+02:00" testType="13cdc9d9-ddb5-4fa4-a97d-d965ccfc6d4b" outcome="Passed" testListId="8c84fa94-04c1-424b-9868-57a2d4851a1d" relativeResultsDirectory="9eaa0791-2bd6-447e-94bf-b623785b6dac">
      <Output>
        <StdOut>21:55:11.304-D SEND loopback://localhost/input_queue 18fa0000-6d6c-1461-6d42-08def7194987 ViciOne.ServiceBus.Contracts.JobService.StartJob
21:55:11.304-D Rejecting job: ViciOne.ServiceBus.Tests.SomeJob 18fa0000-6d6c-1461-6ca2-08def7194987 (0) - Job Service is stopping
21:55:11.304-D Job Faulted: 18fa0000-6d6c-1461-6ca2-08def7194987 18fa0100-6d6c-1461-6ca2-08def7194987 (0)

ViciOne.ServiceBus.JobServiceStoppingException: The job service is stopping, job cannot be started: 18fa0000-6d6c-1461-6ca2-08def7194987
21:55:11.304-D SEND loopback://localhost/urn:message:ViciOne.ServiceBus.Contracts.JobService:JobAttemptFaulted 18fa0000-6d6c-1461-78be-08def7194987 ViciOne.ServiceBus.Contracts.JobService.JobAttemptFaulted
21:55:11.304-D RECEIVE loopback://localhost/input_queue 18fa0000-6d6c-1461-6d42-08def7194987 ViciOne.ServiceBus.Contracts.JobService.StartJob ViciOne.ServiceBus.MessageHandler&lt;ViciOne.ServiceBus.Contracts.JobService.StartJob&gt;(00:00:00.0001212)</StdOut>
      </Output>
    </UnitTestResult>
    <UnitTestResult executionId="e2fe76ed-0874-47fd-8ae5-dcbb35cc70dd" testId="6277862b-0b48-7826-630e-0c476208af36" testName="Should_reject_a_job_for_the_whole_duration_of_a_stop" computerName="Edgars-iMac-2" duration="00:00:00.0015830" startTime="2026-08-10T21:55:11.3004050+02:00" endTime="2026-08-10T21:55:11.3019880+02:00" testType="13cdc9d9-ddb5-4fa4-a97d-d965ccfc6d4b" outcome="Passed" testListId="8c84fa94-04c1-424b-9868-57a2d4851a1d" relativeResultsDirectory="e2fe76ed-0874-47fd-8ae5-dcbb35cc70dd">
      <Output>
        <StdOut>21:55:11.301-D SEND loopback://localhost/input_queue 18fa0000-6d6c-1461-eab6-08def7194986 ViciOne.ServiceBus.Contracts.JobService.StartJob
21:55:11.301-D Rejecting job: ViciOne.ServiceBus.Tests.SomeJob 18fa0000-6d6c-1461-e9c6-08def7194986 (0) - Job Service is stopping
21:55:11.301-D Job Faulted: 18fa0000-6d6c-1461-e9c6-08def7194986 18fa0000-6d6c-1461-e9d0-08def7194986 (0)

ViciOne.ServiceBus.JobServiceStoppingException: The job service is stopping, job cannot be started: 18fa0000-6d6c-1461-e9c6-08def7194986
21:55:11.301-D SEND loopback://localhost/urn:message:ViciOne.ServiceBus.Contracts.JobService:JobAttemptFaulted 18fa0000-6d6c-1461-0334-08def7194987 ViciOne.ServiceBus.Contracts.JobService.JobAttemptFaulted
21:55:11.301-D RECEIVE loopback://localhost/input_queue 18fa0000-6d6c-1461-eab6-08def7194986 ViciOne.ServiceBus.Contracts.JobService.StartJob ViciOne.ServiceBus.MessageHandler&lt;ViciOne.ServiceBus.Contracts.JobService.StartJob&gt;(00:00:00.0005016)</StdOut>
      </Output>
    </UnitTestResult>
    <UnitTestResult executionId="747122fc-3d38-4dd3-a2e0-3dea2f49bca6" testId="e499dfee-c0f3-8cf4-9d4a-c480907a615f" testName="Should_reject_a_job_when_a_restart_of_a_running_service_fails" computerName="Edgars-iMac-2" duration="00:00:00.0018660" startTime="2026-08-10T21:55:11.3020130+02:00" endTime="2026-08-10T21:55:11.3038790+02:00" testType="13cdc9d9-ddb5-4fa4-a97d-d965ccfc6d4b" outcome="Passed" testListId="8c84fa94-04c1-424b-9868-57a2d4851a1d" relativeResultsDirectory="747122fc-3d38-4dd3-a2e0-3dea2f49bca6">
      <Output>
        <StdOut>21:55:11.302-D SEND loopback://localhost/input_queue 18fa0000-6d6c-1461-28f0-08def7194987 ViciOne.ServiceBus.Contracts.JobService.StartJob
21:55:11.302-D Executing job: ViciOne.ServiceBus.Tests.SomeJob 18fa0000-6d6c-1461-272e-08def7194987 (0)
21:55:11.302-D RECEIVE loopback://localhost/input_queue 18fa0000-6d6c-1461-28f0-08def7194987 ViciOne.ServiceBus.Contracts.JobService.StartJob ViciOne.ServiceBus.MessageHandler&lt;ViciOne.ServiceBus.Contracts.JobService.StartJob&gt;(00:00:00.0000457)
21:55:11.302-D Removed job: 18fa0000-6d6c-1461-272e-08def7194987 (RanToCompletion)
21:55:11.303-D SEND loopback://localhost/input_queue 18fa0000-6d6c-1461-49de-08def7194987 ViciOne.ServiceBus.Contracts.JobService.StartJob
21:55:11.303-D Rejecting job: ViciOne.ServiceBus.Tests.SomeJob 18fa0000-6d6c-1461-4966-08def7194987 (0) - Job Service is stopping
21:55:11.303-D Job Faulted: 18fa0000-6d6c-1461-4966-08def7194987 18fa0100-6d6c-1461-4966-08def7194987 (0)

ViciOne.ServiceBus.JobServiceStoppingException: The job service is stopping, job cannot be started: 18fa0000-6d6c-1461-4966-08def7194987
21:55:11.303-D SEND loopback://localhost/urn:message:ViciOne.ServiceBus.Contracts.JobService:JobAttemptFaulted 18fa0000-6d6c-1461-519a-08def7194987 ViciOne.ServiceBus.Contracts.JobService.JobAttemptFaulted
21:55:11.303-D RECEIVE loopback://localhost/input_queue 18fa0000-6d6c-1461-49de-08def7194987 ViciOne.ServiceBus.Contracts.JobService.StartJob ViciOne.ServiceBus.MessageHandler&lt;ViciOne.ServiceBus.Contracts.JobService.StartJob&gt;(00:00:00.0001165)</StdOut>
      </Output>
    </UnitTestResult>
    <UnitTestResult executionId="d88b1d9d-5845-4e35-8a74-e992285450d1" testId="e20d87dc-e240-8734-1746-92768f92929b" testName="Should_own_exactly_one_heartbeat_after_repeated_starts" computerName="Edgars-iMac-2" duration="00:00:00.8032760" startTime="2026-08-10T21:55:10.1081030+02:00" endTime="2026-08-10T21:55:10.9114020+02:00" testType="13cdc9d9-ddb5-4fa4-a97d-d965ccfc6d4b" outcome="Passed" testListId="8c84fa94-04c1-424b-9868-57a2d4851a1d" relativeResultsDirectory="d88b1d9d-5845-4e35-8a74-e992285450d1" />
    <UnitTestResult executionId="6273e8a9-2cf8-44e9-b3cf-6527915202a2" testId="52d51022-792e-6f5a-ec0d-8bba9c4bb933" testName="Should_leave_no_heartbeat_behind_after_a_stop" computerName="Edgars-iMac-2" duration="00:00:00.8492360" startTime="2026-08-10T21:55:08.1397100+02:00" endTime="2026-08-10T21:55:08.9889030+02:00" testType="13cdc9d9-ddb5-4fa4-a97d-d965ccfc6d4b" outcome="Passed" testListId="8c84fa94-04c1-424b-9868-57a2d4851a1d" relativeResultsDirectory="6273e8a9-2cf8-44e9-b3cf-6527915202a2" />
    <UnitTestResult executionId="200c3d17-34e1-4dae-9fb3-8ba182553c7b" testId="0c7139ec-f08c-7ec2-5933-4021137ddc1f" testName="Should_reject_a_job_after_a_start_that_failed" computerName="Edgars-iMac-2" duration="00:00:00.0336959" startTime="2026-08-10T21:55:11.2666690+02:00" endTime="2026-08-10T21:55:11.3003660+02:00" testType="13cdc9d9-ddb5-4fa4-a97d-d965ccfc6d4b" outcome="Passed" testListId="8c84fa94-04c1-424b-9868-57a2d4851a1d" relativeResultsDirectory="200c3d17-34e1-4dae-9fb3-8ba182553c7b">
      <Output>
        <StdOut>21:55:11.269-D SEND loopback://localhost/input_queue 18fa0000-6d6c-1461-141e-08def7194982 ViciOne.ServiceBus.Contracts.JobService.StartJob
21:55:11.273-D Rejecting job: ViciOne.ServiceBus.Tests.SomeJob 18fa0000-6d6c-1461-eafc-08def7194981 (0) - Job Service is stopping
21:55:11.274-D Job Faulted: 18fa0000-6d6c-1461-eafc-08def7194981 18fa0000-6d6c-1461-eb06-08def7194981 (0)

ViciOne.ServiceBus.JobServiceStoppingException: The job service is stopping, job cannot be started: 18fa0000-6d6c-1461-eafc-08def7194981
21:55:11.281-D Create send transport: loopback://localhost/urn:message:ViciOne.ServiceBus.Contracts.JobService:JobAttemptFaulted
21:55:11.298-D SEND loopback://localhost/urn:message:ViciOne.ServiceBus.Contracts.JobService:JobAttemptFaulted 18fa0000-6d6c-1461-f57c-08def7194983 ViciOne.ServiceBus.Contracts.JobService.JobAttemptFaulted
21:55:11.300-D RECEIVE loopback://localhost/input_queue 18fa0000-6d6c-1461-141e-08def7194982 ViciOne.ServiceBus.Contracts.JobService.StartJob ViciOne.ServiceBus.MessageHandler&lt;ViciOne.ServiceBus.Contracts.JobService.StartJob&gt;(00:00:00.0267419)</StdOut>
      </Output>
    </UnitTestResult>
    <UnitTestResult executionId="94bedb5b-cab5-40bb-a402-5278365e5558" testId="eec6c99a-aae4-13d8-61da-4f32e4d53b95" testName="Should_not_let_a_stop_overtake_a_running_start" computerName="Edgars-iMac-2" duration="00:00:00.2524830" startTime="2026-08-10T21:55:09.8555740+02:00" endTime="2026-08-10T21:55:10.1080640+02:00" testType="13cdc9d9-ddb5-4fa4-a97d-d965ccfc6d4b" outcome="Passed" testListId="8c84fa94-04c1-424b-9868-57a2d4851a1d" relativeResultsDirectory="94bedb5b-cab5-40bb-a402-5278365e5558" />
    <UnitTestResult executionId="427a5115-15c4-4509-9123-9cae9d042f39" testId="a8c17976-bcd5-c792-1d37-9823375fd202" testName="Should_accept_a_job_after_a_start_that_succeeded" computerName="Edgars-iMac-2" duration="00:00:00.1717810" startTime="2026-08-10T21:55:11.0948240+02:00" endTime="2026-08-10T21:55:11.2666100+02:00" testType="13cdc9d9-ddb5-4fa4-a97d-d965ccfc6d4b" outcome="Passed" testListId="8c84fa94-04c1-424b-9868-57a2d4851a1d" relativeResultsDirectory="427a5115-15c4-4509-9123-9cae9d042f39">
      <Output>
        <StdOut>21:55:11.236-D SEND loopback://localhost/input_queue 18fa0000-6d6c-1461-feb2-08def7194971 ViciOne.ServiceBus.Contracts.JobService.StartJob
21:55:11.262-D Executing job: ViciOne.ServiceBus.Tests.SomeJob 18fa0000-6d6c-1461-c88e-08def7194967 (0)
21:55:11.265-D Removed job: 18fa0000-6d6c-1461-c88e-08def7194967 (RanToCompletion)</StdOut>
      </Output>
    </UnitTestResult>
    <UnitTestResult executionId="6b1f27a1-bc8f-410e-a6f4-0d43bf0eb649" testId="10064151-3971-273f-b982-fc7baaded948" testName="Should_leave_no_heartbeat_when_a_start_fails" computerName="Edgars-iMac-2" duration="00:00:00.6115730" startTime="2026-08-10T21:55:08.9902300+02:00" endTime="2026-08-10T21:55:09.6018220+02:00" testType="13cdc9d9-ddb5-4fa4-a97d-d965ccfc6d4b" outcome="Passed" testListId="8c84fa94-04c1-424b-9868-57a2d4851a1d" relativeResultsDirectory="6b1f27a1-bc8f-410e-a6f4-0d43bf0eb649" />
    <UnitTestResult executionId="ba4fa2aa-223a-4e04-bd92-e3b7efaaacbd" testId="14110538-7e1e-efb4-0b8a-b37b633bc9bb" testName="Should_not_let_a_start_overtake_a_running_stop" computerName="Edgars-iMac-2" duration="00:00:00.2536580" startTime="2026-08-10T21:55:09.6018670+02:00" endTime="2026-08-10T21:55:09.8555320+02:00" testType="13cdc9d9-ddb5-4fa4-a97d-d965ccfc6d4b" outcome="Passed" testListId="8c84fa94-04c1-424b-9868-57a2d4851a1d" relativeResultsDirectory="ba4fa2aa-223a-4e04-bd92-e3b7efaaacbd" />
  </Results>
  <TestDefinitions>
    <UnitTest name="Should_not_let_a_stop_overtake_a_running_start" storage="/users/edgar.liebold/downloads/vicione suite 2.0/repositories/vicione-servicebus/tests/vicione.servicebus.tests/bin/debug/net9.0/vicione.servicebus.tests.dll" id="eec6c99a-aae4-13d8-61da-4f32e4d53b95">
      <Execution id="94bedb5b-cab5-40bb-a402-5278365e5558" />
      <TestMethod codeBase="/Users/edgar.liebold/Downloads/ViciOne Suite 2.0/repositories/vicione-servicebus/tests/ViciOne.ServiceBus.Tests/bin/Debug/net9.0/ViciOne.ServiceBus.Tests.dll" adapterTypeName="executor://nunit3testexecutor/" className="ViciOne.ServiceBus.Tests.Owning_the_job_service_lifecycle" name="Should_not_let_a_stop_overtake_a_running_start" />
    </UnitTest>
    <UnitTest name="Should_reject_a_job_for_the_whole_duration_of_a_stop" storage="/users/edgar.liebold/downloads/vicione suite 2.0/repositories/vicione-servicebus/tests/vicione.servicebus.tests/bin/debug/net9.0/vicione.servicebus.tests.dll" id="6277862b-0b48-7826-630e-0c476208af36">
      <Execution id="e2fe76ed-0874-47fd-8ae5-dcbb35cc70dd" />
      <TestMethod codeBase="/Users/edgar.liebold/Downloads/ViciOne Suite 2.0/repositories/vicione-servicebus/tests/ViciOne.ServiceBus.Tests/bin/Debug/net9.0/ViciOne.ServiceBus.Tests.dll" adapterTypeName="executor://nunit3testexecutor/" className="ViciOne.ServiceBus.Tests.Protecting_job_acceptance" name="Should_reject_a_job_for_the_whole_duration_of_a_stop" />
    </UnitTest>
    <UnitTest name="Should_reject_a_job_after_a_start_that_failed" storage="/users/edgar.liebold/downloads/vicione suite 2.0/repositories/vicione-servicebus/tests/vicione.servicebus.tests/bin/debug/net9.0/vicione.servicebus.tests.dll" id="0c7139ec-f08c-7ec2-5933-4021137ddc1f">
      <Execution id="200c3d17-34e1-4dae-9fb3-8ba182553c7b" />
      <TestMethod codeBase="/Users/edgar.liebold/Downloads/ViciOne Suite 2.0/repositories/vicione-servicebus/tests/ViciOne.ServiceBus.Tests/bin/Debug/net9.0/ViciOne.ServiceBus.Tests.dll" adapterTypeName="executor://nunit3testexecutor/" className="ViciOne.ServiceBus.Tests.Protecting_job_acceptance" name="Should_reject_a_job_after_a_start_that_failed" />
    </UnitTest>
    <UnitTest name="Should_leave_no_heartbeat_behind_after_a_stop" storage="/users/edgar.liebold/downloads/vicione suite 2.0/repositories/vicione-servicebus/tests/vicione.servicebus.tests/bin/debug/net9.0/vicione.servicebus.tests.dll" id="52d51022-792e-6f5a-ec0d-8bba9c4bb933">
      <Execution id="6273e8a9-2cf8-44e9-b3cf-6527915202a2" />
      <TestMethod codeBase="/Users/edgar.liebold/Downloads/ViciOne Suite 2.0/repositories/vicione-servicebus/tests/ViciOne.ServiceBus.Tests/bin/Debug/net9.0/ViciOne.ServiceBus.Tests.dll" adapterTypeName="executor://nunit3testexecutor/" className="ViciOne.ServiceBus.Tests.Owning_the_job_service_lifecycle" name="Should_leave_no_heartbeat_behind_after_a_stop" />
    </UnitTest>
    <UnitTest name="Should_leave_no_heartbeat_when_a_start_fails" storage="/users/edgar.liebold/downloads/vicione suite 2.0/repositories/vicione-servicebus/tests/vicione.servicebus.tests/bin/debug/net9.0/vicione.servicebus.tests.dll" id="10064151-3971-273f-b982-fc7baaded948">
      <Execution id="6b1f27a1-bc8f-410e-a6f4-0d43bf0eb649" />
      <TestMethod codeBase="/Users/edgar.liebold/Downloads/ViciOne Suite 2.0/repositories/vicione-servicebus/tests/ViciOne.ServiceBus.Tests/bin/Debug/net9.0/ViciOne.ServiceBus.Tests.dll" adapterTypeName="executor://nunit3testexecutor/" className="ViciOne.ServiceBus.Tests.Owning_the_job_service_lifecycle" name="Should_leave_no_heartbeat_when_a_start_fails" />
    </UnitTest>
    <UnitTest name="Should_own_exactly_one_heartbeat_after_repeated_starts" storage="/users/edgar.liebold/downloads/vicione suite 2.0/repositories/vicione-servicebus/tests/vicione.servicebus.tests/bin/debug/net9.0/vicione.servicebus.tests.dll" id="e20d87dc-e240-8734-1746-92768f92929b">
      <Execution id="d88b1d9d-5845-4e35-8a74-e992285450d1" />
      <TestMethod codeBase="/Users/edgar.liebold/Downloads/ViciOne Suite 2.0/repositories/vicione-servicebus/tests/ViciOne.ServiceBus.Tests/bin/Debug/net9.0/ViciOne.ServiceBus.Tests.dll" adapterTypeName="executor://nunit3testexecutor/" className="ViciOne.ServiceBus.Tests.Owning_the_job_service_lifecycle" name="Should_own_exactly_one_heartbeat_after_repeated_starts" />
    </UnitTest>
    <UnitTest name="Should_reject_a_job_while_the_service_is_stopping" storage="/users/edgar.liebold/downloads/vicione suite 2.0/repositories/vicione-servicebus/tests/vicione.servicebus.tests/bin/debug/net9.0/vicione.servicebus.tests.dll" id="6aa42275-638c-df2f-91ab-14af157f6e6b">
      <Execution id="9eaa0791-2bd6-447e-94bf-b623785b6dac" />
      <TestMethod codeBase="/Users/edgar.liebold/Downloads/ViciOne Suite 2.0/repositories/vicione-servicebus/tests/ViciOne.ServiceBus.Tests/bin/Debug/net9.0/ViciOne.ServiceBus.Tests.dll" adapterTypeName="executor://nunit3testexecutor/" className="ViciOne.ServiceBus.Tests.Protecting_job_acceptance" name="Should_reject_a_job_while_the_service_is_stopping" />
    </UnitTest>
    <UnitTest name="Should_reject_a_job_when_a_restart_of_a_running_service_fails" storage="/users/edgar.liebold/downloads/vicione suite 2.0/repositories/vicione-servicebus/tests/vicione.servicebus.tests/bin/debug/net9.0/vicione.servicebus.tests.dll" id="e499dfee-c0f3-8cf4-9d4a-c480907a615f">
      <Execution id="747122fc-3d38-4dd3-a2e0-3dea2f49bca6" />
      <TestMethod codeBase="/Users/edgar.liebold/Downloads/ViciOne Suite 2.0/repositories/vicione-servicebus/tests/ViciOne.ServiceBus.Tests/bin/Debug/net9.0/ViciOne.ServiceBus.Tests.dll" adapterTypeName="executor://nunit3testexecutor/" className="ViciOne.ServiceBus.Tests.Protecting_job_acceptance" name="Should_reject_a_job_when_a_restart_of_a_running_service_fails" />
    </UnitTest>
    <UnitTest name="Should_accept_a_job_after_a_start_that_succeeded" storage="/users/edgar.liebold/downloads/vicione suite 2.0/repositories/vicione-servicebus/tests/vicione.servicebus.tests/bin/debug/net9.0/vicione.servicebus.tests.dll" id="a8c17976-bcd5-c792-1d37-9823375fd202">
      <Execution id="427a5115-15c4-4509-9123-9cae9d042f39" />
      <TestMethod codeBase="/Users/edgar.liebold/Downloads/ViciOne Suite 2.0/repositories/vicione-servicebus/tests/ViciOne.ServiceBus.Tests/bin/Debug/net9.0/ViciOne.ServiceBus.Tests.dll" adapterTypeName="executor://nunit3testexecutor/" className="ViciOne.ServiceBus.Tests.Protecting_job_acceptance" name="Should_accept_a_job_after_a_start_that_succeeded" />
    </UnitTest>
    <UnitTest name="Should_not_let_a_start_overtake_a_running_stop" storage="/users/edgar.liebold/downloads/vicione suite 2.0/repositories/vicione-servicebus/tests/vicione.servicebus.tests/bin/debug/net9.0/vicione.servicebus.tests.dll" id="14110538-7e1e-efb4-0b8a-b37b633bc9bb">
      <Execution id="ba4fa2aa-223a-4e04-bd92-e3b7efaaacbd" />
      <TestMethod codeBase="/Users/edgar.liebold/Downloads/ViciOne Suite 2.0/repositories/vicione-servicebus/tests/ViciOne.ServiceBus.Tests/bin/Debug/net9.0/ViciOne.ServiceBus.Tests.dll" adapterTypeName="executor://nunit3testexecutor/" className="ViciOne.ServiceBus.Tests.Owning_the_job_service_lifecycle" name="Should_not_let_a_start_overtake_a_running_stop" />
    </UnitTest>
  </TestDefinitions>
  <TestEntries>
    <TestEntry testId="6aa42275-638c-df2f-91ab-14af157f6e6b" executionId="9eaa0791-2bd6-447e-94bf-b623785b6dac" testListId="8c84fa94-04c1-424b-9868-57a2d4851a1d" />
    <TestEntry testId="6277862b-0b48-7826-630e-0c476208af36" executionId="e2fe76ed-0874-47fd-8ae5-dcbb35cc70dd" testListId="8c84fa94-04c1-424b-9868-57a2d4851a1d" />
    <TestEntry testId="e499dfee-c0f3-8cf4-9d4a-c480907a615f" executionId="747122fc-3d38-4dd3-a2e0-3dea2f49bca6" testListId="8c84fa94-04c1-424b-9868-57a2d4851a1d" />
    <TestEntry testId="e20d87dc-e240-8734-1746-92768f92929b" executionId="d88b1d9d-5845-4e35-8a74-e992285450d1" testListId="8c84fa94-04c1-424b-9868-57a2d4851a1d" />
    <TestEntry testId="52d51022-792e-6f5a-ec0d-8bba9c4bb933" executionId="6273e8a9-2cf8-44e9-b3cf-6527915202a2" testListId="8c84fa94-04c1-424b-9868-57a2d4851a1d" />
    <TestEntry testId="0c7139ec-f08c-7ec2-5933-4021137ddc1f" executionId="200c3d17-34e1-4dae-9fb3-8ba182553c7b" testListId="8c84fa94-04c1-424b-9868-57a2d4851a1d" />
    <TestEntry testId="eec6c99a-aae4-13d8-61da-4f32e4d53b95" executionId="94bedb5b-cab5-40bb-a402-5278365e5558" testListId="8c84fa94-04c1-424b-9868-57a2d4851a1d" />
    <TestEntry testId="a8c17976-bcd5-c792-1d37-9823375fd202" executionId="427a5115-15c4-4509-9123-9cae9d042f39" testListId="8c84fa94-04c1-424b-9868-57a2d4851a1d" />
    <TestEntry testId="10064151-3971-273f-b982-fc7baaded948" executionId="6b1f27a1-bc8f-410e-a6f4-0d43bf0eb649" testListId="8c84fa94-04c1-424b-9868-57a2d4851a1d" />
    <TestEntry testId="14110538-7e1e-efb4-0b8a-b37b633bc9bb" executionId="ba4fa2aa-223a-4e04-bd92-e3b7efaaacbd" testListId="8c84fa94-04c1-424b-9868-57a2d4851a1d" />
  </TestEntries>
  <TestLists>
    <TestList name="Ergebnisse nicht in einer Liste" id="8c84fa94-04c1-424b-9868-57a2d4851a1d" />
    <TestList name="Alle geladenen Ergebnisse" id="19431567-8539-422a-85d7-44ee4e166bda" />
  </TestLists>
  <ResultSummary outcome="Completed">
    <Counters total="10" executed="10" passed="10" failed="0" error="0" timeout="0" aborted="0" inconclusive="0" passedButRunAborted="0" notRunnable="0" notExecuted="0" disconnected="0" warning="0" completed="0" inProgress="0" pending="0" />
    <Output>
      <StdOut>NUnit Adapter 6.1.0.0: Test execution started
Running selected tests in /Users/edgar.liebold/Downloads/ViciOne Suite 2.0/repositories/vicione-servicebus/tests/ViciOne.ServiceBus.Tests/bin/Debug/net9.0/ViciOne.ServiceBus.Tests.dll
   NUnit3TestExecutor discovered 10 of 10 NUnit test cases using Current Discovery mode, Non-Explicit run
21:55:11.236-D SEND loopback://localhost/input_queue 18fa0000-6d6c-1461-feb2-08def7194971 ViciOne.ServiceBus.Contracts.JobService.StartJob
21:55:11.262-D Executing job: ViciOne.ServiceBus.Tests.SomeJob 18fa0000-6d6c-1461-c88e-08def7194967 (0)
21:55:11.265-D Removed job: 18fa0000-6d6c-1461-c88e-08def7194967 (RanToCompletion)

21:55:11.269-D SEND loopback://localhost/input_queue 18fa0000-6d6c-1461-141e-08def7194982 ViciOne.ServiceBus.Contracts.JobService.StartJob
21:55:11.273-D Rejecting job: ViciOne.ServiceBus.Tests.SomeJob 18fa0000-6d6c-1461-eafc-08def7194981 (0) - Job Service is stopping
21:55:11.274-D Job Faulted: 18fa0000-6d6c-1461-eafc-08def7194981 18fa0000-6d6c-1461-eb06-08def7194981 (0)

ViciOne.ServiceBus.JobServiceStoppingException: The job service is stopping, job cannot be started: 18fa0000-6d6c-1461-eafc-08def7194981
21:55:11.281-D Create send transport: loopback://localhost/urn:message:ViciOne.ServiceBus.Contracts.JobService:JobAttemptFaulted
21:55:11.298-D SEND loopback://localhost/urn:message:ViciOne.ServiceBus.Contracts.JobService:JobAttemptFaulted 18fa0000-6d6c-1461-f57c-08def7194983 ViciOne.ServiceBus.Contracts.JobService.JobAttemptFaulted
21:55:11.300-D RECEIVE loopback://localhost/input_queue 18fa0000-6d6c-1461-141e-08def7194982 ViciOne.ServiceBus.Contracts.JobService.StartJob ViciOne.ServiceBus.MessageHandler&lt;ViciOne.ServiceBus.Contracts.JobService.StartJob&gt;(00:00:00.0267419)

21:55:11.301-D SEND loopback://localhost/input_queue 18fa0000-6d6c-1461-eab6-08def7194986 ViciOne.ServiceBus.Contracts.JobService.StartJob
21:55:11.301-D Rejecting job: ViciOne.ServiceBus.Tests.SomeJob 18fa0000-6d6c-1461-e9c6-08def7194986 (0) - Job Service is stopping
21:55:11.301-D Job Faulted: 18fa0000-6d6c-1461-e9c6-08def7194986 18fa0000-6d6c-1461-e9d0-08def7194986 (0)

ViciOne.ServiceBus.JobServiceStoppingException: The job service is stopping, job cannot be started: 18fa0000-6d6c-1461-e9c6-08def7194986
21:55:11.301-D SEND loopback://localhost/urn:message:ViciOne.ServiceBus.Contracts.JobService:JobAttemptFaulted 18fa0000-6d6c-1461-0334-08def7194987 ViciOne.ServiceBus.Contracts.JobService.JobAttemptFaulted
21:55:11.301-D RECEIVE loopback://localhost/input_queue 18fa0000-6d6c-1461-eab6-08def7194986 ViciOne.ServiceBus.Contracts.JobService.StartJob ViciOne.ServiceBus.MessageHandler&lt;ViciOne.ServiceBus.Contracts.JobService.StartJob&gt;(00:00:00.0005016)

21:55:11.302-D SEND loopback://localhost/input_queue 18fa0000-6d6c-1461-28f0-08def7194987 ViciOne.ServiceBus.Contracts.JobService.StartJob
21:55:11.302-D Executing job: ViciOne.ServiceBus.Tests.SomeJob 18fa0000-6d6c-1461-272e-08def7194987 (0)
21:55:11.302-D RECEIVE loopback://localhost/input_queue 18fa0000-6d6c-1461-28f0-08def7194987 ViciOne.ServiceBus.Contracts.JobService.StartJob ViciOne.ServiceBus.MessageHandler&lt;ViciOne.ServiceBus.Contracts.JobService.StartJob&gt;(00:00:00.0000457)
21:55:11.302-D Removed job: 18fa0000-6d6c-1461-272e-08def7194987 (RanToCompletion)
21:55:11.303-D SEND loopback://localhost/input_queue 18fa0000-6d6c-1461-49de-08def7194987 ViciOne.ServiceBus.Contracts.JobService.StartJob
21:55:11.303-D Rejecting job: ViciOne.ServiceBus.Tests.SomeJob 18fa0000-6d6c-1461-4966-08def7194987 (0) - Job Service is stopping
21:55:11.303-D Job Faulted: 18fa0000-6d6c-1461-4966-08def7194987 18fa0100-6d6c-1461-4966-08def7194987 (0)

ViciOne.ServiceBus.JobServiceStoppingException: The job service is stopping, job cannot be started: 18fa0000-6d6c-1461-4966-08def7194987
21:55:11.303-D SEND loopback://localhost/urn:message:ViciOne.ServiceBus.Contracts.JobService:JobAttemptFaulted 18fa0000-6d6c-1461-519a-08def7194987 ViciOne.ServiceBus.Contracts.JobService.JobAttemptFaulted
21:55:11.303-D RECEIVE loopback://localhost/input_queue 18fa0000-6d6c-1461-49de-08def7194987 ViciOne.ServiceBus.Contracts.JobService.StartJob ViciOne.ServiceBus.MessageHandler&lt;ViciOne.ServiceBus.Contracts.JobService.StartJob&gt;(00:00:00.0001165)

21:55:11.304-D SEND loopback://localhost/input_queue 18fa0000-6d6c-1461-6d42-08def7194987 ViciOne.ServiceBus.Contracts.JobService.StartJob
21:55:11.304-D Rejecting job: ViciOne.ServiceBus.Tests.SomeJob 18fa0000-6d6c-1461-6ca2-08def7194987 (0) - Job Service is stopping
21:55:11.304-D Job Faulted: 18fa0000-6d6c-1461-6ca2-08def7194987 18fa0100-6d6c-1461-6ca2-08def7194987 (0)

ViciOne.ServiceBus.JobServiceStoppingException: The job service is stopping, job cannot be started: 18fa0000-6d6c-1461-6ca2-08def7194987
21:55:11.304-D SEND loopback://localhost/urn:message:ViciOne.ServiceBus.Contracts.JobService:JobAttemptFaulted 18fa0000-6d6c-1461-78be-08def7194987 ViciOne.ServiceBus.Contracts.JobService.JobAttemptFaulted
21:55:11.304-D RECEIVE loopback://localhost/input_queue 18fa0000-6d6c-1461-6d42-08def7194987 ViciOne.ServiceBus.Contracts.JobService.StartJob ViciOne.ServiceBus.MessageHandler&lt;ViciOne.ServiceBus.Contracts.JobService.StartJob&gt;(00:00:00.0001212)

NUnit Adapter 6.1.0.0: Test execution complete
</StdOut>
    </Output>
  </ResultSummary>
</TestRun>