rabbitmq-1  | 2026-08-12T12:01:52.549217365Z 2026-08-12 12:01:52.526954+00:00 [notice] <0.45.0> Application syslog exited with reason: stopped
rabbitmq-1  | 2026-08-12T12:01:52.549818557Z 2026-08-12 12:01:52.548692+00:00 [notice] <0.209.0> Logging: switching to configured handler(s); following messages may not be visible in this log output
rabbitmq-1  | 2026-08-12T12:01:52.550753161Z [38;5;87m2026-08-12 12:01:52.550284+00:00 [notice] <0.209.0> Logging: configured log handlers are now ACTIVE[0m
rabbitmq-1  | 2026-08-12T12:01:52.576410243Z 2026-08-12 12:01:52.575514+00:00 [info] <0.209.0> ra: starting system coordination[0m
rabbitmq-1  | 2026-08-12T12:01:52.576448377Z 2026-08-12 12:01:52.575750+00:00 [info] <0.209.0> starting Ra system: coordination in directory: /var/lib/rabbitmq/mnesia/rabbit@16ec29773575/coordination/rabbit@16ec29773575[0m
rabbitmq-1  | 2026-08-12T12:01:52.606334723Z 2026-08-12 12:01:52.605106+00:00 [info] <0.506.0> ra_coordination_log_ets: in system coordination initialising. Mem table opts: [set,{write_concurrency,auto},public,{compressed,false}][0m
rabbitmq-1  | 2026-08-12T12:01:52.761465671Z 2026-08-12 12:01:52.760972+00:00 [info] <0.512.0> ra system 'coordination' running pre init for 0 registered servers[0m
rabbitmq-1  | 2026-08-12T12:01:52.799601542Z 2026-08-12 12:01:52.799049+00:00 [info] <0.513.0> ra: meta data store initialised for system coordination. 0 record(s) recovered[0m
rabbitmq-1  | 2026-08-12T12:01:52.814705999Z 2026-08-12 12:01:52.813816+00:00 [info] <0.516.0> segment_writer: upgrading segment file names to new format in dirctory /var/lib/rabbitmq/mnesia/rabbit@16ec29773575/coordination/rabbit@16ec29773575[0m
rabbitmq-1  | 2026-08-12T12:01:52.868519040Z [38;5;87m2026-08-12 12:01:52.867478+00:00 [notice] <0.518.0> WAL: ra_coordination_log_wal init, mem-tables table name: ra_coordination_log_open_mem_tables[0m
rabbitmq-1  | 2026-08-12T12:01:52.900089661Z 2026-08-12 12:01:52.898777+00:00 [info] <0.209.0> ra: starting system quorum_queues[0m
rabbitmq-1  | 2026-08-12T12:01:52.900687144Z 2026-08-12 12:01:52.898887+00:00 [info] <0.209.0> starting Ra system: quorum_queues in directory: /var/lib/rabbitmq/mnesia/rabbit@16ec29773575/quorum/rabbit@16ec29773575[0m
rabbitmq-1  | 2026-08-12T12:01:52.901808572Z 2026-08-12 12:01:52.901261+00:00 [info] <0.522.0> ra_log_ets: in system quorum_queues initialising. Mem table opts: [set,{write_concurrency,auto},public,{compressed,true}][0m
rabbitmq-1  | 2026-08-12T12:01:52.904122867Z 2026-08-12 12:01:52.903466+00:00 [info] <0.526.0> ra system 'quorum_queues' running pre init for 0 registered servers[0m
rabbitmq-1  | 2026-08-12T12:01:52.907790893Z 2026-08-12 12:01:52.906825+00:00 [info] <0.527.0> ra: meta data store initialised for system quorum_queues. 0 record(s) recovered[0m
rabbitmq-1  | 2026-08-12T12:01:52.908374172Z 2026-08-12 12:01:52.907548+00:00 [info] <0.530.0> segment_writer: upgrading segment file names to new format in dirctory /var/lib/rabbitmq/mnesia/rabbit@16ec29773575/quorum/rabbit@16ec29773575[0m
rabbitmq-1  | 2026-08-12T12:01:52.910999698Z [38;5;87m2026-08-12 12:01:52.910323+00:00 [notice] <0.532.0> WAL: ra_log_wal init, mem-tables table name: ra_log_open_mem_tables[0m
rabbitmq-1  | 2026-08-12T12:01:52.916156780Z 2026-08-12 12:01:52.915123+00:00 [info] <0.534.0> ra_system_recover: ra system 'quorum_queues' server recovery strategy rabbit_quorum_queue:system_recover[0m
rabbitmq-1  | 2026-08-12T12:01:52.916651126Z 2026-08-12 12:01:52.915376+00:00 [info] <0.534.0> [rabbit_quorum_queue:system_recover/1] rabbit not booted, skipping queue recovery[0m
rabbitmq-1  | 2026-08-12T12:01:52.917288563Z 2026-08-12 12:01:52.915799+00:00 [info] <0.209.0> ra: starting system coordination[0m
rabbitmq-1  | 2026-08-12T12:01:52.917365251Z 2026-08-12 12:01:52.915847+00:00 [info] <0.209.0> starting Ra system: coordination in directory: /var/lib/rabbitmq/mnesia/rabbit@16ec29773575/coordination/rabbit@16ec29773575[0m
rabbitmq-1  | 2026-08-12T12:01:53.271405693Z [38;5;87m2026-08-12 12:01:53.270913+00:00 [notice] <0.536.0> RabbitMQ metadata store: candidate -> leader in term: 1 machine version: 2, last applied 0[0m
rabbitmq-1  | 2026-08-12T12:01:53.785174868Z 2026-08-12 12:01:53.784588+00:00 [info] <0.209.0> [0m
rabbitmq-1  | 2026-08-12T12:01:53.785269943Z 2026-08-12 12:01:53.784588+00:00 [info] <0.209.0>  Starting RabbitMQ 4.2.9 on Erlang 27.3.4.16 [jit][0m
rabbitmq-1  | 2026-08-12T12:01:53.785288971Z 2026-08-12 12:01:53.784588+00:00 [info] <0.209.0>  Copyright (c) 2007-2026 Broadcom Inc and/or its subsidiaries[0m
rabbitmq-1  | 2026-08-12T12:01:53.785302334Z 2026-08-12 12:01:53.784588+00:00 [info] <0.209.0>  Licensed under the MPL 2.0. Website: https://rabbitmq.com[0m
rabbitmq-1  | 2026-08-12T12:01:53.787029768Z 
rabbitmq-1  | 2026-08-12T12:01:53.787059640Z   ##  ##      RabbitMQ 4.2.9
rabbitmq-1  | 2026-08-12T12:01:53.787085875Z   ##  ##
rabbitmq-1  | 2026-08-12T12:01:53.787102875Z   ##########  Copyright (c) 2007-2026 Broadcom Inc and/or its subsidiaries
rabbitmq-1  | 2026-08-12T12:01:53.787127921Z   ######  ##
rabbitmq-1  | 2026-08-12T12:01:53.787144991Z   ##########  Licensed under the MPL 2.0. Website: https://rabbitmq.com
rabbitmq-1  | 2026-08-12T12:01:53.787161291Z 
rabbitmq-1  | 2026-08-12T12:01:53.787177242Z   Erlang:      27.3.4.16 [jit]
rabbitmq-1  | 2026-08-12T12:01:53.787193332Z   TLS Library: OpenSSL - OpenSSL 3.5.7 9 Jun 2026
rabbitmq-1  | 2026-08-12T12:01:53.787221246Z   Release series support status: see https://www.rabbitmq.com/release-information
rabbitmq-1  | 2026-08-12T12:01:53.787257695Z 
rabbitmq-1  | 2026-08-12T12:01:53.787275395Z   Doc guides:  https://www.rabbitmq.com/docs
rabbitmq-1  | 2026-08-12T12:01:53.787292115Z   Support:     https://www.rabbitmq.com/docs/contact
rabbitmq-1  | 2026-08-12T12:01:53.787308206Z   Tutorials:   https://www.rabbitmq.com/tutorials
rabbitmq-1  | 2026-08-12T12:01:53.787336959Z   Monitoring:  https://www.rabbitmq.com/docs/monitoring
rabbitmq-1  | 2026-08-12T12:01:53.787353539Z   Upgrading:   https://www.rabbitmq.com/docs/upgrade
rabbitmq-1  | 2026-08-12T12:01:53.787369630Z 
rabbitmq-1  | 2026-08-12T12:01:53.787385650Z   Logs: <stdout>
rabbitmq-1  | 2026-08-12T12:01:53.787402231Z 
rabbitmq-1  | 2026-08-12T12:01:53.787418881Z   Config file(s): /etc/rabbitmq/conf.d/10-defaults.conf
rabbitmq-1  | 2026-08-12T12:01:53.787435321Z 
rabbitmq-1  | 2026-08-12T12:01:53.788246499Z   Starting broker...2026-08-12 12:01:53.787847+00:00 [info] <0.209.0> [0m
rabbitmq-1  | 2026-08-12T12:01:53.788279310Z 2026-08-12 12:01:53.787847+00:00 [info] <0.209.0>  node           : rabbit@16ec29773575[0m
rabbitmq-1  | 2026-08-12T12:01:53.788314639Z 2026-08-12 12:01:53.787847+00:00 [info] <0.209.0>  home dir       : /var/lib/rabbitmq[0m
rabbitmq-1  | 2026-08-12T12:01:53.788332129Z 2026-08-12 12:01:53.787847+00:00 [info] <0.209.0>  config file(s) : /etc/rabbitmq/conf.d/10-defaults.conf[0m
rabbitmq-1  | 2026-08-12T12:01:53.788348849Z 2026-08-12 12:01:53.787847+00:00 [info] <0.209.0>  log(s)         : <stdout>[0m
rabbitmq-1  | 2026-08-12T12:01:53.788365780Z 2026-08-12 12:01:53.787847+00:00 [info] <0.209.0>  data dir       : /var/lib/rabbitmq/mnesia/rabbit@16ec29773575[0m
rabbitmq-1  | 2026-08-12T12:01:54.246369205Z 2026-08-12 12:01:54.245782+00:00 [info] <0.209.0> Running boot step pre_boot defined by app rabbit[0m
rabbitmq-1  | 2026-08-12T12:01:54.246792605Z 2026-08-12 12:01:54.245880+00:00 [info] <0.209.0> Running boot step rabbit_global_counters defined by app rabbit[0m
rabbitmq-1  | 2026-08-12T12:01:54.247488317Z 2026-08-12 12:01:54.246923+00:00 [info] <0.209.0> Running boot step rabbit_osiris_metrics defined by app rabbit[0m
rabbitmq-1  | 2026-08-12T12:01:54.248193541Z 2026-08-12 12:01:54.247177+00:00 [info] <0.209.0> Running boot step rabbit_core_metrics defined by app rabbit[0m
rabbitmq-1  | 2026-08-12T12:01:54.248408774Z 2026-08-12 12:01:54.247553+00:00 [info] <0.209.0> Running boot step rabbit_alarm defined by app rabbit[0m
rabbitmq-1  | 2026-08-12T12:01:54.276240033Z 2026-08-12 12:01:54.275756+00:00 [info] <0.709.0> Memory high watermark set to 2348 MiB (2462473420 bytes) of 3913 MiB (4104122368 bytes) total[0m
rabbitmq-1  | 2026-08-12T12:01:54.283170917Z 2026-08-12 12:01:54.282592+00:00 [info] <0.711.0> Enabling free disk space monitoring (disk free space: 20326572032, total memory: 4104122368)[0m
rabbitmq-1  | 2026-08-12T12:01:54.284619068Z 2026-08-12 12:01:54.282692+00:00 [info] <0.711.0> Disk free limit set to 50MB[0m
rabbitmq-1  | 2026-08-12T12:01:54.288082727Z 2026-08-12 12:01:54.287514+00:00 [info] <0.209.0> Running boot step code_server_cache defined by app rabbit[0m
rabbitmq-1  | 2026-08-12T12:01:54.288484164Z 2026-08-12 12:01:54.287739+00:00 [info] <0.209.0> Running boot step file_handle_cache defined by app rabbit[0m
rabbitmq-1  | 2026-08-12T12:01:54.307989757Z 2026-08-12 12:01:54.306872+00:00 [info] <0.714.0> Limiting to approx 927 file handles (832 sockets)[0m
rabbitmq-1  | 2026-08-12T12:01:54.308130215Z 2026-08-12 12:01:54.307267+00:00 [info] <0.715.0> FHC read buffering: OFF[0m
rabbitmq-1  | 2026-08-12T12:01:54.308889649Z 2026-08-12 12:01:54.307336+00:00 [info] <0.715.0> FHC write buffering: ON[0m
rabbitmq-1  | 2026-08-12T12:01:54.311127384Z [38;5;214m2026-08-12 12:01:54.309721+00:00 [warning] <0.209.0> Available file handles: 1024. Please consider increasing system limits[0m
rabbitmq-1  | 2026-08-12T12:01:54.311240981Z 2026-08-12 12:01:54.309879+00:00 [info] <0.209.0> Running boot step worker_pool defined by app rabbit[0m
rabbitmq-1  | 2026-08-12T12:01:54.311259727Z 2026-08-12 12:01:54.310170+00:00 [info] <0.553.0> Will use 2 processes for default worker pool[0m
rabbitmq-1  | 2026-08-12T12:01:54.311491258Z 2026-08-12 12:01:54.310250+00:00 [info] <0.553.0> Starting worker pool 'worker_pool' with 2 processes in it[0m
rabbitmq-1  | 2026-08-12T12:01:54.312180324Z 2026-08-12 12:01:54.310758+00:00 [info] <0.209.0> Running boot step rabbit_registry defined by app rabbit[0m
rabbitmq-1  | 2026-08-12T12:01:54.312308401Z 2026-08-12 12:01:54.310859+00:00 [info] <0.209.0> Running boot step database defined by app rabbit[0m
rabbitmq-1  | 2026-08-12T12:01:54.312703052Z 2026-08-12 12:01:54.311572+00:00 [info] <0.209.0> Peer discovery: configured backend: rabbit_peer_discovery_classic_config[0m
rabbitmq-1  | 2026-08-12T12:01:54.319060566Z 2026-08-12 12:01:54.314152+00:00 [info] <0.554.0> Feature flags: starting an unclustered node for the first time: all stable feature flags will be enabled by default[0m
rabbitmq-1  | 2026-08-12T12:01:54.320809987Z [38;5;87m2026-08-12 12:01:54.314869+00:00 [notice] <0.554.0> Feature flags: attempt to enable `rabbitmq_4.2.0`...[0m
rabbitmq-1  | 2026-08-12T12:01:54.324833586Z [38;5;87m2026-08-12 12:01:54.321522+00:00 [notice] <0.554.0> Feature flags: attempt to enable `rabbitmq_4.1.0`...[0m
rabbitmq-1  | 2026-08-12T12:01:54.332920865Z [38;5;87m2026-08-12 12:01:54.329426+00:00 [notice] <0.554.0> Feature flags: attempt to enable `rabbitmq_4.0.0`...[0m
rabbitmq-1  | 2026-08-12T12:01:54.347210791Z [38;5;87m2026-08-12 12:01:54.346656+00:00 [notice] <0.554.0> Feature flags: `rabbitmq_4.0.0` enabled[0m
rabbitmq-1  | 2026-08-12T12:01:54.359031242Z [38;5;87m2026-08-12 12:01:54.358068+00:00 [notice] <0.554.0> Feature flags: `rabbitmq_4.1.0` enabled[0m
rabbitmq-1  | 2026-08-12T12:01:54.389780558Z [38;5;87m2026-08-12 12:01:54.388070+00:00 [notice] <0.554.0> Feature flags: `rabbitmq_4.2.0` enabled[0m
rabbitmq-1  | 2026-08-12T12:01:54.390964232Z [38;5;87m2026-08-12 12:01:54.388172+00:00 [notice] <0.554.0> Feature flags: attempt to enable `rabbit_exchange_type_local_random`...[0m
rabbitmq-1  | 2026-08-12T12:01:54.405735756Z [38;5;87m2026-08-12 12:01:54.404102+00:00 [notice] <0.554.0> Feature flags: `rabbit_exchange_type_local_random` enabled[0m
rabbitmq-1  | 2026-08-12T12:01:54.408250488Z [38;5;87m2026-08-12 12:01:54.404191+00:00 [notice] <0.554.0> Feature flags: attempt to enable `quorum_queue_non_voters`...[0m
rabbitmq-1  | 2026-08-12T12:01:54.420700549Z [38;5;87m2026-08-12 12:01:54.418428+00:00 [notice] <0.554.0> Feature flags: `quorum_queue_non_voters` enabled[0m
rabbitmq-1  | 2026-08-12T12:01:54.421870583Z [38;5;87m2026-08-12 12:01:54.418549+00:00 [notice] <0.554.0> Feature flags: attempt to enable `detailed_queues_endpoint`...[0m
rabbitmq-1  | 2026-08-12T12:01:54.434754537Z [38;5;87m2026-08-12 12:01:54.431361+00:00 [notice] <0.554.0> Feature flags: `detailed_queues_endpoint` enabled[0m
rabbitmq-1  | 2026-08-12T12:01:54.434801962Z [38;5;87m2026-08-12 12:01:54.431437+00:00 [notice] <0.554.0> Feature flags: attempt to enable `message_containers_deaths_v2`...[0m
rabbitmq-1  | 2026-08-12T12:01:54.446931797Z [38;5;87m2026-08-12 12:01:54.444609+00:00 [notice] <0.554.0> Feature flags: `message_containers_deaths_v2` enabled[0m
rabbitmq-1  | 2026-08-12T12:01:54.447828891Z [38;5;87m2026-08-12 12:01:54.444693+00:00 [notice] <0.554.0> Feature flags: attempt to enable `khepri_db`...[0m
rabbitmq-1  | 2026-08-12T12:01:54.452768401Z [38;5;87m2026-08-12 12:01:54.450642+00:00 [notice] <0.554.0> Feature flags: attempt to enable `ram_node_type`...[0m
rabbitmq-1  | 2026-08-12T12:01:54.466775593Z [38;5;87m2026-08-12 12:01:54.465087+00:00 [notice] <0.554.0> Feature flags: `ram_node_type` enabled[0m
rabbitmq-1  | 2026-08-12T12:01:54.466926823Z 2026-08-12 12:01:54.465178+00:00 [info] <0.768.0> Feature flag `khepri_db`: syncing cluster membership[0m
rabbitmq-1  | 2026-08-12T12:01:54.485678927Z 2026-08-12 12:01:54.485061+00:00 [info] <0.769.0> Syncing Mnesia->Khepri clusters membership[0m
rabbitmq-1  | 2026-08-12T12:01:54.502384257Z 2026-08-12 12:01:54.501774+00:00 [info] <0.768.0> Feature flag `khepri_db`: cluster membership synchronized; members are: [rabbit@16ec29773575][0m
rabbitmq-1  | 2026-08-12T12:01:54.502740857Z 2026-08-12 12:01:54.501882+00:00 [info] <0.768.0> Feature flag `khepri_db`: unregistering legacy projections[0m
rabbitmq-1  | 2026-08-12T12:01:54.505906253Z 2026-08-12 12:01:54.505283+00:00 [info] <0.768.0> Feature flag `khepri_db`: registering projections[0m
rabbitmq-1  | 2026-08-12T12:01:57.745928238Z [38;5;87m2026-08-12 12:01:57.741177+00:00 [notice] <0.768.0> Feature flags: `khepri_db`: starting migration of 20 tables from Mnesia to Khepri; expect decrease in performance and increase in memory footprint[0m
rabbitmq-1  | 2026-08-12T12:01:57.746752792Z 2026-08-12 12:01:57.741518+00:00 [info] <0.768.0> Waiting for Mnesia tables for 30000 ms, 9 retries left[0m
rabbitmq-1  | 2026-08-12T12:01:57.748204083Z 2026-08-12 12:01:57.741678+00:00 [info] <0.768.0> Successfully synced tables from a peer[0m
rabbitmq-1  | 2026-08-12T12:01:57.750545727Z [38;5;87m2026-08-12 12:01:57.744771+00:00 [notice] <0.768.0> Feature flags: `khepri_db`: migration from Mnesia to Khepri finished[0m
rabbitmq-1  | 2026-08-12T12:01:57.804047216Z [38;5;87m2026-08-12 12:01:57.803504+00:00 [notice] <0.45.0> Application mnesia exited with reason: stopped[0m
rabbitmq-1  | 2026-08-12T12:01:57.807915531Z [38;5;87m2026-08-12 12:01:57.807222+00:00 [notice] <0.554.0> Feature flags: `khepri_db` enabled[0m
rabbitmq-1  | 2026-08-12T12:01:57.808799242Z 2026-08-12 12:01:57.807488+00:00 [info] <0.209.0> DB: virgin node -> run peer discovery[0m
rabbitmq-1  | 2026-08-12T12:01:57.809325356Z [38;5;214m2026-08-12 12:01:57.808074+00:00 [warning] <0.209.0> Classic peer discovery backend: list of nodes does not contain the local node [][0m
rabbitmq-1  | 2026-08-12T12:01:57.809744276Z [38;5;87m2026-08-12 12:01:57.808195+00:00 [notice] <0.209.0> Found the following metadata store members: [{rabbitmq_metadata,[0m
rabbitmq-1  | 2026-08-12T12:01:57.809822103Z [38;5;87m2026-08-12 12:01:57.808195+00:00 [notice] <0.209.0>                                               rabbit@16ec29773575}][0m
rabbitmq-1  | 2026-08-12T12:01:57.837071831Z 2026-08-12 12:01:57.836580+00:00 [info] <0.209.0> Running boot step tracking_metadata_store defined by app rabbit[0m
rabbitmq-1  | 2026-08-12T12:01:57.837766535Z 2026-08-12 12:01:57.837225+00:00 [info] <0.1026.0> Setting up a table for connection tracking on this node: tracked_connection[0m
rabbitmq-1  | 2026-08-12T12:01:57.838055744Z 2026-08-12 12:01:57.837309+00:00 [info] <0.1026.0> Setting up a table for per-vhost connection counting on this node: tracked_connection_per_vhost[0m
rabbitmq-1  | 2026-08-12T12:01:57.840258658Z 2026-08-12 12:01:57.837389+00:00 [info] <0.1026.0> Setting up a table for per-user connection counting on this node: tracked_connection_per_user[0m
rabbitmq-1  | 2026-08-12T12:01:57.841158242Z 2026-08-12 12:01:57.837523+00:00 [info] <0.1026.0> Setting up a table for channel tracking on this node: tracked_channel[0m
rabbitmq-1  | 2026-08-12T12:01:57.841272149Z 2026-08-12 12:01:57.837869+00:00 [info] <0.1026.0> Setting up a table for channel tracking on this node: tracked_channel_per_user[0m
rabbitmq-1  | 2026-08-12T12:01:57.841699670Z 2026-08-12 12:01:57.838104+00:00 [info] <0.209.0> Running boot step networking_metadata_store defined by app rabbit[0m
rabbitmq-1  | 2026-08-12T12:01:57.842260817Z 2026-08-12 12:01:57.838363+00:00 [info] <0.209.0> Running boot step feature_flags defined by app rabbit[0m
rabbitmq-1  | 2026-08-12T12:01:57.843512333Z 2026-08-12 12:01:57.838634+00:00 [info] <0.209.0> Running boot step auth_backend_plugins_check defined by app rabbit[0m
rabbitmq-1  | 2026-08-12T12:01:57.843843777Z 2026-08-12 12:01:57.838698+00:00 [info] <0.209.0> Running boot step codec_correctness_check defined by app rabbit[0m
rabbitmq-1  | 2026-08-12T12:01:57.844973973Z 2026-08-12 12:01:57.838779+00:00 [info] <0.209.0> Running boot step external_infrastructure defined by app rabbit[0m
rabbitmq-1  | 2026-08-12T12:01:57.844990265Z 2026-08-12 12:01:57.838840+00:00 [info] <0.209.0> Running boot step rabbit_event defined by app rabbit[0m
rabbitmq-1  | 2026-08-12T12:01:57.845587214Z 2026-08-12 12:01:57.838991+00:00 [info] <0.209.0> Running boot step rabbit_auth_mechanism_amqplain defined by app rabbit[0m
rabbitmq-1  | 2026-08-12T12:01:57.845633085Z 2026-08-12 12:01:57.839106+00:00 [info] <0.209.0> Running boot step rabbit_auth_mechanism_anonymous defined by app rabbit[0m
rabbitmq-1  | 2026-08-12T12:01:57.846030048Z 2026-08-12 12:01:57.839204+00:00 [info] <0.209.0> Running boot step rabbit_auth_mechanism_cr_demo defined by app rabbit[0m
rabbitmq-1  | 2026-08-12T12:01:57.846424075Z 2026-08-12 12:01:57.839263+00:00 [info] <0.209.0> Running boot step rabbit_auth_mechanism_plain defined by app rabbit[0m
rabbitmq-1  | 2026-08-12T12:01:57.847199542Z 2026-08-12 12:01:57.839310+00:00 [info] <0.209.0> Running boot step rabbit_exchange_type_direct defined by app rabbit[0m
rabbitmq-1  | 2026-08-12T12:01:57.847904385Z 2026-08-12 12:01:57.839401+00:00 [info] <0.209.0> Running boot step rabbit_exchange_type_fanout defined by app rabbit[0m
rabbitmq-1  | 2026-08-12T12:01:57.848452876Z 2026-08-12 12:01:57.839535+00:00 [info] <0.209.0> Running boot step rabbit_exchange_type_headers defined by app rabbit[0m
rabbitmq-1  | 2026-08-12T12:01:57.848475671Z 2026-08-12 12:01:57.839912+00:00 [info] <0.209.0> Running boot step rabbit_exchange_type_local_random defined by app rabbit[0m
rabbitmq-1  | 2026-08-12T12:01:57.848885291Z 2026-08-12 12:01:57.840186+00:00 [info] <0.209.0> Running boot step rabbit_exchange_type_topic defined by app rabbit[0m
rabbitmq-1  | 2026-08-12T12:01:57.849610832Z 2026-08-12 12:01:57.840332+00:00 [info] <0.209.0> Running boot step rabbit_priority_queue defined by app rabbit[0m
rabbitmq-1  | 2026-08-12T12:01:57.849631879Z 2026-08-12 12:01:57.840776+00:00 [info] <0.209.0> Priority queues enabled, real BQ is rabbit_variable_queue[0m
rabbitmq-1  | 2026-08-12T12:01:57.850400144Z 2026-08-12 12:01:57.841005+00:00 [info] <0.209.0> Running boot step kernel_ready defined by app rabbit[0m
rabbitmq-1  | 2026-08-12T12:01:57.850866473Z 2026-08-12 12:01:57.841509+00:00 [info] <0.209.0> Running boot step pg_local_amqp_connection defined by app rabbit[0m
rabbitmq-1  | 2026-08-12T12:01:57.861984670Z 2026-08-12 12:01:57.861193+00:00 [info] <0.209.0> Running boot step pg_local_amqp_session defined by app rabbit[0m
rabbitmq-1  | 2026-08-12T12:01:57.862783212Z 2026-08-12 12:01:57.861356+00:00 [info] <0.209.0> Running boot step rabbit_sysmon_minder defined by app rabbit[0m
rabbitmq-1  | 2026-08-12T12:01:57.864513853Z 2026-08-12 12:01:57.861529+00:00 [info] <0.209.0> Running boot step rabbit_epmd_monitor defined by app rabbit[0m
rabbitmq-1  | 2026-08-12T12:01:57.865287712Z 2026-08-12 12:01:57.863585+00:00 [info] <0.1035.0> epmd monitor knows us, inter-node communication (distribution) port: 25672[0m
rabbitmq-1  | 2026-08-12T12:01:57.865591256Z 2026-08-12 12:01:57.863862+00:00 [info] <0.209.0> Running boot step guid_generator defined by app rabbit[0m
rabbitmq-1  | 2026-08-12T12:01:57.869797377Z 2026-08-12 12:01:57.867525+00:00 [info] <0.209.0> Running boot step rabbit_node_monitor defined by app rabbit[0m
rabbitmq-1  | 2026-08-12T12:01:57.870548231Z 2026-08-12 12:01:57.867786+00:00 [info] <0.1039.0> Starting rabbit_node_monitor (partition handling strategy unapplicable with Khepri)[0m
rabbitmq-1  | 2026-08-12T12:01:57.870866529Z 2026-08-12 12:01:57.867948+00:00 [info] <0.209.0> Running boot step delegate_sup defined by app rabbit[0m
rabbitmq-1  | 2026-08-12T12:01:57.872084970Z 2026-08-12 12:01:57.868839+00:00 [info] <0.209.0> Running boot step rabbit_fifo_dlx_sup defined by app rabbit[0m
rabbitmq-1  | 2026-08-12T12:01:57.873189574Z 2026-08-12 12:01:57.868901+00:00 [info] <0.209.0> Running boot step core_initialized defined by app rabbit[0m
rabbitmq-1  | 2026-08-12T12:01:57.874658835Z 2026-08-12 12:01:57.868943+00:00 [info] <0.209.0> Running boot step rabbit_channel_tracking_handler defined by app rabbit[0m
rabbitmq-1  | 2026-08-12T12:01:57.875421576Z 2026-08-12 12:01:57.869005+00:00 [info] <0.209.0> Running boot step rabbit_classic_queue_type defined by app rabbit[0m
rabbitmq-1  | 2026-08-12T12:01:57.875439687Z 2026-08-12 12:01:57.869074+00:00 [info] <0.209.0> Running boot step rabbit_classic_queue defined by app rabbit[0m
rabbitmq-1  | 2026-08-12T12:01:57.876045446Z 2026-08-12 12:01:57.869128+00:00 [info] <0.209.0> Running boot step rabbit_connection_tracking_handler defined by app rabbit[0m
rabbitmq-1  | 2026-08-12T12:01:57.876328572Z 2026-08-12 12:01:57.869168+00:00 [info] <0.209.0> Running boot step rabbit_definitions_hashing defined by app rabbit[0m
rabbitmq-1  | 2026-08-12T12:01:57.876977684Z 2026-08-12 12:01:57.869255+00:00 [info] <0.209.0> Running boot step rabbit_exchange_parameters defined by app rabbit[0m
rabbitmq-1  | 2026-08-12T12:01:57.877006633Z 2026-08-12 12:01:57.871137+00:00 [info] <0.209.0> Running boot step rabbit_policies defined by app rabbit[0m
rabbitmq-1  | 2026-08-12T12:01:57.877677213Z 2026-08-12 12:01:57.871456+00:00 [info] <0.209.0> Running boot step rabbit_quorum_queue_type defined by app rabbit[0m
rabbitmq-1  | 2026-08-12T12:01:57.878652316Z 2026-08-12 12:01:57.871576+00:00 [info] <0.209.0> Running boot step rabbit_stream_queue defined by app rabbit[0m
rabbitmq-1  | 2026-08-12T12:01:57.878881389Z 2026-08-12 12:01:57.871695+00:00 [info] <0.209.0> Running boot step rabbit_policy defined by app rabbit[0m
rabbitmq-1  | 2026-08-12T12:01:57.879004597Z 2026-08-12 12:01:57.871778+00:00 [info] <0.209.0> Running boot step rabbit_quorum_event_subscriber defined by app rabbit[0m
rabbitmq-1  | 2026-08-12T12:01:57.879024456Z 2026-08-12 12:01:57.871871+00:00 [info] <0.209.0> Running boot step rabbit_quorum_memory_manager defined by app rabbit[0m
rabbitmq-1  | 2026-08-12T12:01:57.879708111Z 2026-08-12 12:01:57.872148+00:00 [info] <0.209.0> Running boot step rabbit_quorum_queue defined by app rabbit[0m
rabbitmq-1  | 2026-08-12T12:01:57.879775729Z 2026-08-12 12:01:57.872618+00:00 [info] <0.209.0> Running boot step rabbit_stream_coordinator defined by app rabbit[0m
rabbitmq-1  | 2026-08-12T12:01:57.880579585Z 2026-08-12 12:01:57.872856+00:00 [info] <0.209.0> Running boot step rabbit_vhost_limit defined by app rabbit[0m
rabbitmq-1  | 2026-08-12T12:01:57.880619163Z 2026-08-12 12:01:57.872945+00:00 [info] <0.209.0> Running boot step rabbit_exchange_type_delayed_message defined by app rabbitmq_delayed_message_exchange[0m
rabbitmq-1  | 2026-08-12T12:01:57.881638388Z 2026-08-12 12:01:57.873097+00:00 [info] <0.209.0> Running boot step rabbit_mgmt_reset_handler defined by app rabbitmq_management[0m
rabbitmq-1  | 2026-08-12T12:01:57.882651669Z 2026-08-12 12:01:57.873265+00:00 [info] <0.209.0> Running boot step rabbit_mgmt_db_handler defined by app rabbitmq_management_agent[0m
rabbitmq-1  | 2026-08-12T12:01:57.883588313Z 2026-08-12 12:01:57.873413+00:00 [info] <0.209.0> Management plugin: using rates mode 'basic'[0m
rabbitmq-1  | 2026-08-12T12:01:57.883611878Z 2026-08-12 12:01:57.873776+00:00 [info] <0.209.0> Running boot step recovery defined by app rabbit[0m
rabbitmq-1  | 2026-08-12T12:01:57.883664461Z 2026-08-12 12:01:57.873914+00:00 [info] <0.209.0> Running boot step prevent_startup_if_node_was_reset defined by app rabbit[0m
rabbitmq-1  | 2026-08-12T12:01:57.884401680Z 2026-08-12 12:01:57.873982+00:00 [info] <0.209.0> Running boot step empty_db_check defined by app rabbit[0m
rabbitmq-1  | 2026-08-12T12:01:57.884424125Z 2026-08-12 12:01:57.874096+00:00 [info] <0.209.0> Will seed default virtual host and user...[0m
rabbitmq-1  | 2026-08-12T12:01:57.884439579Z 2026-08-12 12:01:57.874189+00:00 [info] <0.209.0> Adding vhost '/' (description: 'Default virtual host', tags: [])[0m
rabbitmq-1  | 2026-08-12T12:01:57.905150911Z 2026-08-12 12:01:57.904437+00:00 [info] <0.1066.0> Making sure data directory '/var/lib/rabbitmq/mnesia/rabbit@16ec29773575/msg_stores/vhosts/628WB79CIFDYO9LJI6DKMI09L' for vhost '/' exists[0m
rabbitmq-1  | 2026-08-12T12:01:57.909055656Z 2026-08-12 12:01:57.907735+00:00 [info] <0.1066.0> Setting segment_entry_count for vhost '/' with 0 queues to '2048'[0m
rabbitmq-1  | 2026-08-12T12:01:57.937936872Z 2026-08-12 12:01:57.937169+00:00 [info] <0.1066.0> Starting message stores for vhost '/'[0m
rabbitmq-1  | 2026-08-12T12:01:57.941781832Z 2026-08-12 12:01:57.940885+00:00 [info] <0.1066.0> Started message store of type transient for vhost '/'[0m
rabbitmq-1  | 2026-08-12T12:01:58.016663917Z [38;5;214m2026-08-12 12:01:58.015815+00:00 [warning] <0.1078.0> Message store "628WB79CIFDYO9LJI6DKMI09L/msg_store_persistent": rebuilding indices from scratch[0m
rabbitmq-1  | 2026-08-12T12:01:58.020860024Z 2026-08-12 12:01:58.020315+00:00 [info] <0.1066.0> Started message store of type persistent for vhost '/'[0m
rabbitmq-1  | 2026-08-12T12:01:58.021140469Z 2026-08-12 12:01:58.020542+00:00 [info] <0.1066.0> Recovering 0 queues of type rabbit_classic_queue took 109ms[0m
rabbitmq-1  | 2026-08-12T12:01:58.024069297Z 2026-08-12 12:01:58.021359+00:00 [info] <0.1066.0> Recovering 0 queues of type rabbit_quorum_queue took 0ms[0m
rabbitmq-1  | 2026-08-12T12:01:58.025703509Z 2026-08-12 12:01:58.021465+00:00 [info] <0.1066.0> Recovering 0 queues of type rabbit_stream_queue took 0ms[0m
rabbitmq-1  | 2026-08-12T12:01:58.063144328Z 2026-08-12 12:01:58.062404+00:00 [info] <0.209.0> Created user 'vicione_ci'[0m
rabbitmq-1  | 2026-08-12T12:01:58.105311448Z 2026-08-12 12:01:58.104442+00:00 [info] <0.209.0> Successfully set user tags for user 'vicione_ci' to [administrator][0m
rabbitmq-1  | 2026-08-12T12:01:58.127597507Z 2026-08-12 12:01:58.126420+00:00 [info] <0.209.0> Successfully set permissions for user 'vicione_ci' in virtual host '/' to '.*', '.*', '.*'[0m
rabbitmq-1  | 2026-08-12T12:01:58.127969684Z 2026-08-12 12:01:58.126590+00:00 [info] <0.209.0> Running boot step rabbit_observer_cli defined by app rabbit[0m
rabbitmq-1  | 2026-08-12T12:01:58.128477435Z 2026-08-12 12:01:58.126959+00:00 [info] <0.209.0> Running boot step rabbit_core_metrics_gc defined by app rabbit[0m
rabbitmq-1  | 2026-08-12T12:01:58.129188089Z 2026-08-12 12:01:58.127117+00:00 [info] <0.209.0> Running boot step background_gc defined by app rabbit[0m
rabbitmq-1  | 2026-08-12T12:01:58.129405187Z 2026-08-12 12:01:58.127360+00:00 [info] <0.209.0> Running boot step rabbit_observer_cli_classic_queues defined by app rabbit[0m
rabbitmq-1  | 2026-08-12T12:01:58.129928599Z 2026-08-12 12:01:58.127463+00:00 [info] <0.209.0> Running boot step rabbit_observer_cli_quorum_queues defined by app rabbit[0m
rabbitmq-1  | 2026-08-12T12:01:58.131551065Z 2026-08-12 12:01:58.127918+00:00 [info] <0.209.0> Running boot step routing_ready defined by app rabbit[0m
rabbitmq-1  | 2026-08-12T12:01:58.131631612Z 2026-08-12 12:01:58.127961+00:00 [info] <0.209.0> Running boot step pre_flight defined by app rabbit[0m
rabbitmq-1  | 2026-08-12T12:01:58.131650490Z 2026-08-12 12:01:58.128007+00:00 [info] <0.209.0> Running boot step notify_cluster defined by app rabbit[0m
rabbitmq-1  | 2026-08-12T12:01:58.131700691Z 2026-08-12 12:01:58.128057+00:00 [info] <0.209.0> Running boot step networking defined by app rabbit[0m
rabbitmq-1  | 2026-08-12T12:01:58.131722436Z 2026-08-12 12:01:58.128122+00:00 [info] <0.209.0> Running boot step rabbit_delayed_message defined by app rabbitmq_delayed_message_exchange[0m
rabbitmq-1  | 2026-08-12T12:01:58.218986903Z 2026-08-12 12:01:58.218374+00:00 [info] <0.209.0> Waiting for Mnesia tables for 30000 ms, 0 retries left[0m
rabbitmq-1  | 2026-08-12T12:01:58.220262921Z 2026-08-12 12:01:58.218531+00:00 [info] <0.209.0> Successfully synced tables from a peer[0m
rabbitmq-1  | 2026-08-12T12:01:58.220756408Z 2026-08-12 12:01:58.218570+00:00 [info] <0.209.0> Running boot step rabbit_quorum_queue_periodic_membership_reconciliation defined by app rabbit[0m
rabbitmq-1  | 2026-08-12T12:01:58.221897343Z 2026-08-12 12:01:58.219195+00:00 [info] <0.209.0> Running boot step definition_import_worker_pool defined by app rabbit[0m
rabbitmq-1  | 2026-08-12T12:01:58.222008514Z 2026-08-12 12:01:58.219319+00:00 [info] <0.553.0> Starting worker pool 'definition_import_pool' with 2 processes in it[0m
rabbitmq-1  | 2026-08-12T12:01:58.223157769Z 2026-08-12 12:01:58.220171+00:00 [info] <0.209.0> Running boot step cluster_name defined by app rabbit[0m
rabbitmq-1  | 2026-08-12T12:01:58.224715141Z 2026-08-12 12:01:58.220948+00:00 [info] <0.209.0> Initialising internal cluster ID to 'rabbitmq-cluster-id-FE3NamBTL_UoROxITobQ4g'[0m
rabbitmq-1  | 2026-08-12T12:01:58.225793358Z 2026-08-12 12:01:58.224811+00:00 [info] <0.209.0> Running boot step virtual_host_reconciliation defined by app rabbit[0m
rabbitmq-1  | 2026-08-12T12:01:58.227217604Z 2026-08-12 12:01:58.225106+00:00 [info] <0.209.0> Running boot step direct_client defined by app rabbit[0m
rabbitmq-1  | 2026-08-12T12:01:58.227254521Z 2026-08-12 12:01:58.225235+00:00 [info] <0.209.0> Running boot step logger_exchange defined by app rabbit[0m
rabbitmq-1  | 2026-08-12T12:01:58.228344695Z 2026-08-12 12:01:58.227654+00:00 [info] <0.209.0> Running boot step cluster_tags defined by app rabbit[0m
rabbitmq-1  | 2026-08-12T12:01:58.231923140Z 2026-08-12 12:01:58.231218+00:00 [info] <0.209.0> Running boot step rabbit_delayed_message_supervisor defined by app rabbitmq_delayed_message_exchange[0m
rabbitmq-1  | 2026-08-12T12:01:58.233157696Z 2026-08-12 12:01:58.231885+00:00 [info] <0.209.0> Running boot step rabbit_management_load_definitions defined by app rabbitmq_management[0m
rabbitmq-1  | 2026-08-12T12:01:58.233426813Z 2026-08-12 12:01:58.232291+00:00 [info] <0.1166.0> Resetting node maintenance status[0m
rabbitmq-1  | 2026-08-12T12:01:58.261707430Z [38;5;214m2026-08-12 12:01:58.260866+00:00 [warning] <0.1183.0> Deprecated features: `management_metrics_collection`: Feature `management_metrics_collection` is deprecated.[0m
rabbitmq-1  | 2026-08-12T12:01:58.261747843Z [38;5;214m2026-08-12 12:01:58.260866+00:00 [warning] <0.1183.0> By default, this feature can still be used for now.[0m
rabbitmq-1  | 2026-08-12T12:01:58.261766092Z [38;5;214m2026-08-12 12:01:58.260866+00:00 [warning] <0.1183.0> Its use will not be permitted by default in a future minor RabbitMQ version and the feature will be removed from a future major RabbitMQ version; actual versions to be determined.[0m
rabbitmq-1  | 2026-08-12T12:01:58.261779936Z [38;5;214m2026-08-12 12:01:58.260866+00:00 [warning] <0.1183.0> To continue using this feature when it is not permitted by default, set the following parameter in your configuration:[0m
rabbitmq-1  | 2026-08-12T12:01:58.261793640Z [38;5;214m2026-08-12 12:01:58.260866+00:00 [warning] <0.1183.0>     "deprecated_features.permit.management_metrics_collection = true"[0m
rabbitmq-1  | 2026-08-12T12:01:58.261807204Z [38;5;214m2026-08-12 12:01:58.260866+00:00 [warning] <0.1183.0> To test RabbitMQ as if the feature was removed, set this in your configuration:[0m
rabbitmq-1  | 2026-08-12T12:01:58.261840905Z [38;5;214m2026-08-12 12:01:58.260866+00:00 [warning] <0.1183.0>     "deprecated_features.permit.management_metrics_collection = false"[0m
rabbitmq-1  | 2026-08-12T12:01:58.371684460Z 2026-08-12 12:01:58.369650+00:00 [info] <0.1219.0> Management plugin: HTTP (non-TLS) listener started on port 15672[0m
rabbitmq-1  | 2026-08-12T12:01:58.372462726Z 2026-08-12 12:01:58.370699+00:00 [info] <0.1247.0> Statistics database started.[0m
rabbitmq-1  | 2026-08-12T12:01:58.376034528Z 2026-08-12 12:01:58.370849+00:00 [info] <0.1246.0> Starting worker pool 'management_worker_pool' with 3 processes in it[0m
rabbitmq-1  | 2026-08-12T12:01:58.378365132Z 2026-08-12 12:01:58.377840+00:00 [info] <0.1166.0> Ready to start client connection listeners[0m
rabbitmq-1  | 2026-08-12T12:01:58.385279681Z 2026-08-12 12:01:58.383726+00:00 [info] <0.1274.0> started TCP listener on [::]:5672[0m
rabbitmq-1  | 2026-08-12T12:01:58.628795538Z  completed with 4 plugins.
rabbitmq-1  | 2026-08-12T12:01:58.629282523Z 2026-08-12 12:01:58.628302+00:00 [info] <0.1166.0> Server startup complete; 4 plugins started.[0m
rabbitmq-1  | 2026-08-12T12:01:58.629303568Z 2026-08-12 12:01:58.628302+00:00 [info] <0.1166.0>  * rabbitmq_delayed_message_exchange[0m
rabbitmq-1  | 2026-08-12T12:01:58.629320838Z 2026-08-12 12:01:58.628302+00:00 [info] <0.1166.0>  * rabbitmq_management[0m
rabbitmq-1  | 2026-08-12T12:01:58.629337968Z 2026-08-12 12:01:58.628302+00:00 [info] <0.1166.0>  * rabbitmq_management_agent[0m
rabbitmq-1  | 2026-08-12T12:01:58.629354959Z 2026-08-12 12:01:58.628302+00:00 [info] <0.1166.0>  * rabbitmq_web_dispatch[0m
rabbitmq-1  | 2026-08-12T12:01:58.635550743Z 2026-08-12 12:01:58.634648+00:00 [info] <0.10.0> Time to start RabbitMQ: 13133 ms[0m
rabbitmq-1  | 2026-08-12T12:02:26.296332561Z 2026-08-12 12:02:26.294363+00:00 [info] <0.1339.0> Adding vhost 'test' (description: '', tags: [])[0m
rabbitmq-1  | 2026-08-12T12:02:26.315898238Z 2026-08-12 12:02:26.313339+00:00 [info] <0.1343.0> Making sure data directory '/var/lib/rabbitmq/mnesia/rabbit@16ec29773575/msg_stores/vhosts/KDISMNX5MOYU6Q6PZT8TQDPY' for vhost 'test' exists[0m
rabbitmq-1  | 2026-08-12T12:02:26.317605759Z 2026-08-12 12:02:26.315555+00:00 [info] <0.1343.0> Setting segment_entry_count for vhost 'test' with 0 queues to '2048'[0m
rabbitmq-1  | 2026-08-12T12:02:26.323636754Z 2026-08-12 12:02:26.322801+00:00 [info] <0.1343.0> Starting message stores for vhost 'test'[0m
rabbitmq-1  | 2026-08-12T12:02:26.326838766Z 2026-08-12 12:02:26.325938+00:00 [info] <0.1343.0> Started message store of type transient for vhost 'test'[0m
rabbitmq-1  | 2026-08-12T12:02:26.334097144Z [38;5;214m2026-08-12 12:02:26.328494+00:00 [warning] <0.1354.0> Message store "KDISMNX5MOYU6Q6PZT8TQDPY/msg_store_persistent": rebuilding indices from scratch[0m
rabbitmq-1  | 2026-08-12T12:02:26.338030401Z 2026-08-12 12:02:26.336145+00:00 [info] <0.1343.0> Started message store of type persistent for vhost 'test'[0m
rabbitmq-1  | 2026-08-12T12:02:26.339150466Z 2026-08-12 12:02:26.336398+00:00 [info] <0.1343.0> Recovering 0 queues of type rabbit_classic_queue took 19ms[0m
rabbitmq-1  | 2026-08-12T12:02:26.341472832Z 2026-08-12 12:02:26.336477+00:00 [info] <0.1343.0> Recovering 0 queues of type rabbit_quorum_queue took 0ms[0m
rabbitmq-1  | 2026-08-12T12:02:26.343061785Z 2026-08-12 12:02:26.336766+00:00 [info] <0.1343.0> Recovering 0 queues of type rabbit_stream_queue took 0ms[0m
rabbitmq-1  | 2026-08-12T12:02:26.348718913Z 2026-08-12 12:02:26.347328+00:00 [info] <0.1339.0> Successfully set permissions for user 'vicione_ci' in virtual host 'test' to '.*', '.*', '.*'[0m
rabbitmq-1  | 2026-08-12T12:02:26.457277729Z 2026-08-12 12:02:26.456604+00:00 [info] <0.1369.0> Adding vhost 'test-exclusive-should-give-every-waiting-caller-the-same-answer' (description: '', tags: [])[0m
rabbitmq-1  | 2026-08-12T12:02:26.477830232Z 2026-08-12 12:02:26.477011+00:00 [info] <0.1373.0> Making sure data directory '/var/lib/rabbitmq/mnesia/rabbit@16ec29773575/msg_stores/vhosts/B0C0C00JZXUDIT9UTKBWD1PKH' for vhost 'test-exclusive-should-give-every-waiting-caller-the-same-answer' exists[0m
rabbitmq-1  | 2026-08-12T12:02:26.480019986Z 2026-08-12 12:02:26.479030+00:00 [info] <0.1373.0> Setting segment_entry_count for vhost 'test-exclusive-should-give-every-waiting-caller-the-same-answer' with 0 queues to '2048'[0m
rabbitmq-1  | 2026-08-12T12:02:26.495340022Z 2026-08-12 12:02:26.492998+00:00 [info] <0.1373.0> Starting message stores for vhost 'test-exclusive-should-give-every-waiting-caller-the-same-answer'[0m
rabbitmq-1  | 2026-08-12T12:02:26.499389472Z 2026-08-12 12:02:26.496598+00:00 [info] <0.1373.0> Started message store of type transient for vhost 'test-exclusive-should-give-every-waiting-caller-the-same-answer'[0m
rabbitmq-1  | 2026-08-12T12:02:26.500075303Z [38;5;214m2026-08-12 12:02:26.498114+00:00 [warning] <0.1384.0> Message store "B0C0C00JZXUDIT9UTKBWD1PKH/msg_store_persistent": rebuilding indices from scratch[0m
rabbitmq-1  | 2026-08-12T12:02:26.501864849Z 2026-08-12 12:02:26.500859+00:00 [info] <0.1373.0> Started message store of type persistent for vhost 'test-exclusive-should-give-every-waiting-caller-the-same-answer'[0m
rabbitmq-1  | 2026-08-12T12:02:26.502458873Z 2026-08-12 12:02:26.501051+00:00 [info] <0.1373.0> Recovering 0 queues of type rabbit_classic_queue took 17ms[0m
rabbitmq-1  | 2026-08-12T12:02:26.503249018Z 2026-08-12 12:02:26.501123+00:00 [info] <0.1373.0> Recovering 0 queues of type rabbit_quorum_queue took 0ms[0m
rabbitmq-1  | 2026-08-12T12:02:26.504828539Z 2026-08-12 12:02:26.501222+00:00 [info] <0.1373.0> Recovering 0 queues of type rabbit_stream_queue took 0ms[0m
rabbitmq-1  | 2026-08-12T12:02:26.509594352Z 2026-08-12 12:02:26.509072+00:00 [info] <0.1369.0> Successfully set permissions for user 'vicione_ci' in virtual host 'test-exclusive-should-give-every-waiting-caller-the-same-answer' to '.*', '.*', '.*'[0m
rabbitmq-1  | 2026-08-12T12:02:26.872488313Z 2026-08-12 12:02:26.871208+00:00 [info] <0.1400.0> accepting AMQP connection 172.19.0.1:60100 -> 172.19.0.2:5672[0m
rabbitmq-1  | 2026-08-12T12:02:26.922970882Z 2026-08-12 12:02:26.920979+00:00 [info] <0.1400.0> connection 172.19.0.1:60100 -> 172.19.0.2:5672 has a client-provided name: testhost[0m
rabbitmq-1  | 2026-08-12T12:02:26.931881305Z 2026-08-12 12:02:26.931295+00:00 [info] <0.1400.0> connection 172.19.0.1:60100 -> 172.19.0.2:5672 - testhost: user 'vicione_ci' authenticated and granted access to vhost 'test-exclusive-should-give-every-waiting-caller-the-same-answer'[0m
rabbitmq-1  | 2026-08-12T12:02:27.199711105Z 2026-08-12 12:02:27.198534+00:00 [info] <0.1428.0> accepting AMQP connection 172.19.0.1:59650 -> 172.19.0.2:5672[0m
rabbitmq-1  | 2026-08-12T12:02:27.211773085Z 2026-08-12 12:02:27.210394+00:00 [info] <0.1428.0> connection 172.19.0.1:59650 -> 172.19.0.2:5672: user 'vicione_ci' authenticated and granted access to vhost 'test-exclusive-should-give-every-waiting-caller-the-same-answer'[0m
rabbitmq-1  | 2026-08-12T12:02:27.408294897Z 2026-08-12 12:02:27.406596+00:00 [info] <0.1428.0> closing AMQP connection (172.19.0.1:59650 -> 172.19.0.2:5672, vhost: 'test-exclusive-should-give-every-waiting-caller-the-same-answer', user: 'vicione_ci', duration: '208ms')[0m
rabbitmq-1  | 2026-08-12T12:02:27.411693816Z 2026-08-12 12:02:27.410690+00:00 [info] <0.1452.0> accepting AMQP connection 172.19.0.1:59660 -> 172.19.0.2:5672[0m
rabbitmq-1  | 2026-08-12T12:02:27.418999741Z 2026-08-12 12:02:27.417991+00:00 [info] <0.1452.0> connection 172.19.0.1:59660 -> 172.19.0.2:5672 has a client-provided name: testhost[0m
rabbitmq-1  | 2026-08-12T12:02:27.420988703Z 2026-08-12 12:02:27.419995+00:00 [info] <0.1452.0> connection 172.19.0.1:59660 -> 172.19.0.2:5672 - testhost: user 'vicione_ci' authenticated and granted access to vhost 'test-exclusive-should-give-every-waiting-caller-the-same-answer'[0m
rabbitmq-1  | 2026-08-12T12:02:27.451807583Z [38;5;160m2026-08-12 12:02:27.450880+00:00 [error] <0.1461.0> Channel error on connection <0.1452.0> (172.19.0.1:59660 -> 172.19.0.2:5672, vhost: 'test-exclusive-should-give-every-waiting-caller-the-same-answer', user: 'vicione_ci'), channel 1:[0m
rabbitmq-1  | 2026-08-12T12:02:27.451858588Z [38;5;160m2026-08-12 12:02:27.450880+00:00 [error] <0.1461.0> operation queue.declare caused a channel exception resource_locked: cannot obtain exclusive access to locked queue 'exclusively-yours' in vhost 'test-exclusive-should-give-every-waiting-caller-the-same-answer'. It could be originally declared on another connection or the exclusive property value does not match that of the original declaration.[0m
rabbitmq-1  | 2026-08-12T12:02:27.531176497Z 2026-08-12 12:02:27.528944+00:00 [info] <0.1400.0> closing AMQP connection (172.19.0.1:60100 -> 172.19.0.2:5672 - testhost, vhost: 'test-exclusive-should-give-every-waiting-caller-the-same-answer', user: 'vicione_ci', duration: '681ms')[0m
rabbitmq-1  | 2026-08-12T12:02:27.546520785Z 2026-08-12 12:02:27.541639+00:00 [info] <0.1452.0> closing AMQP connection (172.19.0.1:59660 -> 172.19.0.2:5672 - testhost, vhost: 'test-exclusive-should-give-every-waiting-caller-the-same-answer', user: 'vicione_ci', duration: '132ms')[0m
rabbitmq-1  | 2026-08-12T12:02:27.546931055Z 2026-08-12 12:02:27.544309+00:00 [info] <0.1486.0> Deleting vhost 'test-exclusive-should-give-every-waiting-caller-the-same-answer'[0m
rabbitmq-1  | 2026-08-12T12:02:27.547712890Z 2026-08-12 12:02:27.544392+00:00 [info] <0.1486.0> Clearing permissions in vhost 'test-exclusive-should-give-every-waiting-caller-the-same-answer' because it's being deleted[0m
rabbitmq-1  | 2026-08-12T12:02:27.555180981Z 2026-08-12 12:02:27.553823+00:00 [info] <0.1486.0> Deleting queues in vhost 'test-exclusive-should-give-every-waiting-caller-the-same-answer' because it's being deleted[0m
rabbitmq-1  | 2026-08-12T12:02:27.562754225Z 2026-08-12 12:02:27.560949+00:00 [info] <0.1486.0> Deleting exchanges in vhost 'test-exclusive-should-give-every-waiting-caller-the-same-answer' because it's being deleted[0m
rabbitmq-1  | 2026-08-12T12:02:27.600383310Z 2026-08-12 12:02:27.599783+00:00 [info] <0.1486.0> Clearing policies and runtime parameters in vhost 'test-exclusive-should-give-every-waiting-caller-the-same-answer' because it's being deleted[0m
rabbitmq-1  | 2026-08-12T12:02:27.606122073Z 2026-08-12 12:02:27.603463+00:00 [info] <0.1494.0> Closing all connections in vhost 'test-exclusive-should-give-every-waiting-caller-the-same-answer' because it's being deleted[0m
rabbitmq-1  | 2026-08-12T12:02:27.606212343Z 2026-08-12 12:02:27.603712+00:00 [info] <0.1486.0> Stopping vhost supervisor <0.1372.0> for vhost 'test-exclusive-should-give-every-waiting-caller-the-same-answer'[0m
rabbitmq-1  | 2026-08-12T12:02:27.606226317Z 2026-08-12 12:02:27.603869+00:00 [info] <0.1373.0> Virtual host 'test-exclusive-should-give-every-waiting-caller-the-same-answer' is stopping[0m
rabbitmq-1  | 2026-08-12T12:02:27.606243365Z 2026-08-12 12:02:27.604043+00:00 [info] <0.1384.0> Stopping message store for directory '/var/lib/rabbitmq/mnesia/rabbit@16ec29773575/msg_stores/vhosts/B0C0C00JZXUDIT9UTKBWD1PKH/msg_store_persistent'[0m
rabbitmq-1  | 2026-08-12T12:02:27.606259924Z 2026-08-12 12:02:27.604423+00:00 [info] <0.1496.0> Closing all connections in vhost 'test-exclusive-should-give-every-waiting-caller-the-same-answer' on node 'rabbit@16ec29773575' because the vhost is stopping[0m
rabbitmq-1  | 2026-08-12T12:02:27.614969658Z 2026-08-12 12:02:27.614470+00:00 [info] <0.1384.0> Message store for directory '/var/lib/rabbitmq/mnesia/rabbit@16ec29773575/msg_stores/vhosts/B0C0C00JZXUDIT9UTKBWD1PKH/msg_store_persistent' is stopped[0m
rabbitmq-1  | 2026-08-12T12:02:27.618441241Z 2026-08-12 12:02:27.614742+00:00 [info] <0.1380.0> Stopping message store for directory '/var/lib/rabbitmq/mnesia/rabbit@16ec29773575/msg_stores/vhosts/B0C0C00JZXUDIT9UTKBWD1PKH/msg_store_transient'[0m
rabbitmq-1  | 2026-08-12T12:02:27.627023393Z 2026-08-12 12:02:27.623449+00:00 [info] <0.1380.0> Message store for directory '/var/lib/rabbitmq/mnesia/rabbit@16ec29773575/msg_stores/vhosts/B0C0C00JZXUDIT9UTKBWD1PKH/msg_store_transient' is stopped[0m
rabbitmq-1  | 2026-08-12T12:02:27.628863325Z 2026-08-12 12:02:27.625031+00:00 [info] <0.1486.0> Deleting message store directory for vhost 'test-exclusive-should-give-every-waiting-caller-the-same-answer' at '/var/lib/rabbitmq/mnesia/rabbit@16ec29773575/msg_stores/vhosts/B0C0C00JZXUDIT9UTKBWD1PKH'[0m
rabbitmq-1  | 2026-08-12T12:02:27.646097429Z 2026-08-12 12:02:27.645036+00:00 [info] <0.1508.0> Adding vhost 'test-exclusive-should-give-the-connection-back-when-the-connect-fails' (description: '', tags: [])[0m
rabbitmq-1  | 2026-08-12T12:02:27.665406924Z 2026-08-12 12:02:27.665066+00:00 [info] <0.1512.0> Making sure data directory '/var/lib/rabbitmq/mnesia/rabbit@16ec29773575/msg_stores/vhosts/D4P64Z9BQ6N1Y1D9QGLMC9KMN' for vhost 'test-exclusive-should-give-the-connection-back-when-the-connect-fails' exists[0m
rabbitmq-1  | 2026-08-12T12:02:27.667905231Z 2026-08-12 12:02:27.666903+00:00 [info] <0.1512.0> Setting segment_entry_count for vhost 'test-exclusive-should-give-the-connection-back-when-the-connect-fails' with 0 queues to '2048'[0m
rabbitmq-1  | 2026-08-12T12:02:27.676184921Z 2026-08-12 12:02:27.675578+00:00 [info] <0.1512.0> Starting message stores for vhost 'test-exclusive-should-give-the-connection-back-when-the-connect-fails'[0m
rabbitmq-1  | 2026-08-12T12:02:27.678864049Z 2026-08-12 12:02:27.678334+00:00 [info] <0.1512.0> Started message store of type transient for vhost 'test-exclusive-should-give-the-connection-back-when-the-connect-fails'[0m
rabbitmq-1  | 2026-08-12T12:02:27.680081377Z [38;5;214m2026-08-12 12:02:27.679651+00:00 [warning] <0.1523.0> Message store "D4P64Z9BQ6N1Y1D9QGLMC9KMN/msg_store_persistent": rebuilding indices from scratch[0m
rabbitmq-1  | 2026-08-12T12:02:27.684139999Z 2026-08-12 12:02:27.683206+00:00 [info] <0.1512.0> Started message store of type persistent for vhost 'test-exclusive-should-give-the-connection-back-when-the-connect-fails'[0m
rabbitmq-1  | 2026-08-12T12:02:27.684584157Z 2026-08-12 12:02:27.683426+00:00 [info] <0.1512.0> Recovering 0 queues of type rabbit_classic_queue took 14ms[0m
rabbitmq-1  | 2026-08-12T12:02:27.684938952Z 2026-08-12 12:02:27.683491+00:00 [info] <0.1512.0> Recovering 0 queues of type rabbit_quorum_queue took 0ms[0m
rabbitmq-1  | 2026-08-12T12:02:27.685880367Z 2026-08-12 12:02:27.683575+00:00 [info] <0.1512.0> Recovering 0 queues of type rabbit_stream_queue took 0ms[0m
rabbitmq-1  | 2026-08-12T12:02:27.693005471Z 2026-08-12 12:02:27.692153+00:00 [info] <0.1508.0> Successfully set permissions for user 'vicione_ci' in virtual host 'test-exclusive-should-give-the-connection-back-when-the-connect-fails' to '.*', '.*', '.*'[0m
rabbitmq-1  | 2026-08-12T12:02:27.698870906Z 2026-08-12 12:02:27.697236+00:00 [info] <0.1539.0> accepting AMQP connection 172.19.0.1:59668 -> 172.19.0.2:5672[0m
rabbitmq-1  | 2026-08-12T12:02:27.705740360Z 2026-08-12 12:02:27.703099+00:00 [info] <0.1539.0> connection 172.19.0.1:59668 -> 172.19.0.2:5672 has a client-provided name: testhost[0m
rabbitmq-1  | 2026-08-12T12:02:27.709364466Z 2026-08-12 12:02:27.706827+00:00 [info] <0.1539.0> connection 172.19.0.1:59668 -> 172.19.0.2:5672 - testhost: user 'vicione_ci' authenticated and granted access to vhost 'test-exclusive-should-give-the-connection-back-when-the-connect-fails'[0m
rabbitmq-1  | 2026-08-12T12:02:27.898848092Z 2026-08-12 12:02:27.897371+00:00 [info] <0.1565.0> accepting AMQP connection 172.19.0.1:59682 -> 172.19.0.2:5672[0m
rabbitmq-1  | 2026-08-12T12:02:27.908611940Z 2026-08-12 12:02:27.907771+00:00 [info] <0.1565.0> connection 172.19.0.1:59682 -> 172.19.0.2:5672: user 'vicione_ci' authenticated and granted access to vhost 'test-exclusive-should-give-the-connection-back-when-the-connect-fails'[0m
rabbitmq-1  | 2026-08-12T12:02:28.338298975Z 2026-08-12 12:02:28.335524+00:00 [info] <0.1565.0> closing AMQP connection (172.19.0.1:59682 -> 172.19.0.2:5672, vhost: 'test-exclusive-should-give-the-connection-back-when-the-connect-fails', user: 'vicione_ci', duration: '450ms')[0m
rabbitmq-1  | 2026-08-12T12:02:28.342237091Z 2026-08-12 12:02:28.339334+00:00 [info] <0.1586.0> accepting AMQP connection 172.19.0.1:59684 -> 172.19.0.2:5672[0m
rabbitmq-1  | 2026-08-12T12:02:28.349719610Z 2026-08-12 12:02:28.348426+00:00 [info] <0.1590.0> accepting AMQP connection 172.19.0.1:59690 -> 172.19.0.2:5672[0m
rabbitmq-1  | 2026-08-12T12:02:28.351011565Z 2026-08-12 12:02:28.349846+00:00 [info] <0.1586.0> connection 172.19.0.1:59684 -> 172.19.0.2:5672 has a client-provided name: testhost[0m
rabbitmq-1  | 2026-08-12T12:02:28.353848959Z 2026-08-12 12:02:28.352690+00:00 [info] <0.1586.0> connection 172.19.0.1:59684 -> 172.19.0.2:5672 - testhost: user 'vicione_ci' authenticated and granted access to vhost 'test-exclusive-should-give-the-connection-back-when-the-connect-fails'[0m
rabbitmq-1  | 2026-08-12T12:02:28.358674417Z 2026-08-12 12:02:28.356995+00:00 [info] <0.1590.0> connection 172.19.0.1:59690 -> 172.19.0.2:5672 has a client-provided name: testhost[0m
rabbitmq-1  | 2026-08-12T12:02:28.362003063Z [38;5;160m2026-08-12 12:02:28.360689+00:00 [error] <0.1590.0> Error on AMQP connection <0.1590.0> (172.19.0.1:59690 -> 172.19.0.2:5672 - testhost, user: 'vicione_ci', state: opening):[0m
rabbitmq-1  | 2026-08-12T12:02:28.362077893Z [38;5;160m2026-08-12 12:02:28.360689+00:00 [error] <0.1590.0> vhost test-exclusive-should-give-every-waiting-caller-the-same-answer not found[0m
rabbitmq-1  | 2026-08-12T12:02:28.367393833Z 2026-08-12 12:02:28.364950+00:00 [info] <0.1590.0> closing AMQP connection (172.19.0.1:59690 -> 172.19.0.2:5672 - testhost, vhost: 'none', user: 'vicione_ci', duration: '16ms')[0m
rabbitmq-1  | 2026-08-12T12:02:28.403084847Z [38;5;160m2026-08-12 12:02:28.402291+00:00 [error] <0.1604.0> Channel error on connection <0.1586.0> (172.19.0.1:59684 -> 172.19.0.2:5672, vhost: 'test-exclusive-should-give-the-connection-back-when-the-connect-fails', user: 'vicione_ci'), channel 2:[0m
rabbitmq-1  | 2026-08-12T12:02:28.403150804Z [38;5;160m2026-08-12 12:02:28.402291+00:00 [error] <0.1604.0> operation queue.declare caused a channel exception resource_locked: cannot obtain exclusive access to locked queue 'exclusively-yours' in vhost 'test-exclusive-should-give-the-connection-back-when-the-connect-fails'. It could be originally declared on another connection or the exclusive property value does not match that of the original declaration.[0m
rabbitmq-1  | 2026-08-12T12:02:28.432966015Z 2026-08-12 12:02:28.430748+00:00 [info] <0.1539.0> closing AMQP connection (172.19.0.1:59668 -> 172.19.0.2:5672 - testhost, vhost: 'test-exclusive-should-give-the-connection-back-when-the-connect-fails', user: 'vicione_ci', duration: '734ms')[0m
rabbitmq-1  | 2026-08-12T12:02:28.444751718Z 2026-08-12 12:02:28.441609+00:00 [info] <0.1586.0> closing AMQP connection (172.19.0.1:59684 -> 172.19.0.2:5672 - testhost, vhost: 'test-exclusive-should-give-the-connection-back-when-the-connect-fails', user: 'vicione_ci', duration: '102ms')[0m
rabbitmq-1  | 2026-08-12T12:02:28.447906739Z 2026-08-12 12:02:28.447137+00:00 [info] <0.1627.0> Deleting vhost 'test-exclusive-should-give-the-connection-back-when-the-connect-fails'[0m
rabbitmq-1  | 2026-08-12T12:02:28.448599005Z 2026-08-12 12:02:28.447281+00:00 [info] <0.1627.0> Clearing permissions in vhost 'test-exclusive-should-give-the-connection-back-when-the-connect-fails' because it's being deleted[0m
rabbitmq-1  | 2026-08-12T12:02:28.454366580Z 2026-08-12 12:02:28.453764+00:00 [info] <0.1627.0> Deleting queues in vhost 'test-exclusive-should-give-the-connection-back-when-the-connect-fails' because it's being deleted[0m
rabbitmq-1  | 2026-08-12T12:02:28.465739146Z 2026-08-12 12:02:28.464501+00:00 [info] <0.1627.0> Deleting exchanges in vhost 'test-exclusive-should-give-the-connection-back-when-the-connect-fails' because it's being deleted[0m
rabbitmq-1  | 2026-08-12T12:02:28.491369112Z 2026-08-12 12:02:28.490402+00:00 [info] <0.1627.0> Clearing policies and runtime parameters in vhost 'test-exclusive-should-give-the-connection-back-when-the-connect-fails' because it's being deleted[0m
rabbitmq-1  | 2026-08-12T12:02:28.496713909Z 2026-08-12 12:02:28.496034+00:00 [info] <0.1627.0> Stopping vhost supervisor <0.1511.0> for vhost 'test-exclusive-should-give-the-connection-back-when-the-connect-fails'[0m
rabbitmq-1  | 2026-08-12T12:02:28.497862561Z 2026-08-12 12:02:28.496044+00:00 [info] <0.1630.0> Closing all connections in vhost 'test-exclusive-should-give-the-connection-back-when-the-connect-fails' because it's being deleted[0m
rabbitmq-1  | 2026-08-12T12:02:28.498700784Z 2026-08-12 12:02:28.496337+00:00 [info] <0.1512.0> Virtual host 'test-exclusive-should-give-the-connection-back-when-the-connect-fails' is stopping[0m
rabbitmq-1  | 2026-08-12T12:02:28.499467809Z 2026-08-12 12:02:28.496742+00:00 [info] <0.1633.0> Closing all connections in vhost 'test-exclusive-should-give-the-connection-back-when-the-connect-fails' on node 'rabbit@16ec29773575' because the vhost is stopping[0m
rabbitmq-1  | 2026-08-12T12:02:28.499917419Z 2026-08-12 12:02:28.497446+00:00 [info] <0.1523.0> Stopping message store for directory '/var/lib/rabbitmq/mnesia/rabbit@16ec29773575/msg_stores/vhosts/D4P64Z9BQ6N1Y1D9QGLMC9KMN/msg_store_persistent'[0m
rabbitmq-1  | 2026-08-12T12:02:28.509000575Z 2026-08-12 12:02:28.508078+00:00 [info] <0.1523.0> Message store for directory '/var/lib/rabbitmq/mnesia/rabbit@16ec29773575/msg_stores/vhosts/D4P64Z9BQ6N1Y1D9QGLMC9KMN/msg_store_persistent' is stopped[0m
rabbitmq-1  | 2026-08-12T12:02:28.510067131Z 2026-08-12 12:02:28.508386+00:00 [info] <0.1519.0> Stopping message store for directory '/var/lib/rabbitmq/mnesia/rabbit@16ec29773575/msg_stores/vhosts/D4P64Z9BQ6N1Y1D9QGLMC9KMN/msg_store_transient'[0m
rabbitmq-1  | 2026-08-12T12:02:28.518707595Z 2026-08-12 12:02:28.517338+00:00 [info] <0.1519.0> Message store for directory '/var/lib/rabbitmq/mnesia/rabbit@16ec29773575/msg_stores/vhosts/D4P64Z9BQ6N1Y1D9QGLMC9KMN/msg_store_transient' is stopped[0m
rabbitmq-1  | 2026-08-12T12:02:28.520057401Z 2026-08-12 12:02:28.519285+00:00 [info] <0.1627.0> Deleting message store directory for vhost 'test-exclusive-should-give-the-connection-back-when-the-connect-fails' at '/var/lib/rabbitmq/mnesia/rabbit@16ec29773575/msg_stores/vhosts/D4P64Z9BQ6N1Y1D9QGLMC9KMN'[0m
rabbitmq-1  | 2026-08-12T12:02:28.548980799Z 2026-08-12 12:02:28.548078+00:00 [info] <0.1645.0> Adding vhost 'test-exclusive-should-not-inherit-the-old-failure-after-a-restart' (description: '', tags: [])[0m
rabbitmq-1  | 2026-08-12T12:02:28.569729902Z 2026-08-12 12:02:28.568883+00:00 [info] <0.1649.0> Making sure data directory '/var/lib/rabbitmq/mnesia/rabbit@16ec29773575/msg_stores/vhosts/C1P31SJ8RHK75UND1AC7G3ESQ' for vhost 'test-exclusive-should-not-inherit-the-old-failure-after-a-restart' exists[0m
rabbitmq-1  | 2026-08-12T12:02:28.571712725Z 2026-08-12 12:02:28.570885+00:00 [info] <0.1649.0> Setting segment_entry_count for vhost 'test-exclusive-should-not-inherit-the-old-failure-after-a-restart' with 0 queues to '2048'[0m
rabbitmq-1  | 2026-08-12T12:02:28.582112220Z 2026-08-12 12:02:28.581231+00:00 [info] <0.1649.0> Starting message stores for vhost 'test-exclusive-should-not-inherit-the-old-failure-after-a-restart'[0m
rabbitmq-1  | 2026-08-12T12:02:28.590150061Z 2026-08-12 12:02:28.589341+00:00 [info] <0.1649.0> Started message store of type transient for vhost 'test-exclusive-should-not-inherit-the-old-failure-after-a-restart'[0m
rabbitmq-1  | 2026-08-12T12:02:28.594590258Z [38;5;214m2026-08-12 12:02:28.593602+00:00 [warning] <0.1660.0> Message store "C1P31SJ8RHK75UND1AC7G3ESQ/msg_store_persistent": rebuilding indices from scratch[0m
rabbitmq-1  | 2026-08-12T12:02:28.597120367Z 2026-08-12 12:02:28.596459+00:00 [info] <0.1649.0> Started message store of type persistent for vhost 'test-exclusive-should-not-inherit-the-old-failure-after-a-restart'[0m
rabbitmq-1  | 2026-08-12T12:02:28.600769295Z 2026-08-12 12:02:28.596838+00:00 [info] <0.1649.0> Recovering 0 queues of type rabbit_classic_queue took 24ms[0m
rabbitmq-1  | 2026-08-12T12:02:28.600893033Z 2026-08-12 12:02:28.596948+00:00 [info] <0.1649.0> Recovering 0 queues of type rabbit_quorum_queue took 0ms[0m
rabbitmq-1  | 2026-08-12T12:02:28.600920212Z 2026-08-12 12:02:28.597490+00:00 [info] <0.1649.0> Recovering 0 queues of type rabbit_stream_queue took 0ms[0m
rabbitmq-1  | 2026-08-12T12:02:28.611185069Z 2026-08-12 12:02:28.610098+00:00 [info] <0.1645.0> Successfully set permissions for user 'vicione_ci' in virtual host 'test-exclusive-should-not-inherit-the-old-failure-after-a-restart' to '.*', '.*', '.*'[0m
rabbitmq-1  | 2026-08-12T12:02:28.620859879Z 2026-08-12 12:02:28.617038+00:00 [info] <0.1676.0> accepting AMQP connection 172.19.0.1:59694 -> 172.19.0.2:5672[0m
rabbitmq-1  | 2026-08-12T12:02:28.627498586Z 2026-08-12 12:02:28.624735+00:00 [info] <0.1676.0> connection 172.19.0.1:59694 -> 172.19.0.2:5672 has a client-provided name: testhost[0m
rabbitmq-1  | 2026-08-12T12:02:28.633741972Z 2026-08-12 12:02:28.631936+00:00 [info] <0.1676.0> connection 172.19.0.1:59694 -> 172.19.0.2:5672 - testhost: user 'vicione_ci' authenticated and granted access to vhost 'test-exclusive-should-not-inherit-the-old-failure-after-a-restart'[0m
rabbitmq-1  | 2026-08-12T12:02:28.723154487Z 2026-08-12 12:02:28.719942+00:00 [info] <0.1702.0> accepting AMQP connection 172.19.0.1:59704 -> 172.19.0.2:5672[0m
rabbitmq-1  | 2026-08-12T12:02:28.737435015Z 2026-08-12 12:02:28.735110+00:00 [info] <0.1702.0> connection 172.19.0.1:59704 -> 172.19.0.2:5672: user 'vicione_ci' authenticated and granted access to vhost 'test-exclusive-should-not-inherit-the-old-failure-after-a-restart'[0m
rabbitmq-1  | 2026-08-12T12:02:28.819937451Z 2026-08-12 12:02:28.818508+00:00 [info] <0.1702.0> closing AMQP connection (172.19.0.1:59704 -> 172.19.0.2:5672, vhost: 'test-exclusive-should-not-inherit-the-old-failure-after-a-restart', user: 'vicione_ci', duration: '99ms')[0m
rabbitmq-1  | 2026-08-12T12:02:28.837202449Z 2026-08-12 12:02:28.836503+00:00 [info] <0.1721.0> accepting AMQP connection 172.19.0.1:59706 -> 172.19.0.2:5672[0m
rabbitmq-1  | 2026-08-12T12:02:28.849690269Z 2026-08-12 12:02:28.848850+00:00 [info] <0.1721.0> connection 172.19.0.1:59706 -> 172.19.0.2:5672 has a client-provided name: testhost[0m
rabbitmq-1  | 2026-08-12T12:02:28.857148544Z 2026-08-12 12:02:28.854182+00:00 [info] <0.1721.0> connection 172.19.0.1:59706 -> 172.19.0.2:5672 - testhost: user 'vicione_ci' authenticated and granted access to vhost 'test-exclusive-should-not-inherit-the-old-failure-after-a-restart'[0m
rabbitmq-1  | 2026-08-12T12:02:28.905150539Z [38;5;160m2026-08-12 12:02:28.904114+00:00 [error] <0.1735.0> Channel error on connection <0.1721.0> (172.19.0.1:59706 -> 172.19.0.2:5672, vhost: 'test-exclusive-should-not-inherit-the-old-failure-after-a-restart', user: 'vicione_ci'), channel 2:[0m
rabbitmq-1  | 2026-08-12T12:02:28.905310190Z [38;5;160m2026-08-12 12:02:28.904114+00:00 [error] <0.1735.0> operation queue.declare caused a channel exception resource_locked: cannot obtain exclusive access to locked queue 'exclusively-yours' in vhost 'test-exclusive-should-not-inherit-the-old-failure-after-a-restart'. It could be originally declared on another connection or the exclusive property value does not match that of the original declaration.[0m
rabbitmq-1  | 2026-08-12T12:02:28.920449622Z 2026-08-12 12:02:28.918465+00:00 [info] <0.1721.0> closing AMQP connection (172.19.0.1:59706 -> 172.19.0.2:5672 - testhost, vhost: 'test-exclusive-should-not-inherit-the-old-failure-after-a-restart', user: 'vicione_ci', duration: '83ms')[0m
rabbitmq-1  | 2026-08-12T12:02:28.962277752Z 2026-08-12 12:02:28.960257+00:00 [info] <0.1676.0> closing AMQP connection (172.19.0.1:59694 -> 172.19.0.2:5672 - testhost, vhost: 'test-exclusive-should-not-inherit-the-old-failure-after-a-restart', user: 'vicione_ci', duration: '344ms')[0m
rabbitmq-1  | 2026-08-12T12:02:28.973819611Z 2026-08-12 12:02:28.970053+00:00 [info] <0.1756.0> accepting AMQP connection 172.19.0.1:59712 -> 172.19.0.2:5672[0m
rabbitmq-1  | 2026-08-12T12:02:28.989940567Z 2026-08-12 12:02:28.985700+00:00 [info] <0.1756.0> connection 172.19.0.1:59712 -> 172.19.0.2:5672: user 'vicione_ci' authenticated and granted access to vhost 'test-exclusive-should-not-inherit-the-old-failure-after-a-restart'[0m
rabbitmq-1  | 2026-08-12T12:02:29.108242013Z 2026-08-12 12:02:29.105790+00:00 [info] <0.1756.0> closing AMQP connection (172.19.0.1:59712 -> 172.19.0.2:5672, vhost: 'test-exclusive-should-not-inherit-the-old-failure-after-a-restart', user: 'vicione_ci', duration: '137ms')[0m
rabbitmq-1  | 2026-08-12T12:02:29.110281509Z 2026-08-12 12:02:29.109515+00:00 [info] <0.1791.0> accepting AMQP connection 172.19.0.1:59716 -> 172.19.0.2:5672[0m
rabbitmq-1  | 2026-08-12T12:02:29.120151227Z 2026-08-12 12:02:29.117646+00:00 [info] <0.1791.0> connection 172.19.0.1:59716 -> 172.19.0.2:5672 has a client-provided name: testhost[0m
rabbitmq-1  | 2026-08-12T12:02:29.123169457Z 2026-08-12 12:02:29.121351+00:00 [info] <0.1791.0> connection 172.19.0.1:59716 -> 172.19.0.2:5672 - testhost: user 'vicione_ci' authenticated and granted access to vhost 'test-exclusive-should-not-inherit-the-old-failure-after-a-restart'[0m
rabbitmq-1  | 2026-08-12T12:02:29.148570503Z 2026-08-12 12:02:29.147473+00:00 [info] <0.1813.0> accepting AMQP connection 172.19.0.1:59718 -> 172.19.0.2:5672[0m
rabbitmq-1  | 2026-08-12T12:02:29.162499719Z 2026-08-12 12:02:29.160991+00:00 [info] <0.1813.0> connection 172.19.0.1:59718 -> 172.19.0.2:5672 has a client-provided name: testhost[0m
rabbitmq-1  | 2026-08-12T12:02:29.167989379Z [38;5;160m2026-08-12 12:02:29.165759+00:00 [error] <0.1813.0> Error on AMQP connection <0.1813.0> (172.19.0.1:59718 -> 172.19.0.2:5672 - testhost, user: 'vicione_ci', state: opening):[0m
rabbitmq-1  | 2026-08-12T12:02:29.168079860Z [38;5;160m2026-08-12 12:02:29.165759+00:00 [error] <0.1813.0> vhost test-exclusive-should-give-the-connection-back-when-the-connect-fails not found[0m
rabbitmq-1  | 2026-08-12T12:02:29.172839102Z 2026-08-12 12:02:29.170260+00:00 [info] <0.1813.0> closing AMQP connection (172.19.0.1:59718 -> 172.19.0.2:5672 - testhost, vhost: 'none', user: 'vicione_ci', duration: '24ms')[0m
rabbitmq-1  | 2026-08-12T12:02:29.221456370Z 2026-08-12 12:02:29.217890+00:00 [info] <0.1791.0> closing AMQP connection (172.19.0.1:59716 -> 172.19.0.2:5672 - testhost, vhost: 'test-exclusive-should-not-inherit-the-old-failure-after-a-restart', user: 'vicione_ci', duration: '108ms')[0m
rabbitmq-1  | 2026-08-12T12:02:29.224426948Z 2026-08-12 12:02:29.222974+00:00 [info] <0.1829.0> Deleting vhost 'test-exclusive-should-not-inherit-the-old-failure-after-a-restart'[0m
rabbitmq-1  | 2026-08-12T12:02:29.224475228Z 2026-08-12 12:02:29.223158+00:00 [info] <0.1829.0> Clearing permissions in vhost 'test-exclusive-should-not-inherit-the-old-failure-after-a-restart' because it's being deleted[0m
rabbitmq-1  | 2026-08-12T12:02:29.233226194Z 2026-08-12 12:02:29.232389+00:00 [info] <0.1829.0> Deleting queues in vhost 'test-exclusive-should-not-inherit-the-old-failure-after-a-restart' because it's being deleted[0m
rabbitmq-1  | 2026-08-12T12:02:29.244501760Z 2026-08-12 12:02:29.243408+00:00 [info] <0.1829.0> Deleting exchanges in vhost 'test-exclusive-should-not-inherit-the-old-failure-after-a-restart' because it's being deleted[0m
rabbitmq-1  | 2026-08-12T12:02:29.276799291Z 2026-08-12 12:02:29.275924+00:00 [info] <0.1829.0> Clearing policies and runtime parameters in vhost 'test-exclusive-should-not-inherit-the-old-failure-after-a-restart' because it's being deleted[0m
rabbitmq-1  | 2026-08-12T12:02:29.282748553Z 2026-08-12 12:02:29.281261+00:00 [info] <0.1829.0> Stopping vhost supervisor <0.1648.0> for vhost 'test-exclusive-should-not-inherit-the-old-failure-after-a-restart'[0m
rabbitmq-1  | 2026-08-12T12:02:29.283654972Z 2026-08-12 12:02:29.281499+00:00 [info] <0.1833.0> Closing all connections in vhost 'test-exclusive-should-not-inherit-the-old-failure-after-a-restart' because it's being deleted[0m
rabbitmq-1  | 2026-08-12T12:02:29.283682571Z 2026-08-12 12:02:29.281921+00:00 [info] <0.1649.0> Virtual host 'test-exclusive-should-not-inherit-the-old-failure-after-a-restart' is stopping[0m
rabbitmq-1  | 2026-08-12T12:02:29.283710728Z 2026-08-12 12:02:29.282195+00:00 [info] <0.1835.0> Closing all connections in vhost 'test-exclusive-should-not-inherit-the-old-failure-after-a-restart' on node 'rabbit@16ec29773575' because the vhost is stopping[0m
rabbitmq-1  | 2026-08-12T12:02:29.284285406Z 2026-08-12 12:02:29.282368+00:00 [info] <0.1660.0> Stopping message store for directory '/var/lib/rabbitmq/mnesia/rabbit@16ec29773575/msg_stores/vhosts/C1P31SJ8RHK75UND1AC7G3ESQ/msg_store_persistent'[0m
rabbitmq-1  | 2026-08-12T12:02:29.297305898Z 2026-08-12 12:02:29.296018+00:00 [info] <0.1660.0> Message store for directory '/var/lib/rabbitmq/mnesia/rabbit@16ec29773575/msg_stores/vhosts/C1P31SJ8RHK75UND1AC7G3ESQ/msg_store_persistent' is stopped[0m
rabbitmq-1  | 2026-08-12T12:02:29.298157259Z 2026-08-12 12:02:29.296400+00:00 [info] <0.1656.0> Stopping message store for directory '/var/lib/rabbitmq/mnesia/rabbit@16ec29773575/msg_stores/vhosts/C1P31SJ8RHK75UND1AC7G3ESQ/msg_store_transient'[0m
rabbitmq-1  | 2026-08-12T12:02:29.311213175Z 2026-08-12 12:02:29.309893+00:00 [info] <0.1656.0> Message store for directory '/var/lib/rabbitmq/mnesia/rabbit@16ec29773575/msg_stores/vhosts/C1P31SJ8RHK75UND1AC7G3ESQ/msg_store_transient' is stopped[0m
rabbitmq-1  | 2026-08-12T12:02:29.311551763Z 2026-08-12 12:02:29.310752+00:00 [info] <0.1829.0> Deleting message store directory for vhost 'test-exclusive-should-not-inherit-the-old-failure-after-a-restart' at '/var/lib/rabbitmq/mnesia/rabbit@16ec29773575/msg_stores/vhosts/C1P31SJ8RHK75UND1AC7G3ESQ'[0m
rabbitmq-1  | 2026-08-12T12:02:29.337747227Z 2026-08-12 12:02:29.336926+00:00 [info] <0.1847.0> Adding vhost 'test-exclusive-should-properly-fail-on-exclusive-launch' (description: '', tags: [])[0m
rabbitmq-1  | 2026-08-12T12:02:29.364322643Z 2026-08-12 12:02:29.363110+00:00 [info] <0.1851.0> Making sure data directory '/var/lib/rabbitmq/mnesia/rabbit@16ec29773575/msg_stores/vhosts/1D6TZW0EUKJF95CEVER1SAPMB' for vhost 'test-exclusive-should-properly-fail-on-exclusive-launch' exists[0m
rabbitmq-1  | 2026-08-12T12:02:29.366782614Z 2026-08-12 12:02:29.365341+00:00 [info] <0.1851.0> Setting segment_entry_count for vhost 'test-exclusive-should-properly-fail-on-exclusive-launch' with 0 queues to '2048'[0m
rabbitmq-1  | 2026-08-12T12:02:29.376683983Z 2026-08-12 12:02:29.375851+00:00 [info] <0.1851.0> Starting message stores for vhost 'test-exclusive-should-properly-fail-on-exclusive-launch'[0m
rabbitmq-1  | 2026-08-12T12:02:29.382730783Z 2026-08-12 12:02:29.381705+00:00 [info] <0.1851.0> Started message store of type transient for vhost 'test-exclusive-should-properly-fail-on-exclusive-launch'[0m
rabbitmq-1  | 2026-08-12T12:02:29.384942857Z [38;5;214m2026-08-12 12:02:29.384282+00:00 [warning] <0.1862.0> Message store "1D6TZW0EUKJF95CEVER1SAPMB/msg_store_persistent": rebuilding indices from scratch[0m
rabbitmq-1  | 2026-08-12T12:02:29.388339291Z 2026-08-12 12:02:29.387819+00:00 [info] <0.1851.0> Started message store of type persistent for vhost 'test-exclusive-should-properly-fail-on-exclusive-launch'[0m
rabbitmq-1  | 2026-08-12T12:02:29.388792466Z 2026-08-12 12:02:29.388056+00:00 [info] <0.1851.0> Recovering 0 queues of type rabbit_classic_queue took 21ms[0m
rabbitmq-1  | 2026-08-12T12:02:29.389320820Z 2026-08-12 12:02:29.388146+00:00 [info] <0.1851.0> Recovering 0 queues of type rabbit_quorum_queue took 0ms[0m
rabbitmq-1  | 2026-08-12T12:02:29.390193981Z 2026-08-12 12:02:29.388260+00:00 [info] <0.1851.0> Recovering 0 queues of type rabbit_stream_queue took 0ms[0m
rabbitmq-1  | 2026-08-12T12:02:29.398873191Z 2026-08-12 12:02:29.397805+00:00 [info] <0.1847.0> Successfully set permissions for user 'vicione_ci' in virtual host 'test-exclusive-should-properly-fail-on-exclusive-launch' to '.*', '.*', '.*'[0m
rabbitmq-1  | 2026-08-12T12:02:29.404907904Z 2026-08-12 12:02:29.404194+00:00 [info] <0.1878.0> accepting AMQP connection 172.19.0.1:59732 -> 172.19.0.2:5672[0m
rabbitmq-1  | 2026-08-12T12:02:29.414531961Z 2026-08-12 12:02:29.413192+00:00 [info] <0.1878.0> connection 172.19.0.1:59732 -> 172.19.0.2:5672 has a client-provided name: testhost[0m
rabbitmq-1  | 2026-08-12T12:02:29.419393422Z 2026-08-12 12:02:29.417893+00:00 [info] <0.1878.0> connection 172.19.0.1:59732 -> 172.19.0.2:5672 - testhost: user 'vicione_ci' authenticated and granted access to vhost 'test-exclusive-should-properly-fail-on-exclusive-launch'[0m
rabbitmq-1  | 2026-08-12T12:02:29.510021012Z 2026-08-12 12:02:29.508885+00:00 [info] <0.1904.0> accepting AMQP connection 172.19.0.1:59740 -> 172.19.0.2:5672[0m
rabbitmq-1  | 2026-08-12T12:02:29.525823923Z 2026-08-12 12:02:29.523945+00:00 [info] <0.1904.0> connection 172.19.0.1:59740 -> 172.19.0.2:5672: user 'vicione_ci' authenticated and granted access to vhost 'test-exclusive-should-properly-fail-on-exclusive-launch'[0m
rabbitmq-1  | 2026-08-12T12:02:29.626458806Z 2026-08-12 12:02:29.625158+00:00 [info] <0.1904.0> closing AMQP connection (172.19.0.1:59740 -> 172.19.0.2:5672, vhost: 'test-exclusive-should-properly-fail-on-exclusive-launch', user: 'vicione_ci', duration: '117ms')[0m
rabbitmq-1  | 2026-08-12T12:02:29.630069041Z 2026-08-12 12:02:29.628880+00:00 [info] <0.1923.0> accepting AMQP connection 172.19.0.1:59748 -> 172.19.0.2:5672[0m
rabbitmq-1  | 2026-08-12T12:02:29.643444261Z 2026-08-12 12:02:29.639313+00:00 [info] <0.1923.0> connection 172.19.0.1:59748 -> 172.19.0.2:5672 has a client-provided name: testhost[0m
rabbitmq-1  | 2026-08-12T12:02:29.649602852Z 2026-08-12 12:02:29.645978+00:00 [info] <0.1923.0> connection 172.19.0.1:59748 -> 172.19.0.2:5672 - testhost: user 'vicione_ci' authenticated and granted access to vhost 'test-exclusive-should-properly-fail-on-exclusive-launch'[0m
rabbitmq-1  | 2026-08-12T12:02:29.696433623Z [38;5;160m2026-08-12 12:02:29.695368+00:00 [error] <0.1932.0> Channel error on connection <0.1923.0> (172.19.0.1:59748 -> 172.19.0.2:5672, vhost: 'test-exclusive-should-properly-fail-on-exclusive-launch', user: 'vicione_ci'), channel 1:[0m
rabbitmq-1  | 2026-08-12T12:02:29.696616961Z [38;5;160m2026-08-12 12:02:29.695368+00:00 [error] <0.1932.0> operation queue.declare caused a channel exception resource_locked: cannot obtain exclusive access to locked queue 'exclusively-yours' in vhost 'test-exclusive-should-properly-fail-on-exclusive-launch'. It could be originally declared on another connection or the exclusive property value does not match that of the original declaration.[0m
rabbitmq-1  | 2026-08-12T12:02:29.738170965Z 2026-08-12 12:02:29.736266+00:00 [info] <0.1878.0> closing AMQP connection (172.19.0.1:59732 -> 172.19.0.2:5672 - testhost, vhost: 'test-exclusive-should-properly-fail-on-exclusive-launch', user: 'vicione_ci', duration: '332ms')[0m
rabbitmq-1  | 2026-08-12T12:02:29.747242702Z 2026-08-12 12:02:29.745293+00:00 [info] <0.1923.0> closing AMQP connection (172.19.0.1:59748 -> 172.19.0.2:5672 - testhost, vhost: 'test-exclusive-should-properly-fail-on-exclusive-launch', user: 'vicione_ci', duration: '117ms')[0m
rabbitmq-1  | 2026-08-12T12:02:29.750284128Z 2026-08-12 12:02:29.749505+00:00 [info] <0.1955.0> Deleting vhost 'test-exclusive-should-properly-fail-on-exclusive-launch'[0m
rabbitmq-1  | 2026-08-12T12:02:29.750956274Z 2026-08-12 12:02:29.749740+00:00 [info] <0.1955.0> Clearing permissions in vhost 'test-exclusive-should-properly-fail-on-exclusive-launch' because it's being deleted[0m
rabbitmq-1  | 2026-08-12T12:02:29.754651611Z 2026-08-12 12:02:29.753861+00:00 [info] <0.1955.0> Deleting queues in vhost 'test-exclusive-should-properly-fail-on-exclusive-launch' because it's being deleted[0m
rabbitmq-1  | 2026-08-12T12:02:29.768907538Z 2026-08-12 12:02:29.768148+00:00 [info] <0.1955.0> Deleting exchanges in vhost 'test-exclusive-should-properly-fail-on-exclusive-launch' because it's being deleted[0m
rabbitmq-1  | 2026-08-12T12:02:29.783312496Z 2026-08-12 12:02:29.781719+00:00 [info] <0.1961.0> accepting AMQP connection 172.19.0.1:59752 -> 172.19.0.2:5672[0m
rabbitmq-1  | 2026-08-12T12:02:29.795193693Z 2026-08-12 12:02:29.792721+00:00 [info] <0.1961.0> connection 172.19.0.1:59752 -> 172.19.0.2:5672 has a client-provided name: testhost[0m
rabbitmq-1  | 2026-08-12T12:02:29.798922846Z [38;5;160m2026-08-12 12:02:29.797452+00:00 [error] <0.1961.0> Error on AMQP connection <0.1961.0> (172.19.0.1:59752 -> 172.19.0.2:5672 - testhost, user: 'vicione_ci', state: opening):[0m
rabbitmq-1  | 2026-08-12T12:02:29.799192054Z [38;5;160m2026-08-12 12:02:29.797452+00:00 [error] <0.1961.0> vhost test-exclusive-should-not-inherit-the-old-failure-after-a-restart not found[0m
rabbitmq-1  | 2026-08-12T12:02:29.801972936Z 2026-08-12 12:02:29.800811+00:00 [info] <0.1961.0> closing AMQP connection (172.19.0.1:59752 -> 172.19.0.2:5672 - testhost, vhost: 'none', user: 'vicione_ci', duration: '20ms')[0m
rabbitmq-1  | 2026-08-12T12:02:29.802854552Z 2026-08-12 12:02:29.801162+00:00 [info] <0.1955.0> Clearing policies and runtime parameters in vhost 'test-exclusive-should-properly-fail-on-exclusive-launch' because it's being deleted[0m
rabbitmq-1  | 2026-08-12T12:02:29.807455329Z 2026-08-12 12:02:29.805932+00:00 [info] <0.1955.0> Stopping vhost supervisor <0.1850.0> for vhost 'test-exclusive-should-properly-fail-on-exclusive-launch'[0m
rabbitmq-1  | 2026-08-12T12:02:29.807696939Z 2026-08-12 12:02:29.805984+00:00 [info] <0.1968.0> Closing all connections in vhost 'test-exclusive-should-properly-fail-on-exclusive-launch' because it's being deleted[0m
rabbitmq-1  | 2026-08-12T12:02:29.808504632Z 2026-08-12 12:02:29.806257+00:00 [info] <0.1851.0> Virtual host 'test-exclusive-should-properly-fail-on-exclusive-launch' is stopping[0m
rabbitmq-1  | 2026-08-12T12:02:29.808535794Z 2026-08-12 12:02:29.807115+00:00 [info] <0.1862.0> Stopping message store for directory '/var/lib/rabbitmq/mnesia/rabbit@16ec29773575/msg_stores/vhosts/1D6TZW0EUKJF95CEVER1SAPMB/msg_store_persistent'[0m
rabbitmq-1  | 2026-08-12T12:02:29.809298840Z 2026-08-12 12:02:29.807067+00:00 [info] <0.1970.0> Closing all connections in vhost 'test-exclusive-should-properly-fail-on-exclusive-launch' on node 'rabbit@16ec29773575' because the vhost is stopping[0m
rabbitmq-1  | 2026-08-12T12:02:29.815821104Z 2026-08-12 12:02:29.814704+00:00 [info] <0.1862.0> Message store for directory '/var/lib/rabbitmq/mnesia/rabbit@16ec29773575/msg_stores/vhosts/1D6TZW0EUKJF95CEVER1SAPMB/msg_store_persistent' is stopped[0m
rabbitmq-1  | 2026-08-12T12:02:29.816406122Z 2026-08-12 12:02:29.814987+00:00 [info] <0.1858.0> Stopping message store for directory '/var/lib/rabbitmq/mnesia/rabbit@16ec29773575/msg_stores/vhosts/1D6TZW0EUKJF95CEVER1SAPMB/msg_store_transient'[0m
rabbitmq-1  | 2026-08-12T12:02:29.824409972Z 2026-08-12 12:02:29.823406+00:00 [info] <0.1858.0> Message store for directory '/var/lib/rabbitmq/mnesia/rabbit@16ec29773575/msg_stores/vhosts/1D6TZW0EUKJF95CEVER1SAPMB/msg_store_transient' is stopped[0m
rabbitmq-1  | 2026-08-12T12:02:29.826302601Z 2026-08-12 12:02:29.825008+00:00 [info] <0.1955.0> Deleting message store directory for vhost 'test-exclusive-should-properly-fail-on-exclusive-launch' at '/var/lib/rabbitmq/mnesia/rabbit@16ec29773575/msg_stores/vhosts/1D6TZW0EUKJF95CEVER1SAPMB'[0m
rabbitmq-1  | 2026-08-12T12:02:29.842102088Z 2026-08-12 12:02:29.841060+00:00 [info] <0.1982.0> Adding vhost 'test-exclusive-should-start-again-once-the-exclusive-queue-is-released' (description: '', tags: [])[0m
rabbitmq-1  | 2026-08-12T12:02:29.862263888Z 2026-08-12 12:02:29.861717+00:00 [info] <0.1986.0> Making sure data directory '/var/lib/rabbitmq/mnesia/rabbit@16ec29773575/msg_stores/vhosts/CD6G45T68S5AZVZ35GNCQ132G' for vhost 'test-exclusive-should-start-again-once-the-exclusive-queue-is-released' exists[0m
rabbitmq-1  | 2026-08-12T12:02:29.864813921Z 2026-08-12 12:02:29.864185+00:00 [info] <0.1986.0> Setting segment_entry_count for vhost 'test-exclusive-should-start-again-once-the-exclusive-queue-is-released' with 0 queues to '2048'[0m
rabbitmq-1  | 2026-08-12T12:02:29.878361579Z 2026-08-12 12:02:29.877438+00:00 [info] <0.1986.0> Starting message stores for vhost 'test-exclusive-should-start-again-once-the-exclusive-queue-is-released'[0m
rabbitmq-1  | 2026-08-12T12:02:29.882500867Z 2026-08-12 12:02:29.881424+00:00 [info] <0.1986.0> Started message store of type transient for vhost 'test-exclusive-should-start-again-once-the-exclusive-queue-is-released'[0m
rabbitmq-1  | 2026-08-12T12:02:29.884936524Z [38;5;214m2026-08-12 12:02:29.884036+00:00 [warning] <0.1997.0> Message store "CD6G45T68S5AZVZ35GNCQ132G/msg_store_persistent": rebuilding indices from scratch[0m
rabbitmq-1  | 2026-08-12T12:02:29.889252792Z 2026-08-12 12:02:29.887927+00:00 [info] <0.1986.0> Started message store of type persistent for vhost 'test-exclusive-should-start-again-once-the-exclusive-queue-is-released'[0m
rabbitmq-1  | 2026-08-12T12:02:29.891286348Z 2026-08-12 12:02:29.888772+00:00 [info] <0.1986.0> Recovering 0 queues of type rabbit_classic_queue took 23ms[0m
rabbitmq-1  | 2026-08-12T12:02:29.892295546Z 2026-08-12 12:02:29.889051+00:00 [info] <0.1986.0> Recovering 0 queues of type rabbit_quorum_queue took 0ms[0m
rabbitmq-1  | 2026-08-12T12:02:29.892533732Z 2026-08-12 12:02:29.889848+00:00 [info] <0.1986.0> Recovering 0 queues of type rabbit_stream_queue took 0ms[0m
rabbitmq-1  | 2026-08-12T12:02:29.907297890Z 2026-08-12 12:02:29.904985+00:00 [info] <0.1982.0> Successfully set permissions for user 'vicione_ci' in virtual host 'test-exclusive-should-start-again-once-the-exclusive-queue-is-released' to '.*', '.*', '.*'[0m
rabbitmq-1  | 2026-08-12T12:02:29.912823742Z 2026-08-12 12:02:29.911993+00:00 [info] <0.2013.0> accepting AMQP connection 172.19.0.1:59768 -> 172.19.0.2:5672[0m
rabbitmq-1  | 2026-08-12T12:02:29.924262663Z 2026-08-12 12:02:29.922065+00:00 [info] <0.2013.0> connection 172.19.0.1:59768 -> 172.19.0.2:5672 has a client-provided name: testhost[0m
rabbitmq-1  | 2026-08-12T12:02:29.928770724Z 2026-08-12 12:02:29.926267+00:00 [info] <0.2013.0> connection 172.19.0.1:59768 -> 172.19.0.2:5672 - testhost: user 'vicione_ci' authenticated and granted access to vhost 'test-exclusive-should-start-again-once-the-exclusive-queue-is-released'[0m
rabbitmq-1  | 2026-08-12T12:02:30.011665534Z 2026-08-12 12:02:30.010088+00:00 [info] <0.2039.0> accepting AMQP connection 172.19.0.1:59784 -> 172.19.0.2:5672[0m
rabbitmq-1  | 2026-08-12T12:02:30.025941362Z 2026-08-12 12:02:30.023318+00:00 [info] <0.2039.0> connection 172.19.0.1:59784 -> 172.19.0.2:5672: user 'vicione_ci' authenticated and granted access to vhost 'test-exclusive-should-start-again-once-the-exclusive-queue-is-released'[0m
rabbitmq-1  | 2026-08-12T12:02:30.235957155Z 2026-08-12 12:02:30.231688+00:00 [info] <0.2039.0> closing AMQP connection (172.19.0.1:59784 -> 172.19.0.2:5672, vhost: 'test-exclusive-should-start-again-once-the-exclusive-queue-is-released', user: 'vicione_ci', duration: '221ms')[0m
rabbitmq-1  | 2026-08-12T12:02:30.236015427Z 2026-08-12 12:02:30.234851+00:00 [info] <0.2058.0> accepting AMQP connection 172.19.0.1:59786 -> 172.19.0.2:5672[0m
rabbitmq-1  | 2026-08-12T12:02:30.247164924Z 2026-08-12 12:02:30.245061+00:00 [info] <0.2058.0> connection 172.19.0.1:59786 -> 172.19.0.2:5672 has a client-provided name: testhost[0m
rabbitmq-1  | 2026-08-12T12:02:30.251046549Z 2026-08-12 12:02:30.249488+00:00 [info] <0.2058.0> connection 172.19.0.1:59786 -> 172.19.0.2:5672 - testhost: user 'vicione_ci' authenticated and granted access to vhost 'test-exclusive-should-start-again-once-the-exclusive-queue-is-released'[0m
rabbitmq-1  | 2026-08-12T12:02:30.310120054Z [38;5;160m2026-08-12 12:02:30.308502+00:00 [error] <0.2072.0> Channel error on connection <0.2058.0> (172.19.0.1:59786 -> 172.19.0.2:5672, vhost: 'test-exclusive-should-start-again-once-the-exclusive-queue-is-released', user: 'vicione_ci'), channel 2:[0m
rabbitmq-1  | 2026-08-12T12:02:30.310241278Z [38;5;160m2026-08-12 12:02:30.308502+00:00 [error] <0.2072.0> operation queue.declare caused a channel exception resource_locked: cannot obtain exclusive access to locked queue 'exclusively-yours' in vhost 'test-exclusive-should-start-again-once-the-exclusive-queue-is-released'. It could be originally declared on another connection or the exclusive property value does not match that of the original declaration.[0m
rabbitmq-1  | 2026-08-12T12:02:30.350282069Z 2026-08-12 12:02:30.348136+00:00 [info] <0.2013.0> closing AMQP connection (172.19.0.1:59768 -> 172.19.0.2:5672 - testhost, vhost: 'test-exclusive-should-start-again-once-the-exclusive-queue-is-released', user: 'vicione_ci', duration: '437ms')[0m
rabbitmq-1  | 2026-08-12T12:02:30.362201603Z 2026-08-12 12:02:30.358388+00:00 [info] <0.2089.0> accepting AMQP connection 172.19.0.1:59798 -> 172.19.0.2:5672[0m
rabbitmq-1  | 2026-08-12T12:02:30.372315628Z 2026-08-12 12:02:30.370373+00:00 [info] <0.2089.0> connection 172.19.0.1:59798 -> 172.19.0.2:5672: user 'vicione_ci' authenticated and granted access to vhost 'test-exclusive-should-start-again-once-the-exclusive-queue-is-released'[0m
rabbitmq-1  | 2026-08-12T12:02:30.491751599Z 2026-08-12 12:02:30.490515+00:00 [info] <0.2089.0> closing AMQP connection (172.19.0.1:59798 -> 172.19.0.2:5672, vhost: 'test-exclusive-should-start-again-once-the-exclusive-queue-is-released', user: 'vicione_ci', duration: '134ms')[0m
rabbitmq-1  | 2026-08-12T12:02:30.494824200Z 2026-08-12 12:02:30.493043+00:00 [info] <0.2108.0> accepting AMQP connection 172.19.0.1:59806 -> 172.19.0.2:5672[0m
rabbitmq-1  | 2026-08-12T12:02:30.502406906Z 2026-08-12 12:02:30.500901+00:00 [info] <0.2108.0> connection 172.19.0.1:59806 -> 172.19.0.2:5672 has a client-provided name: testhost[0m
rabbitmq-1  | 2026-08-12T12:02:30.505116044Z 2026-08-12 12:02:30.503959+00:00 [info] <0.2108.0> connection 172.19.0.1:59806 -> 172.19.0.2:5672 - testhost: user 'vicione_ci' authenticated and granted access to vhost 'test-exclusive-should-start-again-once-the-exclusive-queue-is-released'[0m
rabbitmq-1  | 2026-08-12T12:02:30.572364053Z 2026-08-12 12:02:30.568978+00:00 [info] <0.2133.0> accepting AMQP connection 172.19.0.1:59808 -> 172.19.0.2:5672[0m
rabbitmq-1  | 2026-08-12T12:02:30.582477379Z 2026-08-12 12:02:30.579706+00:00 [info] <0.2133.0> connection 172.19.0.1:59808 -> 172.19.0.2:5672 has a client-provided name: testhost[0m
rabbitmq-1  | 2026-08-12T12:02:30.586381153Z [38;5;160m2026-08-12 12:02:30.585198+00:00 [error] <0.2133.0> Error on AMQP connection <0.2133.0> (172.19.0.1:59808 -> 172.19.0.2:5672 - testhost, user: 'vicione_ci', state: opening):[0m
rabbitmq-1  | 2026-08-12T12:02:30.586428175Z [38;5;160m2026-08-12 12:02:30.585198+00:00 [error] <0.2133.0> vhost test-exclusive-should-properly-fail-on-exclusive-launch not found[0m
rabbitmq-1  | 2026-08-12T12:02:30.590170480Z 2026-08-12 12:02:30.588393+00:00 [info] <0.2133.0> closing AMQP connection (172.19.0.1:59808 -> 172.19.0.2:5672 - testhost, vhost: 'none', user: 'vicione_ci', duration: '20ms')[0m
rabbitmq-1  | 2026-08-12T12:02:30.603854719Z 2026-08-12 12:02:30.602760+00:00 [info] <0.2058.0> closing AMQP connection (172.19.0.1:59786 -> 172.19.0.2:5672 - testhost, vhost: 'test-exclusive-should-start-again-once-the-exclusive-queue-is-released', user: 'vicione_ci', duration: '368ms')[0m
rabbitmq-1  | 2026-08-12T12:02:30.629795335Z 2026-08-12 12:02:30.626196+00:00 [info] <0.2108.0> closing AMQP connection (172.19.0.1:59806 -> 172.19.0.2:5672 - testhost, vhost: 'test-exclusive-should-start-again-once-the-exclusive-queue-is-released', user: 'vicione_ci', duration: '133ms')[0m
rabbitmq-1  | 2026-08-12T12:02:30.631167302Z 2026-08-12 12:02:30.630233+00:00 [info] <0.2150.0> Deleting vhost 'test-exclusive-should-start-again-once-the-exclusive-queue-is-released'[0m
rabbitmq-1  | 2026-08-12T12:02:30.632005042Z 2026-08-12 12:02:30.630372+00:00 [info] <0.2150.0> Clearing permissions in vhost 'test-exclusive-should-start-again-once-the-exclusive-queue-is-released' because it's being deleted[0m
rabbitmq-1  | 2026-08-12T12:02:30.638425462Z 2026-08-12 12:02:30.637268+00:00 [info] <0.2150.0> Deleting queues in vhost 'test-exclusive-should-start-again-once-the-exclusive-queue-is-released' because it's being deleted[0m
rabbitmq-1  | 2026-08-12T12:02:30.650512264Z 2026-08-12 12:02:30.648294+00:00 [info] <0.2150.0> Deleting exchanges in vhost 'test-exclusive-should-start-again-once-the-exclusive-queue-is-released' because it's being deleted[0m
rabbitmq-1  | 2026-08-12T12:02:30.681166936Z 2026-08-12 12:02:30.680212+00:00 [info] <0.2150.0> Clearing policies and runtime parameters in vhost 'test-exclusive-should-start-again-once-the-exclusive-queue-is-released' because it's being deleted[0m
rabbitmq-1  | 2026-08-12T12:02:30.687254286Z 2026-08-12 12:02:30.686279+00:00 [info] <0.2150.0> Stopping vhost supervisor <0.1985.0> for vhost 'test-exclusive-should-start-again-once-the-exclusive-queue-is-released'[0m
rabbitmq-1  | 2026-08-12T12:02:30.687318286Z 2026-08-12 12:02:30.686332+00:00 [info] <0.2154.0> Closing all connections in vhost 'test-exclusive-should-start-again-once-the-exclusive-queue-is-released' because it's being deleted[0m
rabbitmq-1  | 2026-08-12T12:02:30.688232605Z 2026-08-12 12:02:30.686474+00:00 [info] <0.1986.0> Virtual host 'test-exclusive-should-start-again-once-the-exclusive-queue-is-released' is stopping[0m
rabbitmq-1  | 2026-08-12T12:02:30.688691860Z 2026-08-12 12:02:30.686838+00:00 [info] <0.2156.0> Closing all connections in vhost 'test-exclusive-should-start-again-once-the-exclusive-queue-is-released' on node 'rabbit@16ec29773575' because the vhost is stopping[0m
rabbitmq-1  | 2026-08-12T12:02:30.688716873Z 2026-08-12 12:02:30.686919+00:00 [info] <0.1997.0> Stopping message store for directory '/var/lib/rabbitmq/mnesia/rabbit@16ec29773575/msg_stores/vhosts/CD6G45T68S5AZVZ35GNCQ132G/msg_store_persistent'[0m
rabbitmq-1  | 2026-08-12T12:02:30.700347914Z 2026-08-12 12:02:30.698498+00:00 [info] <0.1997.0> Message store for directory '/var/lib/rabbitmq/mnesia/rabbit@16ec29773575/msg_stores/vhosts/CD6G45T68S5AZVZ35GNCQ132G/msg_store_persistent' is stopped[0m
rabbitmq-1  | 2026-08-12T12:02:30.700392631Z 2026-08-12 12:02:30.699030+00:00 [info] <0.1993.0> Stopping message store for directory '/var/lib/rabbitmq/mnesia/rabbit@16ec29773575/msg_stores/vhosts/CD6G45T68S5AZVZ35GNCQ132G/msg_store_transient'[0m
rabbitmq-1  | 2026-08-12T12:02:30.713025257Z 2026-08-12 12:02:30.711481+00:00 [info] <0.1993.0> Message store for directory '/var/lib/rabbitmq/mnesia/rabbit@16ec29773575/msg_stores/vhosts/CD6G45T68S5AZVZ35GNCQ132G/msg_store_transient' is stopped[0m
rabbitmq-1  | 2026-08-12T12:02:30.713927139Z 2026-08-12 12:02:30.712667+00:00 [info] <0.2150.0> Deleting message store directory for vhost 'test-exclusive-should-start-again-once-the-exclusive-queue-is-released' at '/var/lib/rabbitmq/mnesia/rabbit@16ec29773575/msg_stores/vhosts/CD6G45T68S5AZVZ35GNCQ132G'[0m
rabbitmq-1  | 2026-08-12T12:02:30.746014005Z 2026-08-12 12:02:30.745232+00:00 [info] <0.2169.0> accepting AMQP connection 172.19.0.1:59816 -> 172.19.0.2:5672[0m
rabbitmq-1  | 2026-08-12T12:02:30.755514920Z 2026-08-12 12:02:30.752913+00:00 [info] <0.2169.0> connection 172.19.0.1:59816 -> 172.19.0.2:5672 has a client-provided name: exclusive-contract-holder-2[0m
rabbitmq-1  | 2026-08-12T12:02:30.758921290Z 2026-08-12 12:02:30.757891+00:00 [info] <0.2169.0> connection 172.19.0.1:59816 -> 172.19.0.2:5672 - exclusive-contract-holder-2: user 'vicione_ci' authenticated and granted access to vhost 'test'[0m
rabbitmq-1  | 2026-08-12T12:02:30.760744267Z 2026-08-12 12:02:30.759740+00:00 [info] <0.2178.0> accepting AMQP connection 172.19.0.1:59824 -> 172.19.0.2:5672[0m
rabbitmq-1  | 2026-08-12T12:02:30.767390157Z 2026-08-12 12:02:30.765003+00:00 [info] <0.2178.0> connection 172.19.0.1:59824 -> 172.19.0.2:5672 has a client-provided name: exclusive-contract-contender-2[0m
rabbitmq-1  | 2026-08-12T12:02:30.770891130Z 2026-08-12 12:02:30.768439+00:00 [info] <0.2178.0> connection 172.19.0.1:59824 -> 172.19.0.2:5672 - exclusive-contract-contender-2: user 'vicione_ci' authenticated and granted access to vhost 'test'[0m
rabbitmq-1  | 2026-08-12T12:02:30.798668488Z [38;5;160m2026-08-12 12:02:30.797230+00:00 [error] <0.2195.0> Channel error on connection <0.2178.0> (172.19.0.1:59824 -> 172.19.0.2:5672, vhost: 'test', user: 'vicione_ci'), channel 1:[0m
rabbitmq-1  | 2026-08-12T12:02:30.798720611Z [38;5;160m2026-08-12 12:02:30.797230+00:00 [error] <0.2195.0> operation queue.declare caused a channel exception resource_locked: cannot obtain exclusive access to locked queue 'exclusive-contract-5cabecf2' in vhost 'test'. It could be originally declared on another connection or the exclusive property value does not match that of the original declaration.[0m
rabbitmq-1  | 2026-08-12T12:02:30.822878565Z 2026-08-12 12:02:30.821046+00:00 [info] <0.2169.0> closing AMQP connection (172.19.0.1:59816 -> 172.19.0.2:5672 - exclusive-contract-holder-2, vhost: 'test', user: 'vicione_ci', duration: '80ms')[0m
rabbitmq-1  | 2026-08-12T12:02:30.859395954Z 2026-08-12 12:02:30.857589+00:00 [info] <0.2178.0> closing AMQP connection (172.19.0.1:59824 -> 172.19.0.2:5672 - exclusive-contract-contender-2, vhost: 'test', user: 'vicione_ci', duration: '98ms')[0m
rabbitmq-1  | 2026-08-12T12:02:30.867002696Z 2026-08-12 12:02:30.864914+00:00 [info] <0.2218.0> accepting AMQP connection 172.19.0.1:59828 -> 172.19.0.2:5672[0m
rabbitmq-1  | 2026-08-12T12:02:30.879979921Z 2026-08-12 12:02:30.877091+00:00 [info] <0.2218.0> connection 172.19.0.1:59828 -> 172.19.0.2:5672 has a client-provided name: exclusive-contract-holder[0m
rabbitmq-1  | 2026-08-12T12:02:30.886886146Z 2026-08-12 12:02:30.884075+00:00 [info] <0.2218.0> connection 172.19.0.1:59828 -> 172.19.0.2:5672 - exclusive-contract-holder: user 'vicione_ci' authenticated and granted access to vhost 'test'[0m
rabbitmq-1  | 2026-08-12T12:02:30.888155544Z 2026-08-12 12:02:30.885471+00:00 [info] <0.2223.0> accepting AMQP connection 172.19.0.1:59830 -> 172.19.0.2:5672[0m
rabbitmq-1  | 2026-08-12T12:02:30.896986406Z 2026-08-12 12:02:30.894712+00:00 [info] <0.2223.0> connection 172.19.0.1:59830 -> 172.19.0.2:5672 has a client-provided name: exclusive-contract-contender[0m
rabbitmq-1  | 2026-08-12T12:02:30.902376733Z 2026-08-12 12:02:30.900858+00:00 [info] <0.2223.0> connection 172.19.0.1:59830 -> 172.19.0.2:5672 - exclusive-contract-contender: user 'vicione_ci' authenticated and granted access to vhost 'test'[0m
rabbitmq-1  | 2026-08-12T12:02:30.943901073Z [38;5;160m2026-08-12 12:02:30.941520+00:00 [error] <0.2244.0> Channel error on connection <0.2223.0> (172.19.0.1:59830 -> 172.19.0.2:5672, vhost: 'test', user: 'vicione_ci'), channel 1:[0m
rabbitmq-1  | 2026-08-12T12:02:30.943959554Z [38;5;160m2026-08-12 12:02:30.941520+00:00 [error] <0.2244.0> operation queue.declare caused a channel exception resource_locked: cannot obtain exclusive access to locked queue 'exclusive-contract-218bd28b' in vhost 'test'. It could be originally declared on another connection or the exclusive property value does not match that of the original declaration.[0m
rabbitmq-1  | 2026-08-12T12:02:30.998922191Z 2026-08-12 12:02:30.997281+00:00 [info] <0.2223.0> closing AMQP connection (172.19.0.1:59830 -> 172.19.0.2:5672 - exclusive-contract-contender, vhost: 'test', user: 'vicione_ci', duration: '114ms')[0m
rabbitmq-1  | 2026-08-12T12:02:31.014090380Z 2026-08-12 12:02:31.011809+00:00 [info] <0.2218.0> closing AMQP connection (172.19.0.1:59828 -> 172.19.0.2:5672 - exclusive-contract-holder, vhost: 'test', user: 'vicione_ci', duration: '148ms')[0m
