<?xml version="1.0" encoding="utf-8"?>
<TestRun id="47bb2aef-99cf-4b3c-bffd-92dc9733273d" name="@Edgars-iMac-2 2026-08-12 12:02:28" xmlns="http://microsoft.com/schemas/VisualStudio/TeamTest/2010">
  <Times creation="2026-08-12T12:02:28.3570750+00:00" queuing="2026-08-12T12:02:28.3570750+00:00" start="2026-08-12T12:02:24.1101720+00:00" finish="2026-08-12T12:02:31.0688080+00:00" />
  <TestSettings name="default" id="310c9ce6-85cb-46b9-81c9-f0b9e091563d">
    <Deployment runDeploymentRoot="_Edgars-iMac-2_2026-08-12_12_02_28" />
  </TestSettings>
  <Results>
    <UnitTestResult executionId="3dbbc824-d578-41c6-b383-3a31a76d0cb7" testId="51db8c78-a284-09e9-9358-290f3e17b2fe" testName="Should_properly_fail_on_exclusive_launch" computerName="Edgars-iMac-2" duration="00:00:00.5055320" startTime="2026-08-12T12:02:29.2379440+00:00" endTime="2026-08-12T12:02:29.7434920+00:00" testType="13cdc9d9-ddb5-4fa4-a97d-d965ccfc6d4b" outcome="Passed" testListId="8c84fa94-04c1-424b-9868-57a2d4851a1d" relativeResultsDirectory="3dbbc824-d578-41c6-b383-3a31a76d0cb7" />
    <UnitTestResult executionId="da4220ae-03ee-4bd5-91cb-48aff77760d5" testId="9a800920-fccc-cf72-b976-be70490e6495" testName="Should_not_inherit_the_old_failure_after_a_restart" computerName="Edgars-iMac-2" duration="00:00:00.7891690" startTime="2026-08-12T12:02:28.4486650+00:00" endTime="2026-08-12T12:02:29.2378580+00:00" testType="13cdc9d9-ddb5-4fa4-a97d-d965ccfc6d4b" outcome="Passed" testListId="8c84fa94-04c1-424b-9868-57a2d4851a1d" relativeResultsDirectory="da4220ae-03ee-4bd5-91cb-48aff77760d5" />
    <UnitTestResult executionId="530384a7-f8b7-4f98-b2bf-cefbcfa3f8ac" testId="8a3153fe-0117-d6cd-d6d2-792a304a697c" testName="Should_start_again_once_the_exclusive_queue_is_released" computerName="Edgars-iMac-2" duration="00:00:00.8954020" startTime="2026-08-12T12:02:29.7435320+00:00" endTime="2026-08-12T12:02:30.6389610+00:00" testType="13cdc9d9-ddb5-4fa4-a97d-d965ccfc6d4b" outcome="Passed" testListId="8c84fa94-04c1-424b-9868-57a2d4851a1d" relativeResultsDirectory="530384a7-f8b7-4f98-b2bf-cefbcfa3f8ac" />
    <UnitTestResult executionId="36d2b2e8-2614-4b13-b85d-2794d10f86e0" testId="25f4e234-c20d-b8ee-2973-6aa071c92c1a" testName="Should_give_every_waiting_caller_the_same_answer" computerName="Edgars-iMac-2" duration="00:00:01.2437560" startTime="2026-08-12T12:02:26.3022650+00:00" endTime="2026-08-12T12:02:27.5459800+00:00" testType="13cdc9d9-ddb5-4fa4-a97d-d965ccfc6d4b" outcome="Passed" testListId="8c84fa94-04c1-424b-9868-57a2d4851a1d" relativeResultsDirectory="36d2b2e8-2614-4b13-b85d-2794d10f86e0" />
    <UnitTestResult executionId="a45ea53e-9486-4038-bd93-1e8d27412305" testId="a156d794-ea46-a332-cf89-cb5661e251ab" testName="Should_give_the_connection_back_when_the_connect_fails" computerName="Edgars-iMac-2" duration="00:00:00.9006240" startTime="2026-08-12T12:02:27.5477240+00:00" endTime="2026-08-12T12:02:28.4483750+00:00" testType="13cdc9d9-ddb5-4fa4-a97d-d965ccfc6d4b" outcome="Passed" testListId="8c84fa94-04c1-424b-9868-57a2d4851a1d" relativeResultsDirectory="a45ea53e-9486-4038-bd93-1e8d27412305" />
    <UnitTestResult executionId="38022a0f-d7b1-4a0c-ad00-f5290fdbeb71" testId="74cd9a95-bd8e-e828-864e-7155e49ce1c6" testName="Should_hand_the_queue_over_once_the_holder_is_gone" computerName="Edgars-iMac-2" duration="00:00:00.1225280" startTime="2026-08-12T12:02:30.6430990+00:00" endTime="2026-08-12T12:02:30.7656300+00:00" testType="13cdc9d9-ddb5-4fa4-a97d-d965ccfc6d4b" outcome="Passed" testListId="8c84fa94-04c1-424b-9868-57a2d4851a1d" relativeResultsDirectory="38022a0f-d7b1-4a0c-ad00-f5290fdbeb71" />
    <UnitTestResult executionId="0154bcaf-3371-4e22-bac5-493581d63a8f" testId="5986c5e9-6c05-149a-fded-5d77644b3052" testName="Should_refuse_the_contender_with_405_and_leave_its_connection_usable" computerName="Edgars-iMac-2" duration="00:00:00.1532050" startTime="2026-08-12T12:02:30.7656990+00:00" endTime="2026-08-12T12:02:30.9189090+00:00" testType="13cdc9d9-ddb5-4fa4-a97d-d965ccfc6d4b" outcome="Passed" testListId="8c84fa94-04c1-424b-9868-57a2d4851a1d" relativeResultsDirectory="0154bcaf-3371-4e22-bac5-493581d63a8f" />
  </Results>
  <TestDefinitions>
    <UnitTest name="Should_give_every_waiting_caller_the_same_answer" storage="/users/edgar.liebold/downloads/vicione suite 2.0/repositories/vicione-servicebus/tests/vicione.servicebus.rabbitmqtransport.tests/bin/release/net9.0/vicione.servicebus.rabbitmqtransport.tests.dll" id="25f4e234-c20d-b8ee-2973-6aa071c92c1a">
      <Execution id="36d2b2e8-2614-4b13-b85d-2794d10f86e0" />
      <TestMethod codeBase="/Users/edgar.liebold/Downloads/ViciOne Suite 2.0/repositories/vicione-servicebus/tests/ViciOne.ServiceBus.RabbitMqTransport.Tests/bin/Release/net9.0/ViciOne.ServiceBus.RabbitMqTransport.Tests.dll" adapterTypeName="executor://nunit3testexecutor/" className="ViciOne.ServiceBus.RabbitMqTransport.Tests.Failure_Specs" name="Should_give_every_waiting_caller_the_same_answer" />
    </UnitTest>
    <UnitTest name="Should_give_the_connection_back_when_the_connect_fails" storage="/users/edgar.liebold/downloads/vicione suite 2.0/repositories/vicione-servicebus/tests/vicione.servicebus.rabbitmqtransport.tests/bin/release/net9.0/vicione.servicebus.rabbitmqtransport.tests.dll" id="a156d794-ea46-a332-cf89-cb5661e251ab">
      <Execution id="a45ea53e-9486-4038-bd93-1e8d27412305" />
      <TestMethod codeBase="/Users/edgar.liebold/Downloads/ViciOne Suite 2.0/repositories/vicione-servicebus/tests/ViciOne.ServiceBus.RabbitMqTransport.Tests/bin/Release/net9.0/ViciOne.ServiceBus.RabbitMqTransport.Tests.dll" adapterTypeName="executor://nunit3testexecutor/" className="ViciOne.ServiceBus.RabbitMqTransport.Tests.Failure_Specs" name="Should_give_the_connection_back_when_the_connect_fails" />
    </UnitTest>
    <UnitTest name="Should_properly_fail_on_exclusive_launch" storage="/users/edgar.liebold/downloads/vicione suite 2.0/repositories/vicione-servicebus/tests/vicione.servicebus.rabbitmqtransport.tests/bin/release/net9.0/vicione.servicebus.rabbitmqtransport.tests.dll" id="51db8c78-a284-09e9-9358-290f3e17b2fe">
      <Execution id="3dbbc824-d578-41c6-b383-3a31a76d0cb7" />
      <TestMethod codeBase="/Users/edgar.liebold/Downloads/ViciOne Suite 2.0/repositories/vicione-servicebus/tests/ViciOne.ServiceBus.RabbitMqTransport.Tests/bin/Release/net9.0/ViciOne.ServiceBus.RabbitMqTransport.Tests.dll" adapterTypeName="executor://nunit3testexecutor/" className="ViciOne.ServiceBus.RabbitMqTransport.Tests.Failure_Specs" name="Should_properly_fail_on_exclusive_launch" />
    </UnitTest>
    <UnitTest name="Should_start_again_once_the_exclusive_queue_is_released" storage="/users/edgar.liebold/downloads/vicione suite 2.0/repositories/vicione-servicebus/tests/vicione.servicebus.rabbitmqtransport.tests/bin/release/net9.0/vicione.servicebus.rabbitmqtransport.tests.dll" id="8a3153fe-0117-d6cd-d6d2-792a304a697c">
      <Execution id="530384a7-f8b7-4f98-b2bf-cefbcfa3f8ac" />
      <TestMethod codeBase="/Users/edgar.liebold/Downloads/ViciOne Suite 2.0/repositories/vicione-servicebus/tests/ViciOne.ServiceBus.RabbitMqTransport.Tests/bin/Release/net9.0/ViciOne.ServiceBus.RabbitMqTransport.Tests.dll" adapterTypeName="executor://nunit3testexecutor/" className="ViciOne.ServiceBus.RabbitMqTransport.Tests.Failure_Specs" name="Should_start_again_once_the_exclusive_queue_is_released" />
    </UnitTest>
    <UnitTest name="Should_refuse_the_contender_with_405_and_leave_its_connection_usable" storage="/users/edgar.liebold/downloads/vicione suite 2.0/repositories/vicione-servicebus/tests/vicione.servicebus.rabbitmqtransport.tests/bin/release/net9.0/vicione.servicebus.rabbitmqtransport.tests.dll" id="5986c5e9-6c05-149a-fded-5d77644b3052">
      <Execution id="0154bcaf-3371-4e22-bac5-493581d63a8f" />
      <TestMethod codeBase="/Users/edgar.liebold/Downloads/ViciOne Suite 2.0/repositories/vicione-servicebus/tests/ViciOne.ServiceBus.RabbitMqTransport.Tests/bin/Release/net9.0/ViciOne.ServiceBus.RabbitMqTransport.Tests.dll" adapterTypeName="executor://nunit3testexecutor/" className="ViciOne.ServiceBus.RabbitMqTransport.Tests.The_broker_contract_for_an_exclusive_queue" name="Should_refuse_the_contender_with_405_and_leave_its_connection_usable" />
    </UnitTest>
    <UnitTest name="Should_not_inherit_the_old_failure_after_a_restart" storage="/users/edgar.liebold/downloads/vicione suite 2.0/repositories/vicione-servicebus/tests/vicione.servicebus.rabbitmqtransport.tests/bin/release/net9.0/vicione.servicebus.rabbitmqtransport.tests.dll" id="9a800920-fccc-cf72-b976-be70490e6495">
      <Execution id="da4220ae-03ee-4bd5-91cb-48aff77760d5" />
      <TestMethod codeBase="/Users/edgar.liebold/Downloads/ViciOne Suite 2.0/repositories/vicione-servicebus/tests/ViciOne.ServiceBus.RabbitMqTransport.Tests/bin/Release/net9.0/ViciOne.ServiceBus.RabbitMqTransport.Tests.dll" adapterTypeName="executor://nunit3testexecutor/" className="ViciOne.ServiceBus.RabbitMqTransport.Tests.Failure_Specs" name="Should_not_inherit_the_old_failure_after_a_restart" />
    </UnitTest>
    <UnitTest name="Should_hand_the_queue_over_once_the_holder_is_gone" storage="/users/edgar.liebold/downloads/vicione suite 2.0/repositories/vicione-servicebus/tests/vicione.servicebus.rabbitmqtransport.tests/bin/release/net9.0/vicione.servicebus.rabbitmqtransport.tests.dll" id="74cd9a95-bd8e-e828-864e-7155e49ce1c6">
      <Execution id="38022a0f-d7b1-4a0c-ad00-f5290fdbeb71" />
      <TestMethod codeBase="/Users/edgar.liebold/Downloads/ViciOne Suite 2.0/repositories/vicione-servicebus/tests/ViciOne.ServiceBus.RabbitMqTransport.Tests/bin/Release/net9.0/ViciOne.ServiceBus.RabbitMqTransport.Tests.dll" adapterTypeName="executor://nunit3testexecutor/" className="ViciOne.ServiceBus.RabbitMqTransport.Tests.The_broker_contract_for_an_exclusive_queue" name="Should_hand_the_queue_over_once_the_holder_is_gone" />
    </UnitTest>
  </TestDefinitions>
  <TestEntries>
    <TestEntry testId="51db8c78-a284-09e9-9358-290f3e17b2fe" executionId="3dbbc824-d578-41c6-b383-3a31a76d0cb7" testListId="8c84fa94-04c1-424b-9868-57a2d4851a1d" />
    <TestEntry testId="9a800920-fccc-cf72-b976-be70490e6495" executionId="da4220ae-03ee-4bd5-91cb-48aff77760d5" testListId="8c84fa94-04c1-424b-9868-57a2d4851a1d" />
    <TestEntry testId="8a3153fe-0117-d6cd-d6d2-792a304a697c" executionId="530384a7-f8b7-4f98-b2bf-cefbcfa3f8ac" testListId="8c84fa94-04c1-424b-9868-57a2d4851a1d" />
    <TestEntry testId="25f4e234-c20d-b8ee-2973-6aa071c92c1a" executionId="36d2b2e8-2614-4b13-b85d-2794d10f86e0" testListId="8c84fa94-04c1-424b-9868-57a2d4851a1d" />
    <TestEntry testId="a156d794-ea46-a332-cf89-cb5661e251ab" executionId="a45ea53e-9486-4038-bd93-1e8d27412305" testListId="8c84fa94-04c1-424b-9868-57a2d4851a1d" />
    <TestEntry testId="74cd9a95-bd8e-e828-864e-7155e49ce1c6" executionId="38022a0f-d7b1-4a0c-ad00-f5290fdbeb71" testListId="8c84fa94-04c1-424b-9868-57a2d4851a1d" />
    <TestEntry testId="5986c5e9-6c05-149a-fded-5d77644b3052" executionId="0154bcaf-3371-4e22-bac5-493581d63a8f" testListId="8c84fa94-04c1-424b-9868-57a2d4851a1d" />
  </TestEntries>
  <TestLists>
    <TestList name="Ergebnisse nicht in einer Liste" id="8c84fa94-04c1-424b-9868-57a2d4851a1d" />
    <TestList name="Alle geladenen Ergebnisse" id="19431567-8539-422a-85d7-44ee4e166bda" />
  </TestLists>
  <ResultSummary outcome="Completed">
    <Counters total="7" executed="7" passed="7" failed="0" error="0" timeout="0" aborted="0" inconclusive="0" passedButRunAborted="0" notRunnable="0" notExecuted="0" disconnected="0" warning="0" completed="0" inProgress="0" pending="0" />
    <Output>
      <StdOut>NUnit Adapter 6.1.0.0: Test execution started
Running selected tests in /Users/edgar.liebold/Downloads/ViciOne Suite 2.0/repositories/vicione-servicebus/tests/ViciOne.ServiceBus.RabbitMqTransport.Tests/bin/Release/net9.0/ViciOne.ServiceBus.RabbitMqTransport.Tests.dll
   NUnit3TestExecutor discovered 7 of 7 NUnit test cases using Current Discovery mode, Non-Explicit run
NUnit Adapter 6.1.0.0: Test execution complete
</StdOut>
    </Output>
  </ResultSummary>
</TestRun>