<?xml version="1.0" encoding="utf-8"?>
<TestRun id="acc86255-b2c1-4dfb-baa6-01d656579311" name="@Edgars-iMac-2 2026-08-15 07:14:21" xmlns="http://microsoft.com/schemas/VisualStudio/TeamTest/2010">
  <Times creation="2026-08-15T07:14:21.9060550+00:00" queuing="2026-08-15T07:14:21.9060550+00:00" start="2026-08-15T07:13:49.9797940+00:00" finish="2026-08-15T07:14:21.9595580+00:00" />
  <TestSettings name="default" id="b8ea61be-0ad3-4c65-835b-fc6ce0978bb0">
    <Deployment runDeploymentRoot="_Edgars-iMac-2_2026-08-15_07_14_21" />
  </TestSettings>
  <Results>
    <UnitTestResult executionId="4075593a-e67f-464a-8cba-b76e983bd559" testId="f9d67ed3-4c65-fba7-b4c4-4396f0654e5d" testName="Should_have_published_the_job_completed_event" computerName="Edgars-iMac-2" duration="00:00:00.0019520" startTime="2026-08-15T07:14:21.8621640+00:00" endTime="2026-08-15T07:14:21.8641150+00:00" testType="13cdc9d9-ddb5-4fa4-a97d-d965ccfc6d4b" outcome="Failed" testListId="8c84fa94-04c1-424b-9868-57a2d4851a1d" relativeResultsDirectory="4075593a-e67f-464a-8cba-b76e983bd559">
      <Output>
        <ErrorInfo>
          <Message>System.Threading.Tasks.TaskCanceledException : A task was canceled.</Message>
          <StackTrace>   at ViciOne.ServiceBus.QuartzIntegration.Tests.Turnout.Submitting_a_job_to_turnout_that_is_abandoned_and_retried.Should_have_published_the_job_completed_event() in /Users/edgar.liebold/Downloads/ViciOne Suite 2.0/repositories/vicione-servicebus/tests/ViciOne.ServiceBus.QuartzIntegration.Tests/Turnout/Faulted_Specs.cs:line 438
   at NUnit.Framework.Internal.TaskAwaitAdapter.GenericAdapter`1.GetResult()
   at NUnit.Framework.Internal.AsyncToSyncAdapter.Await[TResult](TestExecutionContext context, Func`1 invoke)
   at NUnit.Framework.Internal.AsyncToSyncAdapter.Await(TestExecutionContext context, Func`1 invoke)
   at NUnit.Framework.Internal.Commands.TestMethodCommand.RunTestMethod(TestExecutionContext context)
   at NUnit.Framework.Internal.Commands.TestMethodCommand.Execute(TestExecutionContext context)
   at NUnit.Framework.Internal.Commands.BeforeAndAfterTestCommand.&lt;&gt;c__DisplayClass1_0.&lt;Execute&gt;b__0()
   at NUnit.Framework.Internal.Commands.DelegatingTestCommand.RunTestMethodInThreadAbortSafeZone(TestExecutionContext context, Action action)
1)    at ViciOne.ServiceBus.QuartzIntegration.Tests.Turnout.Submitting_a_job_to_turnout_that_is_abandoned_and_retried.Should_have_published_the_job_completed_event() in /Users/edgar.liebold/Downloads/ViciOne Suite 2.0/repositories/vicione-servicebus/tests/ViciOne.ServiceBus.QuartzIntegration.Tests/Turnout/Faulted_Specs.cs:line 438
   at NUnit.Framework.Internal.TaskAwaitAdapter.GenericAdapter`1.GetResult()
   at NUnit.Framework.Internal.AsyncToSyncAdapter.Await[TResult](TestExecutionContext context, Func`1 invoke)
   at NUnit.Framework.Internal.AsyncToSyncAdapter.Await(TestExecutionContext context, Func`1 invoke)
   at NUnit.Framework.Internal.Commands.TestMethodCommand.RunTestMethod(TestExecutionContext context)
   at NUnit.Framework.Internal.Commands.TestMethodCommand.Execute(TestExecutionContext context)
   at NUnit.Framework.Internal.Commands.BeforeAndAfterTestCommand.&lt;&gt;c__DisplayClass1_0.&lt;Execute&gt;b__0()
   at NUnit.Framework.Internal.Commands.DelegatingTestCommand.RunTestMethodInThreadAbortSafeZone(TestExecutionContext context, Action action)
</StackTrace>
        </ErrorInfo>
      </Output>
    </UnitTestResult>
    <UnitTestResult executionId="38392b5b-e7ef-4e37-a1dd-2716a401205d" testId="628eb6fd-3849-2da8-b3be-0a6d5bff2caa" testName="Should_get_the_job_accepted" computerName="Edgars-iMac-2" duration="00:00:30.0162040" startTime="2026-08-15T07:13:51.8436670+00:00" endTime="2026-08-15T07:14:21.8597230+00:00" testType="13cdc9d9-ddb5-4fa4-a97d-d965ccfc6d4b" outcome="Failed" testListId="8c84fa94-04c1-424b-9868-57a2d4851a1d" relativeResultsDirectory="38392b5b-e7ef-4e37-a1dd-2716a401205d">
      <Output>
        <StdOut>07:13:51.860-D Create send transport: loopback://localhost/urn:message:ViciOne.ServiceBus.Contracts.JobService:SubmitJob[[ViciOne.ServiceBus.QuartzIntegration.Tests.Turnout:GrindTheGears]]
07:13:51.877-D SAGA:ViciOne.ServiceBus.JobTypeSaga:940f1094-51d5-c77a-c1cb-388c480f9d0f Created ViciOne.ServiceBus.Contracts.JobService.SetConcurrentJobLimit
07:13:51.884-D SAGA:ViciOne.ServiceBus.JobTypeSaga:940f1094-51d5-c77a-c1cb-388c480f9d0f Added ViciOne.ServiceBus.Contracts.JobService.SetConcurrentJobLimit
07:13:51.907-D Job Service Instance Started: loopback://localhost/instance-5isyyydppokgds3ybdxxi8gnbc
07:13:51.908-D Concurrent Job Limit: 1 ViciOne.ServiceBus.QuartzIntegration.Tests.Turnout.Submitting_a_job_to_turnout_that_is_abandoned_and_retried+GrindTheGearsConsumer:ViciOne.ServiceBus.QuartzIntegration.Tests.Turnout.GrindTheGears:grind-the-gears
07:13:51.916-D RECEIVE loopback://localhost/job-type dd6c0000-6d6c-1461-509e-08defa9cc275 ViciOne.ServiceBus.Contracts.JobService.SetConcurrentJobLimit ViciOne.ServiceBus.JobTypeSaga(00:00:00.0456039)
07:13:51.943-D SEND loopback://localhost/urn:message:ViciOne.ServiceBus.Contracts.JobService:SubmitJob[[ViciOne.ServiceBus.QuartzIntegration.Tests.Turnout:GrindTheGears]] dd6c0000-6d6c-1461-922a-08defa9cc28e ViciOne.ServiceBus.Contracts.JobService.SubmitJob&lt;ViciOne.ServiceBus.QuartzIntegration.Tests.Turnout.GrindTheGears&gt;
07:13:51.954-D Create send transport: loopback://localhost/urn:message:ViciOne.ServiceBus.Contracts.JobService:JobSubmitted
07:13:51.963-D SEND loopback://localhost/urn:message:ViciOne.ServiceBus.Contracts.JobService:JobSubmitted dd6c0000-6d6c-1461-a228-08defa9cc294 ViciOne.ServiceBus.Contracts.JobService.JobSubmitted
07:13:51.965-D Create send transport: loopback://localhost/EdgarsiMac2_testhost_bus_5isyyydppokgdkesbdxxi8gnnw
07:13:51.966-D SAGA:ViciOne.ServiceBus.JobSaga:dd6c0000-6d6c-1461-9ab4-08defa9cc283 Created ViciOne.ServiceBus.Contracts.JobService.JobSubmitted
07:13:51.966-D SAGA:ViciOne.ServiceBus.JobSaga:dd6c0000-6d6c-1461-9ab4-08defa9cc283 Added ViciOne.ServiceBus.Contracts.JobService.JobSubmitted
07:13:51.968-D RECEIVE loopback://localhost/input_queue dd6c0000-6d6c-1461-a228-08defa9cc294 ViciOne.ServiceBus.Contracts.JobService.JobSubmitted ViciOne.ServiceBus.MessageHandler&lt;ViciOne.ServiceBus.Contracts.JobService.JobSubmitted&gt;(00:00:00.0016015)
07:13:51.974-D SEND loopback://localhost/EdgarsiMac2_testhost_bus_5isyyydppokgdkesbdxxi8gnnw dd6c0000-6d6c-1461-3354-08defa9cc296 ViciOne.ServiceBus.Contracts.JobService.JobSubmissionAccepted
07:13:51.975-D RECEIVE loopback://localhost/grind-the-gears dd6c0000-6d6c-1461-922a-08defa9cc28e ViciOne.ServiceBus.Contracts.JobService.SubmitJob&lt;ViciOne.ServiceBus.QuartzIntegration.Tests.Turnout.GrindTheGears&gt; ViciOne.ServiceBus.JobService.SubmitJobConsumer&lt;ViciOne.ServiceBus.QuartzIntegration.Tests.Turnout.GrindTheGears&gt;(00:00:00.0273948)
07:13:51.976-D Create send transport: loopback://localhost/job-type
07:13:51.976-D RECEIVE loopback://localhost/EdgarsiMac2_testhost_bus_5isyyydppokgdkesbdxxi8gnnw dd6c0000-6d6c-1461-3354-08defa9cc296 ViciOne.ServiceBus.Contracts.JobService.JobSubmissionAccepted ViciOne.ServiceBus.MessageHandler&lt;ViciOne.ServiceBus.Contracts.JobService.JobSubmissionAccepted&gt;(00:00:00.0001198)
07:13:51.980-D RECEIVE loopback://localhost/job dd6c0000-6d6c-1461-a228-08defa9cc294 ViciOne.ServiceBus.Contracts.JobService.JobSubmitted ViciOne.ServiceBus.JobSaga(00:00:00.0150254)
07:13:51.984-D SEND loopback://localhost/job-type dd6c0000-6d6c-1461-a864-08defa9cc298 ViciOne.ServiceBus.Contracts.JobService.AllocateJobSlot
07:13:51.987-D SAGA:ViciOne.ServiceBus.JobTypeSaga:940f1094-51d5-c77a-c1cb-388c480f9d0f Used ViciOne.ServiceBus.Contracts.JobService.AllocateJobSlot
07:13:51.997-D Allocated Job Slot: dd6c0000-6d6c-1461-9ab4-08defa9cc283 (1): loopback://localhost/instance-5isyyydppokgds3ybdxxi8gnbc (1)
07:13:51.997-D Create send transport: loopback://localhost/job
07:13:52.008-D RECEIVE loopback://localhost/job-type dd6c0000-6d6c-1461-a864-08defa9cc298 ViciOne.ServiceBus.Contracts.JobService.AllocateJobSlot ViciOne.ServiceBus.JobTypeSaga(00:00:00.0217743)
07:13:52.012-D SEND loopback://localhost/job dd6c0000-6d6c-1461-d236-08defa9cc29c ViciOne.ServiceBus.Contracts.JobService.JobSlotAllocated
07:13:52.014-D SAGA:ViciOne.ServiceBus.JobSaga:dd6c0000-6d6c-1461-9ab4-08defa9cc283 Used ViciOne.ServiceBus.Contracts.JobService.JobSlotAllocated
07:13:52.014-D Create send transport: loopback://localhost/job-attempt
07:13:52.016-D RECEIVE loopback://localhost/job dd6c0000-6d6c-1461-d236-08defa9cc29c ViciOne.ServiceBus.Contracts.JobService.JobSlotAllocated ViciOne.ServiceBus.JobSaga(00:00:00.0025702)
07:13:52.023-D SEND loopback://localhost/job-attempt dd6c0000-6d6c-1461-fd64-08defa9cc29d ViciOne.ServiceBus.Contracts.JobService.StartJobAttempt
07:13:52.026-D SAGA:ViciOne.ServiceBus.JobAttemptSaga:dd6c0000-6d6c-1461-2444-08defa9cc297 Created ViciOne.ServiceBus.Contracts.JobService.StartJobAttempt
07:13:52.027-D SAGA:ViciOne.ServiceBus.JobAttemptSaga:dd6c0000-6d6c-1461-2444-08defa9cc297 Added ViciOne.ServiceBus.Contracts.JobService.StartJobAttempt
07:13:52.038-D Create send transport: loopback://localhost/quartz
07:13:52.046-D SEND loopback://localhost/quartz dd6c0000-6d6c-1461-7034-08defa9cc2a1 ViciOne.ServiceBus.Scheduling.ScheduleMessage
07:13:52.047-D Create send transport: loopback://localhost/instance-5isyyydppokgds3ybdxxi8gnbc
07:13:52.049-D RECEIVE loopback://localhost/job-attempt dd6c0000-6d6c-1461-fd64-08defa9cc29d ViciOne.ServiceBus.Contracts.JobService.StartJobAttempt ViciOne.ServiceBus.JobAttemptSaga(00:00:00.0232171)
07:13:52.053-D SEND loopback://localhost/instance-5isyyydppokgds3ybdxxi8gnbc dd6c0000-6d6c-1461-11f0-08defa9cc2a3 ViciOne.ServiceBus.Contracts.JobService.StartJob
07:13:52.060-D Executing job: ViciOne.ServiceBus.QuartzIntegration.Tests.Turnout.GrindTheGears dd6c0000-6d6c-1461-9ab4-08defa9cc283 (0)
07:13:52.064-D Job Started: dd6c0000-6d6c-1461-9ab4-08defa9cc283 dd6c0000-6d6c-1461-2444-08defa9cc297 (0)
07:13:52.066-D Create send transport: loopback://localhost/urn:message:ViciOne.ServiceBus.Contracts.JobService:JobAttemptStarted
07:13:52.069-D SEND loopback://localhost/urn:message:ViciOne.ServiceBus.Contracts.JobService:JobAttemptStarted dd6c0000-6d6c-1461-9448-08defa9cc2a5 ViciOne.ServiceBus.Contracts.JobService.JobAttemptStarted
07:13:52.069-D Scheduled: DEFAULT.dd6c00006d6c1461299e08defa9cc2a1 08/15/2026 07:14:52 +00:00
07:13:52.069-D RECEIVE loopback://localhost/quartz dd6c0000-6d6c-1461-7034-08defa9cc2a1 ViciOne.ServiceBus.Scheduling.ScheduleMessage ViciOne.ServiceBus.QuartzIntegration.ScheduleMessageConsumer(00:00:00.0181127)
07:13:52.072-D Create send transport: loopback://localhost/urn:message:ViciOne.ServiceBus.Contracts.JobService:JobStarted[[ViciOne.ServiceBus.QuartzIntegration.Tests.Turnout:GrindTheGears]]
07:13:52.072-D SAGA:ViciOne.ServiceBus.JobSaga:dd6c0000-6d6c-1461-9ab4-08defa9cc283 Used ViciOne.ServiceBus.Contracts.JobService.JobAttemptStarted
07:13:52.072-D SAGA:ViciOne.ServiceBus.JobAttemptSaga:dd6c0000-6d6c-1461-2444-08defa9cc297 Used ViciOne.ServiceBus.Contracts.JobService.JobAttemptStarted
07:13:52.074-D RECEIVE loopback://localhost/job-attempt dd6c0000-6d6c-1461-9448-08defa9cc2a5 ViciOne.ServiceBus.Contracts.JobService.JobAttemptStarted ViciOne.ServiceBus.JobAttemptSaga(00:00:00.0022259)
07:13:52.075-D SEND loopback://localhost/urn:message:ViciOne.ServiceBus.Contracts.JobService:JobStarted[[ViciOne.ServiceBus.QuartzIntegration.Tests.Turnout:GrindTheGears]] dd6c0000-6d6c-1461-9276-08defa9cc2a6 ViciOne.ServiceBus.Contracts.JobService.JobStarted&lt;ViciOne.ServiceBus.QuartzIntegration.Tests.Turnout.GrindTheGears&gt;
07:13:52.076-D Create send transport: loopback://localhost/urn:message:ViciOne.ServiceBus.Contracts.JobService:JobStarted
07:13:52.076-D RECEIVE loopback://localhost/job dd6c0000-6d6c-1461-9448-08defa9cc2a5 ViciOne.ServiceBus.Contracts.JobService.JobAttemptStarted ViciOne.ServiceBus.JobSaga(00:00:00.0047137)
07:13:52.079-D RECEIVE loopback://localhost/instance-5isyyydppokgds3ybdxxi8gnbc dd6c0000-6d6c-1461-11f0-08defa9cc2a3 ViciOne.ServiceBus.Contracts.JobService.StartJob ViciOne.ServiceBus.JobService.StartJobConsumer&lt;ViciOne.ServiceBus.QuartzIntegration.Tests.Turnout.GrindTheGears&gt;(00:00:00.0240679)
07:13:52.079-D SEND loopback://localhost/urn:message:ViciOne.ServiceBus.Contracts.JobService:JobStarted dd6c0000-6d6c-1461-3cbc-08defa9cc2a7 ViciOne.ServiceBus.Contracts.JobService.JobStarted
07:13:52.080-D RECEIVE loopback://localhost/input_queue dd6c0000-6d6c-1461-3cbc-08defa9cc2a7 ViciOne.ServiceBus.Contracts.JobService.JobStarted ViciOne.ServiceBus.MessageHandler&lt;ViciOne.ServiceBus.Contracts.JobService.JobStarted&gt;(00:00:00.0001753)
07:13:53.081-D Job Faulted: dd6c0000-6d6c-1461-9ab4-08defa9cc283 dd6c0000-6d6c-1461-2444-08defa9cc297 (0)

System.OperationCanceledException: The operation was canceled.
   at ViciOne.ServiceBus.QuartzIntegration.Tests.Turnout.Submitting_a_job_to_turnout_that_is_abandoned_and_retried.GrindTheGearsConsumer.Run(JobContext`1 context) in /Users/edgar.liebold/Downloads/ViciOne Suite 2.0/repositories/vicione-servicebus/tests/ViciOne.ServiceBus.QuartzIntegration.Tests/Turnout/Faulted_Specs.cs:line 549
   at ViciOne.ServiceBus.Middleware.JobConsumerMessageFilter`2.RunJob(PipeContext context, IJobConsumer`1 jobConsumer) in /Users/edgar.liebold/Downloads/ViciOne Suite 2.0/repositories/vicione-servicebus/src/ViciOne.ServiceBus/Middleware/JobConsumerMessageFilter.cs:line 53
07:13:53.102-D Create send transport: loopback://localhost/urn:message:ViciOne.ServiceBus.Contracts.JobService:JobAttemptFaulted
07:13:53.110-D SEND loopback://localhost/urn:message:ViciOne.ServiceBus.Contracts.JobService:JobAttemptFaulted dd6c0000-6d6c-1461-ca64-08defa9cc343 ViciOne.ServiceBus.Contracts.JobService.JobAttemptFaulted
07:13:53.111-D RECEIVE loopback://localhost/instance-5isyyydppokgds3ybdxxi8gnbc dd6c0000-6d6c-1461-11f0-08defa9cc2a3 ViciOne.ServiceBus.Contracts.JobService.StartJob ViciOne.ServiceBus.QuartzIntegration.Tests.Turnout.Submitting_a_job_to_turnout_that_is_abandoned_and_retried+GrindTheGearsConsumer(00:00:01.0505580)
07:13:53.112-D Removed job: dd6c0000-6d6c-1461-9ab4-08defa9cc283 (RanToCompletion)
07:13:53.115-D SAGA:ViciOne.ServiceBus.JobSaga:dd6c0000-6d6c-1461-9ab4-08defa9cc283 Used ViciOne.ServiceBus.Contracts.JobService.JobAttemptFaulted
07:13:53.117-D Create send transport: loopback://localhost/grind-the-gears
07:13:53.117-D SKIP loopback://localhost/job-attempt dd6c0000-6d6c-1461-ca64-08defa9cc343
07:13:53.118-D Create send transport: loopback://localhost/urn:message:ViciOne.ServiceBus.Contracts.JobService:JobFaulted
07:13:53.122-D RECEIVE loopback://localhost/job dd6c0000-6d6c-1461-ca64-08defa9cc343 ViciOne.ServiceBus.Contracts.JobService.JobAttemptFaulted ViciOne.ServiceBus.JobSaga(00:00:00.0075654)
07:13:53.126-D SEND loopback://localhost/grind-the-gears dd6c0000-6d6c-1461-c16a-08defa9cc346 ViciOne.ServiceBus.Contracts.JobService.FaultJob
07:13:53.130-D SEND loopback://localhost/urn:message:ViciOne.ServiceBus.Contracts.JobService:JobFaulted dd6c0000-6d6c-1461-7114-08defa9cc347 ViciOne.ServiceBus.Contracts.JobService.JobFaulted
07:13:53.130-D Create send transport: loopback://localhost/job-attempt
07:13:53.131-D RECEIVE loopback://localhost/input_queue dd6c0000-6d6c-1461-7114-08defa9cc347 ViciOne.ServiceBus.Contracts.JobService.JobFaulted ViciOne.ServiceBus.MessageHandler&lt;ViciOne.ServiceBus.Contracts.JobService.JobFaulted&gt;(00:00:00.0002470)
07:13:53.137-D SEND loopback://localhost/job-attempt dd6c0000-6d6c-1461-7034-08defa9cc2a1 ViciOne.ServiceBus.Serialization.SerializedMessageBody
07:13:53.137-D Schedule Executed: DEFAULT.dd6c00006d6c1461299e08defa9cc2a1 (null)
07:13:53.138-D SEND loopback://localhost/job-type dd6c0000-6d6c-1461-f828-08defa9cc347 ViciOne.ServiceBus.Contracts.JobService.JobSlotReleased
07:13:53.139-D Create send transport: loopback://localhost/urn:message:ViciOne.ServiceBus:Fault[[ViciOne.ServiceBus.QuartzIntegration.Tests.Turnout:GrindTheGears]]
07:13:53.151-D SAGA:ViciOne.ServiceBus.JobAttemptSaga:dd6c0000-6d6c-1461-2444-08defa9cc297 Used ViciOne.ServiceBus.Contracts.JobService.JobStatusCheckRequested
07:13:53.152-D SAGA:ViciOne.ServiceBus.JobTypeSaga:940f1094-51d5-c77a-c1cb-388c480f9d0f Used ViciOne.ServiceBus.Contracts.JobService.JobSlotReleased
07:13:53.154-D Released Job Slot: dd6c0000-6d6c-1461-9ab4-08defa9cc283 (0): loopback://localhost/instance-5isyyydppokgds3ybdxxi8gnbc
07:13:53.155-D RECEIVE loopback://localhost/job-type dd6c0000-6d6c-1461-f828-08defa9cc347 ViciOne.ServiceBus.Contracts.JobService.JobSlotReleased ViciOne.ServiceBus.JobTypeSaga(00:00:00.0035035)
07:13:53.156-D SEND loopback://localhost/quartz dd6c0000-6d6c-1461-ed84-08defa9cc34b ViciOne.ServiceBus.Scheduling.ScheduleMessage
07:13:53.157-D Scheduled: DEFAULT.dd6c00006d6c1461e99208defa9cc34b 08/15/2026 07:14:53 +00:00
07:13:53.157-D RECEIVE loopback://localhost/quartz dd6c0000-6d6c-1461-ed84-08defa9cc34b ViciOne.ServiceBus.Scheduling.ScheduleMessage ViciOne.ServiceBus.QuartzIntegration.ScheduleMessageConsumer(00:00:00.0005006)
07:13:53.157-D SEND loopback://localhost/job-attempt dd6c0000-6d6c-1461-ed84-08defa9cc34b ViciOne.ServiceBus.Serialization.SerializedMessageBody
07:13:53.157-D Schedule Executed: DEFAULT.dd6c00006d6c1461e99208defa9cc34b (null)
07:13:53.158-D RECEIVE loopback://localhost/job-attempt dd6c0000-6d6c-1461-7034-08defa9cc2a1 ViciOne.ServiceBus.Contracts.JobService.JobStatusCheckRequested ViciOne.ServiceBus.JobAttemptSaga(00:00:00.0074719)
07:13:53.159-D SEND loopback://localhost/urn:message:ViciOne.ServiceBus:Fault[[ViciOne.ServiceBus.QuartzIntegration.Tests.Turnout:GrindTheGears]] dd6c0000-6d6c-1461-00d6-08defa9cc34b ViciOne.ServiceBus.Fault&lt;ViciOne.ServiceBus.QuartzIntegration.Tests.Turnout.GrindTheGears&gt;
07:13:53.159-D RECEIVE loopback://localhost/grind-the-gears dd6c0000-6d6c-1461-c16a-08defa9cc346 ViciOne.ServiceBus.Contracts.JobService.FaultJob ViciOne.ServiceBus.JobService.FinalizeJobConsumer&lt;ViciOne.ServiceBus.QuartzIntegration.Tests.Turnout.GrindTheGears&gt;(00:00:00.0314375)
07:13:53.160-D SEND loopback://localhost/instance-5isyyydppokgds3ybdxxi8gnbc dd6c0000-6d6c-1461-349c-08defa9cc34c ViciOne.ServiceBus.Contracts.JobService.GetJobAttemptStatus
07:13:53.161-D SAGA:ViciOne.ServiceBus.JobAttemptSaga:dd6c0000-6d6c-1461-2444-08defa9cc297 Used ViciOne.ServiceBus.Contracts.JobService.JobStatusCheckRequested
07:13:53.161-D SEND loopback://localhost/quartz dd6c0000-6d6c-1461-b444-08defa9cc34c ViciOne.ServiceBus.Scheduling.ScheduleMessage
07:13:53.161-D RECEIVE loopback://localhost/job-attempt dd6c0000-6d6c-1461-ed84-08defa9cc34b ViciOne.ServiceBus.Contracts.JobService.JobStatusCheckRequested ViciOne.ServiceBus.JobAttemptSaga(00:00:00.0003283)
07:13:53.161-D SEND loopback://localhost/instance-5isyyydppokgds3ybdxxi8gnbc dd6c0000-6d6c-1461-bb92-08defa9cc34c ViciOne.ServiceBus.Contracts.JobService.GetJobAttemptStatus
07:13:53.161-D Scheduled: DEFAULT.dd6c00006d6c1461b30408defa9cc34c 08/15/2026 07:14:53 +00:00
07:13:53.161-D RECEIVE loopback://localhost/quartz dd6c0000-6d6c-1461-b444-08defa9cc34c ViciOne.ServiceBus.Scheduling.ScheduleMessage ViciOne.ServiceBus.QuartzIntegration.ScheduleMessageConsumer(00:00:00.0001212)
07:13:53.162-D SEND loopback://localhost/job-attempt dd6c0000-6d6c-1461-b444-08defa9cc34c ViciOne.ServiceBus.Serialization.SerializedMessageBody
07:13:53.162-D Schedule Executed: DEFAULT.dd6c00006d6c1461b30408defa9cc34c (null)
07:13:53.162-D SAGA:ViciOne.ServiceBus.JobAttemptSaga:dd6c0000-6d6c-1461-2444-08defa9cc297 Used ViciOne.ServiceBus.Contracts.JobService.JobStatusCheckRequested
07:13:53.162-D Create send transport: loopback://localhost/job
07:13:53.162-D CheckJobStatus, job not found: dd6c0000-6d6c-1461-9ab4-08defa9cc283
07:13:53.163-D RECEIVE loopback://localhost/instance-5isyyydppokgds3ybdxxi8gnbc dd6c0000-6d6c-1461-349c-08defa9cc34c ViciOne.ServiceBus.Contracts.JobService.GetJobAttemptStatus ViciOne.ServiceBus.JobService.SuperviseJobConsumer(00:00:00.0008522)
07:13:53.163-D RECEIVE loopback://localhost/job-attempt dd6c0000-6d6c-1461-b444-08defa9cc34c ViciOne.ServiceBus.Contracts.JobService.JobStatusCheckRequested ViciOne.ServiceBus.JobAttemptSaga(00:00:00.0010959)
07:13:53.163-D CheckJobStatus, job not found: dd6c0000-6d6c-1461-9ab4-08defa9cc283
07:13:53.163-D RECEIVE loopback://localhost/instance-5isyyydppokgds3ybdxxi8gnbc dd6c0000-6d6c-1461-bb92-08defa9cc34c ViciOne.ServiceBus.Contracts.JobService.GetJobAttemptStatus ViciOne.ServiceBus.JobService.SuperviseJobConsumer(00:00:00.0000363)
07:13:53.164-D SEND loopback://localhost/job dd6c0000-6d6c-1461-fe86-08defa9cc34c ViciOne.ServiceBus.Contracts.JobService.JobAttemptFaulted
07:13:53.165-D SAGA:ViciOne.ServiceBus.JobSaga:dd6c0000-6d6c-1461-9ab4-08defa9cc283 Used ViciOne.ServiceBus.Contracts.JobService.JobAttemptFaulted
07:13:53.165-D RECEIVE loopback://localhost/job dd6c0000-6d6c-1461-fe86-08defa9cc34c ViciOne.ServiceBus.Contracts.JobService.JobAttemptFaulted ViciOne.ServiceBus.JobSaga(00:00:00.0001670)
07:13:53.165-D SEND loopback://localhost/grind-the-gears dd6c0000-6d6c-1461-4954-08defa9cc34d ViciOne.ServiceBus.Contracts.JobService.FaultJob
07:13:53.165-D SEND loopback://localhost/urn:message:ViciOne.ServiceBus.Contracts.JobService:JobFaulted dd6c0000-6d6c-1461-4ca6-08defa9cc34d ViciOne.ServiceBus.Contracts.JobService.JobFaulted
07:13:53.165-D RECEIVE loopback://localhost/input_queue dd6c0000-6d6c-1461-4ca6-08defa9cc34d ViciOne.ServiceBus.Contracts.JobService.JobFaulted ViciOne.ServiceBus.MessageHandler&lt;ViciOne.ServiceBus.Contracts.JobService.JobFaulted&gt;(00:00:00.0000271)
07:13:53.165-D SEND loopback://localhost/urn:message:ViciOne.ServiceBus:Fault[[ViciOne.ServiceBus.QuartzIntegration.Tests.Turnout:GrindTheGears]] dd6c0000-6d6c-1461-59da-08defa9cc34d ViciOne.ServiceBus.Fault&lt;ViciOne.ServiceBus.QuartzIntegration.Tests.Turnout.GrindTheGears&gt;
07:13:53.165-D RECEIVE loopback://localhost/grind-the-gears dd6c0000-6d6c-1461-4954-08defa9cc34d ViciOne.ServiceBus.Contracts.JobService.FaultJob ViciOne.ServiceBus.JobService.FinalizeJobConsumer&lt;ViciOne.ServiceBus.QuartzIntegration.Tests.Turnout.GrindTheGears&gt;(00:00:00.0002912)</StdOut>
        <ErrorInfo>
          <Message>The job completion never happened: suppressed=1 endpoints=[job-attempt] redeliveries=0 statusChecks=2 faultOfFault=0 highestRetryAttempt=0</Message>
          <StackTrace>   at ViciOne.ServiceBus.QuartzIntegration.Tests.Turnout.Submitting_a_job_to_turnout_that_is_abandoned_and_retried.&lt;&gt;c__DisplayClass1_0.&lt;&lt;Should_get_the_job_accepted&gt;g__StepCore|1&gt;d.MoveNext() in /Users/edgar.liebold/Downloads/ViciOne Suite 2.0/repositories/vicione-servicebus/tests/ViciOne.ServiceBus.QuartzIntegration.Tests/Turnout/Faulted_Specs.cs:line 416
--- End of stack trace from previous location ---
   at ViciOne.ServiceBus.QuartzIntegration.Tests.Turnout.Submitting_a_job_to_turnout_that_is_abandoned_and_retried.&lt;&gt;c__DisplayClass1_0.&lt;&lt;Should_get_the_job_accepted&gt;g__AwaitResult|3&gt;d`1.MoveNext() in /Users/edgar.liebold/Downloads/ViciOne Suite 2.0/repositories/vicione-servicebus/tests/ViciOne.ServiceBus.QuartzIntegration.Tests/Turnout/Faulted_Specs.cs:line 428
--- End of stack trace from previous location ---
   at ViciOne.ServiceBus.QuartzIntegration.Tests.Turnout.Submitting_a_job_to_turnout_that_is_abandoned_and_retried.Should_get_the_job_accepted() in /Users/edgar.liebold/Downloads/ViciOne Suite 2.0/repositories/vicione-servicebus/tests/ViciOne.ServiceBus.QuartzIntegration.Tests/Turnout/Faulted_Specs.cs:line 382
   at NUnit.Framework.Internal.TaskAwaitAdapter.GenericAdapter`1.BlockUntilCompleted()
   at NUnit.Framework.Internal.MessagePumpStrategy.NoMessagePumpStrategy.WaitForCompletion(AwaitAdapter awaiter)
   at NUnit.Framework.Internal.AsyncToSyncAdapter.Await[TResult](TestExecutionContext context, Func`1 invoke)
   at NUnit.Framework.Internal.AsyncToSyncAdapter.Await(TestExecutionContext context, Func`1 invoke)
   at NUnit.Framework.Internal.Commands.TestMethodCommand.RunTestMethod(TestExecutionContext context)
   at NUnit.Framework.Internal.Commands.TestMethodCommand.Execute(TestExecutionContext context)
   at NUnit.Framework.Internal.Commands.BeforeAndAfterTestCommand.&lt;&gt;c__DisplayClass1_0.&lt;Execute&gt;b__0()
   at NUnit.Framework.Internal.Commands.DelegatingTestCommand.RunTestMethodInThreadAbortSafeZone(TestExecutionContext context, Action action)

1)    at ViciOne.ServiceBus.QuartzIntegration.Tests.Turnout.Submitting_a_job_to_turnout_that_is_abandoned_and_retried.&lt;&gt;c__DisplayClass1_0.&lt;&lt;Should_get_the_job_accepted&gt;g__StepCore|1&gt;d.MoveNext() in /Users/edgar.liebold/Downloads/ViciOne Suite 2.0/repositories/vicione-servicebus/tests/ViciOne.ServiceBus.QuartzIntegration.Tests/Turnout/Faulted_Specs.cs:line 412
   at System.Runtime.CompilerServices.AsyncTaskMethodBuilder`1.AsyncStateMachineBox`1.ExecutionContextCallback(Object s)

</StackTrace>
        </ErrorInfo>
      </Output>
    </UnitTestResult>
    <UnitTestResult executionId="b2129c7f-0313-4209-99c3-1d1f70587bbe" testId="e82ec06a-fe38-ce1d-7b05-40ac636e78ea" testName="Should_have_published_the_job_submitted_event" computerName="Edgars-iMac-2" duration="00:00:00.0006710" startTime="2026-08-15T07:14:21.8611300+00:00" endTime="2026-08-15T07:14:21.8618010+00:00" testType="13cdc9d9-ddb5-4fa4-a97d-d965ccfc6d4b" outcome="Passed" testListId="8c84fa94-04c1-424b-9868-57a2d4851a1d" relativeResultsDirectory="b2129c7f-0313-4209-99c3-1d1f70587bbe" />
    <UnitTestResult executionId="ae7f8bb7-353b-42a9-bed4-d0d825643497" testId="126bf279-ba29-4f10-192e-3b804fe2cc50" testName="Should_not_have_published_the_job_faulted_event" computerName="Edgars-iMac-2" duration="00:00:00.0005199" startTime="2026-08-15T07:14:21.8647080+00:00" endTime="2026-08-15T07:14:21.8652270+00:00" testType="13cdc9d9-ddb5-4fa4-a97d-d965ccfc6d4b" outcome="Failed" testListId="8c84fa94-04c1-424b-9868-57a2d4851a1d" relativeResultsDirectory="ae7f8bb7-353b-42a9-bed4-d0d825643497">
      <Output>
        <ErrorInfo>
          <Message>System.Threading.Tasks.TaskCanceledException : A task was canceled.</Message>
          <StackTrace>   at ViciOne.ServiceBus.QuartzIntegration.Tests.Turnout.Submitting_a_job_to_turnout_that_is_abandoned_and_retried.Should_not_have_published_the_job_faulted_event() in /Users/edgar.liebold/Downloads/ViciOne Suite 2.0/repositories/vicione-servicebus/tests/ViciOne.ServiceBus.QuartzIntegration.Tests/Turnout/Faulted_Specs.cs:line 469
   at NUnit.Framework.Internal.TaskAwaitAdapter.GenericAdapter`1.GetResult()
   at NUnit.Framework.Internal.AsyncToSyncAdapter.Await[TResult](TestExecutionContext context, Func`1 invoke)
   at NUnit.Framework.Internal.AsyncToSyncAdapter.Await(TestExecutionContext context, Func`1 invoke)
   at NUnit.Framework.Internal.Commands.TestMethodCommand.RunTestMethod(TestExecutionContext context)
   at NUnit.Framework.Internal.Commands.TestMethodCommand.Execute(TestExecutionContext context)
   at NUnit.Framework.Internal.Commands.BeforeAndAfterTestCommand.&lt;&gt;c__DisplayClass1_0.&lt;Execute&gt;b__0()
   at NUnit.Framework.Internal.Commands.DelegatingTestCommand.RunTestMethodInThreadAbortSafeZone(TestExecutionContext context, Action action)
1)    at ViciOne.ServiceBus.QuartzIntegration.Tests.Turnout.Submitting_a_job_to_turnout_that_is_abandoned_and_retried.Should_not_have_published_the_job_faulted_event() in /Users/edgar.liebold/Downloads/ViciOne Suite 2.0/repositories/vicione-servicebus/tests/ViciOne.ServiceBus.QuartzIntegration.Tests/Turnout/Faulted_Specs.cs:line 469
   at NUnit.Framework.Internal.TaskAwaitAdapter.GenericAdapter`1.GetResult()
   at NUnit.Framework.Internal.AsyncToSyncAdapter.Await[TResult](TestExecutionContext context, Func`1 invoke)
   at NUnit.Framework.Internal.AsyncToSyncAdapter.Await(TestExecutionContext context, Func`1 invoke)
   at NUnit.Framework.Internal.Commands.TestMethodCommand.RunTestMethod(TestExecutionContext context)
   at NUnit.Framework.Internal.Commands.TestMethodCommand.Execute(TestExecutionContext context)
   at NUnit.Framework.Internal.Commands.BeforeAndAfterTestCommand.&lt;&gt;c__DisplayClass1_0.&lt;Execute&gt;b__0()
   at NUnit.Framework.Internal.Commands.DelegatingTestCommand.RunTestMethodInThreadAbortSafeZone(TestExecutionContext context, Action action)
</StackTrace>
        </ErrorInfo>
      </Output>
    </UnitTestResult>
    <UnitTestResult executionId="308576bf-1a29-4aca-ad2a-bd16cfec085d" testId="9afaf675-c4ba-1855-6dfc-dd8ae18d02db" testName="Should_have_completed_on_the_retry_of_the_suspect_attempt" computerName="Edgars-iMac-2" duration="00:00:00.0005689" startTime="2026-08-15T07:14:21.8641260+00:00" endTime="2026-08-15T07:14:21.8646950+00:00" testType="13cdc9d9-ddb5-4fa4-a97d-d965ccfc6d4b" outcome="Failed" testListId="8c84fa94-04c1-424b-9868-57a2d4851a1d" relativeResultsDirectory="308576bf-1a29-4aca-ad2a-bd16cfec085d">
      <Output>
        <ErrorInfo>
          <Message>System.Threading.Tasks.TaskCanceledException : A task was canceled.</Message>
          <StackTrace>   at ViciOne.ServiceBus.QuartzIntegration.Tests.Turnout.Submitting_a_job_to_turnout_that_is_abandoned_and_retried.Should_have_completed_on_the_retry_of_the_suspect_attempt() in /Users/edgar.liebold/Downloads/ViciOne Suite 2.0/repositories/vicione-servicebus/tests/ViciOne.ServiceBus.QuartzIntegration.Tests/Turnout/Faulted_Specs.cs:line 459
   at NUnit.Framework.Internal.TaskAwaitAdapter.GenericAdapter`1.GetResult()
   at NUnit.Framework.Internal.AsyncToSyncAdapter.Await[TResult](TestExecutionContext context, Func`1 invoke)
   at NUnit.Framework.Internal.AsyncToSyncAdapter.Await(TestExecutionContext context, Func`1 invoke)
   at NUnit.Framework.Internal.Commands.TestMethodCommand.RunTestMethod(TestExecutionContext context)
   at NUnit.Framework.Internal.Commands.TestMethodCommand.Execute(TestExecutionContext context)
   at NUnit.Framework.Internal.Commands.BeforeAndAfterTestCommand.&lt;&gt;c__DisplayClass1_0.&lt;Execute&gt;b__0()
   at NUnit.Framework.Internal.Commands.DelegatingTestCommand.RunTestMethodInThreadAbortSafeZone(TestExecutionContext context, Action action)
1)    at ViciOne.ServiceBus.QuartzIntegration.Tests.Turnout.Submitting_a_job_to_turnout_that_is_abandoned_and_retried.Should_have_completed_on_the_retry_of_the_suspect_attempt() in /Users/edgar.liebold/Downloads/ViciOne Suite 2.0/repositories/vicione-servicebus/tests/ViciOne.ServiceBus.QuartzIntegration.Tests/Turnout/Faulted_Specs.cs:line 459
   at NUnit.Framework.Internal.TaskAwaitAdapter.GenericAdapter`1.GetResult()
   at NUnit.Framework.Internal.AsyncToSyncAdapter.Await[TResult](TestExecutionContext context, Func`1 invoke)
   at NUnit.Framework.Internal.AsyncToSyncAdapter.Await(TestExecutionContext context, Func`1 invoke)
   at NUnit.Framework.Internal.Commands.TestMethodCommand.RunTestMethod(TestExecutionContext context)
   at NUnit.Framework.Internal.Commands.TestMethodCommand.Execute(TestExecutionContext context)
   at NUnit.Framework.Internal.Commands.BeforeAndAfterTestCommand.&lt;&gt;c__DisplayClass1_0.&lt;Execute&gt;b__0()
   at NUnit.Framework.Internal.Commands.DelegatingTestCommand.RunTestMethodInThreadAbortSafeZone(TestExecutionContext context, Action action)
</StackTrace>
        </ErrorInfo>
      </Output>
    </UnitTestResult>
    <UnitTestResult executionId="79e4b8cf-fb05-4917-8665-a98922a1a6c8" testId="d99d9a0f-73b4-4119-0856-87a71d49e81c" testName="Should_have_published_the_job_started_event" computerName="Edgars-iMac-2" duration="00:00:00.0003180" startTime="2026-08-15T07:14:21.8618350+00:00" endTime="2026-08-15T07:14:21.8621530+00:00" testType="13cdc9d9-ddb5-4fa4-a97d-d965ccfc6d4b" outcome="Passed" testListId="8c84fa94-04c1-424b-9868-57a2d4851a1d" relativeResultsDirectory="79e4b8cf-fb05-4917-8665-a98922a1a6c8" />
  </Results>
  <TestDefinitions>
    <UnitTest name="Should_have_published_the_job_completed_event" storage="/users/edgar.liebold/downloads/vicione suite 2.0/repositories/vicione-servicebus/tests/vicione.servicebus.quartzintegration.tests/bin/release/net9.0/vicione.servicebus.quartzintegration.tests.dll" id="f9d67ed3-4c65-fba7-b4c4-4396f0654e5d">
      <Execution id="4075593a-e67f-464a-8cba-b76e983bd559" />
      <TestMethod codeBase="/Users/edgar.liebold/Downloads/ViciOne Suite 2.0/repositories/vicione-servicebus/tests/ViciOne.ServiceBus.QuartzIntegration.Tests/bin/Release/net9.0/ViciOne.ServiceBus.QuartzIntegration.Tests.dll" adapterTypeName="executor://nunit3testexecutor/" className="ViciOne.ServiceBus.QuartzIntegration.Tests.Turnout.Submitting_a_job_to_turnout_that_is_abandoned_and_retried" name="Should_have_published_the_job_completed_event" />
    </UnitTest>
    <UnitTest name="Should_have_published_the_job_started_event" storage="/users/edgar.liebold/downloads/vicione suite 2.0/repositories/vicione-servicebus/tests/vicione.servicebus.quartzintegration.tests/bin/release/net9.0/vicione.servicebus.quartzintegration.tests.dll" id="d99d9a0f-73b4-4119-0856-87a71d49e81c">
      <Execution id="79e4b8cf-fb05-4917-8665-a98922a1a6c8" />
      <TestMethod codeBase="/Users/edgar.liebold/Downloads/ViciOne Suite 2.0/repositories/vicione-servicebus/tests/ViciOne.ServiceBus.QuartzIntegration.Tests/bin/Release/net9.0/ViciOne.ServiceBus.QuartzIntegration.Tests.dll" adapterTypeName="executor://nunit3testexecutor/" className="ViciOne.ServiceBus.QuartzIntegration.Tests.Turnout.Submitting_a_job_to_turnout_that_is_abandoned_and_retried" name="Should_have_published_the_job_started_event" />
    </UnitTest>
    <UnitTest name="Should_get_the_job_accepted" storage="/users/edgar.liebold/downloads/vicione suite 2.0/repositories/vicione-servicebus/tests/vicione.servicebus.quartzintegration.tests/bin/release/net9.0/vicione.servicebus.quartzintegration.tests.dll" id="628eb6fd-3849-2da8-b3be-0a6d5bff2caa">
      <Execution id="38392b5b-e7ef-4e37-a1dd-2716a401205d" />
      <TestMethod codeBase="/Users/edgar.liebold/Downloads/ViciOne Suite 2.0/repositories/vicione-servicebus/tests/ViciOne.ServiceBus.QuartzIntegration.Tests/bin/Release/net9.0/ViciOne.ServiceBus.QuartzIntegration.Tests.dll" adapterTypeName="executor://nunit3testexecutor/" className="ViciOne.ServiceBus.QuartzIntegration.Tests.Turnout.Submitting_a_job_to_turnout_that_is_abandoned_and_retried" name="Should_get_the_job_accepted" />
    </UnitTest>
    <UnitTest name="Should_not_have_published_the_job_faulted_event" storage="/users/edgar.liebold/downloads/vicione suite 2.0/repositories/vicione-servicebus/tests/vicione.servicebus.quartzintegration.tests/bin/release/net9.0/vicione.servicebus.quartzintegration.tests.dll" id="126bf279-ba29-4f10-192e-3b804fe2cc50">
      <Execution id="ae7f8bb7-353b-42a9-bed4-d0d825643497" />
      <TestMethod codeBase="/Users/edgar.liebold/Downloads/ViciOne Suite 2.0/repositories/vicione-servicebus/tests/ViciOne.ServiceBus.QuartzIntegration.Tests/bin/Release/net9.0/ViciOne.ServiceBus.QuartzIntegration.Tests.dll" adapterTypeName="executor://nunit3testexecutor/" className="ViciOne.ServiceBus.QuartzIntegration.Tests.Turnout.Submitting_a_job_to_turnout_that_is_abandoned_and_retried" name="Should_not_have_published_the_job_faulted_event" />
    </UnitTest>
    <UnitTest name="Should_have_completed_on_the_retry_of_the_suspect_attempt" storage="/users/edgar.liebold/downloads/vicione suite 2.0/repositories/vicione-servicebus/tests/vicione.servicebus.quartzintegration.tests/bin/release/net9.0/vicione.servicebus.quartzintegration.tests.dll" id="9afaf675-c4ba-1855-6dfc-dd8ae18d02db">
      <Execution id="308576bf-1a29-4aca-ad2a-bd16cfec085d" />
      <TestMethod codeBase="/Users/edgar.liebold/Downloads/ViciOne Suite 2.0/repositories/vicione-servicebus/tests/ViciOne.ServiceBus.QuartzIntegration.Tests/bin/Release/net9.0/ViciOne.ServiceBus.QuartzIntegration.Tests.dll" adapterTypeName="executor://nunit3testexecutor/" className="ViciOne.ServiceBus.QuartzIntegration.Tests.Turnout.Submitting_a_job_to_turnout_that_is_abandoned_and_retried" name="Should_have_completed_on_the_retry_of_the_suspect_attempt" />
    </UnitTest>
    <UnitTest name="Should_have_published_the_job_submitted_event" storage="/users/edgar.liebold/downloads/vicione suite 2.0/repositories/vicione-servicebus/tests/vicione.servicebus.quartzintegration.tests/bin/release/net9.0/vicione.servicebus.quartzintegration.tests.dll" id="e82ec06a-fe38-ce1d-7b05-40ac636e78ea">
      <Execution id="b2129c7f-0313-4209-99c3-1d1f70587bbe" />
      <TestMethod codeBase="/Users/edgar.liebold/Downloads/ViciOne Suite 2.0/repositories/vicione-servicebus/tests/ViciOne.ServiceBus.QuartzIntegration.Tests/bin/Release/net9.0/ViciOne.ServiceBus.QuartzIntegration.Tests.dll" adapterTypeName="executor://nunit3testexecutor/" className="ViciOne.ServiceBus.QuartzIntegration.Tests.Turnout.Submitting_a_job_to_turnout_that_is_abandoned_and_retried" name="Should_have_published_the_job_submitted_event" />
    </UnitTest>
  </TestDefinitions>
  <TestEntries>
    <TestEntry testId="f9d67ed3-4c65-fba7-b4c4-4396f0654e5d" executionId="4075593a-e67f-464a-8cba-b76e983bd559" testListId="8c84fa94-04c1-424b-9868-57a2d4851a1d" />
    <TestEntry testId="628eb6fd-3849-2da8-b3be-0a6d5bff2caa" executionId="38392b5b-e7ef-4e37-a1dd-2716a401205d" testListId="8c84fa94-04c1-424b-9868-57a2d4851a1d" />
    <TestEntry testId="e82ec06a-fe38-ce1d-7b05-40ac636e78ea" executionId="b2129c7f-0313-4209-99c3-1d1f70587bbe" testListId="8c84fa94-04c1-424b-9868-57a2d4851a1d" />
    <TestEntry testId="126bf279-ba29-4f10-192e-3b804fe2cc50" executionId="ae7f8bb7-353b-42a9-bed4-d0d825643497" testListId="8c84fa94-04c1-424b-9868-57a2d4851a1d" />
    <TestEntry testId="9afaf675-c4ba-1855-6dfc-dd8ae18d02db" executionId="308576bf-1a29-4aca-ad2a-bd16cfec085d" testListId="8c84fa94-04c1-424b-9868-57a2d4851a1d" />
    <TestEntry testId="d99d9a0f-73b4-4119-0856-87a71d49e81c" executionId="79e4b8cf-fb05-4917-8665-a98922a1a6c8" testListId="8c84fa94-04c1-424b-9868-57a2d4851a1d" />
  </TestEntries>
  <TestLists>
    <TestList name="Ergebnisse nicht in einer Liste" id="8c84fa94-04c1-424b-9868-57a2d4851a1d" />
    <TestList name="Alle geladenen Ergebnisse" id="19431567-8539-422a-85d7-44ee4e166bda" />
  </TestLists>
  <ResultSummary outcome="Failed">
    <Counters total="6" executed="6" passed="2" failed="4" error="0" timeout="0" aborted="0" inconclusive="0" passedButRunAborted="0" notRunnable="0" notExecuted="0" disconnected="0" warning="0" completed="0" inProgress="0" pending="0" />
    <Output>
      <StdOut>NUnit Adapter 6.1.0.0: Test execution started
Running selected tests in /Users/edgar.liebold/Downloads/ViciOne Suite 2.0/repositories/vicione-servicebus/tests/ViciOne.ServiceBus.QuartzIntegration.Tests/bin/Release/net9.0/ViciOne.ServiceBus.QuartzIntegration.Tests.dll
   NUnit3TestExecutor discovered 6 of 6 NUnit test cases using Current Discovery mode, Non-Explicit run
07:13:51.860-D Create send transport: loopback://localhost/urn:message:ViciOne.ServiceBus.Contracts.JobService:SubmitJob[[ViciOne.ServiceBus.QuartzIntegration.Tests.Turnout:GrindTheGears]]
07:13:51.877-D SAGA:ViciOne.ServiceBus.JobTypeSaga:940f1094-51d5-c77a-c1cb-388c480f9d0f Created ViciOne.ServiceBus.Contracts.JobService.SetConcurrentJobLimit
07:13:51.884-D SAGA:ViciOne.ServiceBus.JobTypeSaga:940f1094-51d5-c77a-c1cb-388c480f9d0f Added ViciOne.ServiceBus.Contracts.JobService.SetConcurrentJobLimit
07:13:51.907-D Job Service Instance Started: loopback://localhost/instance-5isyyydppokgds3ybdxxi8gnbc
07:13:51.908-D Concurrent Job Limit: 1 ViciOne.ServiceBus.QuartzIntegration.Tests.Turnout.Submitting_a_job_to_turnout_that_is_abandoned_and_retried+GrindTheGearsConsumer:ViciOne.ServiceBus.QuartzIntegration.Tests.Turnout.GrindTheGears:grind-the-gears
07:13:51.916-D RECEIVE loopback://localhost/job-type dd6c0000-6d6c-1461-509e-08defa9cc275 ViciOne.ServiceBus.Contracts.JobService.SetConcurrentJobLimit ViciOne.ServiceBus.JobTypeSaga(00:00:00.0456039)
07:13:51.943-D SEND loopback://localhost/urn:message:ViciOne.ServiceBus.Contracts.JobService:SubmitJob[[ViciOne.ServiceBus.QuartzIntegration.Tests.Turnout:GrindTheGears]] dd6c0000-6d6c-1461-922a-08defa9cc28e ViciOne.ServiceBus.Contracts.JobService.SubmitJob&lt;ViciOne.ServiceBus.QuartzIntegration.Tests.Turnout.GrindTheGears&gt;
07:13:51.954-D Create send transport: loopback://localhost/urn:message:ViciOne.ServiceBus.Contracts.JobService:JobSubmitted
07:13:51.963-D SEND loopback://localhost/urn:message:ViciOne.ServiceBus.Contracts.JobService:JobSubmitted dd6c0000-6d6c-1461-a228-08defa9cc294 ViciOne.ServiceBus.Contracts.JobService.JobSubmitted
07:13:51.965-D Create send transport: loopback://localhost/EdgarsiMac2_testhost_bus_5isyyydppokgdkesbdxxi8gnnw
07:13:51.966-D SAGA:ViciOne.ServiceBus.JobSaga:dd6c0000-6d6c-1461-9ab4-08defa9cc283 Created ViciOne.ServiceBus.Contracts.JobService.JobSubmitted
07:13:51.966-D SAGA:ViciOne.ServiceBus.JobSaga:dd6c0000-6d6c-1461-9ab4-08defa9cc283 Added ViciOne.ServiceBus.Contracts.JobService.JobSubmitted
07:13:51.968-D RECEIVE loopback://localhost/input_queue dd6c0000-6d6c-1461-a228-08defa9cc294 ViciOne.ServiceBus.Contracts.JobService.JobSubmitted ViciOne.ServiceBus.MessageHandler&lt;ViciOne.ServiceBus.Contracts.JobService.JobSubmitted&gt;(00:00:00.0016015)
07:13:51.974-D SEND loopback://localhost/EdgarsiMac2_testhost_bus_5isyyydppokgdkesbdxxi8gnnw dd6c0000-6d6c-1461-3354-08defa9cc296 ViciOne.ServiceBus.Contracts.JobService.JobSubmissionAccepted
07:13:51.975-D RECEIVE loopback://localhost/grind-the-gears dd6c0000-6d6c-1461-922a-08defa9cc28e ViciOne.ServiceBus.Contracts.JobService.SubmitJob&lt;ViciOne.ServiceBus.QuartzIntegration.Tests.Turnout.GrindTheGears&gt; ViciOne.ServiceBus.JobService.SubmitJobConsumer&lt;ViciOne.ServiceBus.QuartzIntegration.Tests.Turnout.GrindTheGears&gt;(00:00:00.0273948)
07:13:51.976-D Create send transport: loopback://localhost/job-type
07:13:51.976-D RECEIVE loopback://localhost/EdgarsiMac2_testhost_bus_5isyyydppokgdkesbdxxi8gnnw dd6c0000-6d6c-1461-3354-08defa9cc296 ViciOne.ServiceBus.Contracts.JobService.JobSubmissionAccepted ViciOne.ServiceBus.MessageHandler&lt;ViciOne.ServiceBus.Contracts.JobService.JobSubmissionAccepted&gt;(00:00:00.0001198)
07:13:51.980-D RECEIVE loopback://localhost/job dd6c0000-6d6c-1461-a228-08defa9cc294 ViciOne.ServiceBus.Contracts.JobService.JobSubmitted ViciOne.ServiceBus.JobSaga(00:00:00.0150254)
07:13:51.984-D SEND loopback://localhost/job-type dd6c0000-6d6c-1461-a864-08defa9cc298 ViciOne.ServiceBus.Contracts.JobService.AllocateJobSlot
07:13:51.987-D SAGA:ViciOne.ServiceBus.JobTypeSaga:940f1094-51d5-c77a-c1cb-388c480f9d0f Used ViciOne.ServiceBus.Contracts.JobService.AllocateJobSlot
07:13:51.997-D Allocated Job Slot: dd6c0000-6d6c-1461-9ab4-08defa9cc283 (1): loopback://localhost/instance-5isyyydppokgds3ybdxxi8gnbc (1)
07:13:51.997-D Create send transport: loopback://localhost/job
07:13:52.008-D RECEIVE loopback://localhost/job-type dd6c0000-6d6c-1461-a864-08defa9cc298 ViciOne.ServiceBus.Contracts.JobService.AllocateJobSlot ViciOne.ServiceBus.JobTypeSaga(00:00:00.0217743)
07:13:52.012-D SEND loopback://localhost/job dd6c0000-6d6c-1461-d236-08defa9cc29c ViciOne.ServiceBus.Contracts.JobService.JobSlotAllocated
07:13:52.014-D SAGA:ViciOne.ServiceBus.JobSaga:dd6c0000-6d6c-1461-9ab4-08defa9cc283 Used ViciOne.ServiceBus.Contracts.JobService.JobSlotAllocated
07:13:52.014-D Create send transport: loopback://localhost/job-attempt
07:13:52.016-D RECEIVE loopback://localhost/job dd6c0000-6d6c-1461-d236-08defa9cc29c ViciOne.ServiceBus.Contracts.JobService.JobSlotAllocated ViciOne.ServiceBus.JobSaga(00:00:00.0025702)
07:13:52.023-D SEND loopback://localhost/job-attempt dd6c0000-6d6c-1461-fd64-08defa9cc29d ViciOne.ServiceBus.Contracts.JobService.StartJobAttempt
07:13:52.026-D SAGA:ViciOne.ServiceBus.JobAttemptSaga:dd6c0000-6d6c-1461-2444-08defa9cc297 Created ViciOne.ServiceBus.Contracts.JobService.StartJobAttempt
07:13:52.027-D SAGA:ViciOne.ServiceBus.JobAttemptSaga:dd6c0000-6d6c-1461-2444-08defa9cc297 Added ViciOne.ServiceBus.Contracts.JobService.StartJobAttempt
07:13:52.038-D Create send transport: loopback://localhost/quartz
07:13:52.046-D SEND loopback://localhost/quartz dd6c0000-6d6c-1461-7034-08defa9cc2a1 ViciOne.ServiceBus.Scheduling.ScheduleMessage
07:13:52.047-D Create send transport: loopback://localhost/instance-5isyyydppokgds3ybdxxi8gnbc
07:13:52.049-D RECEIVE loopback://localhost/job-attempt dd6c0000-6d6c-1461-fd64-08defa9cc29d ViciOne.ServiceBus.Contracts.JobService.StartJobAttempt ViciOne.ServiceBus.JobAttemptSaga(00:00:00.0232171)
07:13:52.053-D SEND loopback://localhost/instance-5isyyydppokgds3ybdxxi8gnbc dd6c0000-6d6c-1461-11f0-08defa9cc2a3 ViciOne.ServiceBus.Contracts.JobService.StartJob
07:13:52.060-D Executing job: ViciOne.ServiceBus.QuartzIntegration.Tests.Turnout.GrindTheGears dd6c0000-6d6c-1461-9ab4-08defa9cc283 (0)
07:13:52.064-D Job Started: dd6c0000-6d6c-1461-9ab4-08defa9cc283 dd6c0000-6d6c-1461-2444-08defa9cc297 (0)
07:13:52.066-D Create send transport: loopback://localhost/urn:message:ViciOne.ServiceBus.Contracts.JobService:JobAttemptStarted
07:13:52.069-D SEND loopback://localhost/urn:message:ViciOne.ServiceBus.Contracts.JobService:JobAttemptStarted dd6c0000-6d6c-1461-9448-08defa9cc2a5 ViciOne.ServiceBus.Contracts.JobService.JobAttemptStarted
07:13:52.069-D Scheduled: DEFAULT.dd6c00006d6c1461299e08defa9cc2a1 08/15/2026 07:14:52 +00:00
07:13:52.069-D RECEIVE loopback://localhost/quartz dd6c0000-6d6c-1461-7034-08defa9cc2a1 ViciOne.ServiceBus.Scheduling.ScheduleMessage ViciOne.ServiceBus.QuartzIntegration.ScheduleMessageConsumer(00:00:00.0181127)
07:13:52.072-D Create send transport: loopback://localhost/urn:message:ViciOne.ServiceBus.Contracts.JobService:JobStarted[[ViciOne.ServiceBus.QuartzIntegration.Tests.Turnout:GrindTheGears]]
07:13:52.072-D SAGA:ViciOne.ServiceBus.JobSaga:dd6c0000-6d6c-1461-9ab4-08defa9cc283 Used ViciOne.ServiceBus.Contracts.JobService.JobAttemptStarted
07:13:52.072-D SAGA:ViciOne.ServiceBus.JobAttemptSaga:dd6c0000-6d6c-1461-2444-08defa9cc297 Used ViciOne.ServiceBus.Contracts.JobService.JobAttemptStarted
07:13:52.074-D RECEIVE loopback://localhost/job-attempt dd6c0000-6d6c-1461-9448-08defa9cc2a5 ViciOne.ServiceBus.Contracts.JobService.JobAttemptStarted ViciOne.ServiceBus.JobAttemptSaga(00:00:00.0022259)
07:13:52.075-D SEND loopback://localhost/urn:message:ViciOne.ServiceBus.Contracts.JobService:JobStarted[[ViciOne.ServiceBus.QuartzIntegration.Tests.Turnout:GrindTheGears]] dd6c0000-6d6c-1461-9276-08defa9cc2a6 ViciOne.ServiceBus.Contracts.JobService.JobStarted&lt;ViciOne.ServiceBus.QuartzIntegration.Tests.Turnout.GrindTheGears&gt;
07:13:52.076-D Create send transport: loopback://localhost/urn:message:ViciOne.ServiceBus.Contracts.JobService:JobStarted
07:13:52.076-D RECEIVE loopback://localhost/job dd6c0000-6d6c-1461-9448-08defa9cc2a5 ViciOne.ServiceBus.Contracts.JobService.JobAttemptStarted ViciOne.ServiceBus.JobSaga(00:00:00.0047137)
07:13:52.079-D RECEIVE loopback://localhost/instance-5isyyydppokgds3ybdxxi8gnbc dd6c0000-6d6c-1461-11f0-08defa9cc2a3 ViciOne.ServiceBus.Contracts.JobService.StartJob ViciOne.ServiceBus.JobService.StartJobConsumer&lt;ViciOne.ServiceBus.QuartzIntegration.Tests.Turnout.GrindTheGears&gt;(00:00:00.0240679)
07:13:52.079-D SEND loopback://localhost/urn:message:ViciOne.ServiceBus.Contracts.JobService:JobStarted dd6c0000-6d6c-1461-3cbc-08defa9cc2a7 ViciOne.ServiceBus.Contracts.JobService.JobStarted
07:13:52.080-D RECEIVE loopback://localhost/input_queue dd6c0000-6d6c-1461-3cbc-08defa9cc2a7 ViciOne.ServiceBus.Contracts.JobService.JobStarted ViciOne.ServiceBus.MessageHandler&lt;ViciOne.ServiceBus.Contracts.JobService.JobStarted&gt;(00:00:00.0001753)
07:13:53.081-D Job Faulted: dd6c0000-6d6c-1461-9ab4-08defa9cc283 dd6c0000-6d6c-1461-2444-08defa9cc297 (0)

System.OperationCanceledException: The operation was canceled.
   at ViciOne.ServiceBus.QuartzIntegration.Tests.Turnout.Submitting_a_job_to_turnout_that_is_abandoned_and_retried.GrindTheGearsConsumer.Run(JobContext`1 context) in /Users/edgar.liebold/Downloads/ViciOne Suite 2.0/repositories/vicione-servicebus/tests/ViciOne.ServiceBus.QuartzIntegration.Tests/Turnout/Faulted_Specs.cs:line 549
   at ViciOne.ServiceBus.Middleware.JobConsumerMessageFilter`2.RunJob(PipeContext context, IJobConsumer`1 jobConsumer) in /Users/edgar.liebold/Downloads/ViciOne Suite 2.0/repositories/vicione-servicebus/src/ViciOne.ServiceBus/Middleware/JobConsumerMessageFilter.cs:line 53
07:13:53.102-D Create send transport: loopback://localhost/urn:message:ViciOne.ServiceBus.Contracts.JobService:JobAttemptFaulted
07:13:53.110-D SEND loopback://localhost/urn:message:ViciOne.ServiceBus.Contracts.JobService:JobAttemptFaulted dd6c0000-6d6c-1461-ca64-08defa9cc343 ViciOne.ServiceBus.Contracts.JobService.JobAttemptFaulted
07:13:53.111-D RECEIVE loopback://localhost/instance-5isyyydppokgds3ybdxxi8gnbc dd6c0000-6d6c-1461-11f0-08defa9cc2a3 ViciOne.ServiceBus.Contracts.JobService.StartJob ViciOne.ServiceBus.QuartzIntegration.Tests.Turnout.Submitting_a_job_to_turnout_that_is_abandoned_and_retried+GrindTheGearsConsumer(00:00:01.0505580)
07:13:53.112-D Removed job: dd6c0000-6d6c-1461-9ab4-08defa9cc283 (RanToCompletion)
07:13:53.115-D SAGA:ViciOne.ServiceBus.JobSaga:dd6c0000-6d6c-1461-9ab4-08defa9cc283 Used ViciOne.ServiceBus.Contracts.JobService.JobAttemptFaulted
07:13:53.117-D Create send transport: loopback://localhost/grind-the-gears
07:13:53.117-D SKIP loopback://localhost/job-attempt dd6c0000-6d6c-1461-ca64-08defa9cc343
07:13:53.118-D Create send transport: loopback://localhost/urn:message:ViciOne.ServiceBus.Contracts.JobService:JobFaulted
07:13:53.122-D RECEIVE loopback://localhost/job dd6c0000-6d6c-1461-ca64-08defa9cc343 ViciOne.ServiceBus.Contracts.JobService.JobAttemptFaulted ViciOne.ServiceBus.JobSaga(00:00:00.0075654)
07:13:53.126-D SEND loopback://localhost/grind-the-gears dd6c0000-6d6c-1461-c16a-08defa9cc346 ViciOne.ServiceBus.Contracts.JobService.FaultJob
07:13:53.130-D SEND loopback://localhost/urn:message:ViciOne.ServiceBus.Contracts.JobService:JobFaulted dd6c0000-6d6c-1461-7114-08defa9cc347 ViciOne.ServiceBus.Contracts.JobService.JobFaulted
07:13:53.130-D Create send transport: loopback://localhost/job-attempt
07:13:53.131-D RECEIVE loopback://localhost/input_queue dd6c0000-6d6c-1461-7114-08defa9cc347 ViciOne.ServiceBus.Contracts.JobService.JobFaulted ViciOne.ServiceBus.MessageHandler&lt;ViciOne.ServiceBus.Contracts.JobService.JobFaulted&gt;(00:00:00.0002470)
07:13:53.137-D SEND loopback://localhost/job-attempt dd6c0000-6d6c-1461-7034-08defa9cc2a1 ViciOne.ServiceBus.Serialization.SerializedMessageBody
07:13:53.137-D Schedule Executed: DEFAULT.dd6c00006d6c1461299e08defa9cc2a1 (null)
07:13:53.138-D SEND loopback://localhost/job-type dd6c0000-6d6c-1461-f828-08defa9cc347 ViciOne.ServiceBus.Contracts.JobService.JobSlotReleased
07:13:53.139-D Create send transport: loopback://localhost/urn:message:ViciOne.ServiceBus:Fault[[ViciOne.ServiceBus.QuartzIntegration.Tests.Turnout:GrindTheGears]]
07:13:53.151-D SAGA:ViciOne.ServiceBus.JobAttemptSaga:dd6c0000-6d6c-1461-2444-08defa9cc297 Used ViciOne.ServiceBus.Contracts.JobService.JobStatusCheckRequested
07:13:53.152-D SAGA:ViciOne.ServiceBus.JobTypeSaga:940f1094-51d5-c77a-c1cb-388c480f9d0f Used ViciOne.ServiceBus.Contracts.JobService.JobSlotReleased
07:13:53.154-D Released Job Slot: dd6c0000-6d6c-1461-9ab4-08defa9cc283 (0): loopback://localhost/instance-5isyyydppokgds3ybdxxi8gnbc
07:13:53.155-D RECEIVE loopback://localhost/job-type dd6c0000-6d6c-1461-f828-08defa9cc347 ViciOne.ServiceBus.Contracts.JobService.JobSlotReleased ViciOne.ServiceBus.JobTypeSaga(00:00:00.0035035)
07:13:53.156-D SEND loopback://localhost/quartz dd6c0000-6d6c-1461-ed84-08defa9cc34b ViciOne.ServiceBus.Scheduling.ScheduleMessage
07:13:53.157-D Scheduled: DEFAULT.dd6c00006d6c1461e99208defa9cc34b 08/15/2026 07:14:53 +00:00
07:13:53.157-D RECEIVE loopback://localhost/quartz dd6c0000-6d6c-1461-ed84-08defa9cc34b ViciOne.ServiceBus.Scheduling.ScheduleMessage ViciOne.ServiceBus.QuartzIntegration.ScheduleMessageConsumer(00:00:00.0005006)
07:13:53.157-D SEND loopback://localhost/job-attempt dd6c0000-6d6c-1461-ed84-08defa9cc34b ViciOne.ServiceBus.Serialization.SerializedMessageBody
07:13:53.157-D Schedule Executed: DEFAULT.dd6c00006d6c1461e99208defa9cc34b (null)
07:13:53.158-D RECEIVE loopback://localhost/job-attempt dd6c0000-6d6c-1461-7034-08defa9cc2a1 ViciOne.ServiceBus.Contracts.JobService.JobStatusCheckRequested ViciOne.ServiceBus.JobAttemptSaga(00:00:00.0074719)
07:13:53.159-D SEND loopback://localhost/urn:message:ViciOne.ServiceBus:Fault[[ViciOne.ServiceBus.QuartzIntegration.Tests.Turnout:GrindTheGears]] dd6c0000-6d6c-1461-00d6-08defa9cc34b ViciOne.ServiceBus.Fault&lt;ViciOne.ServiceBus.QuartzIntegration.Tests.Turnout.GrindTheGears&gt;
07:13:53.159-D RECEIVE loopback://localhost/grind-the-gears dd6c0000-6d6c-1461-c16a-08defa9cc346 ViciOne.ServiceBus.Contracts.JobService.FaultJob ViciOne.ServiceBus.JobService.FinalizeJobConsumer&lt;ViciOne.ServiceBus.QuartzIntegration.Tests.Turnout.GrindTheGears&gt;(00:00:00.0314375)
07:13:53.160-D SEND loopback://localhost/instance-5isyyydppokgds3ybdxxi8gnbc dd6c0000-6d6c-1461-349c-08defa9cc34c ViciOne.ServiceBus.Contracts.JobService.GetJobAttemptStatus
07:13:53.161-D SAGA:ViciOne.ServiceBus.JobAttemptSaga:dd6c0000-6d6c-1461-2444-08defa9cc297 Used ViciOne.ServiceBus.Contracts.JobService.JobStatusCheckRequested
07:13:53.161-D SEND loopback://localhost/quartz dd6c0000-6d6c-1461-b444-08defa9cc34c ViciOne.ServiceBus.Scheduling.ScheduleMessage
07:13:53.161-D RECEIVE loopback://localhost/job-attempt dd6c0000-6d6c-1461-ed84-08defa9cc34b ViciOne.ServiceBus.Contracts.JobService.JobStatusCheckRequested ViciOne.ServiceBus.JobAttemptSaga(00:00:00.0003283)
07:13:53.161-D SEND loopback://localhost/instance-5isyyydppokgds3ybdxxi8gnbc dd6c0000-6d6c-1461-bb92-08defa9cc34c ViciOne.ServiceBus.Contracts.JobService.GetJobAttemptStatus
07:13:53.161-D Scheduled: DEFAULT.dd6c00006d6c1461b30408defa9cc34c 08/15/2026 07:14:53 +00:00
07:13:53.161-D RECEIVE loopback://localhost/quartz dd6c0000-6d6c-1461-b444-08defa9cc34c ViciOne.ServiceBus.Scheduling.ScheduleMessage ViciOne.ServiceBus.QuartzIntegration.ScheduleMessageConsumer(00:00:00.0001212)
07:13:53.162-D SEND loopback://localhost/job-attempt dd6c0000-6d6c-1461-b444-08defa9cc34c ViciOne.ServiceBus.Serialization.SerializedMessageBody
07:13:53.162-D Schedule Executed: DEFAULT.dd6c00006d6c1461b30408defa9cc34c (null)
07:13:53.162-D SAGA:ViciOne.ServiceBus.JobAttemptSaga:dd6c0000-6d6c-1461-2444-08defa9cc297 Used ViciOne.ServiceBus.Contracts.JobService.JobStatusCheckRequested
07:13:53.162-D Create send transport: loopback://localhost/job
07:13:53.162-D CheckJobStatus, job not found: dd6c0000-6d6c-1461-9ab4-08defa9cc283
07:13:53.163-D RECEIVE loopback://localhost/instance-5isyyydppokgds3ybdxxi8gnbc dd6c0000-6d6c-1461-349c-08defa9cc34c ViciOne.ServiceBus.Contracts.JobService.GetJobAttemptStatus ViciOne.ServiceBus.JobService.SuperviseJobConsumer(00:00:00.0008522)
07:13:53.163-D RECEIVE loopback://localhost/job-attempt dd6c0000-6d6c-1461-b444-08defa9cc34c ViciOne.ServiceBus.Contracts.JobService.JobStatusCheckRequested ViciOne.ServiceBus.JobAttemptSaga(00:00:00.0010959)
07:13:53.163-D CheckJobStatus, job not found: dd6c0000-6d6c-1461-9ab4-08defa9cc283
07:13:53.163-D RECEIVE loopback://localhost/instance-5isyyydppokgds3ybdxxi8gnbc dd6c0000-6d6c-1461-bb92-08defa9cc34c ViciOne.ServiceBus.Contracts.JobService.GetJobAttemptStatus ViciOne.ServiceBus.JobService.SuperviseJobConsumer(00:00:00.0000363)
07:13:53.164-D SEND loopback://localhost/job dd6c0000-6d6c-1461-fe86-08defa9cc34c ViciOne.ServiceBus.Contracts.JobService.JobAttemptFaulted
07:13:53.165-D SAGA:ViciOne.ServiceBus.JobSaga:dd6c0000-6d6c-1461-9ab4-08defa9cc283 Used ViciOne.ServiceBus.Contracts.JobService.JobAttemptFaulted
07:13:53.165-D RECEIVE loopback://localhost/job dd6c0000-6d6c-1461-fe86-08defa9cc34c ViciOne.ServiceBus.Contracts.JobService.JobAttemptFaulted ViciOne.ServiceBus.JobSaga(00:00:00.0001670)
07:13:53.165-D SEND loopback://localhost/grind-the-gears dd6c0000-6d6c-1461-4954-08defa9cc34d ViciOne.ServiceBus.Contracts.JobService.FaultJob
07:13:53.165-D SEND loopback://localhost/urn:message:ViciOne.ServiceBus.Contracts.JobService:JobFaulted dd6c0000-6d6c-1461-4ca6-08defa9cc34d ViciOne.ServiceBus.Contracts.JobService.JobFaulted
07:13:53.165-D RECEIVE loopback://localhost/input_queue dd6c0000-6d6c-1461-4ca6-08defa9cc34d ViciOne.ServiceBus.Contracts.JobService.JobFaulted ViciOne.ServiceBus.MessageHandler&lt;ViciOne.ServiceBus.Contracts.JobService.JobFaulted&gt;(00:00:00.0000271)
07:13:53.165-D SEND loopback://localhost/urn:message:ViciOne.ServiceBus:Fault[[ViciOne.ServiceBus.QuartzIntegration.Tests.Turnout:GrindTheGears]] dd6c0000-6d6c-1461-59da-08defa9cc34d ViciOne.ServiceBus.Fault&lt;ViciOne.ServiceBus.QuartzIntegration.Tests.Turnout.GrindTheGears&gt;
07:13:53.165-D RECEIVE loopback://localhost/grind-the-gears dd6c0000-6d6c-1461-4954-08defa9cc34d ViciOne.ServiceBus.Contracts.JobService.FaultJob ViciOne.ServiceBus.JobService.FinalizeJobConsumer&lt;ViciOne.ServiceBus.QuartzIntegration.Tests.Turnout.GrindTheGears&gt;(00:00:00.0002912)

NUnit Adapter 6.1.0.0: Test execution complete
</StdOut>
    </Output>
  </ResultSummary>
</TestRun>